10-28 03:32:50.787  2874  6631 W AppOps  : Bad call: specified package com.google.android.gms under uid 10112 but it is really 10074
10-28 03:32:50.787  2874  6631 W AppOps  : java.lang.RuntimeException: here
10-28 03:32:50.787  2874  6631 W AppOps  : 	at com.android.server.AppOpsService.getOpsRawLocked(AppOpsService.java:1302)
10-28 03:32:50.787  2874  6631 W AppOps  : 	at com.android.server.AppOpsService.checkPackage(AppOpsService.java:998)
10-28 03:32:50.787  2874  6631 W AppOps  : 	at com.android.internal.app.IAppOpsService$Stub.onTransact(IAppOpsService.java:169)
10-28 03:32:50.787  2874  6631 W AppOps  : 	at android.os.Binder.execTransact(Binder.java:565)
10-28 03:32:50.789  7286  7438 E GoogleApiManager: Failed to get service from broker. 
10-28 03:32:50.789  7286  7438 E GoogleApiManager: java.lang.SecurityException: Unknown calling package name 'com.google.android.gms'.
10-28 03:32:50.789  7286  7438 E GoogleApiManager: 	at android.os.Parcel.readException(Parcel.java:1684)
10-28 03:32:50.789  7286  7438 E GoogleApiManager: 	at android.os.Parcel.readException(Parcel.java:1637)
10-28 03:32:50.789  7286  7438 E GoogleApiManager: 	at axsp.a(:com.google.android.gms@254131000@25.41.31 (040300-820295184):36)
10-28 03:32:50.789  7286  7438 E GoogleApiManager: 	at axqq.z(:com.google.android.gms@254131000@25.41.31 (040300-820295184):116)
10-28 03:32:50.789  7286  7438 E GoogleApiManager: 	at awxn.run(:com.google.android.gms@254131000@25.41.31 (040300-820295184):42)
10-28 03:32:50.789  7286  7438 E GoogleApiManager: 	at android.os.Handler.handleCallback(Handler.java:751)
10-28 03:32:50.789  7286  7438 E GoogleApiManager: 	at android.os.Handler.dispatchMessage(Handler.java:95)
10-28 03:32:50.789  7286  7438 E GoogleApiManager: 	at cglp.lM(:com.google.android.gms@254131000@25.41.31 (040300-820295184):1)
10-28 03:32:50.789  7286  7438 E GoogleApiManager: 	at cglp.dispatchMessage(:com.google.android.gms@254131000@25.41.31 (040300-820295184):5)
10-28 03:32:50.789  7286  7438 E GoogleApiManager: 	at android.os.Looper.loop(Looper.java:154)
10-28 03:32:50.789  7286  7438 E GoogleApiManager: 	at android.os.HandlerThread.run(HandlerThread.java:61)
10-28 03:32:50.798  7286  7437 W FlagRegistrar: Failed to register com.google.android.gms.providerinstaller#com.google.android.apps.docs
10-28 03:32:50.798  7286  7437 W FlagRegistrar: ehwj: 17: 17: API: Phenotype.API is not available on this device. Connection failed with: ConnectionResult{statusCode=DEVELOPER_ERROR, resolution=null, message=null, clientMethodKey=null}
10-28 03:32:50.798  7286  7437 W FlagRegistrar: 	at ehwl.a(:com.google.android.gms@254131000@25.41.31 (040300-820295184):13)
10-28 03:32:50.798  7286  7437 W FlagRegistrar: 	at faxv.d(:com.google.android.gms@254131000@25.41.31 (040300-820295184):3)
10-28 03:32:50.798  7286  7437 W FlagRegistrar: 	at faxx.run(:com.google.android.gms@254131000@25.41.31 (040300-820295184):130)
10-28 03:32:50.798  7286  7437 W FlagRegistrar: 	at fbae.execute(:com.google.android.gms@254131000@25.41.31 (040300-820295184):1)
10-28 03:32:50.798  7286  7437 W FlagRegistrar: 	at fayf.f(:com.google.android.gms@254131000@25.41.31 (040300-820295184):1)
10-28 03:32:50.798  7286  7437 W FlagRegistrar: 	at fayf.m(:com.google.android.gms@254131000@25.41.31 (040300-820295184):99)
10-28 03:32:50.798  7286  7437 W FlagRegistrar: 	at fayf.r(:com.google.android.gms@254131000@25.41.31 (040300-820295184):17)
10-28 03:32:50.798  7286  7437 W FlagRegistrar: 	at eaic.hC(:com.google.android.gms@254131000@25.41.31 (040300-820295184):35)
10-28 03:32:50.798  7286  7437 W FlagRegistrar: 	at dqpl.run(:com.google.android.gms@254131000@25.41.31 (040300-820295184):12)
10-28 03:32:50.798  7286  7437 W FlagRegistrar: 	at fbae.execute(:com.google.android.gms@254131000@25.41.31 (040300-820295184):1)
10-28 03:32:50.798  7286  7437 W FlagRegistrar: 	at dqpm.b(:com.google.android.gms@254131000@25.41.31 (040300-820295184):18)
10-28 03:32:50.798  7286  7437 W FlagRegistrar: 	at dqqb.b(:com.google.android.gms@254131000@25.41.31 (040300-820295184):36)
10-28 03:32:50.798  7286  7437 W FlagRegistrar: 	at dqqd.d(:com.google.android.gms@254131000@25.41.31 (040300-820295184):25)
10-28 03:32:50.798  7286  7437 W FlagRegistrar: 	at awuw.c(:com.google.android.gms@254131000@25.41.31 (040300-820295184):9)
10-28 03:32:50.798  7286  7437 W FlagRegistrar: 	at awxl.q(:com.google.android.gms@254131000@25.41.31 (040300-820295184):48)
10-28 03:32:50.798  7286  7437 W FlagRegistrar: 	at awxl.d(:com.google.android.gms@254131000@25.41.31 (040300-820295184):10)
10-28 03:32:50.798  7286  7437 W FlagRegistrar: 	at awxl.g(:com.google.android.gms@254131000@25.41.31 (040300-820295184):192)
10-28 03:32:50.798  7286  7437 W FlagRegistrar: 	at awxl.onConnectionFailed(:com.google.android.gms@254131000@25.41.31 (040300-820295184):2)
10-28 03:32:50.798  7286  7437 W FlagRegistrar: 	at awxn.run(:com.google.android.gms@254131000@25.41.31 (040300-820295184):70)
10-28 03:32:50.798  7286  7437 W FlagRegistrar: 	at android.os.Handler.handleCallback(Handler.java:751)
10-28 03:32:50.798  7286  7437 W FlagRegistrar: 	at android.os.Handler.dispatchMessage(Handler.java:95)
10-28 03:32:50.798  7286  7437 W FlagRegistrar: 	at cglp.lM(:com.google.android.gms@254131000@25.41.31 (040300-820295184):1)
10-28 03:32:50.798  7286  7437 W FlagRegistrar: 	at cglp.dispatchMessage(:com.google.android.gms@254131000@25.41.31 (040300-820295184):5)
10-28 03:32:50.798  7286  7437 W FlagRegistrar: 	at android.os.Looper.loop(Looper.java:154)
10-28 03:32:50.798  7286  7437 W FlagRegistrar: 	at android.os.HandlerThread.run(HandlerThread.java:61)
10-28 03:32:50.798  7286  7437 W FlagRegistrar: Caused by: awtd: 17: API: Phenotype.API is not available on this device. Connection failed with: ConnectionResult{statusCode=DEVELOPER_ERROR, resolution=null, message=null, clientMethodKey=null}
10-28 03:32:50.798  7286  7437 W FlagRegistrar: 	at axqc.a(:com.google.android.gms@254131000@25.41.31 (040300-820295184):15)
10-28 03:32:50.798  7286  7437 W FlagRegistrar: 	at awuz.a(:com.google.android.gms@254131000@25.41.31 (040300-820295184):1)
10-28 03:32:50.798  7286  7437 W FlagRegistrar: 	at awuw.c(:com.google.android.gms@254131000@25.41.31 (040300-820295184):5)
10-28 03:32:50.798  7286  7437 W FlagRegistrar: 	... 11 more
10-28 03:32:53.191  6568  6618 W QCNEJ   : |CORE| CNE received unexpected action: android.intent.action.BATTERY_CHANGED
10-28 03:32:53.197  6384  6384 E QtiImsExtUtils: getConfigForPhoneId subId is invalid
10-28 03:32:53.197  6384  6384 E QtiImsExtUtils: isCarrierConfigEnabled bundle is null
10-28 03:32:53.602  7430  7448 W dex2oat : Before Android 4.1, method int androidx.appcompat.widget.DropDownListView.lookForSelectablePosition(int, boolean) would have incorrectly overridden the package-private method in android.widget.ListView
10-28 03:32:53.604  7430  7446 W dex2oat : Before Android 4.1, method int androidx.appcompat.widget.MenuPopupWindow$MenuDropDownListView.lookForSelectablePosition(int, boolean) would have incorrectly overridden the package-private method in android.widget.ListView
10-28 03:32:53.765  7430  7446 W dex2oat : Before Android 4.1, method android.graphics.PorterDuffColorFilter androidx.vectordrawable.graphics.drawable.VectorDrawableCompat.updateTintFilter(android.graphics.PorterDuffColorFilter, android.content.res.ColorStateList, android.graphics.PorterDuff$Mode) would have incorrectly overridden the package-private method in android.graphics.drawable.Drawable
10-28 03:32:53.843  7430  7430 W dex2oat : Before Android 4.1, method android.graphics.drawable.Drawable com.google.android.material.progressindicator.BaseProgressIndicator.getCurrentDrawable() would have incorrectly overridden the package-private method in android.widget.ProgressBar
10-28 03:32:56.533  7430  7448 W dex2oat : Before Android 4.1, method double java.util.concurrent.ThreadLocalRandom.internalNextDouble(double, double) would have incorrectly overridden the package-private method in java.util.Random
10-28 03:32:56.534  7430  7448 W dex2oat : Before Android 4.1, method int java.util.concurrent.ThreadLocalRandom.internalNextInt(int, int) would have incorrectly overridden the package-private method in java.util.Random
10-28 03:32:56.534  7430  7448 W dex2oat : Before Android 4.1, method long java.util.concurrent.ThreadLocalRandom.internalNextLong(long, long) would have incorrectly overridden the package-private method in java.util.Random
10-28 03:32:58.408   347   347 E cnss-daemon: gateway mac address: %02x:%02x:%02x:%02x:%02x:%02x
10-28 03:32:58.408   347   347 E cnss-daemon: : 00:00:00:00:00:00
10-28 03:32:58.408   347   347 E cnss-daemon: Invalid mac address: 0xb32a7e6cM
10-28 03:32:59.796  2874  2952 W PackageManager: Package com.example.rocketplan_android.dev desires unavailable shared library androidx.window.extensions; ignoring!
10-28 03:32:59.796  2874  2952 W PackageManager: Package com.example.rocketplan_android.dev desires unavailable shared library androidx.window.sidecar; ignoring!
10-28 03:33:00.086  2874  2952 W PackageManager: Unknown permission android.permission.USE_BIOMETRIC in package com.example.rocketplan_android.dev
10-28 03:33:00.086  2874  2952 W PackageManager: Unknown permission android.permission.FOREGROUND_SERVICE in package com.example.rocketplan_android.dev
10-28 03:33:00.671   334   334 E         : Couldn't opendir /data/app/vmdl1661824485.tmp: No such file or directory
10-28 03:33:00.676  2874  2939 W ResourceType: ResTable_typeSpec entry count inconsistent: given 20, previously 33
10-28 03:33:00.676  2874  2939 W ResourceType: ResTable_typeSpec entry count inconsistent: given 969, previously 2450
10-28 03:33:00.676  2874  2939 W ResourceType: ResTable_typeSpec entry count inconsistent: given 1697, previously 1700
10-28 03:33:00.676  2874  2939 W ResourceType: ResTable_typeSpec entry count inconsistent: given 373, previously 3274
10-28 03:33:00.678  2874  2874 W ResourceType: ResTable_typeSpec entry count inconsistent: given 101, previously 105
10-28 03:33:00.679  2874  2874 W ResourceType: ResTable_typeSpec entry count inconsistent: given 4802, previously 5423
10-28 03:33:00.679  2874  2874 W ResourceType: ResTable_typeSpec entry count inconsistent: given 3606, previously 3627
10-28 03:33:00.679  2874  2874 W ResourceType: ResTable_typeSpec entry count inconsistent: given 261, previously 265
10-28 03:33:00.679  2874  2874 W ResourceType: ResTable_typeSpec entry count inconsistent: given 534, previously 5644
10-28 03:33:00.686  2874  2874 W ResourceType: ResTable_typeSpec entry count inconsistent: given 82, previously 83
10-28 03:33:00.686  2874  2874 W ResourceType: ResTable_typeSpec entry count inconsistent: given 4835, previously 4875
10-28 03:33:00.686  2874  2874 W ResourceType: ResTable_typeSpec entry count inconsistent: given 6148, previously 6185
10-28 03:33:00.686  2874  2874 W ResourceType: ResTable_typeSpec entry count inconsistent: given 4634, previously 4654
10-28 03:33:00.686  2874  2874 W ResourceType: ResTable_typeSpec entry count inconsistent: given 4653, previously 4654
10-28 03:33:00.686  2874  2874 W ResourceType: ResTable_typeSpec entry count inconsistent: given 534, previously 4767
10-28 03:33:00.688  2874  2939 W ResourceType: No known package when getting value for resource number 0x7f0803a6
10-28 03:33:00.688  2874  2939 W ResourceType: No known package when getting value for resource number 0x7f14073d
10-28 03:33:00.688  2874  2939 W ResourceType: No known package when getting value for resource number 0x7f14073d
10-28 03:33:00.700  2874  2939 W ResourceType: No known package when getting value for resource number 0x7f0803a2
10-28 03:33:00.700  2874  2939 W ResourceType: No known package when getting value for resource number 0x7f14073b
10-28 03:33:00.700  2874  2939 W ResourceType: No known package when getting value for resource number 0x7f14073b
10-28 03:33:00.718  2874  2939 W ResourceType: No known package when getting value for resource number 0x7f0803a4
10-28 03:33:00.719  2874  2939 W ResourceType: No known package when getting value for resource number 0x7f14073c
10-28 03:33:00.719  2874  2939 W ResourceType: No known package when getting value for resource number 0x7f14073c
10-28 03:33:00.727  2874  2939 W ShortcutService: Invalid tag 'capability' found at depth 2
10-28 03:33:00.727  2874  2939 E ShortcutService: Ignoring excessive intent tag.
10-28 03:33:00.727  2874  2939 W ShortcutService: Invalid tag 'parameter' found at depth 4
10-28 03:33:00.728  2874  2939 W ShortcutService: Invalid tag 'capability' found at depth 2
10-28 03:33:00.728  2874  2939 W ShortcutService: Invalid tag 'slice' found at depth 3
10-28 03:33:00.729  2874  2939 W ShortcutService: Invalid tag 'url-template' found at depth 4
10-28 03:33:00.730  2874  2939 W ShortcutService: Invalid tag 'share-target' found at depth 2
10-28 03:33:00.733  2874  2939 W ShortcutService: Invalid tag 'data' found at depth 3
10-28 03:33:00.733  2874  2939 W ShortcutService: Invalid tag 'category' found at depth 3
10-28 03:33:00.737  2874  2930 W FastPrintWriter: Write failure
10-28 03:33:00.737  2874  2930 W FastPrintWriter: java.io.IOException: write failed: EIO (I/O error)
10-28 03:33:00.737  2874  2930 W FastPrintWriter: 	at libcore.io.IoBridge.write(IoBridge.java:501)
10-28 03:33:00.737  2874  2930 W FastPrintWriter: 	at java.io.FileOutputStream.write(FileOutputStream.java:316)
10-28 03:33:00.737  2874  2930 W FastPrintWriter: 	at com.android.internal.util.FastPrintWriter.flushBytesLocked(FastPrintWriter.java:336)
10-28 03:33:00.737  2874  2930 W FastPrintWriter: 	at com.android.internal.util.FastPrintWriter.flushLocked(FastPrintWriter.java:359)
10-28 03:33:00.737  2874  2930 W FastPrintWriter: 	at com.android.internal.util.FastPrintWriter.flush(FastPrintWriter.java:394)
10-28 03:33:00.737  2874  2930 W FastPrintWriter: 	at android.os.ShellCommand.exec(ShellCommand.java:113)
10-28 03:33:00.737  2874  2930 W FastPrintWriter: 	at com.android.server.pm.PackageManagerService.onShellCommand(PackageManagerService.java:18697)
10-28 03:33:00.737  2874  2930 W FastPrintWriter: 	at android.os.Binder.shellCommand(Binder.java:468)
10-28 03:33:00.737  2874  2930 W FastPrintWriter: 	at android.os.Binder.onTransact(Binder.java:367)
10-28 03:33:00.737  2874  2930 W FastPrintWriter: 	at android.content.pm.IPackageManager$Stub.onTransact(IPackageManager.java:2387)
10-28 03:33:00.737  2874  2930 W FastPrintWriter: 	at com.android.server.pm.PackageManagerService.onTransact(PackageManagerService.java:3297)
10-28 03:33:00.737  2874  2930 W FastPrintWriter: 	at android.os.Binder.execTransact(Binder.java:565)
10-28 03:33:00.737  2874  2930 W FastPrintWriter: Caused by: android.system.ErrnoException: write failed: EIO (I/O error)
10-28 03:33:00.737  2874  2930 W FastPrintWriter: 	at libcore.io.Posix.writeBytes(Native Method)
10-28 03:33:00.737  2874  2930 W FastPrintWriter: 	at libcore.io.Posix.write(Posix.java:273)
10-28 03:33:00.737  2874  2930 W FastPrintWriter: 	at libcore.io.BlockGuardOs.write(BlockGuardOs.java:319)
10-28 03:33:00.737  2874  2930 W FastPrintWriter: 	at libcore.io.IoBridge.write(IoBridge.java:496)
10-28 03:33:00.737  2874  2930 W FastPrintWriter: 	... 11 more
10-28 03:33:00.746  2874  2939 W ResourceType: ResTable_typeSpec entry count inconsistent: given 2, previously 147
10-28 03:33:00.746  2874  2939 W ResourceType: ResTable_typeSpec entry count inconsistent: given 6, previously 158
10-28 03:33:00.750  2874  2939 W ResourceType: ResTable_typeSpec entry count inconsistent: given 2, previously 147
10-28 03:33:00.750  2874  2939 W ResourceType: ResTable_typeSpec entry count inconsistent: given 6, previously 158
10-28 03:33:00.757  2874  2874 W ResourceType: ResTable_typeSpec entry count inconsistent: given 26, previously 35
10-28 03:33:00.758  2874  2874 W ResourceType: ResTable_typeSpec entry count inconsistent: given 1322, previously 1351
10-28 03:33:00.758  2874  2874 W ResourceType: ResTable_typeSpec entry count inconsistent: given 381, previously 3300
10-28 03:33:00.797  7480  7480 W System  : ClassLoader referenced unknown path: /system/priv-app/MusicFX/lib/arm
10-28 03:33:00.807  2874  2874 W ResourceType: ResTable_typeSpec entry count inconsistent: given 1315, previously 1381
10-28 03:33:00.808  2874  2874 W ResourceType: ResTable_typeSpec entry count inconsistent: given 379, previously 3081
10-28 03:33:00.819  2874  2874 W ResourceType: ResTable_typeSpec entry count inconsistent: given 2129, previously 2249
10-28 03:33:00.820  2874  2874 W ResourceType: ResTable_typeSpec entry count inconsistent: given 1163, previously 1222
10-28 03:33:00.820  2874  2874 W ResourceType: ResTable_typeSpec entry count inconsistent: given 375, previously 2643
10-28 03:33:00.836  2874  2939 W ResourceType: ResTable_typeSpec entry count inconsistent: given 101, previously 105
10-28 03:33:00.836  2874  2939 W ResourceType: ResTable_typeSpec entry count inconsistent: given 4802, previously 5423
10-28 03:33:00.836  2874  2939 W ResourceType: ResTable_typeSpec entry count inconsistent: given 3606, previously 3627
10-28 03:33:00.836  2874  2939 W ResourceType: ResTable_typeSpec entry count inconsistent: given 261, previously 265
10-28 03:33:00.837  2874  2939 W ResourceType: ResTable_typeSpec entry count inconsistent: given 534, previously 5644
10-28 03:33:00.840  2874  5959 E NetdConnector: yingjie i: 35 ,start: 0
10-28 03:33:00.849  2874  7505 W AppOps  : Bad call: specified package com.google.android.gms under uid 10112 but it is really 10074
10-28 03:33:00.849  2874  7505 W AppOps  : java.lang.RuntimeException: here
10-28 03:33:00.849  2874  7505 W AppOps  : 	at com.android.server.AppOpsService.getOpsRawLocked(AppOpsService.java:1302)
10-28 03:33:00.849  2874  7505 W AppOps  : 	at com.android.server.AppOpsService.checkPackage(AppOpsService.java:998)
10-28 03:33:00.849  2874  7505 W AppOps  : 	at com.android.internal.app.IAppOpsService$Stub.onTransact(IAppOpsService.java:169)
10-28 03:33:00.849  2874  7505 W AppOps  : 	at android.os.Binder.execTransact(Binder.java:565)
10-28 03:33:00.853  7286  7438 E GoogleApiManager: Failed to get service from broker. 
10-28 03:33:00.853  7286  7438 E GoogleApiManager: java.lang.SecurityException: Unknown calling package name 'com.google.android.gms'.
10-28 03:33:00.853  7286  7438 E GoogleApiManager: 	at android.os.Parcel.readException(Parcel.java:1684)
10-28 03:33:00.853  7286  7438 E GoogleApiManager: 	at android.os.Parcel.readException(Parcel.java:1637)
10-28 03:33:00.853  7286  7438 E GoogleApiManager: 	at axsp.a(:com.google.android.gms@254131000@25.41.31 (040300-820295184):36)
10-28 03:33:00.853  7286  7438 E GoogleApiManager: 	at axqq.z(:com.google.android.gms@254131000@25.41.31 (040300-820295184):116)
10-28 03:33:00.853  7286  7438 E GoogleApiManager: 	at awxn.run(:com.google.android.gms@254131000@25.41.31 (040300-820295184):42)
10-28 03:33:00.853  7286  7438 E GoogleApiManager: 	at android.os.Handler.handleCallback(Handler.java:751)
10-28 03:33:00.853  7286  7438 E GoogleApiManager: 	at android.os.Handler.dispatchMessage(Handler.java:95)
10-28 03:33:00.853  7286  7438 E GoogleApiManager: 	at cglp.lM(:com.google.android.gms@254131000@25.41.31 (040300-820295184):1)
10-28 03:33:00.853  7286  7438 E GoogleApiManager: 	at cglp.dispatchMessage(:com.google.android.gms@254131000@25.41.31 (040300-820295184):5)
10-28 03:33:00.853  7286  7438 E GoogleApiManager: 	at android.os.Looper.loop(Looper.java:154)
10-28 03:33:00.853  7286  7438 E GoogleApiManager: 	at android.os.HandlerThread.run(HandlerThread.java:61)
10-28 03:33:00.854  2874  2874 W ResourceType: ResTable_typeSpec entry count inconsistent: given 23, previously 36
10-28 03:33:00.856  2874  2874 W ResourceType: ResTable_typeSpec entry count inconsistent: given 696, previously 3214
10-28 03:33:00.857  2874  2874 W ResourceType: ResTable_typeSpec entry count inconsistent: given 1897, previously 1921
10-28 03:33:00.857  2874  2874 W ResourceType: ResTable_typeSpec entry count inconsistent: given 394, previously 3435
10-28 03:33:00.930  2874  5959 E NetdConnector: yingjie i: 35 ,start: 0
10-28 03:33:00.950 19444 19493 E Finsky  : [5010] [Counters] attempted to use a non-positive increment for: 4752
10-28 03:33:00.956 19444 19493 E Finsky  : [5010] [Counters] attempted to use a non-positive increment for: 4753
10-28 03:33:00.960 19444 19493 E Finsky  : [5010] [Counters] attempted to use a non-positive increment for: 4752
10-28 03:33:00.964  2874  2939 W FusedProxy: Odd, no component found for service com.android.location.service.FusedProvider
10-28 03:33:00.967 19444 19493 E Finsky  : [5010] [Counters] attempted to use a non-positive increment for: 4753
10-28 03:33:00.994 12348 12373 W ResourceType: ResTable_typeSpec entry count inconsistent: given 20, previously 33
10-28 03:33:00.996 12348 12373 W ResourceType: ResTable_typeSpec entry count inconsistent: given 969, previously 2450
10-28 03:33:00.996 12348 12373 W ResourceType: ResTable_typeSpec entry count inconsistent: given 1697, previously 1700
10-28 03:33:00.996 12348 12373 W ResourceType: ResTable_typeSpec entry count inconsistent: given 373, previously 3274
10-28 03:33:01.002 12348 12373 W time    : icon time = 0
10-28 03:33:01.066  2874 29652 W BackupManagerService: dataChanged but no participant pkg='com.tct.tablet.launcher' uid=10094
10-28 03:33:01.087  2874  2939 W FusedProxy: Odd, no component found for service com.android.location.service.FusedProvider
10-28 03:33:01.120 12348 12373 W time    : icon time = 0
10-28 03:33:01.224  4886  7518 W GCM     : Unexpected forwarded intent: Intent { act=android.intent.action.PACKAGE_ADDED dat=package:com.example.rocketplan_android.dev flg=0x4000010 pkg=com.google.android.gms cmp=com.google.android.gms/.chimera.PersistentIntentOperationService (has extras) }
10-28 03:33:01.227  4886  7518 W NetworkScheduler: Unexpected forwarded intent: Intent { act=android.intent.action.PACKAGE_ADDED dat=package:com.example.rocketplan_android.dev flg=0x4000010 pkg=com.google.android.gms cmp=com.google.android.gms/.chimera.PersistentIntentOperationService (has extras) }
10-28 03:33:01.308  7521  7521 W System  : ClassLoader referenced unknown path: /system/priv-app/GooglePartnerSetup/lib/arm
10-28 03:33:01.369  2874  5959 E NetdConnector: yingjie i: 35 ,start: 0
10-28 03:33:01.448  2874  5959 E NetdConnector: yingjie i: 35 ,start: 0
10-28 03:33:01.518 16069 16069 E PackageIntentReceiver: action android.intent.action.PACKAGE_ADDED com.example.rocketplan_android.dev
10-28 03:33:02.781   347   347 E cnss-daemon: Stale or unreachable neighbors, ndm state: 4
10-28 03:33:03.208  6568  6618 W QCNEJ   : |CORE| CNE received unexpected action: android.intent.action.BATTERY_CHANGED
10-28 03:33:03.214  6384  6384 E QtiImsExtUtils: getConfigForPhoneId subId is invalid
10-28 03:33:03.214  6384  6384 E QtiImsExtUtils: isCarrierConfigEnabled bundle is null
10-28 03:33:10.241   502   502 E VM_BMS  : failed to set wake_lock rc=-13
10-28 03:33:10.246   502   502 E VM_BMS  : failed to wake_unlock rc=-13
10-28 03:33:11.626  9898 19294 W GetGamesServiceReqFacto: Parsing request with ignored arguments. signInOptionsBundle [Bundle[{com.google.android.gms.signin.internal.serverClientId=null, com.google.android.gms.signin.internal.usePromptModeForAuthCode=true, com.google.android.gms.signin.internal.logSessionId=null, com.google.android.gms.signin.internal.hostedDomain=null, com.google.android.gms.signin.internal.offlineAccessRequested=false, com.google.android.gms.signin.internal.waitForAccessTokenRefresh=false, com.google.android.gms.signin.internal.clientRequestedAccount=Account {name=<<default account>>, type=com.google}, com.google.android.gms.signin.internal.idTokenRequested=false, com.google.android.gms.signin.internal.forceCodeForRefreshToken=false}]], isRetryingSignIn [false], skipWelcomePopup [false], requireGooglePlus [false]
10-28 03:33:13.229  6568  6618 W QCNEJ   : |CORE| CNE received unexpected action: android.intent.action.BATTERY_CHANGED
10-28 03:33:13.236  6384  6384 E QtiImsExtUtils: getConfigForPhoneId subId is invalid
10-28 03:33:13.236  6384  6384 E QtiImsExtUtils: isCarrierConfigEnabled bundle is null
10-28 03:33:16.877  2874  6368 E IzatSvc_PassiveLocListener: E/Exiting with error virtual void izat_manager::IzatPassiveLocationListener::onLocationChanged(const izat_manager::IzatLocation *, const IzatLocationStatus) line 171 "1"
10-28 03:33:33.271  6568  6618 W QCNEJ   : |CORE| CNE received unexpected action: android.intent.action.BATTERY_CHANGED
10-28 03:33:33.276  6384  6384 E QtiImsExtUtils: getConfigForPhoneId subId is invalid
10-28 03:33:33.276  6384  6384 E QtiImsExtUtils: isCarrierConfigEnabled bundle is null
