10-28 03:29:55.665 19444 19498 E Finsky  : com.google.android.finsky.verifier.apkanalysis.client.ApkAnalysisException: DOWNLOAD_FILE_NOT_FOUND_EXCEPTION while analyzing APK
10-28 03:29:55.665 19444 19498 E Finsky  : 	at axac.d(PG:447)
10-28 03:29:55.665 19444 19498 E Finsky  : 	at axab.b(PG:372)
10-28 03:29:55.665 19444 19498 E Finsky  : 	at axab.a(PG:13)
10-28 03:29:55.665 19444 19498 E Finsky  : 	at org.chromium.net.AndroidNetworkLibrary.w(PG:14)
10-28 03:29:55.665 19444 19498 E Finsky  : 	at org.chromium.net.AndroidNetworkLibrary.v(PG:2)
10-28 03:29:55.665 19444 19498 E Finsky  : 	at bvew.aZ(PG:10)
10-28 03:29:55.665 19444 19498 E Finsky  : 	at axbm.b(PG:641)
10-28 03:29:55.665 19444 19498 E Finsky  : 	at axbm.a(PG:324)
10-28 03:29:55.665 19444 19498 E Finsky  : 	at org.chromium.net.AndroidNetworkLibrary.w(PG:14)
10-28 03:29:55.665 19444 19498 E Finsky  : 	at bvaf.p(PG:28)
10-28 03:29:55.665 19444 19498 E Finsky  : 	at bvaf.h(PG:12)
10-28 03:29:55.665 19444 19498 E Finsky  : 	at axgm.a(PG:106)
10-28 03:29:55.665 19444 19498 E Finsky  : 	at axbm.b(PG:598)
10-28 03:29:55.665 19444 19498 E Finsky  : 	at buyd.ok(PG:6)
10-28 03:29:55.665 19444 19498 E Finsky  : 	at bvff.run(PG:109)
10-28 03:29:55.665 19444 19498 E Finsky  : 	at java.util.concurrent.ThreadPoolExecutor.runWorker(ThreadPoolExecutor.java:1133)
10-28 03:29:55.665 19444 19498 E Finsky  : 	at java.util.concurrent.ThreadPoolExecutor$Worker.run(ThreadPoolExecutor.java:607)
10-28 03:29:55.665 19444 19498 E Finsky  : 	at qqi.run(PG:412)
10-28 03:29:55.665 19444 19498 E Finsky  : 	at java.lang.Thread.run(Thread.java:761)
10-28 03:29:55.682 19444 19492 E AbstractLogEventBuilder: The provided ProductIdOrigin 3 is not one of the process-level expected values: 1 or 2
10-28 03:29:57.664   502   502 E VM_BMS  : failed to set wake_lock rc=-13
10-28 03:29:57.670   502   502 E VM_BMS  : failed to wake_unlock rc=-13
10-28 03:29:57.803   564  7673 E LOWI-7.7.2.5.b: [LOWIUtils] channelBandToFreq: Invalid band,channel = 1,0
10-28 03:29:57.825   564  7673 E LOWI-7.7.2.5.b: [LOWIUtils] channelBandToFreq: Invalid band,channel = 1,0
10-28 03:29:57.852   566   651 W XTCC-5.1.0.19-a: [LOWIUtils] to_eScanTypeResponse - default case
10-28 03:29:57.852   566   651 W XTCC-5.1.0.19-a: [WifiScanner] WiFi scan result : [22] AP's
10-28 03:29:58.146 19444 19444 E AbstractLogEventBuilder: The provided ProductIdOrigin 3 is not one of the process-level expected values: 1 or 2
10-28 03:29:58.168 19444  6231 E AbstractLogEventBuilder: The provided ProductIdOrigin 3 is not one of the process-level expected values: 1 or 2
10-28 03:29:58.182 19444  6231 E Finsky  : [5602] Package name null is not an installed package
10-28 03:29:58.213 19444 19498 E AbstractLogEventBuilder: The provided ProductIdOrigin 3 is not one of the process-level expected values: 1 or 2
10-28 03:29:58.218 19444  6231 E AbstractLogEventBuilder: The provided ProductIdOrigin 3 is not one of the process-level expected values: 1 or 2
10-28 03:29:58.227  2874  2952 W PackageManager: Package com.example.rocketplan_android.dev desires unavailable shared library androidx.window.extensions; ignoring!
10-28 03:29:58.227  2874  2952 W PackageManager: Package com.example.rocketplan_android.dev desires unavailable shared library androidx.window.sidecar; ignoring!
10-28 03:29:58.233   334   334 E         : dexopt apk_path='/data/app/vmdl2124470401.tmp/base.apk' , pkgname='com.example.rocketplan_android.dev', instruction_set='arm', oat_dir='/data/app/vmdl2124470401.tmp/oat', compiler_filter='interpret-only', volume_uuid='(null)', shared_libraries='(null)'
10-28 03:29:58.233   334   334 E         : dexopt dexopt_needed ='1', dexopt_flags='26'
10-28 03:30:01.079  6266  6266 W System  : ClassLoader referenced unknown path: /system/app/DeskClock/lib/arm
10-28 03:30:01.109  2874  5959 E NetdConnector: yingjie i: 35 ,start: 0
10-28 03:30:01.192  2874  5959 E NetdConnector: yingjie i: 35 ,start: 0
10-28 03:30:02.357  6250  6250 W dex2oat : Before Android 4.1, method int androidx.appcompat.widget.DropDownListView.lookForSelectablePosition(int, boolean) would have incorrectly overridden the package-private method in android.widget.ListView
10-28 03:30:02.360  6250  6293 W dex2oat : Before Android 4.1, method int androidx.appcompat.widget.MenuPopupWindow$MenuDropDownListView.lookForSelectablePosition(int, boolean) would have incorrectly overridden the package-private method in android.widget.ListView
10-28 03:30:02.522  6250  6292 W dex2oat : Before Android 4.1, method android.graphics.PorterDuffColorFilter androidx.vectordrawable.graphics.drawable.VectorDrawableCompat.updateTintFilter(android.graphics.PorterDuffColorFilter, android.content.res.ColorStateList, android.graphics.PorterDuff$Mode) would have incorrectly overridden the package-private method in android.graphics.drawable.Drawable
10-28 03:30:02.595  6250  6293 W dex2oat : Before Android 4.1, method android.graphics.drawable.Drawable com.google.android.material.progressindicator.BaseProgressIndicator.getCurrentDrawable() would have incorrectly overridden the package-private method in android.widget.ProgressBar
10-28 03:30:02.848  6568  6618 W QCNEJ   : |CORE| CNE received unexpected action: android.intent.action.BATTERY_CHANGED
10-28 03:30:02.856  6384  6384 E QtiImsExtUtils: getConfigForPhoneId subId is invalid
10-28 03:30:02.856  6384  6384 E QtiImsExtUtils: isCarrierConfigEnabled bundle is null
10-28 03:30:02.992   347   347 E cnss-daemon: gateway mac address: %02x:%02x:%02x:%02x:%02x:%02x
10-28 03:30:02.992   347   347 E cnss-daemon: : 00:00:00:00:00:00
10-28 03:30:02.992   347   347 E cnss-daemon: Invalid mac address: 0xb32a7e6cM
10-28 03:30:05.260  6250  6292 W dex2oat : Before Android 4.1, method double java.util.concurrent.ThreadLocalRandom.internalNextDouble(double, double) would have incorrectly overridden the package-private method in java.util.Random
10-28 03:30:05.260  6250  6292 W dex2oat : Before Android 4.1, method int java.util.concurrent.ThreadLocalRandom.internalNextInt(int, int) would have incorrectly overridden the package-private method in java.util.Random
10-28 03:30:05.261  6250  6292 W dex2oat : Before Android 4.1, method long java.util.concurrent.ThreadLocalRandom.internalNextLong(long, long) would have incorrectly overridden the package-private method in java.util.Random
10-28 03:30:08.753  2874  2952 W PackageManager: Package com.example.rocketplan_android.dev desires unavailable shared library androidx.window.extensions; ignoring!
10-28 03:30:08.753  2874  2952 W PackageManager: Package com.example.rocketplan_android.dev desires unavailable shared library androidx.window.sidecar; ignoring!
10-28 03:30:08.754  2874  2952 W PackageManager: Code path for com.example.rocketplan_android.dev changing from /data/app/com.example.rocketplan_android.dev-2 to /data/app/com.example.rocketplan_android.dev-1
10-28 03:30:08.754  2874  2952 W PackageManager: Resource path for com.example.rocketplan_android.dev changing from /data/app/com.example.rocketplan_android.dev-2 to /data/app/com.example.rocketplan_android.dev-1
10-28 03:30:09.019  2874  2952 W PackageManager: Unknown permission android.permission.USE_BIOMETRIC in package com.example.rocketplan_android.dev
10-28 03:30:09.019  2874  2952 W PackageManager: Unknown permission android.permission.FOREGROUND_SERVICE in package com.example.rocketplan_android.dev
10-28 03:30:09.356  2874  5975 E ConnectivityService: RemoteException caught trying to send a callback msg for NetworkRequest [ TRACK_DEFAULT id=1469, [ Capabilities: INTERNET&NOT_RESTRICTED&TRUSTED&NOT_VPN] ]
10-28 03:30:09.359  6384  6384 E QtiRilInterface: instance = com.qualcomm.qti.internal.telephony.QtiRilInterface@3d07930
10-28 03:30:09.546   334   334 E         : Couldn't opendir /data/app/vmdl2124470401.tmp: No such file or directory
10-28 03:30:09.627  2874  5959 E NetdConnector: yingjie i: 16 ,start: 0
10-28 03:30:09.669  2874  2874 W ResourceType: ResTable_typeSpec entry count inconsistent: given 101, previously 105
10-28 03:30:09.672  6316  6316 W System  : ClassLoader referenced unknown path: /system/app/KeyChain/lib/arm
10-28 03:30:09.672  2874  2874 W ResourceType: ResTable_typeSpec entry count inconsistent: given 4802, previously 5423
10-28 03:30:09.672  2874  2874 W ResourceType: ResTable_typeSpec entry count inconsistent: given 3606, previously 3627
10-28 03:30:09.673  2874  2874 W ResourceType: ResTable_typeSpec entry count inconsistent: given 261, previously 265
10-28 03:30:09.673  2874  2874 W ResourceType: ResTable_typeSpec entry count inconsistent: given 534, previously 5644
10-28 03:30:09.683  2874  2874 W ResourceType: ResTable_typeSpec entry count inconsistent: given 82, previously 83
10-28 03:30:09.683  2874  2874 W ResourceType: ResTable_typeSpec entry count inconsistent: given 4835, previously 4875
10-28 03:30:09.683  2874  2874 W ResourceType: ResTable_typeSpec entry count inconsistent: given 6148, previously 6185
10-28 03:30:09.683  2874  2874 W ResourceType: ResTable_typeSpec entry count inconsistent: given 4634, previously 4654
10-28 03:30:09.684  2874  2874 W ResourceType: ResTable_typeSpec entry count inconsistent: given 4653, previously 4654
10-28 03:30:09.684  2874  2874 W ResourceType: ResTable_typeSpec entry count inconsistent: given 534, previously 4767
10-28 03:30:09.726  6316  6316 W ContextImpl: Calling a method in the system process without a qualified user: android.app.ContextImpl.startService:1357 android.content.ContextWrapper.startService:613 android.content.ContextWrapper.startService:613 com.android.keychain.KeyChainBroadcastReceiver.onReceive:12 android.app.ActivityThread.handleReceiver:3040 
10-28 03:30:09.743  2874  2874 W ResourceType: ResTable_typeSpec entry count inconsistent: given 26, previously 35
10-28 03:30:09.744  2874  2874 W ResourceType: ResTable_typeSpec entry count inconsistent: given 1322, previously 1351
10-28 03:30:09.744  2874  2874 W ResourceType: ResTable_typeSpec entry count inconsistent: given 381, previously 3300
10-28 03:30:09.749  2874  2874 W ResourceType: ResTable_typeSpec entry count inconsistent: given 20, previously 33
10-28 03:30:09.750  2874  2874 W ResourceType: ResTable_typeSpec entry count inconsistent: given 969, previously 2450
10-28 03:30:09.750  2874  2874 W ResourceType: ResTable_typeSpec entry count inconsistent: given 1697, previously 1700
10-28 03:30:09.750  2874  2874 W ResourceType: ResTable_typeSpec entry count inconsistent: given 373, previously 3274
10-28 03:30:09.793  2874  2874 W ResourceType: ResTable_typeSpec entry count inconsistent: given 1315, previously 1381
10-28 03:30:09.793  2874  2874 W ResourceType: ResTable_typeSpec entry count inconsistent: given 379, previously 3081
10-28 03:30:09.804  2874  2874 W ResourceType: ResTable_typeSpec entry count inconsistent: given 2129, previously 2249
10-28 03:30:09.804  2874  2874 W ResourceType: ResTable_typeSpec entry count inconsistent: given 1163, previously 1222
10-28 03:30:09.804  2874  2874 W ResourceType: ResTable_typeSpec entry count inconsistent: given 375, previously 2643
10-28 03:30:09.837  2874  2874 W ResourceType: ResTable_typeSpec entry count inconsistent: given 23, previously 36
10-28 03:30:09.838  2874  2874 W ResourceType: ResTable_typeSpec entry count inconsistent: given 696, previously 3214
10-28 03:30:09.838  2874  2874 W ResourceType: ResTable_typeSpec entry count inconsistent: given 1897, previously 1921
10-28 03:30:09.838  2874  2874 W ResourceType: ResTable_typeSpec entry count inconsistent: given 394, previously 3435
10-28 03:30:09.884  6336  6336 W System  : ClassLoader referenced unknown path: /system/priv-app/Settings/lib/arm
10-28 03:30:09.907  2874  2939 W ResourceType: ResTable_typeSpec entry count inconsistent: given 2, previously 147
10-28 03:30:09.907  2874  2939 W ResourceType: ResTable_typeSpec entry count inconsistent: given 6, previously 158
10-28 03:30:09.910  2874  2939 W ResourceType: ResTable_typeSpec entry count inconsistent: given 2, previously 147
10-28 03:30:09.910  2874  2939 W ResourceType: ResTable_typeSpec entry count inconsistent: given 6, previously 158
10-28 03:30:09.930  2874  2939 W ResourceType: ResTable_typeSpec entry count inconsistent: given 101, previously 105
10-28 03:30:09.931  2874  2939 W ResourceType: ResTable_typeSpec entry count inconsistent: given 4802, previously 5423
10-28 03:30:09.931  2874  2939 W ResourceType: ResTable_typeSpec entry count inconsistent: given 3606, previously 3627
10-28 03:30:09.931  2874  2939 W ResourceType: ResTable_typeSpec entry count inconsistent: given 261, previously 265
10-28 03:30:09.931  2874  2939 W ResourceType: ResTable_typeSpec entry count inconsistent: given 534, previously 5644
10-28 03:30:09.969  2874  5975 E ConnectivityService: RemoteException caught trying to send a callback msg for NetworkRequest [ TRACK_DEFAULT id=1462, [ Capabilities: INTERNET&NOT_RESTRICTED&TRUSTED&NOT_VPN] ]
10-28 03:30:09.971  2874  5975 E ConnectivityService: RemoteException caught trying to send a callback msg for NetworkRequest [ TRACK_DEFAULT id=1461, [ Capabilities: INTERNET&NOT_RESTRICTED&TRUSTED&NOT_VPN] ]
10-28 03:30:09.972  6384  6384 E QtiRilInterface: instance = com.qualcomm.qti.internal.telephony.QtiRilInterface@3d07930
10-28 03:30:09.978 19444 19492 E Finsky  : [5009] [Counters] attempted to use a non-positive increment for: 4752
10-28 03:30:09.992  6384  6384 E QtiRilInterface: instance = com.qualcomm.qti.internal.telephony.QtiRilInterface@3d07930
10-28 03:30:10.007 19444 19492 E Finsky  : [5009] [Counters] attempted to use a non-positive increment for: 4753
10-28 03:30:10.015 19444 19498 E Finsky  : [5011] [Counters] attempted to use a non-positive increment for: 4752
10-28 03:30:10.017 19444 19498 E Finsky  : [5011] [Counters] attempted to use a non-positive increment for: 4753
10-28 03:30:10.063  2874  2939 W FusedProxy: Odd, no component found for service com.android.location.service.FusedProvider
10-28 03:30:10.105 12348 12373 W time    : icon time = 0
10-28 03:30:10.190  6365  6365 W ResourceType: ResTable_typeSpec entry count inconsistent: given 1315, previously 1381
10-28 03:30:10.191  6365  6365 W ResourceType: ResTable_typeSpec entry count inconsistent: given 379, previously 3081
10-28 03:30:10.192  2874  5959 E NetdConnector: yingjie i: 35 ,start: 0
10-28 03:30:10.272  2874  5959 E NetdConnector: yingjie i: 35 ,start: 0
10-28 03:30:10.569  2874  2940 W BroadcastQueue: Permission Denial: broadcasting Intent { act=android.intent.action.BATTERY_CHANGED flg=0x60000010 (has extras) } from null (pid=-1, uid=-1) requires com.google.android.apps.magazines.DYNAMIC_RECEIVER_NOT_EXPORTED_PERMISSION due to registered receiver BroadcastFilter{d1ca718 u0 ReceiverList{6809afb 6365 com.google.android.apps.magazines/10137/u0 remote:4dc348a}}
10-28 03:30:10.571  6384  6384 E QtiRilInterface: instance = com.qualcomm.qti.internal.telephony.QtiRilInterface@3d07930
10-28 03:30:10.901  2874  5959 E NetdConnector: yingjie i: 35 ,start: 0
10-28 03:30:10.982  2874  5959 E NetdConnector: yingjie i: 35 ,start: 0
10-28 03:30:11.096  6418  6418 W ResourceType: ResTable_typeSpec entry count inconsistent: given 34, previously 36
10-28 03:30:11.096  6418  6418 W ResourceType: ResTable_typeSpec entry count inconsistent: given 9326, previously 9327
10-28 03:30:11.097  6418  6418 W ResourceType: ResTable_typeSpec entry count inconsistent: given 3580, previously 3599
10-28 03:30:11.097  6418  6418 W ResourceType: ResTable_typeSpec entry count inconsistent: given 380, previously 3014
10-28 03:30:11.769  6462  6462 W Background_4: type=1400 audit(0.0:75305): avc: denied { read } for name="gpuclk" dev="sysfs" ino=10641 scontext=u:r:untrusted_app:s0:c512,c768 tcontext=u:object_r:sysfs:s0 tclass=file permissive=0
10-28 03:30:11.932  2874  5959 E NetdConnector: yingjie i: 35 ,start: 0
10-28 03:30:11.963  6478  6478 W ResourceType: ResTable_typeSpec entry count inconsistent: given 23, previously 36
10-28 03:30:11.964  6478  6478 W ResourceType: ResTable_typeSpec entry count inconsistent: given 696, previously 3214
10-28 03:30:11.964  6478  6478 W ResourceType: ResTable_typeSpec entry count inconsistent: given 1897, previously 1921
10-28 03:30:11.965  6478  6478 W ResourceType: ResTable_typeSpec entry count inconsistent: given 394, previously 3435
10-28 03:30:12.012  2874  5959 E NetdConnector: yingjie i: 35 ,start: 0
10-28 03:30:12.089  6384  6384 E QtiRilInterface: instance = com.qualcomm.qti.internal.telephony.QtiRilInterface@3d07930
10-28 03:30:12.326  6418  6418 W art     : Before Android 4.1, method double java.util.concurrent.ThreadLocalRandom.internalNextDouble(double, double) would have incorrectly overridden the package-private method in java.util.Random
10-28 03:30:12.326  6418  6418 W art     : Before Android 4.1, method int java.util.concurrent.ThreadLocalRandom.internalNextInt(int, int) would have incorrectly overridden the package-private method in java.util.Random
10-28 03:30:12.327  6418  6418 W art     : Before Android 4.1, method long java.util.concurrent.ThreadLocalRandom.internalNextLong(long, long) would have incorrectly overridden the package-private method in java.util.Random
10-28 03:30:12.533  6478  6535 W PlayMovies: mgk.run:22 User config found
10-28 03:30:12.533  6478  6535 W PlayMovies: 
10-28 03:30:12.535  6478  6535 W PlayMovies: mgk.run:33 Loading user config
10-28 03:30:12.535  6478  6535 W PlayMovies: 
10-28 03:30:12.683  6478  6478 W art     : Class sez failed lock verification and will run slower.
10-28 03:30:12.683  6478  6478 W art     : Common causes for lock verification issues are non-optimized dex code
10-28 03:30:12.684  6478  6478 W art     : and incorrect proguard optimizations.
10-28 03:30:12.777  6384  6384 E QtiRilInterface: instance = com.qualcomm.qti.internal.telephony.QtiRilInterface@3d07930
10-28 03:30:12.784  6478  6547 E SQLiteLog: (5) statement aborts at 2: [PRAGMA journal_mode=PERSIST] 
10-28 03:30:12.785  6478  6547 W SQLiteConnection: Could not change the database journal mode of '/data/user/0/com.google.android.videos/databases/purchase_store.db' from 'wal' to 'PERSIST' because the database is locked.  This usually means that there are other open connections to the database which prevents the database from enabling or disabling write-ahead logging mode.  Proceeding without changing the journal mode.
10-28 03:30:12.854  6478  6535 W PlayMovies: qi.invokeSuspend:54 Observing cache file clear_cache_file_name.tmp
10-28 03:30:12.854  6478  6535 W PlayMovies: 
10-28 03:30:12.871  6568  6618 W QCNEJ   : |CORE| CNE received unexpected action: android.intent.action.BATTERY_CHANGED
10-28 03:30:12.874  6384  6384 E QtiImsExtUtils: getConfigForPhoneId subId is invalid
10-28 03:30:12.874  6384  6384 E QtiImsExtUtils: isCarrierConfigEnabled bundle is null
10-28 03:30:13.023  6478  6478 W PlayMovies: kxr.onCreate:494 Installer Package: com.android.vending
10-28 03:30:13.023  6478  6478 W PlayMovies: 
10-28 03:30:13.054  6478  6478 W MediaSessionCompat: Couldn't find a unique registered media button receiver in the given context.
10-28 03:30:13.054  6365  6561 W System  : ClassLoader referenced unknown path: 
10-28 03:30:13.065  6365  6561 W ResourceType: ResTable_typeSpec entry count inconsistent: given 101, previously 105
10-28 03:30:13.066  6365  6561 W ResourceType: ResTable_typeSpec entry count inconsistent: given 4802, previously 5423
10-28 03:30:13.066  6365  6561 W ResourceType: ResTable_typeSpec entry count inconsistent: given 3606, previously 3627
10-28 03:30:13.066  6365  6561 W ResourceType: ResTable_typeSpec entry count inconsistent: given 261, previously 265
10-28 03:30:13.066  6365  6561 W ResourceType: ResTable_typeSpec entry count inconsistent: given 534, previously 5644
10-28 03:30:13.101  6365  6561 W System  : ClassLoader referenced unknown path: /data/user_de/0/com.google.android.gms/app_chimera/m/0000000b/n/armeabi-v7a
10-28 03:30:13.101  6365  6561 W System  : ClassLoader referenced unknown path: /data/user_de/0/com.google.android.gms/app_chimera/m/0000000b/n/armeabi
10-28 03:30:13.160  6478  6478 W ResourceType: For resource 0x7f07076d, entry index(1901) is beyond type entryCount(696)
10-28 03:30:13.161  6478  6478 W ResourceType: For resource 0x7f07076e, entry index(1902) is beyond type entryCount(696)
10-28 03:30:13.161  6478  6478 W ResourceType: For resource 0x7f07076c, entry index(1900) is beyond type entryCount(696)
10-28 03:30:13.161  6478  6478 W ResourceType: For resource 0x7f07076b, entry index(1899) is beyond type entryCount(696)
10-28 03:30:13.161  6478  6478 W ResourceType: For resource 0x7f07076d, entry index(1901) is beyond type entryCount(696)
10-28 03:30:13.237 16069 16069 E PackageIntentReceiver: action android.intent.action.PACKAGE_REMOVED com.example.rocketplan_android.dev
10-28 03:30:13.317  6478  6478 W AxMediaRouter: Ignoring attempt to select selected route: MediaRouter.RouteInfo{ uniqueId=DEFAULT_ROUTE, name=Tablet, description=null, iconUri=null, enabled=true, isSystemRoute=true, connectionState=0, canDisconnect=false, playbackType=0, playbackStream=3, deviceType=0, volumeHandling=1, volume=8, volumeMax=15, presentationDisplayId=-1, extras=null, settingsIntent=null, providerPackageName=android }
10-28 03:30:13.384  6478  6590 W UnpinContentCleanerImpl: com.google.android.apps.play.movies.common.store.pinning.unpinning.UnpinContentCleanerImpl.cleanUp:76 Start clean up task with reason 1
10-28 03:30:13.437 19444 19492 E Finsky  : [5009] [Counters] attempted to use a non-positive increment for: 4752
10-28 03:30:13.439 19444 19492 E Finsky  : [5009] [Counters] attempted to use a non-positive increment for: 4753
10-28 03:30:13.458  6478  6590 W PlayMovies: mhh.a:49 Start cleanup unpinned content
10-28 03:30:13.458  6478  6590 W PlayMovies: 
10-28 03:30:13.477 19444 19479 E Finsky  : [4999] [Counters] attempted to use a non-positive increment for: 4752
10-28 03:30:13.480 19444 19493 E Finsky  : [5010] [Counters] attempted to use a non-positive increment for: 4753
10-28 03:30:13.497  6478  6590 W PlayMovies: mhh.a:321 Done cleanup unpinned content: removed 0 files
10-28 03:30:13.497  6478  6590 W PlayMovies: 
10-28 03:30:13.505  6478  6478 W TransfersExecutor: com.google.android.apps.play.movies.common.service.pinning.TransfersExecutor.quit:195 BACKGROUND_QUIT_SAFELY pending jobs == 0
10-28 03:30:13.804  6384  6384 E QtiRilInterface: instance = com.qualcomm.qti.internal.telephony.QtiRilInterface@3d07930
10-28 03:30:13.877 16069 16069 E PackageIntentReceiver: action android.intent.action.PACKAGE_ADDED com.example.rocketplan_android.dev
10-28 03:30:13.883  4886 18347 W ResourceType: ResTable_typeSpec entry count inconsistent: given 23, previously 36
10-28 03:30:13.884  4886 18347 W ResourceType: ResTable_typeSpec entry count inconsistent: given 696, previously 3214
10-28 03:30:13.884  4886 18347 W ResourceType: ResTable_typeSpec entry count inconsistent: given 1897, previously 1921
10-28 03:30:13.884  4886 18347 W ResourceType: ResTable_typeSpec entry count inconsistent: given 394, previously 3435
10-28 03:30:14.243 16069 16069 E PackageIntentReceiver: action android.intent.action.PACKAGE_REPLACED com.example.rocketplan_android.dev
10-28 03:30:14.502  6478  6623 W VideoCapabilities: Unsupported mime video/divx
10-28 03:30:14.509  6478  6623 W VideoCapabilities: Unsupported mime video/divx4
10-28 03:30:14.520  6478  6623 W VideoCapabilities: Unsupported mime video/mp4v-esdp
10-28 03:30:14.552  6478  6623 W VideoCapabilities: Unsupported mime video/mp4v-esdp
10-28 03:30:16.876  2874  6368 E IzatSvc_PassiveLocListener: E/Exiting with error virtual void izat_manager::IzatPassiveLocationListener::onLocationChanged(const izat_manager::IzatLocation *, const IzatLocationStatus) line 171 "1"
10-28 03:30:22.891  6568  6618 W QCNEJ   : |CORE| CNE received unexpected action: android.intent.action.BATTERY_CHANGED
10-28 03:30:22.901  6384  6384 E QtiImsExtUtils: getConfigForPhoneId subId is invalid
10-28 03:30:22.901  6384  6384 E QtiImsExtUtils: isCarrierConfigEnabled bundle is null
10-28 03:30:24.054  9898 19294 W GetGamesServiceReqFacto: Parsing request with ignored arguments. signInOptionsBundle [Bundle[{com.google.android.gms.signin.internal.serverClientId=null, com.google.android.gms.signin.internal.usePromptModeForAuthCode=true, com.google.android.gms.signin.internal.logSessionId=null, com.google.android.gms.signin.internal.hostedDomain=null, com.google.android.gms.signin.internal.offlineAccessRequested=false, com.google.android.gms.signin.internal.waitForAccessTokenRefresh=false, com.google.android.gms.signin.internal.clientRequestedAccount=Account {name=<<default account>>, type=com.google}, com.google.android.gms.signin.internal.idTokenRequested=false, com.google.android.gms.signin.internal.forceCodeForRefreshToken=false}]], isRetryingSignIn [false], skipWelcomePopup [false], requireGooglePlus [false]
10-28 03:30:28.182   347   347 E cnss-daemon: Stale or unreachable neighbors, ndm state: 4
10-28 03:30:32.912  6568  6618 W QCNEJ   : |CORE| CNE received unexpected action: android.intent.action.BATTERY_CHANGED
10-28 03:30:32.918  6384  6384 E QtiImsExtUtils: getConfigForPhoneId subId is invalid
10-28 03:30:32.918  6384  6384 E QtiImsExtUtils: isCarrierConfigEnabled bundle is null
10-28 03:30:40.326 19444 20595 W PlayCommon: [5112] No account for auth token provided
10-28 03:30:42.933  6568  6618 W QCNEJ   : |CORE| CNE received unexpected action: android.intent.action.BATTERY_CHANGED
10-28 03:30:42.937  6384  6384 E QtiImsExtUtils: getConfigForPhoneId subId is invalid
10-28 03:30:42.937  6384  6384 E QtiImsExtUtils: isCarrierConfigEnabled bundle is null
10-28 03:30:45.807   502   502 E VM_BMS  : failed to set wake_lock rc=-13
10-28 03:30:45.813   502   502 E VM_BMS  : failed to wake_unlock rc=-13
10-28 03:30:45.862  6568  6618 W QCNEJ   : |CORE| CNE received unexpected action: android.intent.action.BATTERY_CHANGED
10-28 03:30:45.862  2874  2943 E BatteryStatsService: no controller energy info supplied
10-28 03:30:45.862  2874  2943 E BatteryStatsService: no controller energy info supplied
10-28 03:30:45.867  6384  6384 E QtiImsExtUtils: getConfigForPhoneId subId is invalid
10-28 03:30:45.867  6384  6384 E QtiImsExtUtils: isCarrierConfigEnabled bundle is null
10-28 03:30:45.874  2874  2943 E BatteryStatsService: power: Missing API
10-28 03:30:45.893  2874  2943 E BatteryStatsService: modem info is invalid: ModemActivityInfo{ mTimestamp=0 mSleepTimeMs=0 mIdleTimeMs=0 mTxTimeMs[]=[0, 0, 0, 0, 0] mRxTimeMs=0 mEnergyUsed=0}
10-28 03:30:52.951  6568  6618 W QCNEJ   : |CORE| CNE received unexpected action: android.intent.action.BATTERY_CHANGED
10-28 03:30:52.959  6384  6384 E QtiImsExtUtils: getConfigForPhoneId subId is invalid
10-28 03:30:52.959  6384  6384 E QtiImsExtUtils: isCarrierConfigEnabled bundle is null
10-28 03:30:58.582   347   347 E cnss-daemon: Stale or unreachable neighbors, ndm state: 4
10-28 03:31:02.971  6568  6618 W QCNEJ   : |CORE| CNE received unexpected action: android.intent.action.BATTERY_CHANGED
10-28 03:31:02.979  6384  6384 E QtiImsExtUtils: getConfigForPhoneId subId is invalid
10-28 03:31:02.979  6384  6384 E QtiImsExtUtils: isCarrierConfigEnabled bundle is null
10-28 03:31:16.877  2874  6368 E IzatSvc_PassiveLocListener: E/Exiting with error virtual void izat_manager::IzatPassiveLocationListener::onLocationChanged(const izat_manager::IzatLocation *, const IzatLocationStatus) line 171 "1"
10-28 03:31:23.006  6568  6618 W QCNEJ   : |CORE| CNE received unexpected action: android.intent.action.BATTERY_CHANGED
10-28 03:31:23.015  6384  6384 E QtiImsExtUtils: getConfigForPhoneId subId is invalid
10-28 03:31:23.015  6384  6384 E QtiImsExtUtils: isCarrierConfigEnabled bundle is null
10-28 03:31:33.030  6568  6618 W QCNEJ   : |CORE| CNE received unexpected action: android.intent.action.BATTERY_CHANGED
10-28 03:31:33.037  6384  6384 E QtiImsExtUtils: getConfigForPhoneId subId is invalid
10-28 03:31:33.037  6384  6384 E QtiImsExtUtils: isCarrierConfigEnabled bundle is null
10-28 03:31:33.954   502   502 E VM_BMS  : failed to set wake_lock rc=-13
10-28 03:31:33.958   502   502 E VM_BMS  : failed to wake_unlock rc=-13
10-28 03:32:03.090  6568  6618 W QCNEJ   : |CORE| CNE received unexpected action: android.intent.action.BATTERY_CHANGED
10-28 03:32:03.098  6384  6384 E QtiImsExtUtils: getConfigForPhoneId subId is invalid
10-28 03:32:03.098  6384  6384 E QtiImsExtUtils: isCarrierConfigEnabled bundle is null
10-28 03:32:13.112  6568  6618 W QCNEJ   : |CORE| CNE received unexpected action: android.intent.action.BATTERY_CHANGED
10-28 03:32:13.118  6384  6384 E QtiImsExtUtils: getConfigForPhoneId subId is invalid
10-28 03:32:13.118  6384  6384 E QtiImsExtUtils: isCarrierConfigEnabled bundle is null
10-28 03:32:16.877  2874  6368 E IzatSvc_PassiveLocListener: E/Exiting with error virtual void izat_manager::IzatPassiveLocationListener::onLocationChanged(const izat_manager::IzatLocation *, const IzatLocationStatus) line 171 "1"
10-28 03:32:22.095   502   502 E VM_BMS  : failed to set wake_lock rc=-13
10-28 03:32:22.101   502   502 E VM_BMS  : failed to wake_unlock rc=-13
10-28 03:32:33.154  6568  6618 W QCNEJ   : |CORE| CNE received unexpected action: android.intent.action.BATTERY_CHANGED
10-28 03:32:33.158  6384  6384 E QtiImsExtUtils: getConfigForPhoneId subId is invalid
10-28 03:32:33.158  6384  6384 E QtiImsExtUtils: isCarrierConfigEnabled bundle is null
10-28 03:32:37.856   564  7673 E LOWI-7.7.2.5.b: [LOWIUtils] channelBandToFreq: Invalid band,channel = 1,0
10-28 03:32:37.870   564  7673 E LOWI-7.7.2.5.b: [LOWIUtils] channelBandToFreq: Invalid band,channel = 1,0
10-28 03:32:37.887   566   651 W XTCC-5.1.0.19-a: [LOWIUtils] to_eScanTypeResponse - default case
10-28 03:32:37.887   566   651 W XTCC-5.1.0.19-a: [WifiScanner] WiFi scan result : [13] AP's
10-28 03:32:43.167  6568  6618 W QCNEJ   : |CORE| CNE received unexpected action: android.intent.action.BATTERY_CHANGED
10-28 03:32:43.177  6384  6384 E QtiImsExtUtils: getConfigForPhoneId subId is invalid
10-28 03:32:43.177  6384  6384 E QtiImsExtUtils: isCarrierConfigEnabled bundle is null
10-28 03:32:44.139  2874  2874 W ResourceType: ResTable_typeSpec entry count inconsistent: given 101, previously 105
10-28 03:32:44.140  2874  2874 W ResourceType: ResTable_typeSpec entry count inconsistent: given 4802, previously 5423
10-28 03:32:44.140  2874  2874 W ResourceType: ResTable_typeSpec entry count inconsistent: given 3606, previously 3627
10-28 03:32:44.140  2874  2874 W ResourceType: ResTable_typeSpec entry count inconsistent: given 261, previously 265
10-28 03:32:44.141  2874  2874 W ResourceType: ResTable_typeSpec entry count inconsistent: given 534, previously 5644
10-28 03:32:44.156  2874  2874 W ResourceType: ResTable_typeSpec entry count inconsistent: given 82, previously 83
10-28 03:32:44.156  2874  2874 W ResourceType: ResTable_typeSpec entry count inconsistent: given 4835, previously 4875
10-28 03:32:44.156  2874  2874 W ResourceType: ResTable_typeSpec entry count inconsistent: given 6148, previously 6185
10-28 03:32:44.156  2874  2874 W ResourceType: ResTable_typeSpec entry count inconsistent: given 4634, previously 4654
10-28 03:32:44.159  2874  2874 W ResourceType: ResTable_typeSpec entry count inconsistent: given 4653, previously 4654
10-28 03:32:44.159  2874  2874 W ResourceType: ResTable_typeSpec entry count inconsistent: given 534, previously 4767
10-28 03:32:44.182  2874  5959 E NetdConnector: yingjie i: 39 ,start: 0
10-28 03:32:44.277  2874  2874 W ResourceType: ResTable_typeSpec entry count inconsistent: given 26, previously 35
10-28 03:32:44.278  2874  2874 W ResourceType: ResTable_typeSpec entry count inconsistent: given 1322, previously 1351
10-28 03:32:44.278  2874  2874 W ResourceType: ResTable_typeSpec entry count inconsistent: given 381, previously 3300
10-28 03:32:44.283  2874  2874 W ResourceType: ResTable_typeSpec entry count inconsistent: given 20, previously 33
10-28 03:32:44.284  2874  2874 W ResourceType: ResTable_typeSpec entry count inconsistent: given 969, previously 2450
10-28 03:32:44.284  2874  2874 W ResourceType: ResTable_typeSpec entry count inconsistent: given 1697, previously 1700
10-28 03:32:44.284  2874  2874 W ResourceType: ResTable_typeSpec entry count inconsistent: given 373, previously 3274
10-28 03:32:44.322  7097  7097 W System  : ClassLoader referenced unknown path: /system/app/KeyChain/lib/arm
10-28 03:32:44.332  2874  2874 W ResourceType: ResTable_typeSpec entry count inconsistent: given 1315, previously 1381
10-28 03:32:44.332  2874  2874 W ResourceType: ResTable_typeSpec entry count inconsistent: given 379, previously 3081
10-28 03:32:44.342  2874  2874 W ResourceType: ResTable_typeSpec entry count inconsistent: given 2129, previously 2249
10-28 03:32:44.342  2874  2874 W ResourceType: ResTable_typeSpec entry count inconsistent: given 1163, previously 1222
10-28 03:32:44.342  2874  2874 W ResourceType: ResTable_typeSpec entry count inconsistent: given 375, previously 2643
10-28 03:32:44.364  7097  7097 W ContextImpl: Calling a method in the system process without a qualified user: android.app.ContextImpl.startService:1357 android.content.ContextWrapper.startService:613 android.content.ContextWrapper.startService:613 com.android.keychain.KeyChainBroadcastReceiver.onReceive:12 android.app.ActivityThread.handleReceiver:3040 
10-28 03:32:44.493  2874  2874 W ResourceType: ResTable_typeSpec entry count inconsistent: given 23, previously 36
10-28 03:32:44.494  2874  2874 W ResourceType: ResTable_typeSpec entry count inconsistent: given 696, previously 3214
10-28 03:32:44.494  2874  2874 W ResourceType: ResTable_typeSpec entry count inconsistent: given 1897, previously 1921
10-28 03:32:44.494  2874  2874 W ResourceType: ResTable_typeSpec entry count inconsistent: given 394, previously 3435
10-28 03:32:44.501  7135  7135 W System  : ClassLoader referenced unknown path: /system/priv-app/Settings/lib/arm
10-28 03:32:44.502  2874  5959 E NetdConnector: yingjie i: 16 ,start: 0
10-28 03:32:44.567  2874  2939 W ResourceType: ResTable_typeSpec entry count inconsistent: given 2, previously 147
10-28 03:32:44.567  2874  2939 W ResourceType: ResTable_typeSpec entry count inconsistent: given 6, previously 158
10-28 03:32:44.569  2874  2939 W ResourceType: ResTable_typeSpec entry count inconsistent: given 2, previously 147
10-28 03:32:44.569  2874  2939 W ResourceType: ResTable_typeSpec entry count inconsistent: given 6, previously 158
10-28 03:32:44.584 19444 19498 E Finsky  : [5011] [Counters] attempted to use a non-positive increment for: 4752
10-28 03:32:44.588 19444 19493 W asset   : Asset path /data/app/com.example.rocketplan_android.dev-1/base.apk is neither a directory nor file (type=1).
10-28 03:32:44.588 19444 19493 E ResourcesManager: failed to add asset path /data/app/com.example.rocketplan_android.dev-1/base.apk
10-28 03:32:44.588 19444 19493 W PackageManager: Failure retrieving resources for com.example.rocketplan_android.dev
10-28 03:32:44.590  2874  2939 W ResourceType: ResTable_typeSpec entry count inconsistent: given 101, previously 105
10-28 03:32:44.590  2874  2939 W ResourceType: ResTable_typeSpec entry count inconsistent: given 4802, previously 5423
10-28 03:32:44.590  2874  2939 W ResourceType: ResTable_typeSpec entry count inconsistent: given 3606, previously 3627
10-28 03:32:44.590  2874  2939 W ResourceType: ResTable_typeSpec entry count inconsistent: given 261, previously 265
10-28 03:32:44.590  2874  2939 W ResourceType: ResTable_typeSpec entry count inconsistent: given 534, previously 5644
10-28 03:32:44.601  2874  2952 W PackageManager: Failed to find settings for com.example.rocketplan_android.dev
10-28 03:32:44.617 19444 19479 E Finsky  : [4999] [Counters] attempted to use a non-positive increment for: 4752
10-28 03:32:44.618 19444 19479 E Finsky  : [4999] [Counters] attempted to use a non-positive increment for: 4753
10-28 03:32:44.637  2874  5975 E ConnectivityService: RemoteException caught trying to send a callback msg for NetworkRequest [ TRACK_DEFAULT id=1475, [ Capabilities: INTERNET&NOT_RESTRICTED&TRUSTED&NOT_VPN] ]
10-28 03:32:44.640  6384  6384 E QtiRilInterface: instance = com.qualcomm.qti.internal.telephony.QtiRilInterface@3d07930
10-28 03:32:44.655  2874  2939 W FusedProxy: Odd, no component found for service com.android.location.service.FusedProvider
10-28 03:32:44.717 19444 19444 W Finsky  : [1] STU: Failed to get storage stats for package 'com.example.rocketplan_android.dev' (1601: Error getting stats)
10-28 03:32:45.082  7170  7170 W ResourceType: ResTable_typeSpec entry count inconsistent: given 1315, previously 1381
10-28 03:32:45.082  7170  7170 W ResourceType: ResTable_typeSpec entry count inconsistent: given 379, previously 3081
10-28 03:32:45.091  2874  5959 E NetdConnector: yingjie i: 35 ,start: 0
10-28 03:32:45.182  2874  5959 E NetdConnector: yingjie i: 35 ,start: 0
10-28 03:32:45.514  6384  6384 E QtiRilInterface: instance = com.qualcomm.qti.internal.telephony.QtiRilInterface@3d07930
10-28 03:32:45.519  2874  2940 W BroadcastQueue: Permission Denial: broadcasting Intent { act=android.intent.action.BATTERY_CHANGED flg=0x60000010 (has extras) } from null (pid=-1, uid=-1) requires com.google.android.apps.magazines.DYNAMIC_RECEIVER_NOT_EXPORTED_PERMISSION due to registered receiver BroadcastFilter{e25de51 u0 ReceiverList{b05b778 7170 com.google.android.apps.magazines/10137/u0 remote:adc30db}}
10-28 03:32:45.895 16069 16069 E PackageIntentReceiver: action android.intent.action.PACKAGE_REMOVED com.example.rocketplan_android.dev
10-28 03:32:45.909  9898  7216 W Blockstore: [DataStoreImpl] Does not contain gms package key space. [CONTEXT service_id=258 ]
10-28 03:32:45.954  9898  7215 W RWIPackageIntentOps: Registries cleared for package: com.example.rocketplan_android.dev
10-28 03:32:46.661  7270  7270 W System  : ClassLoader referenced unknown path: /system/priv-app/DocumentsUI/lib/arm
10-28 03:32:46.872  2874  5959 E NetdConnector: yingjie i: 35 ,start: 0
10-28 03:32:46.925  7286  7286 W ResourceType: ResTable_typeSpec entry count inconsistent: given 20, previously 33
10-28 03:32:46.926  7286  7286 W ResourceType: ResTable_typeSpec entry count inconsistent: given 969, previously 2450
10-28 03:32:46.926  7286  7286 W ResourceType: ResTable_typeSpec entry count inconsistent: given 1697, previously 1700
10-28 03:32:46.926  7286  7286 W ResourceType: ResTable_typeSpec entry count inconsistent: given 373, previously 3274
10-28 03:32:46.972  2874  5959 E NetdConnector: yingjie i: 35 ,start: 0
10-28 03:32:47.059  7310  7310 W System  : ClassLoader referenced unknown path: /system/lib/FB_AppInstaller_20170216_v19.0
10-28 03:32:47.406  7286  7347 W CacheStorage: cache doesn't exist
10-28 03:32:47.426  6384  6384 E QtiRilInterface: instance = com.qualcomm.qti.internal.telephony.QtiRilInterface@3d07930
10-28 03:32:48.024  7170  7389 W System  : ClassLoader referenced unknown path: 
10-28 03:32:48.033  7170  7389 W ResourceType: ResTable_typeSpec entry count inconsistent: given 101, previously 105
10-28 03:32:48.034  7170  7389 W ResourceType: ResTable_typeSpec entry count inconsistent: given 4802, previously 5423
10-28 03:32:48.034  7170  7389 W ResourceType: ResTable_typeSpec entry count inconsistent: given 3606, previously 3627
10-28 03:32:48.034  7170  7389 W ResourceType: ResTable_typeSpec entry count inconsistent: given 261, previously 265
10-28 03:32:48.035  7170  7389 W ResourceType: ResTable_typeSpec entry count inconsistent: given 534, previously 5644
10-28 03:32:48.064  7170  7389 W System  : ClassLoader referenced unknown path: /data/user_de/0/com.google.android.gms/app_chimera/m/0000000b/n/armeabi-v7a
10-28 03:32:48.065  7170  7389 W System  : ClassLoader referenced unknown path: /data/user_de/0/com.google.android.gms/app_chimera/m/0000000b/n/armeabi
10-28 03:32:48.312 19444  7164 E AbstractLogEventBuilder: The provided ProductIdOrigin 3 is not one of the process-level expected values: 1 or 2
10-28 03:32:48.370 19444  7164 W Settings: Setting install_non_market_apps has moved from android.provider.Settings.Global to android.provider.Settings.Secure, returning read-only value.
10-28 03:32:48.584  7286  7400 W JniCorpus: state isInitialized = true
10-28 03:32:48.587  7286  7330 W JniCorpus: state isInitialized = true
10-28 03:32:48.592  7286  7400 W JniCorpus: state isInitialized = true
10-28 03:32:48.592  7286  7400 W JniCorpus: driveCoreOptions registerChangeObserver = true
10-28 03:32:48.593  7286  7417 W JniCorpus: state isInitialized = true
10-28 03:32:48.594  7286  7417 W JniCorpus: state isInitialized = true
10-28 03:32:48.594  7286  7417 W JniCorpus: driveCoreOptions registerChangeObserver = true
10-28 03:32:48.594  7286  7417 W JniCorpus: driveCoreOptions registerChangeObserver = true
10-28 03:32:48.621  7286  7400 W JniCorpus: driveCoreOptions registerChangeObserver = true
10-28 03:32:48.623  7286  7330 W JniCorpus: state isInitialized = true
10-28 03:32:48.623  7286  7330 W JniCorpus: driveCoreOptions registerChangeObserver = true
10-28 03:32:48.624  7286  7330 W JniCorpus: driveCoreOptions registerChangeObserver = true
10-28 03:32:48.716  7286  7418 W JniCorpus: state isInitialized = true
10-28 03:32:48.716  7286  7418 W JniCorpus: state isInitialized = true
10-28 03:32:48.716  7286  7418 W JniCorpus: driveCoreOptions registerChangeObserver = true
10-28 03:32:48.717  7286  7418 W JniCorpus: driveCoreOptions registerChangeObserver = true
10-28 03:32:48.770  4886 18347 W ResourceType: ResTable_typeSpec entry count inconsistent: given 20, previously 33
10-28 03:32:48.771  4886 18347 W ResourceType: ResTable_typeSpec entry count inconsistent: given 969, previously 2450
10-28 03:32:48.775  4886 18347 W ResourceType: ResTable_typeSpec entry count inconsistent: given 1697, previously 1700
10-28 03:32:48.775  4886 18347 W ResourceType: ResTable_typeSpec entry count inconsistent: given 373, previously 3274
10-28 03:32:48.967 19444 19498 E AbstractLogEventBuilder: The provided ProductIdOrigin 3 is not one of the process-level expected values: 1 or 2
10-28 03:32:49.150 19444 19479 E Finsky  : [4999] 5 file not found
10-28 03:32:49.151 19444 19479 E Finsky  : [4999] APK Analysis allow list check failed; APK Analysis will be skipped!
10-28 03:32:49.151 19444 19479 E Finsky  : com.google.android.finsky.verifier.apkanalysis.client.ApkAnalysisException: DOWNLOAD_FILE_NOT_FOUND_EXCEPTION while analyzing APK
10-28 03:32:49.151 19444 19479 E Finsky  : 	at axac.d(PG:447)
10-28 03:32:49.151 19444 19479 E Finsky  : 	at axab.b(PG:372)
10-28 03:32:49.151 19444 19479 E Finsky  : 	at axab.a(PG:13)
10-28 03:32:49.151 19444 19479 E Finsky  : 	at org.chromium.net.AndroidNetworkLibrary.w(PG:14)
10-28 03:32:49.151 19444 19479 E Finsky  : 	at org.chromium.net.AndroidNetworkLibrary.v(PG:2)
10-28 03:32:49.151 19444 19479 E Finsky  : 	at bvew.aZ(PG:10)
10-28 03:32:49.151 19444 19479 E Finsky  : 	at axbm.b(PG:641)
10-28 03:32:49.151 19444 19479 E Finsky  : 	at axbm.a(PG:324)
10-28 03:32:49.151 19444 19479 E Finsky  : 	at org.chromium.net.AndroidNetworkLibrary.w(PG:14)
10-28 03:32:49.151 19444 19479 E Finsky  : 	at bvaf.p(PG:28)
10-28 03:32:49.151 19444 19479 E Finsky  : 	at bvaf.h(PG:12)
10-28 03:32:49.151 19444 19479 E Finsky  : 	at axgm.a(PG:106)
10-28 03:32:49.151 19444 19479 E Finsky  : 	at axbm.b(PG:598)
10-28 03:32:49.151 19444 19479 E Finsky  : 	at buyd.ok(PG:6)
10-28 03:32:49.151 19444 19479 E Finsky  : 	at bvff.run(PG:109)
10-28 03:32:49.151 19444 19479 E Finsky  : 	at java.util.concurrent.ThreadPoolExecutor.runWorker(ThreadPoolExecutor.java:1133)
10-28 03:32:49.151 19444 19479 E Finsky  : 	at java.util.concurrent.ThreadPoolExecutor$Worker.run(ThreadPoolExecutor.java:607)
10-28 03:32:49.151 19444 19479 E Finsky  : 	at qqi.run(PG:412)
10-28 03:32:49.151 19444 19479 E Finsky  : 	at java.lang.Thread.run(Thread.java:761)
10-28 03:32:49.156 19444 19479 E AbstractLogEventBuilder: The provided ProductIdOrigin 3 is not one of the process-level expected values: 1 or 2
10-28 03:32:49.157 19444 19479 E Finsky  : [4999] Logging timeout report message
10-28 03:32:49.157 19444 19479 E Finsky  : com.google.android.finsky.verifier.apkanalysis.client.ApkAnalysisException: DOWNLOAD_FILE_NOT_FOUND_EXCEPTION while analyzing APK
10-28 03:32:49.157 19444 19479 E Finsky  : 	at axac.d(PG:447)
10-28 03:32:49.157 19444 19479 E Finsky  : 	at axab.b(PG:372)
10-28 03:32:49.157 19444 19479 E Finsky  : 	at axab.a(PG:13)
10-28 03:32:49.157 19444 19479 E Finsky  : 	at org.chromium.net.AndroidNetworkLibrary.w(PG:14)
10-28 03:32:49.157 19444 19479 E Finsky  : 	at org.chromium.net.AndroidNetworkLibrary.v(PG:2)
10-28 03:32:49.157 19444 19479 E Finsky  : 	at bvew.aZ(PG:10)
10-28 03:32:49.157 19444 19479 E Finsky  : 	at axbm.b(PG:641)
10-28 03:32:49.157 19444 19479 E Finsky  : 	at axbm.a(PG:324)
10-28 03:32:49.157 19444 19479 E Finsky  : 	at org.chromium.net.AndroidNetworkLibrary.w(PG:14)
10-28 03:32:49.157 19444 19479 E Finsky  : 	at bvaf.p(PG:28)
10-28 03:32:49.157 19444 19479 E Finsky  : 	at bvaf.h(PG:12)
10-28 03:32:49.157 19444 19479 E Finsky  : 	at axgm.a(PG:106)
10-28 03:32:49.157 19444 19479 E Finsky  : 	at axbm.b(PG:598)
10-28 03:32:49.157 19444 19479 E Finsky  : 	at buyd.ok(PG:6)
10-28 03:32:49.157 19444 19479 E Finsky  : 	at bvff.run(PG:109)
10-28 03:32:49.157 19444 19479 E Finsky  : 	at java.util.concurrent.ThreadPoolExecutor.runWorker(ThreadPoolExecutor.java:1133)
10-28 03:32:49.157 19444 19479 E Finsky  : 	at java.util.concurrent.ThreadPoolExecutor$Worker.run(ThreadPoolExecutor.java:607)
10-28 03:32:49.157 19444 19479 E Finsky  : 	at qqi.run(PG:412)
10-28 03:32:49.157 19444 19479 E Finsky  : 	at java.lang.Thread.run(Thread.java:761)
10-28 03:32:49.159 19444 19479 E Finsky  : [4999] VerifyApps: APK Analysis scan failed for com.example.rocketplan_android.dev
10-28 03:32:49.159 19444 19479 E Finsky  : com.google.android.finsky.verifier.apkanalysis.client.ApkAnalysisException: DOWNLOAD_FILE_NOT_FOUND_EXCEPTION while analyzing APK
10-28 03:32:49.159 19444 19479 E Finsky  : 	at axac.d(PG:447)
10-28 03:32:49.159 19444 19479 E Finsky  : 	at axab.b(PG:372)
10-28 03:32:49.159 19444 19479 E Finsky  : 	at axab.a(PG:13)
10-28 03:32:49.159 19444 19479 E Finsky  : 	at org.chromium.net.AndroidNetworkLibrary.w(PG:14)
10-28 03:32:49.159 19444 19479 E Finsky  : 	at org.chromium.net.AndroidNetworkLibrary.v(PG:2)
10-28 03:32:49.159 19444 19479 E Finsky  : 	at bvew.aZ(PG:10)
10-28 03:32:49.159 19444 19479 E Finsky  : 	at axbm.b(PG:641)
10-28 03:32:49.159 19444 19479 E Finsky  : 	at axbm.a(PG:324)
10-28 03:32:49.159 19444 19479 E Finsky  : 	at org.chromium.net.AndroidNetworkLibrary.w(PG:14)
10-28 03:32:49.159 19444 19479 E Finsky  : 	at bvaf.p(PG:28)
10-28 03:32:49.159 19444 19479 E Finsky  : 	at bvaf.h(PG:12)
10-28 03:32:49.159 19444 19479 E Finsky  : 	at axgm.a(PG:106)
10-28 03:32:49.159 19444 19479 E Finsky  : 	at axbm.b(PG:598)
10-28 03:32:49.159 19444 19479 E Finsky  : 	at buyd.ok(PG:6)
10-28 03:32:49.159 19444 19479 E Finsky  : 	at bvff.run(PG:109)
10-28 03:32:49.159 19444 19479 E Finsky  : 	at java.util.concurrent.ThreadPoolExecutor.runWorker(ThreadPoolExecutor.java:1133)
10-28 03:32:49.159 19444 19479 E Finsky  : 	at java.util.concurrent.ThreadPoolExecutor$Worker.run(ThreadPoolExecutor.java:607)
10-28 03:32:49.159 19444 19479 E Finsky  : 	at qqi.run(PG:412)
10-28 03:32:49.159 19444 19479 E Finsky  : 	at java.lang.Thread.run(Thread.java:761)
10-28 03:32:49.177 19444 19498 E AbstractLogEventBuilder: The provided ProductIdOrigin 3 is not one of the process-level expected values: 1 or 2
10-28 03:32:49.261 19444 19444 E AbstractLogEventBuilder: The provided ProductIdOrigin 3 is not one of the process-level expected values: 1 or 2
10-28 03:32:49.278 19444  7164 E AbstractLogEventBuilder: The provided ProductIdOrigin 3 is not one of the process-level expected values: 1 or 2
10-28 03:32:49.297 19444  7164 E Finsky  : [5628] Package name null is not an installed package
10-28 03:32:49.320 19444  7164 E AbstractLogEventBuilder: The provided ProductIdOrigin 3 is not one of the process-level expected values: 1 or 2
10-28 03:32:49.331  2874  2952 W PackageManager: Package com.example.rocketplan_android.dev desires unavailable shared library androidx.window.extensions; ignoring!
10-28 03:32:49.331  2874  2952 W PackageManager: Package com.example.rocketplan_android.dev desires unavailable shared library androidx.window.sidecar; ignoring!
10-28 03:32:49.338   334   334 E         : dexopt apk_path='/data/app/vmdl1661824485.tmp/base.apk' , pkgname='com.example.rocketplan_android.dev', instruction_set='arm', oat_dir='/data/app/vmdl1661824485.tmp/oat', compiler_filter='interpret-only', volume_uuid='(null)', shared_libraries='(null)'
10-28 03:32:49.339   334   334 E         : dexopt dexopt_needed ='1', dexopt_flags='26'
10-28 03:32:50.456  7286  7334 W DynamiteModule: Local module descriptor class for com.google.android.gms.providerinstaller.dynamite not found.
10-28 03:32:50.487  4886  4964 W ProviderHelper: Unknown dynamite feature providerinstaller.dynamite
10-28 03:32:50.497  7286  7334 W ProviderInstaller: Failed to load providerinstaller module: No acceptable module com.google.android.gms.providerinstaller.dynamite found. Local version is 0 and remote version is 0.
10-28 03:32:50.704  7286  7334 W ResourceType: ResTable_typeSpec entry count inconsistent: given 101, previously 105
10-28 03:32:50.705  7286  7334 W ResourceType: ResTable_typeSpec entry count inconsistent: given 4802, previously 5423
10-28 03:32:50.706  7286  7334 W ResourceType: ResTable_typeSpec entry count inconsistent: given 3606, previously 3627
10-28 03:32:50.706  7286  7334 W ResourceType: ResTable_typeSpec entry count inconsistent: given 261, previously 265
10-28 03:32:50.706  7286  7334 W ResourceType: ResTable_typeSpec entry count inconsistent: given 534, previously 5644
