--------- beginning of main
--------- beginning of system
10-27 03:43:19.127 17799 17839 D API     : ğŸ”„ [syncProjectGraph] Starting sync for project 4970
10-27 03:43:19.434 17799 17799 D ProjectDetailVM: ğŸ“Š Data update for project 4970: 7 rooms, 5 albums, 192 photos
10-27 03:43:19.434 17799 17799 D ProjectDetailVM: âœ… Project found: 201 Faker Road
10-27 03:43:19.435 17799 17799 D ProjectDetailVM: ğŸ  Loading 7 rooms: [[5949] Basement, [5961] Bathroom, [5994] Bathroom, [5978] Bedroom, [5952] Den, [5979] Dining Room, [5999] Kitchen]
10-27 03:43:19.435 17799 17799 D ProjectDetailVM: ğŸ“š Loading 5 albums: [[26743] Betterments (null), [26744] Contents (null), [26741] Daily Progress (null), [26740] Damage Assessment (null), [26742] Pre-existing Damages (null)]
10-27 03:43:19.435 17799 17799 D ProjectDetailVM: ğŸš« Filtering project-scoped album Betterments (26743)
10-27 03:43:19.436 17799 17799 D ProjectDetailVM: ğŸš« Filtering project-scoped album Contents (26744)
10-27 03:43:19.436 17799 17799 D ProjectDetailVM: ğŸš« Filtering project-scoped album Daily Progress (26741)
10-27 03:43:19.436 17799 17799 D ProjectDetailVM: ğŸš« Filtering project-scoped album Damage Assessment (26740)
10-27 03:43:19.436 17799 17799 D ProjectDetailVM: ğŸš« Filtering project-scoped album Pre-existing Damages (26742)
10-27 03:43:20.650 17799 17837 E API     : âŒ [syncProjectGraph] Failed to fetch project detail for 4970
10-27 03:43:20.650 17799 17837 E API     : retrofit2.HttpException: HTTP 400 
10-27 03:43:20.650 17799 17837 E API     : 	at retrofit2.KotlinExtensions$await$2$2.onResponse(KotlinExtensions.kt:53)
10-27 03:43:20.650 17799 17837 E API     : 	at retrofit2.OkHttpCall$1.onResponse(OkHttpCall.java:161)
10-27 03:43:20.650 17799 17837 E API     : 	at okhttp3.internal.connection.RealCall$AsyncCall.run(RealCall.kt:519)
10-27 03:43:20.650 17799 17837 E API     : 	at java.util.concurrent.ThreadPoolExecutor.runWorker(ThreadPoolExecutor.java:1133)
10-27 03:43:20.650 17799 17837 E API     : 	at java.util.concurrent.ThreadPoolExecutor$Worker.run(ThreadPoolExecutor.java:607)
10-27 03:43:20.650 17799 17837 E API     : 	at java.lang.Thread.run(Thread.java:761)
10-27 03:43:20.651 17799 17837 D API     : ğŸ¢ [syncProjectGraph] Fetching property for project 4970
10-27 03:43:21.154 17799 17837 D API     : âœ… [syncProjectGraph] Fetched and saved property 3021
10-27 03:43:21.154 17799 17837 D API     : ğŸ“ [syncProjectGraph] Fetching locations for property 3021
10-27 03:43:21.483 17799 17837 D API     : âœ… [syncProjectGraph] Fetched 5 levels
10-27 03:43:21.957 17799 17837 D API     : âœ… [syncProjectGraph] Fetched 1 nested locations
10-27 03:43:21.998 17799 17839 D API     : ğŸ“ [syncProjectGraph] Saved 6 property locations, total collected: 6
10-27 03:43:21.998 17799 17839 D API     : ğŸ  [syncProjectGraph] Fetching rooms for 6 locations
10-27 03:43:22.335 17799 17839 D API     : INFO [syncProjectGraph] Location 37845 has no rooms (404)
10-27 03:43:22.335 17799 17839 D API     : ğŸ” [syncProjectGraph] fetchRoomsForLocation(37845) returned 0 rooms
10-27 03:43:22.335 17799 17839 D API     : âš ï¸ [syncProjectGraph] No rooms to save for location 37845 (empty list)
10-27 03:43:22.678 17799 17840 D API     : INFO [syncProjectGraph] Location 37846 has no rooms (404)
10-27 03:43:22.678 17799 17840 D API     : ğŸ” [syncProjectGraph] fetchRoomsForLocation(37846) returned 0 rooms
10-27 03:43:22.678 17799 17840 D API     : âš ï¸ [syncProjectGraph] No rooms to save for location 37846 (empty list)
10-27 03:43:23.105 17799 17840 D API     : INFO [syncProjectGraph] Location 37847 has no rooms (404)
10-27 03:43:23.105 17799 17840 D API     : ğŸ” [syncProjectGraph] fetchRoomsForLocation(37847) returned 0 rooms
10-27 03:43:23.105 17799 17840 D API     : âš ï¸ [syncProjectGraph] No rooms to save for location 37847 (empty list)
10-27 03:43:23.448 17799 17840 D API     : INFO [syncProjectGraph] Location 37848 has no rooms (404)
10-27 03:43:23.448 17799 17840 D API     : ğŸ” [syncProjectGraph] fetchRoomsForLocation(37848) returned 0 rooms
10-27 03:43:23.448 17799 17840 D API     : âš ï¸ [syncProjectGraph] No rooms to save for location 37848 (empty list)
10-27 03:43:23.928 17799 17840 D API     : INFO [syncProjectGraph] Location 37849 has no rooms (404)
10-27 03:43:23.928 17799 17840 D API     : ğŸ” [syncProjectGraph] fetchRoomsForLocation(37849) returned 0 rooms
10-27 03:43:23.928 17799 17840 D API     : âš ï¸ [syncProjectGraph] No rooms to save for location 37849 (empty list)
10-27 03:43:24.420 17799 17840 D API     : âœ… [syncProjectGraph] Fetched 7 rooms for location 3971 (page 1)
10-27 03:43:24.420 17799 17840 D API     : ğŸ” [DEBUG] Room payload - id: 5999, name: null, title: null, roomType.name: Kitchen, level.name: Main Level
10-27 03:43:24.420 17799 17840 D API     : ğŸ” [syncProjectGraph] fetchRoomsForLocation(3971) returned 7 rooms
10-27 03:43:28.512 17799 17840 D API     : ğŸ’¾ [syncProjectGraph] Saved 7 rooms for location 3971 to database
10-27 03:43:28.513 17799 17840 D API     : ğŸ  [syncProjectGraph] Total rooms collected: 7
10-27 03:43:28.513 17799 17840 D API     : ğŸ“¸ [syncProjectGraph] Fetching photos for 7 rooms
10-27 03:43:28.532 17799 17799 D ProjectDetailVM: ğŸ“Š Data update for project 4970: 7 rooms, 5 albums, 192 photos
10-27 03:43:28.532 17799 17799 D ProjectDetailVM: âœ… Project found: 201 Faker Road
10-27 03:43:28.532 17799 17799 D ProjectDetailVM: ğŸ  Loading 7 rooms: [[5949] Basement, [5961] Bathroom, [5994] Bathroom, [5978] Bedroom, [5952] Den, [5979] Dining Room, [5999] Kitchen]
10-27 03:43:28.533 17799 17799 D ProjectDetailVM: ğŸ“š Loading 5 albums: [[26743] Betterments (null), [26744] Contents (null), [26741] Daily Progress (null), [26740] Damage Assessment (null), [26742] Pre-existing Damages (null)]
10-27 03:43:28.533 17799 17799 D ProjectDetailVM: ğŸš« Filtering project-scoped album Betterments (26743)
10-27 03:43:28.533 17799 17799 D ProjectDetailVM: ğŸš« Filtering project-scoped album Contents (26744)
10-27 03:43:28.533 17799 17799 D ProjectDetailVM: ğŸš« Filtering project-scoped album Daily Progress (26741)
10-27 03:43:28.533 17799 17799 D ProjectDetailVM: ğŸš« Filtering project-scoped album Damage Assessment (26740)
10-27 03:43:28.533 17799 17799 D ProjectDetailVM: ğŸš« Filtering project-scoped album Pre-existing Damages (26742)
10-27 03:43:28.547 17799 17799 D ProjectDetailVM: ğŸ“Š Data update for project 4970: 7 rooms, 5 albums, 192 photos
10-27 03:43:28.547 17799 17799 D ProjectDetailVM: âœ… Project found: 201 Faker Road
10-27 03:43:28.547 17799 17799 D ProjectDetailVM: ğŸ  Loading 7 rooms: [[5949] Basement, [5961] Bathroom, [5994] Bathroom, [5978] Bedroom, [5952] Den, [5979] Dining Room, [5999] Kitchen]
10-27 03:43:28.548 17799 17799 D ProjectDetailVM: ğŸ“š Loading 5 albums: [[26743] Betterments (null), [26744] Contents (null), [26741] Daily Progress (null), [26740] Damage Assessment (null), [26742] Pre-existing Damages (null)]
10-27 03:43:28.548 17799 17799 D ProjectDetailVM: ğŸš« Filtering project-scoped album Betterments (26743)
10-27 03:43:28.548 17799 17799 D ProjectDetailVM: ğŸš« Filtering project-scoped album Contents (26744)
10-27 03:43:28.548 17799 17799 D ProjectDetailVM: ğŸš« Filtering project-scoped album Daily Progress (26741)
10-27 03:43:28.548 17799 17799 D ProjectDetailVM: ğŸš« Filtering project-scoped album Damage Assessment (26740)
10-27 03:43:28.548 17799 17799 D ProjectDetailVM: ğŸš« Filtering project-scoped album Pre-existing Damages (26742)
10-27 03:43:28.892 17799 17840 E API     : âŒ [syncProjectGraph] Failed to fetch photos for room 5999
10-27 03:43:28.892 17799 17840 E API     : java.lang.IllegalStateException: Expected BEGIN_ARRAY but was BEGIN_OBJECT at line 1 column 2 path $
10-27 03:43:28.892 17799 17840 E API     : 	at com.google.gson.stream.JsonReader.beginArray(JsonReader.java:358)
10-27 03:43:28.892 17799 17840 E API     : 	at com.google.gson.internal.bind.CollectionTypeAdapterFactory$Adapter.read(CollectionTypeAdapterFactory.java:80)
10-27 03:43:28.892 17799 17840 E API     : 	at com.google.gson.internal.bind.CollectionTypeAdapterFactory$Adapter.read(CollectionTypeAdapterFactory.java:61)
10-27 03:43:28.892 17799 17840 E API     : 	at retrofit2.converter.gson.GsonResponseBodyConverter.convert(GsonResponseBodyConverter.java:40)
10-27 03:43:28.892 17799 17840 E API     : 	at retrofit2.converter.gson.GsonResponseBodyConverter.convert(GsonResponseBodyConverter.java:27)
10-27 03:43:28.892 17799 17840 E API     : 	at retrofit2.OkHttpCall.parseResponse(OkHttpCall.java:243)
10-27 03:43:28.892 17799 17840 E API     : 	at retrofit2.OkHttpCall$1.onResponse(OkHttpCall.java:153)
10-27 03:43:28.892 17799 17840 E API     : 	at okhttp3.internal.connection.RealCall$AsyncCall.run(RealCall.kt:519)
10-27 03:43:28.892 17799 17840 E API     : 	at java.util.concurrent.ThreadPoolExecutor.runWorker(ThreadPoolExecutor.java:1133)
10-27 03:43:28.892 17799 17840 E API     : 	at java.util.concurrent.ThreadPoolExecutor$Worker.run(ThreadPoolExecutor.java:607)
10-27 03:43:28.892 17799 17840 E API     : 	at java.lang.Thread.run(Thread.java:761)
10-27 03:43:29.237 17799 17840 E API     : âŒ [syncProjectGraph] Failed to fetch photos for room 5994
10-27 03:43:29.237 17799 17840 E API     : java.lang.IllegalStateException: Expected BEGIN_ARRAY but was BEGIN_OBJECT at line 1 column 2 path $
10-27 03:43:29.237 17799 17840 E API     : 	at com.google.gson.stream.JsonReader.beginArray(JsonReader.java:358)
10-27 03:43:29.237 17799 17840 E API     : 	at com.google.gson.internal.bind.CollectionTypeAdapterFactory$Adapter.read(CollectionTypeAdapterFactory.java:80)
10-27 03:43:29.237 17799 17840 E API     : 	at com.google.gson.internal.bind.CollectionTypeAdapterFactory$Adapter.read(CollectionTypeAdapterFactory.java:61)
10-27 03:43:29.237 17799 17840 E API     : 	at retrofit2.converter.gson.GsonResponseBodyConverter.convert(GsonResponseBodyConverter.java:40)
10-27 03:43:29.237 17799 17840 E API     : 	at retrofit2.converter.gson.GsonResponseBodyConverter.convert(GsonResponseBodyConverter.java:27)
10-27 03:43:29.237 17799 17840 E API     : 	at retrofit2.OkHttpCall.parseResponse(OkHttpCall.java:243)
10-27 03:43:29.237 17799 17840 E API     : 	at retrofit2.OkHttpCall$1.onResponse(OkHttpCall.java:153)
10-27 03:43:29.237 17799 17840 E API     : 	at okhttp3.internal.connection.RealCall$AsyncCall.run(RealCall.kt:519)
10-27 03:43:29.237 17799 17840 E API     : 	at java.util.concurrent.ThreadPoolExecutor.runWorker(ThreadPoolExecutor.java:1133)
10-27 03:43:29.237 17799 17840 E API     : 	at java.util.concurrent.ThreadPoolExecutor$Worker.run(ThreadPoolExecutor.java:607)
10-27 03:43:29.237 17799 17840 E API     : 	at java.lang.Thread.run(Thread.java:761)
10-27 03:43:29.638 17799 17840 E API     : âŒ [syncProjectGraph] Failed to fetch photos for room 5979
10-27 03:43:29.638 17799 17840 E API     : java.lang.IllegalStateException: Expected BEGIN_ARRAY but was BEGIN_OBJECT at line 1 column 2 path $
10-27 03:43:29.638 17799 17840 E API     : 	at com.google.gson.stream.JsonReader.beginArray(JsonReader.java:358)
10-27 03:43:29.638 17799 17840 E API     : 	at com.google.gson.internal.bind.CollectionTypeAdapterFactory$Adapter.read(CollectionTypeAdapterFactory.java:80)
10-27 03:43:29.638 17799 17840 E API     : 	at com.google.gson.internal.bind.CollectionTypeAdapterFactory$Adapter.read(CollectionTypeAdapterFactory.java:61)
10-27 03:43:29.638 17799 17840 E API     : 	at retrofit2.converter.gson.GsonResponseBodyConverter.convert(GsonResponseBodyConverter.java:40)
10-27 03:43:29.638 17799 17840 E API     : 	at retrofit2.converter.gson.GsonResponseBodyConverter.convert(GsonResponseBodyConverter.java:27)
10-27 03:43:29.638 17799 17840 E API     : 	at retrofit2.OkHttpCall.parseResponse(OkHttpCall.java:243)
10-27 03:43:29.638 17799 17840 E API     : 	at retrofit2.OkHttpCall$1.onResponse(OkHttpCall.java:153)
10-27 03:43:29.638 17799 17840 E API     : 	at okhttp3.internal.connection.RealCall$AsyncCall.run(RealCall.kt:519)
10-27 03:43:29.638 17799 17840 E API     : 	at java.util.concurrent.ThreadPoolExecutor.runWorker(ThreadPoolExecutor.java:1133)
10-27 03:43:29.638 17799 17840 E API     : 	at java.util.concurrent.ThreadPoolExecutor$Worker.run(ThreadPoolExecutor.java:607)
10-27 03:43:29.638 17799 17840 E API     : 	at java.lang.Thread.run(Thread.java:761)
10-27 03:43:30.007 17799 17839 E API     : âŒ [syncProjectGraph] Failed to fetch photos for room 5978
10-27 03:43:30.007 17799 17839 E API     : java.lang.IllegalStateException: Expected BEGIN_ARRAY but was BEGIN_OBJECT at line 1 column 2 path $
10-27 03:43:30.007 17799 17839 E API     : 	at com.google.gson.stream.JsonReader.beginArray(JsonReader.java:358)
10-27 03:43:30.007 17799 17839 E API     : 	at com.google.gson.internal.bind.CollectionTypeAdapterFactory$Adapter.read(CollectionTypeAdapterFactory.java:80)
10-27 03:43:30.007 17799 17839 E API     : 	at com.google.gson.internal.bind.CollectionTypeAdapterFactory$Adapter.read(CollectionTypeAdapterFactory.java:61)
10-27 03:43:30.007 17799 17839 E API     : 	at retrofit2.converter.gson.GsonResponseBodyConverter.convert(GsonResponseBodyConverter.java:40)
10-27 03:43:30.007 17799 17839 E API     : 	at retrofit2.converter.gson.GsonResponseBodyConverter.convert(GsonResponseBodyConverter.java:27)
10-27 03:43:30.007 17799 17839 E API     : 	at retrofit2.OkHttpCall.parseResponse(OkHttpCall.java:243)
10-27 03:43:30.007 17799 17839 E API     : 	at retrofit2.OkHttpCall$1.onResponse(OkHttpCall.java:153)
10-27 03:43:30.007 17799 17839 E API     : 	at okhttp3.internal.connection.RealCall$AsyncCall.run(RealCall.kt:519)
10-27 03:43:30.007 17799 17839 E API     : 	at java.util.concurrent.ThreadPoolExecutor.runWorker(ThreadPoolExecutor.java:1133)
10-27 03:43:30.007 17799 17839 E API     : 	at java.util.concurrent.ThreadPoolExecutor$Worker.run(ThreadPoolExecutor.java:607)
10-27 03:43:30.007 17799 17839 E API     : 	at java.lang.Thread.run(Thread.java:761)
10-27 03:43:30.322 17799 17839 D API     : ğŸ“š [syncProjectGraph] Fetched 5 albums from API
10-27 03:43:30.322 17799 17839 D API     :    Album[26405] 'Damage Assessment' type=null photos=0
10-27 03:43:30.322 17799 17839 D API     :    Album[26406] 'Daily Progress' type=null photos=0
10-27 03:43:30.322 17799 17839 D API     :    Album[26407] 'Pre-existing Damages' type=null photos=0
10-27 03:43:30.323 17799 17839 D API     :    Album[26408] 'Contents' type=null photos=0
10-27 03:43:30.323 17799 17839 D API     :    Album[26409] 'Betterments' type=null photos=0
10-27 03:43:30.342 17799 17839 D API     : ğŸ“š [syncProjectGraph] Saved 5 albums
10-27 03:43:30.345 17799 17799 D ProjectDetailVM: ğŸ“Š Data update for project 4970: 7 rooms, 5 albums, 192 photos
10-27 03:43:30.345 17799 17799 D ProjectDetailVM: âœ… Project found: 201 Faker Road
10-27 03:43:30.345 17799 17799 D ProjectDetailVM: ğŸ  Loading 7 rooms: [[5949] Basement, [5961] Bathroom, [5994] Bathroom, [5978] Bedroom, [5952] Den, [5979] Dining Room, [5999] Kitchen]
10-27 03:43:30.346 17799 17799 D ProjectDetailVM: ğŸ“š Loading 5 albums: [[26743] Betterments (null), [26744] Contents (null), [26741] Daily Progress (null), [26740] Damage Assessment (null), [26742] Pre-existing Damages (null)]
10-27 03:43:30.346 17799 17799 D ProjectDetailVM: ğŸš« Filtering project-scoped album Betterments (26743)
10-27 03:43:30.346 17799 17799 D ProjectDetailVM: ğŸš« Filtering project-scoped album Contents (26744)
10-27 03:43:30.346 17799 17799 D ProjectDetailVM: ğŸš« Filtering project-scoped album Daily Progress (26741)
10-27 03:43:30.346 17799 17799 D ProjectDetailVM: ğŸš« Filtering project-scoped album Damage Assessment (26740)
10-27 03:43:30.346 17799 17799 D ProjectDetailVM: ğŸš« Filtering project-scoped album Pre-existing Damages (26742)
10-27 03:43:30.356 17799 17839 D API     : âœ… [syncProjectGraph] Sync completed for project 4909 - Locations: 10, Rooms: 29
10-27 03:43:30.359 17799 17839 D API     : ğŸ”„ [syncProjectGraph] Starting sync for project 4970
10-27 03:43:30.453 17799 17839 E API     : âŒ [syncProjectGraph] Failed to fetch photos for room 5961
10-27 03:43:30.453 17799 17839 E API     : java.lang.IllegalStateException: Expected BEGIN_ARRAY but was BEGIN_OBJECT at line 1 column 2 path $
10-27 03:43:30.453 17799 17839 E API     : 	at com.google.gson.stream.JsonReader.beginArray(JsonReader.java:358)
10-27 03:43:30.453 17799 17839 E API     : 	at com.google.gson.internal.bind.CollectionTypeAdapterFactory$Adapter.read(CollectionTypeAdapterFactory.java:80)
10-27 03:43:30.453 17799 17839 E API     : 	at com.google.gson.internal.bind.CollectionTypeAdapterFactory$Adapter.read(CollectionTypeAdapterFactory.java:61)
10-27 03:43:30.453 17799 17839 E API     : 	at retrofit2.converter.gson.GsonResponseBodyConverter.convert(GsonResponseBodyConverter.java:40)
10-27 03:43:30.453 17799 17839 E API     : 	at retrofit2.converter.gson.GsonResponseBodyConverter.convert(GsonResponseBodyConverter.java:27)
10-27 03:43:30.453 17799 17839 E API     : 	at retrofit2.OkHttpCall.parseResponse(OkHttpCall.java:243)
10-27 03:43:30.453 17799 17839 E API     : 	at retrofit2.OkHttpCall$1.onResponse(OkHttpCall.java:153)
10-27 03:43:30.453 17799 17839 E API     : 	at okhttp3.internal.connection.RealCall$AsyncCall.run(RealCall.kt:519)
10-27 03:43:30.453 17799 17839 E API     : 	at java.util.concurrent.ThreadPoolExecutor.runWorker(ThreadPoolExecutor.java:1133)
10-27 03:43:30.453 17799 17839 E API     : 	at java.util.concurrent.ThreadPoolExecutor$Worker.run(ThreadPoolExecutor.java:607)
10-27 03:43:30.453 17799 17839 E API     : 	at java.lang.Thread.run(Thread.java:761)
10-27 03:43:30.680 17799 17799 D ProjectDetailVM: ğŸ“Š Data update for project 4970: 7 rooms, 5 albums, 192 photos
10-27 03:43:30.680 17799 17799 D ProjectDetailVM: âœ… Project found: 201 Faker Road
10-27 03:43:30.681 17799 17799 D ProjectDetailVM: ğŸ  Loading 7 rooms: [[5949] Basement, [5961] Bathroom, [5994] Bathroom, [5978] Bedroom, [5952] Den, [5979] Dining Room, [5999] Kitchen]
10-27 03:43:30.681 17799 17799 D ProjectDetailVM: ğŸ“š Loading 5 albums: [[26743] Betterments (null), [26744] Contents (null), [26741] Daily Progress (null), [26740] Damage Assessment (null), [26742] Pre-existing Damages (null)]
10-27 03:43:30.681 17799 17799 D ProjectDetailVM: ğŸš« Filtering project-scoped album Betterments (26743)
10-27 03:43:30.682 17799 17799 D ProjectDetailVM: ğŸš« Filtering project-scoped album Contents (26744)
10-27 03:43:30.682 17799 17799 D ProjectDetailVM: ğŸš« Filtering project-scoped album Daily Progress (26741)
10-27 03:43:30.682 17799 17799 D ProjectDetailVM: ğŸš« Filtering project-scoped album Damage Assessment (26740)
10-27 03:43:30.682 17799 17799 D ProjectDetailVM: ğŸš« Filtering project-scoped album Pre-existing Damages (26742)
10-27 03:43:30.728 17799 17835 E API     : âŒ [syncProjectGraph] Failed to fetch project detail for 4970
10-27 03:43:30.728 17799 17835 E API     : retrofit2.HttpException: HTTP 400 
10-27 03:43:30.728 17799 17835 E API     : 	at retrofit2.KotlinExtensions$await$2$2.onResponse(KotlinExtensions.kt:53)
10-27 03:43:30.728 17799 17835 E API     : 	at retrofit2.OkHttpCall$1.onResponse(OkHttpCall.java:161)
10-27 03:43:30.728 17799 17835 E API     : 	at okhttp3.internal.connection.RealCall$AsyncCall.run(RealCall.kt:519)
10-27 03:43:30.728 17799 17835 E API     : 	at java.util.concurrent.ThreadPoolExecutor.runWorker(ThreadPoolExecutor.java:1133)
10-27 03:43:30.728 17799 17835 E API     : 	at java.util.concurrent.ThreadPoolExecutor$Worker.run(ThreadPoolExecutor.java:607)
10-27 03:43:30.728 17799 17835 E API     : 	at java.lang.Thread.run(Thread.java:761)
10-27 03:43:30.728 17799 17835 D API     : ğŸ¢ [syncProjectGraph] Fetching property for project 4970
10-27 03:43:30.791 17799 17835 E API     : âŒ [syncProjectGraph] Failed to fetch photos for room 5952
10-27 03:43:30.791 17799 17835 E API     : java.lang.IllegalStateException: Expected BEGIN_ARRAY but was BEGIN_OBJECT at line 1 column 2 path $
10-27 03:43:30.791 17799 17835 E API     : 	at com.google.gson.stream.JsonReader.beginArray(JsonReader.java:358)
10-27 03:43:30.791 17799 17835 E API     : 	at com.google.gson.internal.bind.CollectionTypeAdapterFactory$Adapter.read(CollectionTypeAdapterFactory.java:80)
10-27 03:43:30.791 17799 17835 E API     : 	at com.google.gson.internal.bind.CollectionTypeAdapterFactory$Adapter.read(CollectionTypeAdapterFactory.java:61)
10-27 03:43:30.791 17799 17835 E API     : 	at retrofit2.converter.gson.GsonResponseBodyConverter.convert(GsonResponseBodyConverter.java:40)
10-27 03:43:30.791 17799 17835 E API     : 	at retrofit2.converter.gson.GsonResponseBodyConverter.convert(GsonResponseBodyConverter.java:27)
10-27 03:43:30.791 17799 17835 E API     : 	at retrofit2.OkHttpCall.parseResponse(OkHttpCall.java:243)
10-27 03:43:30.791 17799 17835 E API     : 	at retrofit2.OkHttpCall$1.onResponse(OkHttpCall.java:153)
10-27 03:43:30.791 17799 17835 E API     : 	at okhttp3.internal.connection.RealCall$AsyncCall.run(RealCall.kt:519)
10-27 03:43:30.791 17799 17835 E API     : 	at java.util.concurrent.ThreadPoolExecutor.runWorker(ThreadPoolExecutor.java:1133)
10-27 03:43:30.791 17799 17835 E API     : 	at java.util.concurrent.ThreadPoolExecutor$Worker.run(ThreadPoolExecutor.java:607)
10-27 03:43:30.791 17799 17835 E API     : 	at java.lang.Thread.run(Thread.java:761)
10-27 03:43:30.989 17799 17799 D ProjectDetailVM: ğŸ“Š Data update for project 4970: 7 rooms, 5 albums, 192 photos
10-27 03:43:30.989 17799 17799 D ProjectDetailVM: âœ… Project found: 201 Faker Road
10-27 03:43:30.989 17799 17799 D ProjectDetailVM: ğŸ  Loading 7 rooms: [[5949] Basement, [5961] Bathroom, [5994] Bathroom, [5978] Bedroom, [5952] Den, [5979] Dining Room, [5999] Kitchen]
10-27 03:43:30.990 17799 17799 D ProjectDetailVM: ğŸ“š Loading 5 albums: [[26743] Betterments (null), [26744] Contents (null), [26741] Daily Progress (null), [26740] Damage Assessment (null), [26742] Pre-existing Damages (null)]
10-27 03:43:30.990 17799 17799 D ProjectDetailVM: ğŸš« Filtering project-scoped album Betterments (26743)
10-27 03:43:30.990 17799 17799 D ProjectDetailVM: ğŸš« Filtering project-scoped album Contents (26744)
10-27 03:43:30.990 17799 17799 D ProjectDetailVM: ğŸš« Filtering project-scoped album Daily Progress (26741)
10-27 03:43:30.990 17799 17799 D ProjectDetailVM: ğŸš« Filtering project-scoped album Damage Assessment (26740)
10-27 03:43:30.990 17799 17799 D ProjectDetailVM: ğŸš« Filtering project-scoped album Pre-existing Damages (26742)
10-27 03:43:31.048 17799 17799 D ProjectDetailVM: ğŸ“Š Data update for project 4970: 7 rooms, 5 albums, 192 photos
10-27 03:43:31.048 17799 17835 D API     : âœ… [syncProjectGraph] Fetched and saved property 3021
10-27 03:43:31.048 17799 17799 D ProjectDetailVM: âœ… Project found: 201 Faker Road
10-27 03:43:31.048 17799 17835 D API     : ğŸ“ [syncProjectGraph] Fetching locations for property 3021
10-27 03:43:31.048 17799 17799 D ProjectDetailVM: ğŸ  Loading 7 rooms: [[5949] Basement, [5961] Bathroom, [5994] Bathroom, [5978] Bedroom, [5952] Den, [5979] Dining Room, [5999] Kitchen]
10-27 03:43:31.049 17799 17799 D ProjectDetailVM: ğŸ“š Loading 5 albums: [[26743] Betterments (null), [26744] Contents (null), [26741] Daily Progress (null), [26740] Damage Assessment (null), [26742] Pre-existing Damages (null)]
10-27 03:43:31.049 17799 17799 D ProjectDetailVM: ğŸš« Filtering project-scoped album Betterments (26743)
10-27 03:43:31.049 17799 17799 D ProjectDetailVM: ğŸš« Filtering project-scoped album Contents (26744)
10-27 03:43:31.049 17799 17799 D ProjectDetailVM: ğŸš« Filtering project-scoped album Daily Progress (26741)
10-27 03:43:31.049 17799 17799 D ProjectDetailVM: ğŸš« Filtering project-scoped album Damage Assessment (26740)
10-27 03:43:31.049 17799 17799 D ProjectDetailVM: ğŸš« Filtering project-scoped album Pre-existing Damages (26742)
10-27 03:43:31.152 17799 17799 D ProjectDetailVM: ğŸ“Š Data update for project 4970: 7 rooms, 5 albums, 192 photos
10-27 03:43:31.152 17799 17799 D ProjectDetailVM: âœ… Project found: 201 Faker Road
10-27 03:43:31.153 17799 17799 D ProjectDetailVM: ğŸ  Loading 7 rooms: [[5949] Basement, [5961] Bathroom, [5994] Bathroom, [5978] Bedroom, [5952] Den, [5979] Dining Room, [5999] Kitchen]
10-27 03:43:31.153 17799 17799 D ProjectDetailVM: ğŸ“š Loading 5 albums: [[26743] Betterments (null), [26744] Contents (null), [26741] Daily Progress (null), [26740] Damage Assessment (null), [26742] Pre-existing Damages (null)]
10-27 03:43:31.153 17799 17799 D ProjectDetailVM: ğŸš« Filtering project-scoped album Betterments (26743)
10-27 03:43:31.153 17799 17799 D ProjectDetailVM: ğŸš« Filtering project-scoped album Contents (26744)
10-27 03:43:31.153 17799 17799 D ProjectDetailVM: ğŸš« Filtering project-scoped album Daily Progress (26741)
10-27 03:43:31.154 17799 17799 D ProjectDetailVM: ğŸš« Filtering project-scoped album Damage Assessment (26740)
10-27 03:43:31.154 17799 17799 D ProjectDetailVM: ğŸš« Filtering project-scoped album Pre-existing Damages (26742)
10-27 03:43:31.184 17799 17837 E API     : âŒ [syncProjectGraph] Failed to fetch photos for room 5949
10-27 03:43:31.184 17799 17837 E API     : java.lang.IllegalStateException: Expected BEGIN_ARRAY but was BEGIN_OBJECT at line 1 column 2 path $
10-27 03:43:31.184 17799 17837 E API     : 	at com.google.gson.stream.JsonReader.beginArray(JsonReader.java:358)
10-27 03:43:31.184 17799 17837 E API     : 	at com.google.gson.internal.bind.CollectionTypeAdapterFactory$Adapter.read(CollectionTypeAdapterFactory.java:80)
10-27 03:43:31.184 17799 17837 E API     : 	at com.google.gson.internal.bind.CollectionTypeAdapterFactory$Adapter.read(CollectionTypeAdapterFactory.java:61)
10-27 03:43:31.184 17799 17837 E API     : 	at retrofit2.converter.gson.GsonResponseBodyConverter.convert(GsonResponseBodyConverter.java:40)
10-27 03:43:31.184 17799 17837 E API     : 	at retrofit2.converter.gson.GsonResponseBodyConverter.convert(GsonResponseBodyConverter.java:27)
10-27 03:43:31.184 17799 17837 E API     : 	at retrofit2.OkHttpCall.parseResponse(OkHttpCall.java:243)
10-27 03:43:31.184 17799 17837 E API     : 	at retrofit2.OkHttpCall$1.onResponse(OkHttpCall.java:153)
10-27 03:43:31.184 17799 17837 E API     : 	at okhttp3.internal.connection.RealCall$AsyncCall.run(RealCall.kt:519)
10-27 03:43:31.184 17799 17837 E API     : 	at java.util.concurrent.ThreadPoolExecutor.runWorker(ThreadPoolExecutor.java:1133)
10-27 03:43:31.184 17799 17837 E API     : 	at java.util.concurrent.ThreadPoolExecutor$Worker.run(ThreadPoolExecutor.java:607)
10-27 03:43:31.184 17799 17837 E API     : 	at java.lang.Thread.run(Thread.java:761)
10-27 03:43:31.214 17799 17799 D ProjectDetailVM: ğŸ“Š Data update for project 4970: 7 rooms, 5 albums, 192 photos
10-27 03:43:31.214 17799 17799 D ProjectDetailVM: âœ… Project found: 201 Faker Road
10-27 03:43:31.214 17799 17799 D ProjectDetailVM: ğŸ  Loading 7 rooms: [[5949] Basement, [5961] Bathroom, [5994] Bathroom, [5978] Bedroom, [5952] Den, [5979] Dining Room, [5999] Kitchen]
10-27 03:43:31.214 17799 17799 D ProjectDetailVM: ğŸ“š Loading 5 albums: [[26743] Betterments (null), [26744] Contents (null), [26741] Daily Progress (null), [26740] Damage Assessment (null), [26742] Pre-existing Damages (null)]
10-27 03:43:31.215 17799 17799 D ProjectDetailVM: ğŸš« Filtering project-scoped album Betterments (26743)
10-27 03:43:31.215 17799 17799 D ProjectDetailVM: ğŸš« Filtering project-scoped album Contents (26744)
10-27 03:43:31.215 17799 17799 D ProjectDetailVM: ğŸš« Filtering project-scoped album Daily Progress (26741)
10-27 03:43:31.215 17799 17799 D ProjectDetailVM: ğŸš« Filtering project-scoped album Damage Assessment (26740)
10-27 03:43:31.215 17799 17799 D ProjectDetailVM: ğŸš« Filtering project-scoped album Pre-existing Damages (26742)
10-27 03:43:31.310 17799 17799 D ProjectDetailVM: ğŸ“Š Data update for project 4970: 7 rooms, 5 albums, 192 photos
10-27 03:43:31.310 17799 17799 D ProjectDetailVM: âœ… Project found: 201 Faker Road
10-27 03:43:31.310 17799 17799 D ProjectDetailVM: ğŸ  Loading 7 rooms: [[5949] Basement, [5961] Bathroom, [5994] Bathroom, [5978] Bedroom, [5952] Den, [5979] Dining Room, [5999] Kitchen]
10-27 03:43:31.311 17799 17799 D ProjectDetailVM: ğŸ“š Loading 5 albums: [[26743] Betterments (null), [26744] Contents (null), [26741] Daily Progress (null), [26740] Damage Assessment (null), [26742] Pre-existing Damages (null)]
10-27 03:43:31.311 17799 17799 D ProjectDetailVM: ğŸš« Filtering project-scoped album Betterments (26743)
10-27 03:43:31.311 17799 17799 D ProjectDetailVM: ğŸš« Filtering project-scoped album Contents (26744)
10-27 03:43:31.311 17799 17799 D ProjectDetailVM: ğŸš« Filtering project-scoped album Daily Progress (26741)
10-27 03:43:31.311 17799 17799 D ProjectDetailVM: ğŸš« Filtering project-scoped album Damage Assessment (26740)
10-27 03:43:31.311 17799 17799 D ProjectDetailVM: ğŸš« Filtering project-scoped album Pre-existing Damages (26742)
10-27 03:43:31.364 17799 17799 D ProjectDetailVM: ğŸ“Š Data update for project 4970: 7 rooms, 5 albums, 192 photos
10-27 03:43:31.365 17799 17799 D ProjectDetailVM: âœ… Project found: 201 Faker Road
10-27 03:43:31.365 17799 17799 D ProjectDetailVM: ğŸ  Loading 7 rooms: [[5949] Basement, [5961] Bathroom, [5994] Bathroom, [5978] Bedroom, [5952] Den, [5979] Dining Room, [5999] Kitchen]
10-27 03:43:31.365 17799 17799 D ProjectDetailVM: ğŸ“š Loading 5 albums: [[26743] Betterments (null), [26744] Contents (null), [26741] Daily Progress (null), [26740] Damage Assessment (null), [26742] Pre-existing Damages (null)]
10-27 03:43:31.365 17799 17799 D ProjectDetailVM: ğŸš« Filtering project-scoped album Betterments (26743)
10-27 03:43:31.365 17799 17799 D ProjectDetailVM: ğŸš« Filtering project-scoped album Contents (26744)
10-27 03:43:31.366 17799 17799 D ProjectDetailVM: ğŸš« Filtering project-scoped album Daily Progress (26741)
10-27 03:43:31.366 17799 17799 D ProjectDetailVM: ğŸš« Filtering project-scoped album Damage Assessment (26740)
10-27 03:43:31.366 17799 17799 D ProjectDetailVM: ğŸš« Filtering project-scoped album Pre-existing Damages (26742)
10-27 03:43:31.381 17799 17835 D API     : âœ… [syncProjectGraph] Fetched 5 levels
10-27 03:43:31.476 17799 17799 D ProjectDetailVM: ğŸ“Š Data update for project 4970: 7 rooms, 5 albums, 192 photos
10-27 03:43:31.476 17799 17799 D ProjectDetailVM: âœ… Project found: 201 Faker Road
10-27 03:43:31.476 17799 17799 D ProjectDetailVM: ğŸ  Loading 7 rooms: [[5949] Basement, [5961] Bathroom, [5994] Bathroom, [5978] Bedroom, [5952] Den, [5979] Dining Room, [5999] Kitchen]
10-27 03:43:31.477 17799 17799 D ProjectDetailVM: ğŸ“š Loading 5 albums: [[26743] Betterments (null), [26744] Contents (null), [26741] Daily Progress (null), [26740] Damage Assessment (null), [26742] Pre-existing Damages (null)]
10-27 03:43:31.477 17799 17799 D ProjectDetailVM: ğŸš« Filtering project-scoped album Betterments (26743)
10-27 03:43:31.477 17799 17799 D ProjectDetailVM: ğŸš« Filtering project-scoped album Contents (26744)
10-27 03:43:31.477 17799 17799 D ProjectDetailVM: ğŸš« Filtering project-scoped album Daily Progress (26741)
10-27 03:43:31.477 17799 17799 D ProjectDetailVM: ğŸš« Filtering project-scoped album Damage Assessment (26740)
10-27 03:43:31.477 17799 17799 D ProjectDetailVM: ğŸš« Filtering project-scoped album Pre-existing Damages (26742)
10-27 03:43:31.532 17799 17799 D ProjectDetailVM: ğŸ“Š Data update for project 4970: 7 rooms, 5 albums, 192 photos
10-27 03:43:31.532 17799 17799 D ProjectDetailVM: âœ… Project found: 201 Faker Road
10-27 03:43:31.532 17799 17799 D ProjectDetailVM: ğŸ  Loading 7 rooms: [[5949] Basement, [5961] Bathroom, [5994] Bathroom, [5978] Bedroom, [5952] Den, [5979] Dining Room, [5999] Kitchen]
10-27 03:43:31.533 17799 17799 D ProjectDetailVM: ğŸ“š Loading 5 albums: [[26743] Betterments (null), [26744] Contents (null), [26741] Daily Progress (null), [26740] Damage Assessment (null), [26742] Pre-existing Damages (null)]
10-27 03:43:31.533 17799 17799 D ProjectDetailVM: ğŸš« Filtering project-scoped album Betterments (26743)
10-27 03:43:31.534 17799 17799 D ProjectDetailVM: ğŸš« Filtering project-scoped album Contents (26744)
10-27 03:43:31.534 17799 17799 D ProjectDetailVM: ğŸš« Filtering project-scoped album Daily Progress (26741)
10-27 03:43:31.534 17799 17799 D ProjectDetailVM: ğŸš« Filtering project-scoped album Damage Assessment (26740)
10-27 03:43:31.534 17799 17799 D ProjectDetailVM: ğŸš« Filtering project-scoped album Pre-existing Damages (26742)
10-27 03:43:31.701 17799 17837 D API     : âœ… [syncProjectGraph] Fetched 1 nested locations
10-27 03:43:31.723 17799 17837 D API     : ğŸ“ [syncProjectGraph] Saved 6 property locations, total collected: 6
10-27 03:43:31.724 17799 17837 D API     : ğŸ  [syncProjectGraph] Fetching rooms for 6 locations
10-27 03:43:31.726 17799 17799 D ProjectDetailVM: ğŸ“Š Data update for project 4970: 7 rooms, 5 albums, 192 photos
10-27 03:43:31.726 17799 17799 D ProjectDetailVM: âœ… Project found: 201 Faker Road
10-27 03:43:31.727 17799 17799 D ProjectDetailVM: ğŸ  Loading 7 rooms: [[5949] Basement, [5961] Bathroom, [5994] Bathroom, [5978] Bedroom, [5952] Den, [5979] Dining Room, [5999] Kitchen]
10-27 03:43:31.727 17799 17799 D ProjectDetailVM: ğŸ“š Loading 5 albums: [[26743] Betterments (null), [26744] Contents (null), [26741] Daily Progress (null), [26740] Damage Assessment (null), [26742] Pre-existing Damages (null)]
10-27 03:43:31.727 17799 17799 D ProjectDetailVM: ğŸš« Filtering project-scoped album Betterments (26743)
10-27 03:43:31.727 17799 17799 D ProjectDetailVM: ğŸš« Filtering project-scoped album Contents (26744)
10-27 03:43:31.727 17799 17799 D ProjectDetailVM: ğŸš« Filtering project-scoped album Daily Progress (26741)
10-27 03:43:31.727 17799 17799 D ProjectDetailVM: ğŸš« Filtering project-scoped album Damage Assessment (26740)
10-27 03:43:31.727 17799 17799 D ProjectDetailVM: ğŸš« Filtering project-scoped album Pre-existing Damages (26742)
10-27 03:43:31.782 17799 17799 D ProjectDetailVM: ğŸ“Š Data update for project 4970: 7 rooms, 5 albums, 192 photos
10-27 03:43:31.782 17799 17799 D ProjectDetailVM: âœ… Project found: 201 Faker Road
10-27 03:43:31.782 17799 17799 D ProjectDetailVM: ğŸ  Loading 7 rooms: [[5949] Basement, [5961] Bathroom, [5994] Bathroom, [5978] Bedroom, [5952] Den, [5979] Dining Room, [5999] Kitchen]
10-27 03:43:31.782 17799 17799 D ProjectDetailVM: ğŸ“š Loading 5 albums: [[26743] Betterments (null), [26744] Contents (null), [26741] Daily Progress (null), [26740] Damage Assessment (null), [26742] Pre-existing Damages (null)]
10-27 03:43:31.783 17799 17799 D ProjectDetailVM: ğŸš« Filtering project-scoped album Betterments (26743)
10-27 03:43:31.783 17799 17799 D ProjectDetailVM: ğŸš« Filtering project-scoped album Contents (26744)
10-27 03:43:31.783 17799 17799 D ProjectDetailVM: ğŸš« Filtering project-scoped album Daily Progress (26741)
10-27 03:43:31.783 17799 17799 D ProjectDetailVM: ğŸš« Filtering project-scoped album Damage Assessment (26740)
10-27 03:43:31.783 17799 17799 D ProjectDetailVM: ğŸš« Filtering project-scoped album Pre-existing Damages (26742)
10-27 03:43:31.901 17799 17799 D ProjectDetailVM: ğŸ“Š Data update for project 4970: 7 rooms, 5 albums, 192 photos
10-27 03:43:31.901 17799 17799 D ProjectDetailVM: âœ… Project found: 201 Faker Road
10-27 03:43:31.901 17799 17799 D ProjectDetailVM: ğŸ  Loading 7 rooms: [[5949] Basement, [5961] Bathroom, [5994] Bathroom, [5978] Bedroom, [5952] Den, [5979] Dining Room, [5999] Kitchen]
10-27 03:43:31.902 17799 17799 D ProjectDetailVM: ğŸ“š Loading 5 albums: [[26743] Betterments (null), [26744] Contents (null), [26741] Daily Progress (null), [26740] Damage Assessment (null), [26742] Pre-existing Damages (null)]
10-27 03:43:31.902 17799 17799 D ProjectDetailVM: ğŸš« Filtering project-scoped album Betterments (26743)
10-27 03:43:31.902 17799 17799 D ProjectDetailVM: ğŸš« Filtering project-scoped album Contents (26744)
10-27 03:43:31.902 17799 17799 D ProjectDetailVM: ğŸš« Filtering project-scoped album Daily Progress (26741)
10-27 03:43:31.902 17799 17799 D ProjectDetailVM: ğŸš« Filtering project-scoped album Damage Assessment (26740)
10-27 03:43:31.902 17799 17799 D ProjectDetailVM: ğŸš« Filtering project-scoped album Pre-existing Damages (26742)
10-27 03:43:31.956 17799 17799 D ProjectDetailVM: ğŸ“Š Data update for project 4970: 7 rooms, 5 albums, 192 photos
10-27 03:43:31.956 17799 17799 D ProjectDetailVM: âœ… Project found: 201 Faker Road
10-27 03:43:31.956 17799 17799 D ProjectDetailVM: ğŸ  Loading 7 rooms: [[5949] Basement, [5961] Bathroom, [5994] Bathroom, [5978] Bedroom, [5952] Den, [5979] Dining Room, [5999] Kitchen]
10-27 03:43:31.957 17799 17799 D ProjectDetailVM: ğŸ“š Loading 5 albums: [[26743] Betterments (null), [26744] Contents (null), [26741] Daily Progress (null), [26740] Damage Assessment (null), [26742] Pre-existing Damages (null)]
10-27 03:43:31.957 17799 17799 D ProjectDetailVM: ğŸš« Filtering project-scoped album Betterments (26743)
10-27 03:43:31.957 17799 17799 D ProjectDetailVM: ğŸš« Filtering project-scoped album Contents (26744)
10-27 03:43:31.957 17799 17799 D ProjectDetailVM: ğŸš« Filtering project-scoped album Daily Progress (26741)
10-27 03:43:31.957 17799 17799 D ProjectDetailVM: ğŸš« Filtering project-scoped album Damage Assessment (26740)
10-27 03:43:31.957 17799 17799 D ProjectDetailVM: ğŸš« Filtering project-scoped album Pre-existing Damages (26742)
10-27 03:43:32.073 17799 18015 D API     : INFO [syncProjectGraph] Location 37845 has no rooms (404)
10-27 03:43:32.073 17799 18015 D API     : ğŸ” [syncProjectGraph] fetchRoomsForLocation(37845) returned 0 rooms
10-27 03:43:32.073 17799 18015 D API     : âš ï¸ [syncProjectGraph] No rooms to save for location 37845 (empty list)
10-27 03:43:32.084 17799 17799 D ProjectDetailVM: ğŸ“Š Data update for project 4970: 7 rooms, 5 albums, 192 photos
10-27 03:43:32.085 17799 17799 D ProjectDetailVM: âœ… Project found: 201 Faker Road
10-27 03:43:32.085 17799 17799 D ProjectDetailVM: ğŸ  Loading 7 rooms: [[5949] Basement, [5961] Bathroom, [5994] Bathroom, [5978] Bedroom, [5952] Den, [5979] Dining Room, [5999] Kitchen]
10-27 03:43:32.085 17799 17799 D ProjectDetailVM: ğŸ“š Loading 5 albums: [[26743] Betterments (null), [26744] Contents (null), [26741] Daily Progress (null), [26740] Damage Assessment (null), [26742] Pre-existing Damages (null)]
10-27 03:43:32.085 17799 17799 D ProjectDetailVM: ğŸš« Filtering project-scoped album Betterments (26743)
10-27 03:43:32.086 17799 17799 D ProjectDetailVM: ğŸš« Filtering project-scoped album Contents (26744)
10-27 03:43:32.086 17799 17799 D ProjectDetailVM: ğŸš« Filtering project-scoped album Daily Progress (26741)
10-27 03:43:32.086 17799 17799 D ProjectDetailVM: ğŸš« Filtering project-scoped album Damage Assessment (26740)
10-27 03:43:32.086 17799 17799 D ProjectDetailVM: ğŸš« Filtering project-scoped album Pre-existing Damages (26742)
10-27 03:43:32.138 17799 17799 D ProjectDetailVM: ğŸ“Š Data update for project 4970: 7 rooms, 5 albums, 192 photos
10-27 03:43:32.138 17799 17799 D ProjectDetailVM: âœ… Project found: 201 Faker Road
10-27 03:43:32.139 17799 17799 D ProjectDetailVM: ğŸ  Loading 7 rooms: [[5949] Basement, [5961] Bathroom, [5994] Bathroom, [5978] Bedroom, [5952] Den, [5979] Dining Room, [5999] Kitchen]
10-27 03:43:32.139 17799 17799 D ProjectDetailVM: ğŸ“š Loading 5 albums: [[26743] Betterments (null), [26744] Contents (null), [26741] Daily Progress (null), [26740] Damage Assessment (null), [26742] Pre-existing Damages (null)]
10-27 03:43:32.139 17799 17799 D ProjectDetailVM: ğŸš« Filtering project-scoped album Betterments (26743)
10-27 03:43:32.139 17799 17799 D ProjectDetailVM: ğŸš« Filtering project-scoped album Contents (26744)
10-27 03:43:32.139 17799 17799 D ProjectDetailVM: ğŸš« Filtering project-scoped album Daily Progress (26741)
10-27 03:43:32.139 17799 17799 D ProjectDetailVM: ğŸš« Filtering project-scoped album Damage Assessment (26740)
10-27 03:43:32.139 17799 17799 D ProjectDetailVM: ğŸš« Filtering project-scoped album Pre-existing Damages (26742)
10-27 03:43:32.238 17799 17799 D ProjectDetailVM: ğŸ“Š Data update for project 4970: 7 rooms, 5 albums, 192 photos
10-27 03:43:32.238 17799 17799 D ProjectDetailVM: âœ… Project found: 201 Faker Road
10-27 03:43:32.239 17799 17799 D ProjectDetailVM: ğŸ  Loading 7 rooms: [[5949] Basement, [5961] Bathroom, [5994] Bathroom, [5978] Bedroom, [5952] Den, [5979] Dining Room, [5999] Kitchen]
10-27 03:43:32.239 17799 17799 D ProjectDetailVM: ğŸ“š Loading 5 albums: [[26743] Betterments (null), [26744] Contents (null), [26741] Daily Progress (null), [26740] Damage Assessment (null), [26742] Pre-existing Damages (null)]
10-27 03:43:32.240 17799 17799 D ProjectDetailVM: ğŸš« Filtering project-scoped album Betterments (26743)
10-27 03:43:32.240 17799 17799 D ProjectDetailVM: ğŸš« Filtering project-scoped album Contents (26744)
10-27 03:43:32.240 17799 17799 D ProjectDetailVM: ğŸš« Filtering project-scoped album Daily Progress (26741)
10-27 03:43:32.240 17799 17799 D ProjectDetailVM: ğŸš« Filtering project-scoped album Damage Assessment (26740)
10-27 03:43:32.240 17799 17799 D ProjectDetailVM: ğŸš« Filtering project-scoped album Pre-existing Damages (26742)
10-27 03:43:32.298 17799 17799 D ProjectDetailVM: ğŸ“Š Data update for project 4970: 7 rooms, 5 albums, 192 photos
10-27 03:43:32.298 17799 17799 D ProjectDetailVM: âœ… Project found: 201 Faker Road
10-27 03:43:32.298 17799 17799 D ProjectDetailVM: ğŸ  Loading 7 rooms: [[5949] Basement, [5961] Bathroom, [5994] Bathroom, [5978] Bedroom, [5952] Den, [5979] Dining Room, [5999] Kitchen]
10-27 03:43:32.298 17799 17799 D ProjectDetailVM: ğŸ“š Loading 5 albums: [[26743] Betterments (null), [26744] Contents (null), [26741] Daily Progress (null), [26740] Damage Assessment (null), [26742] Pre-existing Damages (null)]
10-27 03:43:32.299 17799 17799 D ProjectDetailVM: ğŸš« Filtering project-scoped album Betterments (26743)
10-27 03:43:32.299 17799 17799 D ProjectDetailVM: ğŸš« Filtering project-scoped album Contents (26744)
10-27 03:43:32.299 17799 17799 D ProjectDetailVM: ğŸš« Filtering project-scoped album Daily Progress (26741)
10-27 03:43:32.299 17799 17799 D ProjectDetailVM: ğŸš« Filtering project-scoped album Damage Assessment (26740)
10-27 03:43:32.299 17799 17799 D ProjectDetailVM: ğŸš« Filtering project-scoped album Pre-existing Damages (26742)
10-27 03:43:32.414 17799 17839 D API     : INFO [syncProjectGraph] Location 37846 has no rooms (404)
10-27 03:43:32.414 17799 17839 D API     : ğŸ” [syncProjectGraph] fetchRoomsForLocation(37846) returned 0 rooms
10-27 03:43:32.414 17799 17839 D API     : âš ï¸ [syncProjectGraph] No rooms to save for location 37846 (empty list)
10-27 03:43:32.451 17799 17799 D ProjectDetailVM: ğŸ“Š Data update for project 4970: 7 rooms, 5 albums, 192 photos
10-27 03:43:32.451 17799 17799 D ProjectDetailVM: âœ… Project found: 201 Faker Road
10-27 03:43:32.451 17799 17799 D ProjectDetailVM: ğŸ  Loading 7 rooms: [[5949] Basement, [5961] Bathroom, [5994] Bathroom, [5978] Bedroom, [5952] Den, [5979] Dining Room, [5999] Kitchen]
10-27 03:43:32.451 17799 17799 D ProjectDetailVM: ğŸ“š Loading 5 albums: [[26743] Betterments (null), [26744] Contents (null), [26741] Daily Progress (null), [26740] Damage Assessment (null), [26742] Pre-existing Damages (null)]
10-27 03:43:32.452 17799 17799 D ProjectDetailVM: ğŸš« Filtering project-scoped album Betterments (26743)
10-27 03:43:32.452 17799 17799 D ProjectDetailVM: ğŸš« Filtering project-scoped album Contents (26744)
10-27 03:43:32.452 17799 17799 D ProjectDetailVM: ğŸš« Filtering project-scoped album Daily Progress (26741)
10-27 03:43:32.452 17799 17799 D ProjectDetailVM: ğŸš« Filtering project-scoped album Damage Assessment (26740)
10-27 03:43:32.452 17799 17799 D ProjectDetailVM: ğŸš« Filtering project-scoped album Pre-existing Damages (26742)
10-27 03:43:32.576 17799 17799 D ProjectDetailVM: ğŸ“Š Data update for project 4970: 7 rooms, 5 albums, 192 photos
10-27 03:43:32.576 17799 17799 D ProjectDetailVM: âœ… Project found: 201 Faker Road
10-27 03:43:32.576 17799 17799 D ProjectDetailVM: ğŸ  Loading 7 rooms: [[5949] Basement, [5961] Bathroom, [5994] Bathroom, [5978] Bedroom, [5952] Den, [5979] Dining Room, [5999] Kitchen]
10-27 03:43:32.577 17799 17799 D ProjectDetailVM: ğŸ“š Loading 5 albums: [[26743] Betterments (null), [26744] Contents (null), [26741] Daily Progress (null), [26740] Damage Assessment (null), [26742] Pre-existing Damages (null)]
10-27 03:43:32.577 17799 17799 D ProjectDetailVM: ğŸš« Filtering project-scoped album Betterments (26743)
10-27 03:43:32.577 17799 17799 D ProjectDetailVM: ğŸš« Filtering project-scoped album Contents (26744)
10-27 03:43:32.577 17799 17799 D ProjectDetailVM: ğŸš« Filtering project-scoped album Daily Progress (26741)
10-27 03:43:32.577 17799 17799 D ProjectDetailVM: ğŸš« Filtering project-scoped album Damage Assessment (26740)
10-27 03:43:32.577 17799 17799 D ProjectDetailVM: ğŸš« Filtering project-scoped album Pre-existing Damages (26742)
10-27 03:43:32.629 17799 17799 D ProjectDetailVM: ğŸ“Š Data update for project 4970: 7 rooms, 5 albums, 192 photos
10-27 03:43:32.629 17799 17799 D ProjectDetailVM: âœ… Project found: 201 Faker Road
10-27 03:43:32.630 17799 17799 D ProjectDetailVM: ğŸ  Loading 7 rooms: [[5949] Basement, [5961] Bathroom, [5994] Bathroom, [5978] Bedroom, [5952] Den, [5979] Dining Room, [5999] Kitchen]
10-27 03:43:32.630 17799 17799 D ProjectDetailVM: ğŸ“š Loading 5 albums: [[26743] Betterments (null), [26744] Contents (null), [26741] Daily Progress (null), [26740] Damage Assessment (null), [26742] Pre-existing Damages (null)]
10-27 03:43:32.630 17799 17799 D ProjectDetailVM: ğŸš« Filtering project-scoped album Betterments (26743)
10-27 03:43:32.630 17799 17799 D ProjectDetailVM: ğŸš« Filtering project-scoped album Contents (26744)
10-27 03:43:32.631 17799 17799 D ProjectDetailVM: ğŸš« Filtering project-scoped album Daily Progress (26741)
10-27 03:43:32.631 17799 17799 D ProjectDetailVM: ğŸš« Filtering project-scoped album Damage Assessment (26740)
10-27 03:43:32.631 17799 17799 D ProjectDetailVM: ğŸš« Filtering project-scoped album Pre-existing Damages (26742)
10-27 03:43:32.727 17799 17799 D ProjectDetailVM: ğŸ“Š Data update for project 4970: 7 rooms, 5 albums, 192 photos
10-27 03:43:32.727 17799 17799 D ProjectDetailVM: âœ… Project found: 201 Faker Road
10-27 03:43:32.728 17799 17799 D ProjectDetailVM: ğŸ  Loading 7 rooms: [[5949] Basement, [5961] Bathroom, [5994] Bathroom, [5978] Bedroom, [5952] Den, [5979] Dining Room, [5999] Kitchen]
10-27 03:43:32.728 17799 17799 D ProjectDetailVM: ğŸ“š Loading 5 albums: [[26743] Betterments (null), [26744] Contents (null), [26741] Daily Progress (null), [26740] Damage Assessment (null), [26742] Pre-existing Damages (null)]
10-27 03:43:32.728 17799 17799 D ProjectDetailVM: ğŸš« Filtering project-scoped album Betterments (26743)
10-27 03:43:32.728 17799 17799 D ProjectDetailVM: ğŸš« Filtering project-scoped album Contents (26744)
10-27 03:43:32.728 17799 17799 D ProjectDetailVM: ğŸš« Filtering project-scoped album Daily Progress (26741)
10-27 03:43:32.728 17799 17799 D ProjectDetailVM: ğŸš« Filtering project-scoped album Damage Assessment (26740)
10-27 03:43:32.728 17799 17799 D ProjectDetailVM: ğŸš« Filtering project-scoped album Pre-existing Damages (26742)
10-27 03:43:32.740 17799 17839 D API     : INFO [syncProjectGraph] Location 37847 has no rooms (404)
10-27 03:43:32.740 17799 17839 D API     : ğŸ” [syncProjectGraph] fetchRoomsForLocation(37847) returned 0 rooms
10-27 03:43:32.740 17799 17839 D API     : âš ï¸ [syncProjectGraph] No rooms to save for location 37847 (empty list)
10-27 03:43:32.781 17799 17799 D ProjectDetailVM: ğŸ“Š Data update for project 4970: 7 rooms, 5 albums, 192 photos
10-27 03:43:32.781 17799 17799 D ProjectDetailVM: âœ… Project found: 201 Faker Road
10-27 03:43:32.781 17799 17799 D ProjectDetailVM: ğŸ  Loading 7 rooms: [[5949] Basement, [5961] Bathroom, [5994] Bathroom, [5978] Bedroom, [5952] Den, [5979] Dining Room, [5999] Kitchen]
10-27 03:43:32.782 17799 17799 D ProjectDetailVM: ğŸ“š Loading 5 albums: [[26743] Betterments (null), [26744] Contents (null), [26741] Daily Progress (null), [26740] Damage Assessment (null), [26742] Pre-existing Damages (null)]
10-27 03:43:32.782 17799 17799 D ProjectDetailVM: ğŸš« Filtering project-scoped album Betterments (26743)
10-27 03:43:32.782 17799 17799 D ProjectDetailVM: ğŸš« Filtering project-scoped album Contents (26744)
10-27 03:43:32.782 17799 17799 D ProjectDetailVM: ğŸš« Filtering project-scoped album Daily Progress (26741)
10-27 03:43:32.782 17799 17799 D ProjectDetailVM: ğŸš« Filtering project-scoped album Damage Assessment (26740)
10-27 03:43:32.782 17799 17799 D ProjectDetailVM: ğŸš« Filtering project-scoped album Pre-existing Damages (26742)
10-27 03:43:32.936 17799 17799 D ProjectDetailVM: ğŸ“Š Data update for project 4970: 7 rooms, 5 albums, 192 photos
10-27 03:43:32.936 17799 17799 D ProjectDetailVM: âœ… Project found: 201 Faker Road
10-27 03:43:32.936 17799 17799 D ProjectDetailVM: ğŸ  Loading 7 rooms: [[5949] Basement, [5961] Bathroom, [5994] Bathroom, [5978] Bedroom, [5952] Den, [5979] Dining Room, [5999] Kitchen]
10-27 03:43:32.937 17799 17799 D ProjectDetailVM: ğŸ“š Loading 5 albums: [[26743] Betterments (null), [26744] Contents (null), [26741] Daily Progress (null), [26740] Damage Assessment (null), [26742] Pre-existing Damages (null)]
10-27 03:43:32.937 17799 17799 D ProjectDetailVM: ğŸš« Filtering project-scoped album Betterments (26743)
10-27 03:43:32.937 17799 17799 D ProjectDetailVM: ğŸš« Filtering project-scoped album Contents (26744)
10-27 03:43:32.937 17799 17799 D ProjectDetailVM: ğŸš« Filtering project-scoped album Daily Progress (26741)
10-27 03:43:32.937 17799 17799 D ProjectDetailVM: ğŸš« Filtering project-scoped album Damage Assessment (26740)
