--------- beginning of main
11-03 18:37:32.566 10061 10083 D API     : ğŸ“¸ [persistPhotos] Saved 20 album-photo relationships
11-03 18:37:32.566 10061 10083 D API     : ğŸ’¾ [syncProjectGraph] Saved 20 photos for room 5646
11-03 18:37:32.935 10061 10083 D API     : âœ… [syncProjectGraph] Fetched 760 photos for room 5949 (paginated)
11-03 18:37:33.328 10061 10083 D API     : âœ… [syncProjectGraph] Fetched 50 photos for room 5645 (paginated)
11-03 18:37:33.683 10061 10083 D API     : ğŸ“¸ [persistPhotos] Saved 50 album-photo relationships
11-03 18:37:33.684 10061 10083 D API     : ğŸ’¾ [syncProjectGraph] Saved 50 photos for room 5645
11-03 18:37:34.129 10061 10083 D API     : âœ… [syncProjectGraph] Fetched 20 photos for room 5644 (paginated)
11-03 18:37:34.353 10061 10120 D API     : ğŸ“¸ [persistPhotos] Saved 20 album-photo relationships
11-03 18:37:34.353 10061 10120 D API     : ğŸ’¾ [syncProjectGraph] Saved 20 photos for room 5644
11-03 18:37:36.008 10061 10083 D API     : âœ… [syncProjectGraph] Fetched 77 photos for room 5643 (paginated)
11-03 18:37:37.726 10061 10082 D API     : ğŸ“¸ [persistPhotos] Saved 77 album-photo relationships
11-03 18:37:37.726 10061 10082 D API     : ğŸ’¾ [syncProjectGraph] Saved 77 photos for room 5643
11-03 18:37:38.705 10061 10081 D API     : âœ… [syncProjectGraph] Fetched 50 photos for room 5642 (paginated)
11-03 18:37:40.755 10061 10067 W lan_android.dev: Suspending all threads took: 6.737ms
11-03 18:37:41.205 10061 10081 D API     : ğŸ“¸ [persistPhotos] Saved 760 album-photo relationships
11-03 18:37:41.205 10061 10081 D API     : ğŸ’¾ [syncProjectGraph] Saved 760 photos for room 5949
11-03 18:37:41.269 10061 10081 D API     : ğŸ“¸ [persistPhotos] Saved 50 album-photo relationships
11-03 18:37:41.269 10061 10081 D API     : ğŸ’¾ [syncProjectGraph] Saved 50 photos for room 5642
11-03 18:37:42.732 10061 10081 D API     : âœ… [syncProjectGraph] Fetched 77 photos for room 5641 (paginated)
11-03 18:37:43.523 10061 10082 D API     : ğŸ“¸ [persistPhotos] Saved 77 album-photo relationships
11-03 18:37:43.523 10061 10082 D API     : ğŸ’¾ [syncProjectGraph] Saved 77 photos for room 5641
11-03 18:37:43.924 10061 10082 D API     : âœ… [syncProjectGraph] Fetched 20 photos for room 5640 (paginated)
11-03 18:37:44.019 10061 10082 D API     : ğŸ“¸ [persistPhotos] Saved 20 album-photo relationships
11-03 18:37:44.019 10061 10082 D API     : ğŸ’¾ [syncProjectGraph] Saved 20 photos for room 5640
11-03 18:37:44.537 10061 10082 D API     : âœ… [syncProjectGraph] Fetched 20 photos for room 5639 (paginated)
11-03 18:37:44.672 10061 10082 D API     : ğŸ“¸ [persistPhotos] Saved 20 album-photo relationships
11-03 18:37:44.672 10061 10082 D API     : ğŸ’¾ [syncProjectGraph] Saved 20 photos for room 5639
11-03 18:37:45.475 10061 10082 D API     : âœ… [syncProjectGraph] Fetched 50 photos for room 5638 (paginated)
11-03 18:37:45.738 10061 10082 D API     : ğŸ“¸ [persistPhotos] Saved 50 album-photo relationships
11-03 18:37:45.738 10061 10082 D API     : ğŸ’¾ [syncProjectGraph] Saved 50 photos for room 5638
11-03 18:37:46.101 10061 10082 D API     : âœ… [syncProjectGraph] Fetched 11 photos for room 5692 (paginated)
11-03 18:37:46.159 10061 10082 D API     : ğŸ“¸ [persistPhotos] Saved 11 album-photo relationships
11-03 18:37:46.160 10061 10082 D API     : ğŸ’¾ [syncProjectGraph] Saved 11 photos for room 5692
11-03 18:37:49.278   830   850 W AS.PlaybackActivityMon: No piid assigned for invalid/internal port id 15
11-03 18:37:49.306 10061 10061 D MainActivity: Navigation destination changed: Room Detail
11-03 18:37:49.710 10061 10061 D RoomDetailFrag: ğŸ§­ onViewCreated(projectId=4970, roomId=5949)
11-03 18:37:49.763 10061 10061 D RoomDetailVM: ğŸ“¦ init(projectId=4970, roomId=5949)
11-03 18:37:49.789 10061 10061 D RoomDetailFrag: ğŸ¨ State received: com.example.rocketplan_android.ui.projects.RoomDetailUiState$Loading@448384e
11-03 18:37:49.798 10061 10061 D RoomDetailFrag: ğŸ§© applyTabState: PHOTOS, albums=0, photoCount=0
11-03 18:37:49.804 10061 10061 D RoomDetailFrag: ğŸ‘ updatePhotoVisibility: latestPhotoCount=0, adapterItemCount=0, loadState=null, hasPhotos=false, showPlaceholder=true
11-03 18:37:49.818 10061 10061 D RoomDetailVM: âš ï¸ Room 5949 not yet available; emitting Loading
11-03 18:37:49.853 10061 10061 D RoomDetailFrag: ğŸ“¥ Received new PagingData, submitting to adapter
11-03 18:37:49.884 10061 10061 D RoomDetailFrag: â–¶ï¸ onResume -> ensureRoomPhotosFresh()
11-03 18:37:49.886 10061 10061 D RoomDetailVM: ğŸ”„ ensureRoomPhotosFresh(force=false) -> refreshRoomPhotos(projectId=4970, remoteRoomId=5949)
11-03 18:37:49.888 10061 10081 D API     : ğŸ”„ [refreshRoomPhotos] Requesting photos for room 5949 (project 4970)
11-03 18:37:49.902 10061 10061 D RoomDetailVM: ğŸ  Resolved room: title='Basement', localId=38, serverId=5949, navArg=5949
11-03 18:37:49.908 10061 10061 D RoomDetailVM: ğŸ“¸ Setting up photo paging for room: localId=38, lookupId=5949
11-03 18:37:49.968 10061 10061 D RoomDetailFrag: ğŸ“¥ Received new PagingData, submitting to adapter
11-03 18:37:50.309 10061 10061 D RoomDetailVM: âœ… Room ready: 'Basement', localRoomId=38, serverId=5949, photoLookupId=5949, photoCount=760, noteCount=0
11-03 18:37:50.312 10061 10061 D RoomDetailFrag: ğŸ¨ State received: Ready(header=RoomDetailHeader(title=Basement, noteSummary=No Notes), albums=[], photoCount=760)
11-03 18:37:50.312 10061 10061 D RoomDetailFrag: ğŸ“¸ Ready state: 760 photos, 0 albums
11-03 18:37:50.313 10061 10061 D RoomDetailFrag: ğŸ› renderState: photoCount=760, albums=0
11-03 18:37:50.320 10061 10061 D RoomDetailFrag: ğŸ“š submitting albums: 0
11-03 18:37:50.324 10061 10061 D RoomDetailFrag: ğŸ‘ updatePhotoVisibility: latestPhotoCount=760, adapterItemCount=0, loadState=null, hasPhotos=true, showPlaceholder=false
11-03 18:37:50.471 10061 10061 D RoomDetailFrag: ğŸ“Š LoadState: refresh=Loading(endOfPaginationReached=false), append=NotLoading(endOfPaginationReached=false), itemCount=30
11-03 18:37:50.473 10061 10061 D RoomDetailFrag: ğŸ‘ updatePhotoVisibility: latestPhotoCount=760, adapterItemCount=30, loadState=Loading(endOfPaginationReached=false), hasPhotos=true, showPlaceholder=false
11-03 18:37:50.538 10061 10061 D RoomDetailFrag: ğŸ“Š LoadState: refresh=NotLoading(endOfPaginationReached=false), append=NotLoading(endOfPaginationReached=false), itemCount=30
11-03 18:37:50.539 10061 10061 D RoomDetailFrag: ğŸ‘ updatePhotoVisibility: latestPhotoCount=760, adapterItemCount=30, loadState=NotLoading(endOfPaginationReached=false), hasPhotos=true, showPlaceholder=false
11-03 18:37:57.353 10061 10090 W lan_android.dev: JNI critical lock held for 19.051ms on Thread[25,tid=10090,Runnable,Thread*=0x7de4c7464eb0,peer=0x2273e50,"OkHttp https://api-qa-mongoose-br2wu78v1.rocketplantech.com/..."]
11-03 18:37:57.471 10061 10061 D RoomDetailFrag: ğŸ“¥ Received new PagingData, submitting to adapter
11-03 18:37:57.477 10061 10061 D RoomDetailVM: âœ… Room ready: 'Basement', localRoomId=38, serverId=5949, photoLookupId=5949, photoCount=760, noteCount=0
11-03 18:37:57.479 10061 10061 D RoomDetailFrag: ğŸ“Š LoadState: refresh=Loading(endOfPaginationReached=false), append=NotLoading(endOfPaginationReached=false), itemCount=30
11-03 18:37:57.479 10061 10061 D RoomDetailFrag: ğŸ‘ updatePhotoVisibility: latestPhotoCount=760, adapterItemCount=30, loadState=Loading(endOfPaginationReached=false), hasPhotos=true, showPlaceholder=false
11-03 18:37:57.504 10061 10061 D RoomDetailFrag: ğŸ“Š LoadState: refresh=NotLoading(endOfPaginationReached=false), append=NotLoading(endOfPaginationReached=false), itemCount=30
11-03 18:37:57.504 10061 10061 D RoomDetailFrag: ğŸ‘ updatePhotoVisibility: latestPhotoCount=760, adapterItemCount=30, loadState=NotLoading(endOfPaginationReached=false), hasPhotos=true, showPlaceholder=false
11-03 18:38:11.666 10061 10061 D RoomDetailFrag: ğŸ“¥ Received new PagingData, submitting to adapter
11-03 18:38:11.671 10061 10061 D RoomDetailVM: âœ… Room ready: 'Basement', localRoomId=38, serverId=5949, photoLookupId=5949, photoCount=760, noteCount=0
11-03 18:38:11.672 10061 10061 D RoomDetailFrag: ğŸ“Š LoadState: refresh=Loading(endOfPaginationReached=false), append=NotLoading(endOfPaginationReached=false), itemCount=30
11-03 18:38:11.672 10061 10061 D RoomDetailFrag: ğŸ‘ updatePhotoVisibility: latestPhotoCount=760, adapterItemCount=30, loadState=Loading(endOfPaginationReached=false), hasPhotos=true, showPlaceholder=false
11-03 18:38:12.011 10061 10082 D API     : ğŸ“¸ [persistPhotos] Saved 760 album-photo relationships
11-03 18:38:12.011 10061 10082 D API     : ğŸ’¾ [refreshRoomPhotos] Saved 760 photos for room 5949
11-03 18:38:12.033 10061 10061 D RoomDetailVM: âœ… ensureRoomPhotosFresh done; lastRefreshAt=10464962
11-03 18:38:12.061 10061 10061 D RoomDetailFrag: ğŸ“Š LoadState: refresh=NotLoading(endOfPaginationReached=false), append=NotLoading(endOfPaginationReached=false), itemCount=30
11-03 18:38:12.061 10061 10061 D RoomDetailFrag: ğŸ‘ updatePhotoVisibility: latestPhotoCount=760, adapterItemCount=30, loadState=NotLoading(endOfPaginationReached=false), hasPhotos=true, showPlaceholder=false
11-03 18:38:12.111 10061 10130 W JobInfo : Requested important-while-foreground flag for job19 is ignored and takes no effect
11-03 18:38:12.310 10061 10061 D RoomDetailFrag: ğŸ“¥ Received new PagingData, submitting to adapter
11-03 18:38:12.314 10061 10061 D RoomDetailVM: âœ… Room ready: 'Basement', localRoomId=38, serverId=5949, photoLookupId=5949, photoCount=760, noteCount=0
11-03 18:38:12.316 10061 10061 D RoomDetailFrag: ğŸ“Š LoadState: refresh=Loading(endOfPaginationReached=false), append=NotLoading(endOfPaginationReached=false), itemCount=30
11-03 18:38:12.316 10061 10061 D RoomDetailFrag: ğŸ‘ updatePhotoVisibility: latestPhotoCount=760, adapterItemCount=30, loadState=Loading(endOfPaginationReached=false), hasPhotos=true, showPlaceholder=false
11-03 18:38:12.392 10061 10061 D RoomDetailFrag: ğŸ“Š LoadState: refresh=NotLoading(endOfPaginationReached=false), append=NotLoading(endOfPaginationReached=false), itemCount=30
11-03 18:38:12.392 10061 10061 D RoomDetailFrag: ğŸ‘ updatePhotoVisibility: latestPhotoCount=760, adapterItemCount=30, loadState=NotLoading(endOfPaginationReached=false), hasPhotos=true, showPlaceholder=false
11-03 18:38:12.888 10061 10061 D RoomDetailFrag: ğŸ“¥ Received new PagingData, submitting to adapter
11-03 18:38:12.892 10061 10061 D RoomDetailFrag: ğŸ“Š LoadState: refresh=Loading(endOfPaginationReached=false), append=NotLoading(endOfPaginationReached=false), itemCount=30
11-03 18:38:12.893 10061 10061 D RoomDetailFrag: ğŸ‘ updatePhotoVisibility: latestPhotoCount=760, adapterItemCount=30, loadState=Loading(endOfPaginationReached=false), hasPhotos=true, showPlaceholder=false
11-03 18:38:12.894 10061 10061 D RoomDetailVM: âœ… Room ready: 'Basement', localRoomId=38, serverId=5949, photoLookupId=5949, photoCount=760, noteCount=0
11-03 18:38:12.903 10061 10061 D RoomDetailFrag: ğŸ“¥ Received new PagingData, submitting to adapter
11-03 18:38:12.920 10061 10061 D RoomDetailVM: âœ… Room ready: 'Basement', localRoomId=38, serverId=5949, photoLookupId=5949, photoCount=760, noteCount=0
11-03 18:38:12.983 10061 10061 D RoomDetailFrag: ğŸ“Š LoadState: refresh=NotLoading(endOfPaginationReached=false), append=NotLoading(endOfPaginationReached=false), itemCount=30
11-03 18:38:12.984 10061 10061 D RoomDetailFrag: ğŸ‘ updatePhotoVisibility: latestPhotoCount=760, adapterItemCount=30, loadState=NotLoading(endOfPaginationReached=false), hasPhotos=true, showPlaceholder=false
11-03 18:38:13.201   830  2089 W SignedPackage: Package doesn't have required signing certificate: com.google.android.retaildemo
11-03 18:38:13.203   830  2089 E RoleControllerServiceImpl: Default/fallback role holder package doesn't qualify for the role, package: com.google.android.gms.supervision, role: android.app.role.SYSTEM_SUPERVISION, user: 0
11-03 18:38:13.227   830  2089 W SignedPackage: Package doesn't have required signing certificate: com.google.android.apps.work.clouddpc
--------- beginning of system
11-03 18:38:13.302   830  3379 W ProcessStats: Tracking association SourceState{7401617 system/1000 ImpFg #6790} whose proc state 5 is better than process ProcessState{a3e81 com.google.android.permissioncontroller/10191 pkg=com.google.android.permissioncontroller} proc state 14 (2 skipped)
11-03 18:38:13.322   830  1024 W MagnificationConnectionManager: requestConnection duplicated request: connect=false, mConnectionState=DISCONNECTED
11-03 18:38:13.324   830   830 W libbinder.IPCThreadState: Sending oneway calls to frozen process.
11-03 18:38:13.325   830   830 W libbinder.IPCThreadState: Sending oneway calls to frozen process.
11-03 18:38:13.325   830   830 W libbinder.IPCThreadState: Sending oneway calls to frozen process.
11-03 18:38:13.326   830   830 W libbinder.IPCThreadState: Sending oneway calls to frozen process.
11-03 18:38:13.326   830   830 W libbinder.IPCThreadState: Sending oneway calls to frozen process.
11-03 18:38:13.327   830   830 W libbinder.IPCThreadState: Sending oneway calls to frozen process.
11-03 18:38:13.327   830   830 W libbinder.IPCThreadState: Sending oneway calls to frozen process.
11-03 18:38:13.328   830   830 W libbinder.IPCThreadState: Sending oneway calls to frozen process.
11-03 18:38:13.329   830   830 W libbinder.IPCThreadState: Sending oneway calls to frozen process.
11-03 18:38:13.330   830   830 W libbinder.IPCThreadState: Sending oneway calls to frozen process.
11-03 18:38:13.432   830  2089 E RoleControllerServiceImpl: Default/fallback role holder package doesn't qualify for the role, package: com.google.android.gms, role: android.app.role.WALLET, user: 0
11-03 18:38:13.445 10061 10061 D RoomDetailFrag: ğŸ“¥ Received new PagingData, submitting to adapter
11-03 18:38:13.447 10061 10061 D RoomDetailFrag: ğŸ“Š LoadState: refresh=Loading(endOfPaginationReached=false), append=NotLoading(endOfPaginationReached=false), itemCount=30
11-03 18:38:13.447 10061 10061 D RoomDetailFrag: ğŸ‘ updatePhotoVisibility: latestPhotoCount=760, adapterItemCount=30, loadState=Loading(endOfPaginationReached=false), hasPhotos=true, showPlaceholder=false
11-03 18:38:13.453 10061 10061 D RoomDetailVM: âœ… Room ready: 'Basement', localRoomId=38, serverId=5949, photoLookupId=5949, photoCount=760, noteCount=0
11-03 18:38:13.475 10061 10061 D RoomDetailFrag: ğŸ“¥ Received new PagingData, submitting to adapter
11-03 18:38:13.481   830  2089 W SignedPackage: Cannot get ApplicationInfo for package: com.google.android.devicelockcontroller
11-03 18:38:13.495 10061 10061 D RoomDetailVM: âœ… Room ready: 'Basement', localRoomId=38, serverId=5949, photoLookupId=5949, photoCount=760, noteCount=0
11-03 18:38:13.507  1380  2634 W HWUI    : Failed to choose config with EGL_SWAP_BEHAVIOR_PRESERVED, retrying without...
11-03 18:38:13.508  1380  2634 W HWUI    : Failed to initialize 101010-2 format, error = EGL_SUCCESS
11-03 18:38:13.594 10061 10061 D RoomDetailFrag: ğŸ“Š LoadState: refresh=NotLoading(endOfPaginationReached=false), append=NotLoading(endOfPaginationReached=false), itemCount=30
11-03 18:38:13.594 10061 10061 D RoomDetailFrag: ğŸ‘ updatePhotoVisibility: latestPhotoCount=760, adapterItemCount=30, loadState=NotLoading(endOfPaginationReached=false), hasPhotos=true, showPlaceholder=false
11-03 18:38:13.921 10061 10061 D RoomDetailFrag: ğŸ“¥ Received new PagingData, submitting to adapter
11-03 18:38:13.923 10061 10061 D RoomDetailVM: âœ… Room ready: 'Basement', localRoomId=38, serverId=5949, photoLookupId=5949, photoCount=760, noteCount=0
11-03 18:38:13.924 10061 10061 D RoomDetailVM: âœ… Room ready: 'Basement', localRoomId=38, serverId=5949, photoLookupId=5949, photoCount=760, noteCount=0
11-03 18:38:13.927 10061 10061 D RoomDetailFrag: ğŸ“Š LoadState: refresh=Loading(endOfPaginationReached=false), append=NotLoading(endOfPaginationReached=false), itemCount=30
11-03 18:38:13.927 10061 10061 D RoomDetailFrag: ğŸ‘ updatePhotoVisibility: latestPhotoCount=760, adapterItemCount=30, loadState=Loading(endOfPaginationReached=false), hasPhotos=true, showPlaceholder=false
11-03 18:38:14.002 10061 10061 D RoomDetailFrag: ğŸ“Š LoadState: refresh=NotLoading(endOfPaginationReached=false), append=NotLoading(endOfPaginationReached=false), itemCount=30
11-03 18:38:14.002 10061 10061 D RoomDetailFrag: ğŸ‘ updatePhotoVisibility: latestPhotoCount=760, adapterItemCount=30, loadState=NotLoading(endOfPaginationReached=false), hasPhotos=true, showPlaceholder=false
11-03 18:38:14.588 10061 10061 D RoomDetailFrag: ğŸ“¥ Received new PagingData, submitting to adapter
11-03 18:38:14.603 10061 10061 D RoomDetailVM: âœ… Room ready: 'Basement', localRoomId=38, serverId=5949, photoLookupId=5949, photoCount=760, noteCount=0
11-03 18:38:14.608 10061 10061 D RoomDetailVM: âœ… Room ready: 'Basement', localRoomId=38, serverId=5949, photoLookupId=5949, photoCount=760, noteCount=0
11-03 18:38:14.609 10061 10061 D RoomDetailFrag: ğŸ“Š LoadState: refresh=Loading(endOfPaginationReached=false), append=NotLoading(endOfPaginationReached=false), itemCount=30
11-03 18:38:14.610 10061 10061 D RoomDetailFrag: ğŸ‘ updatePhotoVisibility: latestPhotoCount=760, adapterItemCount=30, loadState=Loading(endOfPaginationReached=false), hasPhotos=true, showPlaceholder=false
11-03 18:38:14.689 10061 10061 D RoomDetailFrag: ğŸ“Š LoadState: refresh=NotLoading(endOfPaginationReached=false), append=NotLoading(endOfPaginationReached=false), itemCount=30
11-03 18:38:14.690 10061 10061 D RoomDetailFrag: ğŸ‘ updatePhotoVisibility: latestPhotoCount=760, adapterItemCount=30, loadState=NotLoading(endOfPaginationReached=false), hasPhotos=true, showPlaceholder=false
11-03 18:38:15.221 10061 10061 D RoomDetailFrag: ğŸ“¥ Received new PagingData, submitting to adapter
11-03 18:38:15.231 10061 10061 D RoomDetailVM: âœ… Room ready: 'Basement', localRoomId=38, serverId=5949, photoLookupId=5949, photoCount=760, noteCount=0
11-03 18:38:15.233 10061 10061 D RoomDetailVM: âœ… Room ready: 'Basement', localRoomId=38, serverId=5949, photoLookupId=5949, photoCount=760, noteCount=0
11-03 18:38:15.236 10061 10061 D RoomDetailFrag: ğŸ“Š LoadState: refresh=Loading(endOfPaginationReached=false), append=NotLoading(endOfPaginationReached=false), itemCount=30
11-03 18:38:15.236 10061 10061 D RoomDetailFrag: ğŸ‘ updatePhotoVisibility: latestPhotoCount=760, adapterItemCount=30, loadState=Loading(endOfPaginationReached=false), hasPhotos=true, showPlaceholder=false
11-03 18:38:15.272 10061 10061 D RoomDetailFrag: ğŸ“Š LoadState: refresh=NotLoading(endOfPaginationReached=false), append=NotLoading(endOfPaginationReached=false), itemCount=30
11-03 18:38:15.273 10061 10061 D RoomDetailFrag: ğŸ‘ updatePhotoVisibility: latestPhotoCount=760, adapterItemCount=30, loadState=NotLoading(endOfPaginationReached=false), hasPhotos=true, showPlaceholder=false
11-03 18:38:15.756 10061 10061 D RoomDetailFrag: ğŸ“¥ Received new PagingData, submitting to adapter
11-03 18:38:15.761 10061 10061 D RoomDetailFrag: ğŸ“Š LoadState: refresh=Loading(endOfPaginationReached=false), append=NotLoading(endOfPaginationReached=false), itemCount=30
11-03 18:38:15.761 10061 10061 D RoomDetailFrag: ğŸ‘ updatePhotoVisibility: latestPhotoCount=760, adapterItemCount=30, loadState=Loading(endOfPaginationReached=false), hasPhotos=true, showPlaceholder=false
11-03 18:38:15.773 10061 10061 D RoomDetailVM: âœ… Room ready: 'Basement', localRoomId=38, serverId=5949, photoLookupId=5949, photoCount=760, noteCount=0
11-03 18:38:15.777 10061 10061 D RoomDetailVM: âœ… Room ready: 'Basement', localRoomId=38, serverId=5949, photoLookupId=5949, photoCount=760, noteCount=0
11-03 18:38:15.850 10061 10061 D RoomDetailFrag: ğŸ“Š LoadState: refresh=NotLoading(endOfPaginationReached=false), append=NotLoading(endOfPaginationReached=false), itemCount=30
11-03 18:38:15.851 10061 10061 D RoomDetailFrag: ğŸ‘ updatePhotoVisibility: latestPhotoCount=760, adapterItemCount=30, loadState=NotLoading(endOfPaginationReached=false), hasPhotos=true, showPlaceholder=false
11-03 18:38:16.351 10061 10061 D RoomDetailFrag: ğŸ“¥ Received new PagingData, submitting to adapter
11-03 18:38:16.353 10061 10061 D RoomDetailVM: âœ… Room ready: 'Basement', localRoomId=38, serverId=5949, photoLookupId=5949, photoCount=760, noteCount=0
11-03 18:38:16.355 10061 10061 D RoomDetailVM: âœ… Room ready: 'Basement', localRoomId=38, serverId=5949, photoLookupId=5949, photoCount=760, noteCount=0
11-03 18:38:16.357 10061 10061 D RoomDetailFrag: ğŸ“Š LoadState: refresh=Loading(endOfPaginationReached=false), append=NotLoading(endOfPaginationReached=false), itemCount=30
11-03 18:38:16.357 10061 10061 D RoomDetailFrag: ğŸ‘ updatePhotoVisibility: latestPhotoCount=760, adapterItemCount=30, loadState=Loading(endOfPaginationReached=false), hasPhotos=true, showPlaceholder=false
11-03 18:38:16.408 10061 10061 D RoomDetailFrag: ğŸ“Š LoadState: refresh=NotLoading(endOfPaginationReached=false), append=NotLoading(endOfPaginationReached=false), itemCount=30
11-03 18:38:16.409 10061 10061 D RoomDetailFrag: ğŸ‘ updatePhotoVisibility: latestPhotoCount=760, adapterItemCount=30, loadState=NotLoading(endOfPaginationReached=false), hasPhotos=true, showPlaceholder=false
11-03 18:38:16.819 10061 10061 D RoomDetailFrag: ğŸ“¥ Received new PagingData, submitting to adapter
11-03 18:38:16.822 10061 10061 D RoomDetailFrag: ğŸ“Š LoadState: refresh=Loading(endOfPaginationReached=false), append=NotLoading(endOfPaginationReached=false), itemCount=30
11-03 18:38:16.822 10061 10061 D RoomDetailFrag: ğŸ‘ updatePhotoVisibility: latestPhotoCount=760, adapterItemCount=30, loadState=Loading(endOfPaginationReached=false), hasPhotos=true, showPlaceholder=false
11-03 18:38:16.834 10061 10061 D RoomDetailVM: âœ… Room ready: 'Basement', localRoomId=38, serverId=5949, photoLookupId=5949, photoCount=760, noteCount=0
11-03 18:38:16.835 10061 10061 D RoomDetailVM: âœ… Room ready: 'Basement', localRoomId=38, serverId=5949, photoLookupId=5949, photoCount=760, noteCount=0
11-03 18:38:16.971 10061 10061 D RoomDetailFrag: ğŸ“Š LoadState: refresh=NotLoading(endOfPaginationReached=false), append=NotLoading(endOfPaginationReached=false), itemCount=30
11-03 18:38:16.972 10061 10061 D RoomDetailFrag: ğŸ‘ updatePhotoVisibility: latestPhotoCount=760, adapterItemCount=30, loadState=NotLoading(endOfPaginationReached=false), hasPhotos=true, showPlaceholder=false
11-03 18:38:18.621 10061 10061 D RoomDetailFrag: ğŸ“¥ Received new PagingData, submitting to adapter
11-03 18:38:18.625 10061 10061 D RoomDetailFrag: ğŸ“Š LoadState: refresh=Loading(endOfPaginationReached=false), append=NotLoading(endOfPaginationReached=false), itemCount=30
11-03 18:38:18.625 10061 10061 D RoomDetailFrag: ğŸ‘ updatePhotoVisibility: latestPhotoCount=760, adapterItemCount=30, loadState=Loading(endOfPaginationReached=false), hasPhotos=true, showPlaceholder=false
11-03 18:38:18.629 10061 10061 D RoomDetailVM: âœ… Room ready: 'Basement', localRoomId=38, serverId=5949, photoLookupId=5949, photoCount=760, noteCount=0
11-03 18:38:18.635 10061 10061 D RoomDetailVM: âœ… Room ready: 'Basement', localRoomId=38, serverId=5949, photoLookupId=5949, photoCount=760, noteCount=0
11-03 18:38:20.340 10061 10083 D API     : ğŸ“š [syncProjectGraph] Fetched 5 albums from API
11-03 18:38:20.340 10061 10083 D API     :    Album[26740] 'Damage Assessment' type=null
11-03 18:38:20.340 10061 10083 D API     :    Album[26741] 'Daily Progress' type=null
11-03 18:38:20.340 10061 10083 D API     :    Album[26742] 'Pre-existing Damages' type=null
11-03 18:38:20.341 10061 10083 D API     :    Album[26743] 'Betterments' type=null
11-03 18:38:20.341 10061 10083 D API     :    Album[26744] 'Contents' type=null
