10-27 03:43:32.937 17799 17799 D ProjectDetailVM: ğŸš« Filtering project-scoped album Pre-existing Damages (26742)
10-27 03:43:33.008 17799 17799 D ProjectDetailVM: ğŸ“Š Data update for project 4970: 7 rooms, 5 albums, 192 photos
10-27 03:43:33.008 17799 17799 D ProjectDetailVM: âœ… Project found: 201 Faker Road
10-27 03:43:33.008 17799 17799 D ProjectDetailVM: ğŸ  Loading 7 rooms: [[5949] Basement, [5961] Bathroom, [5994] Bathroom, [5978] Bedroom, [5952] Den, [5979] Dining Room, [5999] Kitchen]
10-27 03:43:33.009 17799 17799 D ProjectDetailVM: ğŸ“š Loading 5 albums: [[26743] Betterments (null), [26744] Contents (null), [26741] Daily Progress (null), [26740] Damage Assessment (null), [26742] Pre-existing Damages (null)]
10-27 03:43:33.009 17799 17799 D ProjectDetailVM: ğŸš« Filtering project-scoped album Betterments (26743)
10-27 03:43:33.009 17799 17799 D ProjectDetailVM: ğŸš« Filtering project-scoped album Contents (26744)
10-27 03:43:33.009 17799 17799 D ProjectDetailVM: ğŸš« Filtering project-scoped album Daily Progress (26741)
10-27 03:43:33.009 17799 17799 D ProjectDetailVM: ğŸš« Filtering project-scoped album Damage Assessment (26740)
10-27 03:43:33.009 17799 17799 D ProjectDetailVM: ğŸš« Filtering project-scoped album Pre-existing Damages (26742)
10-27 03:43:33.086 17799 17799 D ProjectDetailVM: ğŸ“Š Data update for project 4970: 7 rooms, 5 albums, 192 photos
10-27 03:43:33.086 17799 17799 D ProjectDetailVM: âœ… Project found: 201 Faker Road
10-27 03:43:33.087 17799 17799 D ProjectDetailVM: ğŸ  Loading 7 rooms: [[5949] Basement, [5961] Bathroom, [5994] Bathroom, [5978] Bedroom, [5952] Den, [5979] Dining Room, [5999] Kitchen]
10-27 03:43:33.087 17799 17799 D ProjectDetailVM: ğŸ“š Loading 5 albums: [[26743] Betterments (null), [26744] Contents (null), [26741] Daily Progress (null), [26740] Damage Assessment (null), [26742] Pre-existing Damages (null)]
10-27 03:43:33.087 17799 17799 D ProjectDetailVM: ğŸš« Filtering project-scoped album Betterments (26743)
10-27 03:43:33.087 17799 17799 D ProjectDetailVM: ğŸš« Filtering project-scoped album Contents (26744)
10-27 03:43:33.087 17799 17799 D ProjectDetailVM: ğŸš« Filtering project-scoped album Daily Progress (26741)
10-27 03:43:33.087 17799 17799 D ProjectDetailVM: ğŸš« Filtering project-scoped album Damage Assessment (26740)
10-27 03:43:33.087 17799 17799 D ProjectDetailVM: ğŸš« Filtering project-scoped album Pre-existing Damages (26742)
10-27 03:43:33.139 17799 17799 D ProjectDetailVM: ğŸ“Š Data update for project 4970: 7 rooms, 5 albums, 192 photos
10-27 03:43:33.139 17799 17799 D ProjectDetailVM: âœ… Project found: 201 Faker Road
10-27 03:43:33.139 17799 17799 D ProjectDetailVM: ğŸ  Loading 7 rooms: [[5949] Basement, [5961] Bathroom, [5994] Bathroom, [5978] Bedroom, [5952] Den, [5979] Dining Room, [5999] Kitchen]
10-27 03:43:33.140 17799 17799 D ProjectDetailVM: ğŸ“š Loading 5 albums: [[26743] Betterments (null), [26744] Contents (null), [26741] Daily Progress (null), [26740] Damage Assessment (null), [26742] Pre-existing Damages (null)]
10-27 03:43:33.140 17799 17799 D ProjectDetailVM: ğŸš« Filtering project-scoped album Betterments (26743)
10-27 03:43:33.140 17799 17799 D ProjectDetailVM: ğŸš« Filtering project-scoped album Contents (26744)
10-27 03:43:33.140 17799 17799 D ProjectDetailVM: ğŸš« Filtering project-scoped album Daily Progress (26741)
10-27 03:43:33.140 17799 17799 D ProjectDetailVM: ğŸš« Filtering project-scoped album Damage Assessment (26740)
10-27 03:43:33.140 17799 17799 D ProjectDetailVM: ğŸš« Filtering project-scoped album Pre-existing Damages (26742)
10-27 03:43:33.249 17799 17799 D ProjectDetailVM: ğŸ“Š Data update for project 4970: 7 rooms, 5 albums, 192 photos
10-27 03:43:33.249 17799 17799 D ProjectDetailVM: âœ… Project found: 201 Faker Road
10-27 03:43:33.249 17799 17799 D ProjectDetailVM: ğŸ  Loading 7 rooms: [[5949] Basement, [5961] Bathroom, [5994] Bathroom, [5978] Bedroom, [5952] Den, [5979] Dining Room, [5999] Kitchen]
10-27 03:43:33.249 17799 17799 D ProjectDetailVM: ğŸ“š Loading 5 albums: [[26743] Betterments (null), [26744] Contents (null), [26741] Daily Progress (null), [26740] Damage Assessment (null), [26742] Pre-existing Damages (null)]
10-27 03:43:33.250 17799 17799 D ProjectDetailVM: ğŸš« Filtering project-scoped album Betterments (26743)
10-27 03:43:33.250 17799 17799 D ProjectDetailVM: ğŸš« Filtering project-scoped album Contents (26744)
10-27 03:43:33.250 17799 17799 D ProjectDetailVM: ğŸš« Filtering project-scoped album Daily Progress (26741)
10-27 03:43:33.250 17799 17799 D ProjectDetailVM: ğŸš« Filtering project-scoped album Damage Assessment (26740)
10-27 03:43:33.250 17799 17799 D ProjectDetailVM: ğŸš« Filtering project-scoped album Pre-existing Damages (26742)
10-27 03:43:33.304 17799 17799 D ProjectDetailVM: ğŸ“Š Data update for project 4970: 7 rooms, 5 albums, 192 photos
10-27 03:43:33.304 17799 17799 D ProjectDetailVM: âœ… Project found: 201 Faker Road
10-27 03:43:33.304 17799 17799 D ProjectDetailVM: ğŸ  Loading 7 rooms: [[5949] Basement, [5961] Bathroom, [5994] Bathroom, [5978] Bedroom, [5952] Den, [5979] Dining Room, [5999] Kitchen]
10-27 03:43:33.304 17799 17799 D ProjectDetailVM: ğŸ“š Loading 5 albums: [[26743] Betterments (null), [26744] Contents (null), [26741] Daily Progress (null), [26740] Damage Assessment (null), [26742] Pre-existing Damages (null)]
10-27 03:43:33.305 17799 17799 D ProjectDetailVM: ğŸš« Filtering project-scoped album Betterments (26743)
10-27 03:43:33.305 17799 17799 D ProjectDetailVM: ğŸš« Filtering project-scoped album Contents (26744)
10-27 03:43:33.305 17799 17799 D ProjectDetailVM: ğŸš« Filtering project-scoped album Daily Progress (26741)
10-27 03:43:33.305 17799 17799 D ProjectDetailVM: ğŸš« Filtering project-scoped album Damage Assessment (26740)
10-27 03:43:33.305 17799 17799 D ProjectDetailVM: ğŸš« Filtering project-scoped album Pre-existing Damages (26742)
10-27 03:43:33.399 17799 17799 D ProjectDetailVM: ğŸ“Š Data update for project 4970: 7 rooms, 5 albums, 192 photos
10-27 03:43:33.399 17799 17799 D ProjectDetailVM: âœ… Project found: 201 Faker Road
10-27 03:43:33.399 17799 17799 D ProjectDetailVM: ğŸ  Loading 7 rooms: [[5949] Basement, [5961] Bathroom, [5994] Bathroom, [5978] Bedroom, [5952] Den, [5979] Dining Room, [5999] Kitchen]
10-27 03:43:33.400 17799 17799 D ProjectDetailVM: ğŸ“š Loading 5 albums: [[26743] Betterments (null), [26744] Contents (null), [26741] Daily Progress (null), [26740] Damage Assessment (null), [26742] Pre-existing Damages (null)]
10-27 03:43:33.400 17799 17799 D ProjectDetailVM: ğŸš« Filtering project-scoped album Betterments (26743)
10-27 03:43:33.400 17799 17799 D ProjectDetailVM: ğŸš« Filtering project-scoped album Contents (26744)
10-27 03:43:33.400 17799 17799 D ProjectDetailVM: ğŸš« Filtering project-scoped album Daily Progress (26741)
10-27 03:43:33.400 17799 17799 D ProjectDetailVM: ğŸš« Filtering project-scoped album Damage Assessment (26740)
10-27 03:43:33.400 17799 17799 D ProjectDetailVM: ğŸš« Filtering project-scoped album Pre-existing Damages (26742)
10-27 03:43:33.459 17799 17799 D ProjectDetailVM: ğŸ“Š Data update for project 4970: 7 rooms, 5 albums, 192 photos
10-27 03:43:33.459 17799 17799 D ProjectDetailVM: âœ… Project found: 201 Faker Road
10-27 03:43:33.459 17799 17799 D ProjectDetailVM: ğŸ  Loading 7 rooms: [[5949] Basement, [5961] Bathroom, [5994] Bathroom, [5978] Bedroom, [5952] Den, [5979] Dining Room, [5999] Kitchen]
10-27 03:43:33.459 17799 17799 D ProjectDetailVM: ğŸ“š Loading 5 albums: [[26743] Betterments (null), [26744] Contents (null), [26741] Daily Progress (null), [26740] Damage Assessment (null), [26742] Pre-existing Damages (null)]
10-27 03:43:33.459 17799 17799 D ProjectDetailVM: ğŸš« Filtering project-scoped album Betterments (26743)
10-27 03:43:33.460 17799 17799 D ProjectDetailVM: ğŸš« Filtering project-scoped album Contents (26744)
10-27 03:43:33.460 17799 17799 D ProjectDetailVM: ğŸš« Filtering project-scoped album Daily Progress (26741)
10-27 03:43:33.460 17799 17799 D ProjectDetailVM: ğŸš« Filtering project-scoped album Damage Assessment (26740)
10-27 03:43:33.460 17799 17799 D ProjectDetailVM: ğŸš« Filtering project-scoped album Pre-existing Damages (26742)
10-27 03:43:33.560 17799 17799 D ProjectDetailVM: ğŸ“Š Data update for project 4970: 7 rooms, 5 albums, 192 photos
10-27 03:43:33.560 17799 17799 D ProjectDetailVM: âœ… Project found: 201 Faker Road
10-27 03:43:33.560 17799 17799 D ProjectDetailVM: ğŸ  Loading 7 rooms: [[5949] Basement, [5961] Bathroom, [5994] Bathroom, [5978] Bedroom, [5952] Den, [5979] Dining Room, [5999] Kitchen]
10-27 03:43:33.561 17799 17799 D ProjectDetailVM: ğŸ“š Loading 5 albums: [[26743] Betterments (null), [26744] Contents (null), [26741] Daily Progress (null), [26740] Damage Assessment (null), [26742] Pre-existing Damages (null)]
10-27 03:43:33.561 17799 17799 D ProjectDetailVM: ğŸš« Filtering project-scoped album Betterments (26743)
10-27 03:43:33.561 17799 17799 D ProjectDetailVM: ğŸš« Filtering project-scoped album Contents (26744)
10-27 03:43:33.561 17799 17799 D ProjectDetailVM: ğŸš« Filtering project-scoped album Daily Progress (26741)
10-27 03:43:33.561 17799 17799 D ProjectDetailVM: ğŸš« Filtering project-scoped album Damage Assessment (26740)
10-27 03:43:33.561 17799 17799 D ProjectDetailVM: ğŸš« Filtering project-scoped album Pre-existing Damages (26742)
10-27 03:43:33.614 17799 17799 D ProjectDetailVM: ğŸ“Š Data update for project 4970: 7 rooms, 5 albums, 192 photos
10-27 03:43:33.614 17799 17799 D ProjectDetailVM: âœ… Project found: 201 Faker Road
10-27 03:43:33.614 17799 17799 D ProjectDetailVM: ğŸ  Loading 7 rooms: [[5949] Basement, [5961] Bathroom, [5994] Bathroom, [5978] Bedroom, [5952] Den, [5979] Dining Room, [5999] Kitchen]
10-27 03:43:33.615 17799 17799 D ProjectDetailVM: ğŸ“š Loading 5 albums: [[26743] Betterments (null), [26744] Contents (null), [26741] Daily Progress (null), [26740] Damage Assessment (null), [26742] Pre-existing Damages (null)]
10-27 03:43:33.615 17799 17799 D ProjectDetailVM: ğŸš« Filtering project-scoped album Betterments (26743)
10-27 03:43:33.615 17799 17799 D ProjectDetailVM: ğŸš« Filtering project-scoped album Contents (26744)
10-27 03:43:33.615 17799 17799 D ProjectDetailVM: ğŸš« Filtering project-scoped album Daily Progress (26741)
10-27 03:43:33.615 17799 17799 D ProjectDetailVM: ğŸš« Filtering project-scoped album Damage Assessment (26740)
10-27 03:43:33.615 17799 17799 D ProjectDetailVM: ğŸš« Filtering project-scoped album Pre-existing Damages (26742)
10-27 03:43:33.718 17799 17799 D ProjectDetailVM: ğŸ“Š Data update for project 4970: 7 rooms, 5 albums, 192 photos
10-27 03:43:33.718 17799 17799 D ProjectDetailVM: âœ… Project found: 201 Faker Road
10-27 03:43:33.718 17799 17799 D ProjectDetailVM: ğŸ  Loading 7 rooms: [[5949] Basement, [5961] Bathroom, [5994] Bathroom, [5978] Bedroom, [5952] Den, [5979] Dining Room, [5999] Kitchen]
10-27 03:43:33.719 17799 17799 D ProjectDetailVM: ğŸ“š Loading 5 albums: [[26743] Betterments (null), [26744] Contents (null), [26741] Daily Progress (null), [26740] Damage Assessment (null), [26742] Pre-existing Damages (null)]
10-27 03:43:33.719 17799 17799 D ProjectDetailVM: ğŸš« Filtering project-scoped album Betterments (26743)
10-27 03:43:33.719 17799 17799 D ProjectDetailVM: ğŸš« Filtering project-scoped album Contents (26744)
10-27 03:43:33.719 17799 17799 D ProjectDetailVM: ğŸš« Filtering project-scoped album Daily Progress (26741)
10-27 03:43:33.719 17799 17799 D ProjectDetailVM: ğŸš« Filtering project-scoped album Damage Assessment (26740)
10-27 03:43:33.719 17799 17799 D ProjectDetailVM: ğŸš« Filtering project-scoped album Pre-existing Damages (26742)
10-27 03:43:33.772 17799 17799 D ProjectDetailVM: ğŸ“Š Data update for project 4970: 7 rooms, 5 albums, 192 photos
10-27 03:43:33.772 17799 17799 D ProjectDetailVM: âœ… Project found: 201 Faker Road
10-27 03:43:33.772 17799 17799 D ProjectDetailVM: ğŸ  Loading 7 rooms: [[5949] Basement, [5961] Bathroom, [5994] Bathroom, [5978] Bedroom, [5952] Den, [5979] Dining Room, [5999] Kitchen]
10-27 03:43:33.773 17799 17799 D ProjectDetailVM: ğŸ“š Loading 5 albums: [[26743] Betterments (null), [26744] Contents (null), [26741] Daily Progress (null), [26740] Damage Assessment (null), [26742] Pre-existing Damages (null)]
10-27 03:43:33.773 17799 17799 D ProjectDetailVM: ğŸš« Filtering project-scoped album Betterments (26743)
10-27 03:43:33.773 17799 17799 D ProjectDetailVM: ğŸš« Filtering project-scoped album Contents (26744)
10-27 03:43:33.773 17799 17799 D ProjectDetailVM: ğŸš« Filtering project-scoped album Daily Progress (26741)
10-27 03:43:33.773 17799 17799 D ProjectDetailVM: ğŸš« Filtering project-scoped album Damage Assessment (26740)
10-27 03:43:33.774 17799 17799 D ProjectDetailVM: ğŸš« Filtering project-scoped album Pre-existing Damages (26742)
10-27 03:43:33.891 17799 17799 D ProjectDetailVM: ğŸ“Š Data update for project 4970: 7 rooms, 5 albums, 192 photos
10-27 03:43:33.892 17799 17799 D ProjectDetailVM: âœ… Project found: 201 Faker Road
10-27 03:43:33.892 17799 17799 D ProjectDetailVM: ğŸ  Loading 7 rooms: [[5949] Basement, [5961] Bathroom, [5994] Bathroom, [5978] Bedroom, [5952] Den, [5979] Dining Room, [5999] Kitchen]
10-27 03:43:33.892 17799 17799 D ProjectDetailVM: ğŸ“š Loading 5 albums: [[26743] Betterments (null), [26744] Contents (null), [26741] Daily Progress (null), [26740] Damage Assessment (null), [26742] Pre-existing Damages (null)]
10-27 03:43:33.892 17799 17799 D ProjectDetailVM: ğŸš« Filtering project-scoped album Betterments (26743)
10-27 03:43:33.892 17799 17799 D ProjectDetailVM: ğŸš« Filtering project-scoped album Contents (26744)
10-27 03:43:33.892 17799 17799 D ProjectDetailVM: ğŸš« Filtering project-scoped album Daily Progress (26741)
10-27 03:43:33.892 17799 17799 D ProjectDetailVM: ğŸš« Filtering project-scoped album Damage Assessment (26740)
10-27 03:43:33.893 17799 17799 D ProjectDetailVM: ğŸš« Filtering project-scoped album Pre-existing Damages (26742)
10-27 03:43:33.945 17799 17799 D ProjectDetailVM: ğŸ“Š Data update for project 4970: 7 rooms, 5 albums, 192 photos
10-27 03:43:33.945 17799 17799 D ProjectDetailVM: âœ… Project found: 201 Faker Road
10-27 03:43:33.945 17799 17799 D ProjectDetailVM: ğŸ  Loading 7 rooms: [[5949] Basement, [5961] Bathroom, [5994] Bathroom, [5978] Bedroom, [5952] Den, [5979] Dining Room, [5999] Kitchen]
10-27 03:43:33.946 17799 17799 D ProjectDetailVM: ğŸ“š Loading 5 albums: [[26743] Betterments (null), [26744] Contents (null), [26741] Daily Progress (null), [26740] Damage Assessment (null), [26742] Pre-existing Damages (null)]
10-27 03:43:33.946 17799 17799 D ProjectDetailVM: ğŸš« Filtering project-scoped album Betterments (26743)
10-27 03:43:33.946 17799 17799 D ProjectDetailVM: ğŸš« Filtering project-scoped album Contents (26744)
10-27 03:43:33.946 17799 17799 D ProjectDetailVM: ğŸš« Filtering project-scoped album Daily Progress (26741)
10-27 03:43:33.946 17799 17799 D ProjectDetailVM: ğŸš« Filtering project-scoped album Damage Assessment (26740)
10-27 03:43:33.946 17799 17799 D ProjectDetailVM: ğŸš« Filtering project-scoped album Pre-existing Damages (26742)
10-27 03:43:34.037 17799 17799 D ProjectDetailVM: ğŸ“Š Data update for project 4970: 7 rooms, 5 albums, 192 photos
10-27 03:43:34.037 17799 17799 D ProjectDetailVM: âœ… Project found: 201 Faker Road
10-27 03:43:34.037 17799 17799 D ProjectDetailVM: ğŸ  Loading 7 rooms: [[5949] Basement, [5961] Bathroom, [5994] Bathroom, [5978] Bedroom, [5952] Den, [5979] Dining Room, [5999] Kitchen]
10-27 03:43:34.038 17799 17799 D ProjectDetailVM: ğŸ“š Loading 5 albums: [[26743] Betterments (null), [26744] Contents (null), [26741] Daily Progress (null), [26740] Damage Assessment (null), [26742] Pre-existing Damages (null)]
10-27 03:43:34.038 17799 17799 D ProjectDetailVM: ğŸš« Filtering project-scoped album Betterments (26743)
10-27 03:43:34.038 17799 17799 D ProjectDetailVM: ğŸš« Filtering project-scoped album Contents (26744)
10-27 03:43:34.038 17799 17799 D ProjectDetailVM: ğŸš« Filtering project-scoped album Daily Progress (26741)
10-27 03:43:34.038 17799 17799 D ProjectDetailVM: ğŸš« Filtering project-scoped album Damage Assessment (26740)
10-27 03:43:34.038 17799 17799 D ProjectDetailVM: ğŸš« Filtering project-scoped album Pre-existing Damages (26742)
10-27 03:43:34.092 17799 17799 D ProjectDetailVM: ğŸ“Š Data update for project 4970: 7 rooms, 5 albums, 192 photos
10-27 03:43:34.092 17799 17799 D ProjectDetailVM: âœ… Project found: 201 Faker Road
10-27 03:43:34.092 17799 17799 D ProjectDetailVM: ğŸ  Loading 7 rooms: [[5949] Basement, [5961] Bathroom, [5994] Bathroom, [5978] Bedroom, [5952] Den, [5979] Dining Room, [5999] Kitchen]
10-27 03:43:34.093 17799 17799 D ProjectDetailVM: ğŸ“š Loading 5 albums: [[26743] Betterments (null), [26744] Contents (null), [26741] Daily Progress (null), [26740] Damage Assessment (null), [26742] Pre-existing Damages (null)]
10-27 03:43:34.093 17799 17799 D ProjectDetailVM: ğŸš« Filtering project-scoped album Betterments (26743)
10-27 03:43:34.093 17799 17799 D ProjectDetailVM: ğŸš« Filtering project-scoped album Contents (26744)
10-27 03:43:34.093 17799 17799 D ProjectDetailVM: ğŸš« Filtering project-scoped album Daily Progress (26741)
10-27 03:43:34.093 17799 17799 D ProjectDetailVM: ğŸš« Filtering project-scoped album Damage Assessment (26740)
10-27 03:43:34.093 17799 17799 D ProjectDetailVM: ğŸš« Filtering project-scoped album Pre-existing Damages (26742)
10-27 03:43:34.126 17799 17837 D API     : INFO [syncProjectGraph] Location 37848 has no rooms (404)
10-27 03:43:34.126 17799 17837 D API     : ğŸ” [syncProjectGraph] fetchRoomsForLocation(37848) returned 0 rooms
10-27 03:43:34.126 17799 17837 D API     : âš ï¸ [syncProjectGraph] No rooms to save for location 37848 (empty list)
10-27 03:43:34.212 17799 17799 D ProjectDetailVM: ğŸ“Š Data update for project 4970: 7 rooms, 5 albums, 192 photos
10-27 03:43:34.213 17799 17799 D ProjectDetailVM: âœ… Project found: 201 Faker Road
10-27 03:43:34.213 17799 17799 D ProjectDetailVM: ğŸ  Loading 7 rooms: [[5949] Basement, [5961] Bathroom, [5994] Bathroom, [5978] Bedroom, [5952] Den, [5979] Dining Room, [5999] Kitchen]
10-27 03:43:34.213 17799 17799 D ProjectDetailVM: ğŸ“š Loading 5 albums: [[26743] Betterments (null), [26744] Contents (null), [26741] Daily Progress (null), [26740] Damage Assessment (null), [26742] Pre-existing Damages (null)]
10-27 03:43:34.213 17799 17799 D ProjectDetailVM: ğŸš« Filtering project-scoped album Betterments (26743)
10-27 03:43:34.213 17799 17799 D ProjectDetailVM: ğŸš« Filtering project-scoped album Contents (26744)
10-27 03:43:34.213 17799 17799 D ProjectDetailVM: ğŸš« Filtering project-scoped album Daily Progress (26741)
10-27 03:43:34.214 17799 17799 D ProjectDetailVM: ğŸš« Filtering project-scoped album Damage Assessment (26740)
10-27 03:43:34.214 17799 17799 D ProjectDetailVM: ğŸš« Filtering project-scoped album Pre-existing Damages (26742)
10-27 03:43:34.266 17799 17799 D ProjectDetailVM: ğŸ“Š Data update for project 4970: 7 rooms, 5 albums, 192 photos
10-27 03:43:34.266 17799 17799 D ProjectDetailVM: âœ… Project found: 201 Faker Road
10-27 03:43:34.266 17799 17799 D ProjectDetailVM: ğŸ  Loading 7 rooms: [[5949] Basement, [5961] Bathroom, [5994] Bathroom, [5978] Bedroom, [5952] Den, [5979] Dining Room, [5999] Kitchen]
10-27 03:43:34.267 17799 17799 D ProjectDetailVM: ğŸ“š Loading 5 albums: [[26743] Betterments (null), [26744] Contents (null), [26741] Daily Progress (null), [26740] Damage Assessment (null), [26742] Pre-existing Damages (null)]
10-27 03:43:34.267 17799 17799 D ProjectDetailVM: ğŸš« Filtering project-scoped album Betterments (26743)
10-27 03:43:34.267 17799 17799 D ProjectDetailVM: ğŸš« Filtering project-scoped album Contents (26744)
10-27 03:43:34.267 17799 17799 D ProjectDetailVM: ğŸš« Filtering project-scoped album Daily Progress (26741)
10-27 03:43:34.267 17799 17799 D ProjectDetailVM: ğŸš« Filtering project-scoped album Damage Assessment (26740)
10-27 03:43:34.267 17799 17799 D ProjectDetailVM: ğŸš« Filtering project-scoped album Pre-existing Damages (26742)
10-27 03:43:34.586 17799 17839 D API     : INFO [syncProjectGraph] Location 37849 has no rooms (404)
10-27 03:43:34.586 17799 17839 D API     : ğŸ” [syncProjectGraph] fetchRoomsForLocation(37849) returned 0 rooms
10-27 03:43:34.586 17799 17839 D API     : âš ï¸ [syncProjectGraph] No rooms to save for location 37849 (empty list)
10-27 03:43:34.940 17799 17799 D ProjectDetailVM: ğŸ“Š Data update for project 4970: 7 rooms, 5 albums, 192 photos
10-27 03:43:34.940 17799 17799 D ProjectDetailVM: âœ… Project found: 201 Faker Road
10-27 03:43:34.940 17799 17799 D ProjectDetailVM: ğŸ  Loading 7 rooms: [[5949] Basement, [5961] Bathroom, [5994] Bathroom, [5978] Bedroom, [5952] Den, [5979] Dining Room, [5999] Kitchen]
10-27 03:43:34.941 17799 17799 D ProjectDetailVM: ğŸ“š Loading 5 albums: [[26743] Betterments (null), [26744] Contents (null), [26741] Daily Progress (null), [26740] Damage Assessment (null), [26742] Pre-existing Damages (null)]
10-27 03:43:34.941 17799 17799 D ProjectDetailVM: ğŸš« Filtering project-scoped album Betterments (26743)
10-27 03:43:34.941 17799 17799 D ProjectDetailVM: ğŸš« Filtering project-scoped album Contents (26744)
10-27 03:43:34.941 17799 17799 D ProjectDetailVM: ğŸš« Filtering project-scoped album Daily Progress (26741)
10-27 03:43:34.941 17799 17799 D ProjectDetailVM: ğŸš« Filtering project-scoped album Damage Assessment (26740)
10-27 03:43:34.941 17799 17799 D ProjectDetailVM: ğŸš« Filtering project-scoped album Pre-existing Damages (26742)
10-27 03:43:34.996 17799 17799 D ProjectDetailVM: ğŸ“Š Data update for project 4970: 7 rooms, 5 albums, 192 photos
10-27 03:43:34.996 17799 17799 D ProjectDetailVM: âœ… Project found: 201 Faker Road
10-27 03:43:34.996 17799 17799 D ProjectDetailVM: ğŸ  Loading 7 rooms: [[5949] Basement, [5961] Bathroom, [5994] Bathroom, [5978] Bedroom, [5952] Den, [5979] Dining Room, [5999] Kitchen]
10-27 03:43:34.997 17799 17799 D ProjectDetailVM: ğŸ“š Loading 5 albums: [[26743] Betterments (null), [26744] Contents (null), [26741] Daily Progress (null), [26740] Damage Assessment (null), [26742] Pre-existing Damages (null)]
10-27 03:43:34.997 17799 17799 D ProjectDetailVM: ğŸš« Filtering project-scoped album Betterments (26743)
10-27 03:43:34.997 17799 17799 D ProjectDetailVM: ğŸš« Filtering project-scoped album Contents (26744)
10-27 03:43:34.997 17799 17799 D ProjectDetailVM: ğŸš« Filtering project-scoped album Daily Progress (26741)
10-27 03:43:34.997 17799 17799 D ProjectDetailVM: ğŸš« Filtering project-scoped album Damage Assessment (26740)
10-27 03:43:34.997 17799 17799 D ProjectDetailVM: ğŸš« Filtering project-scoped album Pre-existing Damages (26742)
10-27 03:43:35.120 17799 17840 D API     : âœ… [syncProjectGraph] Fetched 7 rooms for location 3971 (page 1)
10-27 03:43:35.120 17799 17840 D API     : ğŸ” [DEBUG] Room payload - id: 5999, name: null, title: null, roomType.name: Kitchen, level.name: Main Level
10-27 03:43:35.121 17799 17840 D API     : ğŸ” [syncProjectGraph] fetchRoomsForLocation(3971) returned 7 rooms
10-27 03:43:35.127 17799 17799 D ProjectDetailVM: ğŸ“Š Data update for project 4970: 7 rooms, 5 albums, 192 photos
10-27 03:43:35.127 17799 17799 D ProjectDetailVM: âœ… Project found: 201 Faker Road
10-27 03:43:35.128 17799 17799 D ProjectDetailVM: ğŸ  Loading 7 rooms: [[5949] Basement, [5961] Bathroom, [5994] Bathroom, [5978] Bedroom, [5952] Den, [5979] Dining Room, [5999] Kitchen]
10-27 03:43:35.128 17799 17799 D ProjectDetailVM: ğŸ“š Loading 5 albums: [[26743] Betterments (null), [26744] Contents (null), [26741] Daily Progress (null), [26740] Damage Assessment (null), [26742] Pre-existing Damages (null)]
10-27 03:43:35.128 17799 17799 D ProjectDetailVM: ğŸš« Filtering project-scoped album Betterments (26743)
10-27 03:43:35.128 17799 17799 D ProjectDetailVM: ğŸš« Filtering project-scoped album Contents (26744)
10-27 03:43:35.128 17799 17799 D ProjectDetailVM: ğŸš« Filtering project-scoped album Daily Progress (26741)
10-27 03:43:35.128 17799 17799 D ProjectDetailVM: ğŸš« Filtering project-scoped album Damage Assessment (26740)
10-27 03:43:35.128 17799 17799 D ProjectDetailVM: ğŸš« Filtering project-scoped album Pre-existing Damages (26742)
10-27 03:43:35.157 17799 17799 D ProjectDetailVM: ğŸ“Š Data update for project 4970: 7 rooms, 5 albums, 192 photos
10-27 03:43:35.157 17799 17799 D ProjectDetailVM: âœ… Project found: 201 Faker Road
10-27 03:43:35.157 17799 17799 D ProjectDetailVM: ğŸ  Loading 7 rooms: [[5949] Basement, [5961] Bathroom, [5994] Bathroom, [5978] Bedroom, [5952] Den, [5979] Dining Room, [5999] Kitchen]
10-27 03:43:35.158 17799 17799 D ProjectDetailVM: ğŸ“š Loading 5 albums: [[26743] Betterments (null), [26744] Contents (null), [26741] Daily Progress (null), [26740] Damage Assessment (null), [26742] Pre-existing Damages (null)]
10-27 03:43:35.158 17799 17799 D ProjectDetailVM: ğŸš« Filtering project-scoped album Betterments (26743)
10-27 03:43:35.158 17799 17799 D ProjectDetailVM: ğŸš« Filtering project-scoped album Contents (26744)
10-27 03:43:35.158 17799 17799 D ProjectDetailVM: ğŸš« Filtering project-scoped album Daily Progress (26741)
10-27 03:43:35.158 17799 17799 D ProjectDetailVM: ğŸš« Filtering project-scoped album Damage Assessment (26740)
10-27 03:43:35.158 17799 17799 D ProjectDetailVM: ğŸš« Filtering project-scoped album Pre-existing Damages (26742)
10-27 03:43:35.160 17799 17840 D API     : ğŸ’¾ [syncProjectGraph] Saved 7 rooms for location 3971 to database
10-27 03:43:35.160 17799 17840 D API     : ğŸ  [syncProjectGraph] Total rooms collected: 7
10-27 03:43:35.160 17799 17840 D API     : ğŸ“¸ [syncProjectGraph] Fetching photos for 7 rooms
10-27 03:43:35.187 17799 17799 D ProjectDetailVM: ğŸ“Š Data update for project 4970: 7 rooms, 5 albums, 192 photos
10-27 03:43:35.187 17799 17799 D ProjectDetailVM: âœ… Project found: 201 Faker Road
10-27 03:43:35.187 17799 17799 D ProjectDetailVM: ğŸ  Loading 7 rooms: [[5949] Basement, [5961] Bathroom, [5994] Bathroom, [5978] Bedroom, [5952] Den, [5979] Dining Room, [5999] Kitchen]
10-27 03:43:35.188 17799 17799 D ProjectDetailVM: ğŸ“š Loading 5 albums: [[26743] Betterments (null), [26744] Contents (null), [26741] Daily Progress (null), [26740] Damage Assessment (null), [26742] Pre-existing Damages (null)]
10-27 03:43:35.188 17799 17799 D ProjectDetailVM: ğŸš« Filtering project-scoped album Betterments (26743)
10-27 03:43:35.188 17799 17799 D ProjectDetailVM: ğŸš« Filtering project-scoped album Contents (26744)
10-27 03:43:35.188 17799 17799 D ProjectDetailVM: ğŸš« Filtering project-scoped album Daily Progress (26741)
10-27 03:43:35.188 17799 17799 D ProjectDetailVM: ğŸš« Filtering project-scoped album Damage Assessment (26740)
10-27 03:43:35.188 17799 17799 D ProjectDetailVM: ğŸš« Filtering project-scoped album Pre-existing Damages (26742)
10-27 03:43:35.278 17799 17799 D ProjectDetailVM: ğŸ“Š Data update for project 4970: 7 rooms, 5 albums, 192 photos
10-27 03:43:35.278 17799 17799 D ProjectDetailVM: âœ… Project found: 201 Faker Road
10-27 03:43:35.278 17799 17799 D ProjectDetailVM: ğŸ  Loading 7 rooms: [[5949] Basement, [5961] Bathroom, [5994] Bathroom, [5978] Bedroom, [5952] Den, [5979] Dining Room, [5999] Kitchen]
10-27 03:43:35.279 17799 17799 D ProjectDetailVM: ğŸ“š Loading 5 albums: [[26743] Betterments (null), [26744] Contents (null), [26741] Daily Progress (null), [26740] Damage Assessment (null), [26742] Pre-existing Damages (null)]
10-27 03:43:35.279 17799 17799 D ProjectDetailVM: ğŸš« Filtering project-scoped album Betterments (26743)
10-27 03:43:35.279 17799 17799 D ProjectDetailVM: ğŸš« Filtering project-scoped album Contents (26744)
10-27 03:43:35.279 17799 17799 D ProjectDetailVM: ğŸš« Filtering project-scoped album Daily Progress (26741)
10-27 03:43:35.279 17799 17799 D ProjectDetailVM: ğŸš« Filtering project-scoped album Damage Assessment (26740)
10-27 03:43:35.279 17799 17799 D ProjectDetailVM: ğŸš« Filtering project-scoped album Pre-existing Damages (26742)
10-27 03:43:35.329 17799 17799 D ProjectDetailVM: ğŸ“Š Data update for project 4970: 7 rooms, 5 albums, 192 photos
10-27 03:43:35.330 17799 17799 D ProjectDetailVM: âœ… Project found: 201 Faker Road
10-27 03:43:35.330 17799 17799 D ProjectDetailVM: ğŸ  Loading 7 rooms: [[5949] Basement, [5961] Bathroom, [5994] Bathroom, [5978] Bedroom, [5952] Den, [5979] Dining Room, [5999] Kitchen]
10-27 03:43:35.330 17799 17799 D ProjectDetailVM: ğŸ“š Loading 5 albums: [[26743] Betterments (null), [26744] Contents (null), [26741] Daily Progress (null), [26740] Damage Assessment (null), [26742] Pre-existing Damages (null)]
10-27 03:43:35.330 17799 17799 D ProjectDetailVM: ğŸš« Filtering project-scoped album Betterments (26743)
10-27 03:43:35.330 17799 17799 D ProjectDetailVM: ğŸš« Filtering project-scoped album Contents (26744)
10-27 03:43:35.330 17799 17799 D ProjectDetailVM: ğŸš« Filtering project-scoped album Daily Progress (26741)
10-27 03:43:35.331 17799 17799 D ProjectDetailVM: ğŸš« Filtering project-scoped album Damage Assessment (26740)
10-27 03:43:35.331 17799 17799 D ProjectDetailVM: ğŸš« Filtering project-scoped album Pre-existing Damages (26742)
10-27 03:43:35.437 17799 17799 D ProjectDetailVM: ğŸ“Š Data update for project 4970: 7 rooms, 5 albums, 192 photos
10-27 03:43:35.437 17799 17799 D ProjectDetailVM: âœ… Project found: 201 Faker Road
10-27 03:43:35.437 17799 17799 D ProjectDetailVM: ğŸ  Loading 7 rooms: [[5949] Basement, [5961] Bathroom, [5994] Bathroom, [5978] Bedroom, [5952] Den, [5979] Dining Room, [5999] Kitchen]
10-27 03:43:35.438 17799 17799 D ProjectDetailVM: ğŸ“š Loading 5 albums: [[26743] Betterments (null), [26744] Contents (null), [26741] Daily Progress (null), [26740] Damage Assessment (null), [26742] Pre-existing Damages (null)]
10-27 03:43:35.438 17799 17799 D ProjectDetailVM: ğŸš« Filtering project-scoped album Betterments (26743)
10-27 03:43:35.438 17799 17799 D ProjectDetailVM: ğŸš« Filtering project-scoped album Contents (26744)
10-27 03:43:35.438 17799 17799 D ProjectDetailVM: ğŸš« Filtering project-scoped album Daily Progress (26741)
10-27 03:43:35.438 17799 17799 D ProjectDetailVM: ğŸš« Filtering project-scoped album Damage Assessment (26740)
10-27 03:43:35.438 17799 17799 D ProjectDetailVM: ğŸš« Filtering project-scoped album Pre-existing Damages (26742)
10-27 03:43:35.491 17799 17799 D ProjectDetailVM: ğŸ“Š Data update for project 4970: 7 rooms, 5 albums, 192 photos
10-27 03:43:35.491 17799 17799 D ProjectDetailVM: âœ… Project found: 201 Faker Road
10-27 03:43:35.491 17799 17799 D ProjectDetailVM: ğŸ  Loading 7 rooms: [[5949] Basement, [5961] Bathroom, [5994] Bathroom, [5978] Bedroom, [5952] Den, [5979] Dining Room, [5999] Kitchen]
10-27 03:43:35.492 17799 17799 D ProjectDetailVM: ğŸ“š Loading 5 albums: [[26743] Betterments (null), [26744] Contents (null), [26741] Daily Progress (null), [26740] Damage Assessment (null), [26742] Pre-existing Damages (null)]
10-27 03:43:35.492 17799 17799 D ProjectDetailVM: ğŸš« Filtering project-scoped album Betterments (26743)
10-27 03:43:35.492 17799 17799 D ProjectDetailVM: ğŸš« Filtering project-scoped album Contents (26744)
10-27 03:43:35.492 17799 17799 D ProjectDetailVM: ğŸš« Filtering project-scoped album Daily Progress (26741)
10-27 03:43:35.492 17799 17799 D ProjectDetailVM: ğŸš« Filtering project-scoped album Damage Assessment (26740)
10-27 03:43:35.492 17799 17799 D ProjectDetailVM: ğŸš« Filtering project-scoped album Pre-existing Damages (26742)
10-27 03:43:35.568 17799 17839 E API     : âŒ [syncProjectGraph] Failed to fetch photos for room 5999
10-27 03:43:35.568 17799 17839 E API     : java.lang.IllegalStateException: Expected BEGIN_ARRAY but was BEGIN_OBJECT at line 1 column 2 path $
10-27 03:43:35.568 17799 17839 E API     : 	at com.google.gson.stream.JsonReader.beginArray(JsonReader.java:358)
10-27 03:43:35.568 17799 17839 E API     : 	at com.google.gson.internal.bind.CollectionTypeAdapterFactory$Adapter.read(CollectionTypeAdapterFactory.java:80)
10-27 03:43:35.568 17799 17839 E API     : 	at com.google.gson.internal.bind.CollectionTypeAdapterFactory$Adapter.read(CollectionTypeAdapterFactory.java:61)
10-27 03:43:35.568 17799 17839 E API     : 	at retrofit2.converter.gson.GsonResponseBodyConverter.convert(GsonResponseBodyConverter.java:40)
10-27 03:43:35.568 17799 17839 E API     : 	at retrofit2.converter.gson.GsonResponseBodyConverter.convert(GsonResponseBodyConverter.java:27)
10-27 03:43:35.568 17799 17839 E API     : 	at retrofit2.OkHttpCall.parseResponse(OkHttpCall.java:243)
10-27 03:43:35.568 17799 17839 E API     : 	at retrofit2.OkHttpCall$1.onResponse(OkHttpCall.java:153)
10-27 03:43:35.568 17799 17839 E API     : 	at okhttp3.internal.connection.RealCall$AsyncCall.run(RealCall.kt:519)
10-27 03:43:35.568 17799 17839 E API     : 	at java.util.concurrent.ThreadPoolExecutor.runWorker(ThreadPoolExecutor.java:1133)
10-27 03:43:35.568 17799 17839 E API     : 	at java.util.concurrent.ThreadPoolExecutor$Worker.run(ThreadPoolExecutor.java:607)
10-27 03:43:35.568 17799 17839 E API     : 	at java.lang.Thread.run(Thread.java:761)
10-27 03:43:35.581 17799 17799 D ProjectDetailVM: ğŸ“Š Data update for project 4970: 7 rooms, 5 albums, 192 photos
10-27 03:43:35.581 17799 17799 D ProjectDetailVM: âœ… Project found: 201 Faker Road
10-27 03:43:35.581 17799 17799 D ProjectDetailVM: ğŸ  Loading 7 rooms: [[5949] Basement, [5961] Bathroom, [5994] Bathroom, [5978] Bedroom, [5952] Den, [5979] Dining Room, [5999] Kitchen]
10-27 03:43:35.582 17799 17799 D ProjectDetailVM: ğŸ“š Loading 5 albums: [[26743] Betterments (null), [26744] Contents (null), [26741] Daily Progress (null), [26740] Damage Assessment (null), [26742] Pre-existing Damages (null)]
10-27 03:43:35.582 17799 17799 D ProjectDetailVM: ğŸš« Filtering project-scoped album Betterments (26743)
10-27 03:43:35.582 17799 17799 D ProjectDetailVM: ğŸš« Filtering project-scoped album Contents (26744)
10-27 03:43:35.582 17799 17799 D ProjectDetailVM: ğŸš« Filtering project-scoped album Daily Progress (26741)
10-27 03:43:35.582 17799 17799 D ProjectDetailVM: ğŸš« Filtering project-scoped album Damage Assessment (26740)
10-27 03:43:35.582 17799 17799 D ProjectDetailVM: ğŸš« Filtering project-scoped album Pre-existing Damages (26742)
10-27 03:43:36.403 17799 17840 E API     : âŒ [syncProjectGraph] Failed to fetch photos for room 5994
10-27 03:43:36.403 17799 17840 E API     : java.lang.IllegalStateException: Expected BEGIN_ARRAY but was BEGIN_OBJECT at line 1 column 2 path $
10-27 03:43:36.403 17799 17840 E API     : 	at com.google.gson.stream.JsonReader.beginArray(JsonReader.java:358)
10-27 03:43:36.403 17799 17840 E API     : 	at com.google.gson.internal.bind.CollectionTypeAdapterFactory$Adapter.read(CollectionTypeAdapterFactory.java:80)
10-27 03:43:36.403 17799 17840 E API     : 	at com.google.gson.internal.bind.CollectionTypeAdapterFactory$Adapter.read(CollectionTypeAdapterFactory.java:61)
10-27 03:43:36.403 17799 17840 E API     : 	at retrofit2.converter.gson.GsonResponseBodyConverter.convert(GsonResponseBodyConverter.java:40)
10-27 03:43:36.403 17799 17840 E API     : 	at retrofit2.converter.gson.GsonResponseBodyConverter.convert(GsonResponseBodyConverter.java:27)
10-27 03:43:36.403 17799 17840 E API     : 	at retrofit2.OkHttpCall.parseResponse(OkHttpCall.java:243)
10-27 03:43:36.403 17799 17840 E API     : 	at retrofit2.OkHttpCall$1.onResponse(OkHttpCall.java:153)
10-27 03:43:36.403 17799 17840 E API     : 	at okhttp3.internal.connection.RealCall$AsyncCall.run(RealCall.kt:519)
10-27 03:43:36.403 17799 17840 E API     : 	at java.util.concurrent.ThreadPoolExecutor.runWorker(ThreadPoolExecutor.java:1133)
10-27 03:43:36.403 17799 17840 E API     : 	at java.util.concurrent.ThreadPoolExecutor$Worker.run(ThreadPoolExecutor.java:607)
10-27 03:43:36.403 17799 17840 E API     : 	at java.lang.Thread.run(Thread.java:761)
10-27 03:43:36.797 17799 17840 E API     : âŒ [syncProjectGraph] Failed to fetch photos for room 5979
10-27 03:43:36.797 17799 17840 E API     : java.lang.IllegalStateException: Expected BEGIN_ARRAY but was BEGIN_OBJECT at line 1 column 2 path $
10-27 03:43:36.797 17799 17840 E API     : 	at com.google.gson.stream.JsonReader.beginArray(JsonReader.java:358)
10-27 03:43:36.797 17799 17840 E API     : 	at com.google.gson.internal.bind.CollectionTypeAdapterFactory$Adapter.read(CollectionTypeAdapterFactory.java:80)
10-27 03:43:36.797 17799 17840 E API     : 	at com.google.gson.internal.bind.CollectionTypeAdapterFactory$Adapter.read(CollectionTypeAdapterFactory.java:61)
10-27 03:43:36.797 17799 17840 E API     : 	at retrofit2.converter.gson.GsonResponseBodyConverter.convert(GsonResponseBodyConverter.java:40)
10-27 03:43:36.797 17799 17840 E API     : 	at retrofit2.converter.gson.GsonResponseBodyConverter.convert(GsonResponseBodyConverter.java:27)
10-27 03:43:36.797 17799 17840 E API     : 	at retrofit2.OkHttpCall.parseResponse(OkHttpCall.java:243)
10-27 03:43:36.797 17799 17840 E API     : 	at retrofit2.OkHttpCall$1.onResponse(OkHttpCall.java:153)
10-27 03:43:36.797 17799 17840 E API     : 	at okhttp3.internal.connection.RealCall$AsyncCall.run(RealCall.kt:519)
10-27 03:43:36.797 17799 17840 E API     : 	at java.util.concurrent.ThreadPoolExecutor.runWorker(ThreadPoolExecutor.java:1133)
10-27 03:43:36.797 17799 17840 E API     : 	at java.util.concurrent.ThreadPoolExecutor$Worker.run(ThreadPoolExecutor.java:607)
10-27 03:43:36.797 17799 17840 E API     : 	at java.lang.Thread.run(Thread.java:761)
10-27 03:43:37.122 17799 17840 E API     : âŒ [syncProjectGraph] Failed to fetch photos for room 5978
10-27 03:43:37.122 17799 17840 E API     : java.lang.IllegalStateException: Expected BEGIN_ARRAY but was BEGIN_OBJECT at line 1 column 2 path $
10-27 03:43:37.122 17799 17840 E API     : 	at com.google.gson.stream.JsonReader.beginArray(JsonReader.java:358)
10-27 03:43:37.122 17799 17840 E API     : 	at com.google.gson.internal.bind.CollectionTypeAdapterFactory$Adapter.read(CollectionTypeAdapterFactory.java:80)
10-27 03:43:37.122 17799 17840 E API     : 	at com.google.gson.internal.bind.CollectionTypeAdapterFactory$Adapter.read(CollectionTypeAdapterFactory.java:61)
10-27 03:43:37.122 17799 17840 E API     : 	at retrofit2.converter.gson.GsonResponseBodyConverter.convert(GsonResponseBodyConverter.java:40)
10-27 03:43:37.122 17799 17840 E API     : 	at retrofit2.converter.gson.GsonResponseBodyConverter.convert(GsonResponseBodyConverter.java:27)
10-27 03:43:37.122 17799 17840 E API     : 	at retrofit2.OkHttpCall.parseResponse(OkHttpCall.java:243)
10-27 03:43:37.122 17799 17840 E API     : 	at retrofit2.OkHttpCall$1.onResponse(OkHttpCall.java:153)
10-27 03:43:37.122 17799 17840 E API     : 	at okhttp3.internal.connection.RealCall$AsyncCall.run(RealCall.kt:519)
10-27 03:43:37.122 17799 17840 E API     : 	at java.util.concurrent.ThreadPoolExecutor.runWorker(ThreadPoolExecutor.java:1133)
10-27 03:43:37.122 17799 17840 E API     : 	at java.util.concurrent.ThreadPoolExecutor$Worker.run(ThreadPoolExecutor.java:607)
10-27 03:43:37.122 17799 17840 E API     : 	at java.lang.Thread.run(Thread.java:761)
10-27 03:43:37.450 17799 17840 E API     : âŒ [syncProjectGraph] Failed to fetch photos for room 5961
10-27 03:43:37.450 17799 17840 E API     : java.lang.IllegalStateException: Expected BEGIN_ARRAY but was BEGIN_OBJECT at line 1 column 2 path $
10-27 03:43:37.450 17799 17840 E API     : 	at com.google.gson.stream.JsonReader.beginArray(JsonReader.java:358)
10-27 03:43:37.450 17799 17840 E API     : 	at com.google.gson.internal.bind.CollectionTypeAdapterFactory$Adapter.read(CollectionTypeAdapterFactory.java:80)
10-27 03:43:37.450 17799 17840 E API     : 	at com.google.gson.internal.bind.CollectionTypeAdapterFactory$Adapter.read(CollectionTypeAdapterFactory.java:61)
10-27 03:43:37.450 17799 17840 E API     : 	at retrofit2.converter.gson.GsonResponseBodyConverter.convert(GsonResponseBodyConverter.java:40)
10-27 03:43:37.450 17799 17840 E API     : 	at retrofit2.converter.gson.GsonResponseBodyConverter.convert(GsonResponseBodyConverter.java:27)
10-27 03:43:37.450 17799 17840 E API     : 	at retrofit2.OkHttpCall.parseResponse(OkHttpCall.java:243)
10-27 03:43:37.450 17799 17840 E API     : 	at retrofit2.OkHttpCall$1.onResponse(OkHttpCall.java:153)
10-27 03:43:37.450 17799 17840 E API     : 	at okhttp3.internal.connection.RealCall$AsyncCall.run(RealCall.kt:519)
10-27 03:43:37.450 17799 17840 E API     : 	at java.util.concurrent.ThreadPoolExecutor.runWorker(ThreadPoolExecutor.java:1133)
10-27 03:43:37.450 17799 17840 E API     : 	at java.util.concurrent.ThreadPoolExecutor$Worker.run(ThreadPoolExecutor.java:607)
10-27 03:43:37.450 17799 17840 E API     : 	at java.lang.Thread.run(Thread.java:761)
10-27 03:43:37.879 17799 17839 E API     : âŒ [syncProjectGraph] Failed to fetch photos for room 5952
10-27 03:43:37.879 17799 17839 E API     : java.lang.IllegalStateException: Expected BEGIN_ARRAY but was BEGIN_OBJECT at line 1 column 2 path $
10-27 03:43:37.879 17799 17839 E API     : 	at com.google.gson.stream.JsonReader.beginArray(JsonReader.java:358)
10-27 03:43:37.879 17799 17839 E API     : 	at com.google.gson.internal.bind.CollectionTypeAdapterFactory$Adapter.read(CollectionTypeAdapterFactory.java:80)
10-27 03:43:37.879 17799 17839 E API     : 	at com.google.gson.internal.bind.CollectionTypeAdapterFactory$Adapter.read(CollectionTypeAdapterFactory.java:61)
10-27 03:43:37.879 17799 17839 E API     : 	at retrofit2.converter.gson.GsonResponseBodyConverter.convert(GsonResponseBodyConverter.java:40)
10-27 03:43:37.879 17799 17839 E API     : 	at retrofit2.converter.gson.GsonResponseBodyConverter.convert(GsonResponseBodyConverter.java:27)
10-27 03:43:37.879 17799 17839 E API     : 	at retrofit2.OkHttpCall.parseResponse(OkHttpCall.java:243)
10-27 03:43:37.879 17799 17839 E API     : 	at retrofit2.OkHttpCall$1.onResponse(OkHttpCall.java:153)
10-27 03:43:37.879 17799 17839 E API     : 	at okhttp3.internal.connection.RealCall$AsyncCall.run(RealCall.kt:519)
10-27 03:43:37.879 17799 17839 E API     : 	at java.util.concurrent.ThreadPoolExecutor.runWorker(ThreadPoolExecutor.java:1133)
10-27 03:43:37.879 17799 17839 E API     : 	at java.util.concurrent.ThreadPoolExecutor$Worker.run(ThreadPoolExecutor.java:607)
10-27 03:43:37.879 17799 17839 E API     : 	at java.lang.Thread.run(Thread.java:761)
10-27 03:43:38.348 17799 17840 E API     : âŒ [syncProjectGraph] Failed to fetch photos for room 5949
10-27 03:43:38.348 17799 17840 E API     : java.lang.IllegalStateException: Expected BEGIN_ARRAY but was BEGIN_OBJECT at line 1 column 2 path $
10-27 03:43:38.348 17799 17840 E API     : 	at com.google.gson.stream.JsonReader.beginArray(JsonReader.java:358)
10-27 03:43:38.348 17799 17840 E API     : 	at com.google.gson.internal.bind.CollectionTypeAdapterFactory$Adapter.read(CollectionTypeAdapterFactory.java:80)
10-27 03:43:38.348 17799 17840 E API     : 	at com.google.gson.internal.bind.CollectionTypeAdapterFactory$Adapter.read(CollectionTypeAdapterFactory.java:61)
10-27 03:43:38.348 17799 17840 E API     : 	at retrofit2.converter.gson.GsonResponseBodyConverter.convert(GsonResponseBodyConverter.java:40)
10-27 03:43:38.348 17799 17840 E API     : 	at retrofit2.converter.gson.GsonResponseBodyConverter.convert(GsonResponseBodyConverter.java:27)
10-27 03:43:38.348 17799 17840 E API     : 	at retrofit2.OkHttpCall.parseResponse(OkHttpCall.java:243)
10-27 03:43:38.348 17799 17840 E API     : 	at retrofit2.OkHttpCall$1.onResponse(OkHttpCall.java:153)
10-27 03:43:38.348 17799 17840 E API     : 	at okhttp3.internal.connection.RealCall$AsyncCall.run(RealCall.kt:519)
10-27 03:43:38.348 17799 17840 E API     : 	at java.util.concurrent.ThreadPoolExecutor.runWorker(ThreadPoolExecutor.java:1133)
10-27 03:43:38.348 17799 17840 E API     : 	at java.util.concurrent.ThreadPoolExecutor$Worker.run(ThreadPoolExecutor.java:607)
10-27 03:43:38.348 17799 17840 E API     : 	at java.lang.Thread.run(Thread.java:761)
10-27 03:43:38.918 17799 17799 D ProjectDetailVM: ğŸ“Š Data update for project 4970: 7 rooms, 5 albums, 192 photos
10-27 03:43:38.918 17799 17799 D ProjectDetailVM: âœ… Project found: 201 Faker Road
10-27 03:43:38.918 17799 17799 D ProjectDetailVM: ğŸ  Loading 7 rooms: [[5949] Basement, [5961] Bathroom, [5994] Bathroom, [5978] Bedroom, [5952] Den, [5979] Dining Room, [5999] Kitchen]
10-27 03:43:38.918 17799 17799 D ProjectDetailVM: ğŸ“š Loading 5 albums: [[26743] Betterments (null), [26744] Contents (null), [26741] Daily Progress (null), [26740] Damage Assessment (null), [26742] Pre-existing Damages (null)]
10-27 03:43:38.919 17799 17799 D ProjectDetailVM: ğŸš« Filtering project-scoped album Betterments (26743)
10-27 03:43:38.919 17799 17799 D ProjectDetailVM: ğŸš« Filtering project-scoped album Contents (26744)
10-27 03:43:38.919 17799 17799 D ProjectDetailVM: ğŸš« Filtering project-scoped album Daily Progress (26741)
10-27 03:43:38.919 17799 17799 D ProjectDetailVM: ğŸš« Filtering project-scoped album Damage Assessment (26740)
10-27 03:43:38.919 17799 17799 D ProjectDetailVM: ğŸš« Filtering project-scoped album Pre-existing Damages (26742)
10-27 03:43:40.688 17799 17839 D API     : ğŸ“š [syncProjectGraph] Fetched 5 albums from API
10-27 03:43:40.688 17799 17839 D API     :    Album[26740] 'Damage Assessment' type=null photos=0
10-27 03:43:40.688 17799 17839 D API     :    Album[26741] 'Daily Progress' type=null photos=0
10-27 03:43:40.688 17799 17839 D API     :    Album[26742] 'Pre-existing Damages' type=null photos=0
10-27 03:43:40.688 17799 17839 D API     :    Album[26743] 'Betterments' type=null photos=0
10-27 03:43:40.688 17799 17839 D API     :    Album[26744] 'Contents' type=null photos=0
10-27 03:43:40.709 17799 17839 D API     : ğŸ“š [syncProjectGraph] Saved 5 albums
10-27 03:43:40.722 17799 17799 D ProjectDetailVM: ğŸ“Š Data update for project 4970: 7 rooms, 5 albums, 192 photos
10-27 03:43:40.722 17799 17799 D ProjectDetailVM: âœ… Project found: 201 Faker Road
10-27 03:43:40.723 17799 17799 D ProjectDetailVM: ğŸ  Loading 7 rooms: [[5949] Basement, [5961] Bathroom, [5994] Bathroom, [5978] Bedroom, [5952] Den, [5979] Dining Room, [5999] Kitchen]
10-27 03:43:40.723 17799 17799 D ProjectDetailVM: ğŸ“š Loading 5 albums: [[26743] Betterments (null), [26744] Contents (null), [26741] Daily Progress (null), [26740] Damage Assessment (null), [26742] Pre-existing Damages (null)]
10-27 03:43:40.723 17799 17799 D ProjectDetailVM: ğŸš« Filtering project-scoped album Betterments (26743)
10-27 03:43:40.723 17799 17799 D ProjectDetailVM: ğŸš« Filtering project-scoped album Contents (26744)
10-27 03:43:40.723 17799 17799 D ProjectDetailVM: ğŸš« Filtering project-scoped album Daily Progress (26741)
10-27 03:43:40.723 17799 17799 D ProjectDetailVM: ğŸš« Filtering project-scoped album Damage Assessment (26740)
10-27 03:43:40.723 17799 17799 D ProjectDetailVM: ğŸš« Filtering project-scoped album Pre-existing Damages (26742)
10-27 03:43:40.726 17799 17839 D API     : âœ… [syncProjectGraph] Sync completed for project 4970 - Locations: 6, Rooms: 7
10-27 03:43:41.060 17799 17799 D ProjectDetailVM: ğŸ“Š Data update for project 4970: 7 rooms, 5 albums, 192 photos
10-27 03:43:41.060 17799 17799 D ProjectDetailVM: âœ… Project found: 201 Faker Road
10-27 03:43:41.060 17799 17799 D ProjectDetailVM: ğŸ  Loading 7 rooms: [[5949] Basement, [5961] Bathroom, [5994] Bathroom, [5978] Bedroom, [5952] Den, [5979] Dining Room, [5999] Kitchen]
10-27 03:43:41.061 17799 17799 D ProjectDetailVM: ğŸ“š Loading 5 albums: [[26743] Betterments (null), [26744] Contents (null), [26741] Daily Progress (null), [26740] Damage Assessment (null), [26742] Pre-existing Damages (null)]
10-27 03:43:41.061 17799 17799 D ProjectDetailVM: ğŸš« Filtering project-scoped album Betterments (26743)
10-27 03:43:41.061 17799 17799 D ProjectDetailVM: ğŸš« Filtering project-scoped album Contents (26744)
10-27 03:43:41.061 17799 17799 D ProjectDetailVM: ğŸš« Filtering project-scoped album Daily Progress (26741)
10-27 03:43:41.061 17799 17799 D ProjectDetailVM: ğŸš« Filtering project-scoped album Damage Assessment (26740)
10-27 03:43:41.061 17799 17799 D ProjectDetailVM: ğŸš« Filtering project-scoped album Pre-existing Damages (26742)
10-27 03:43:41.206 17799 17799 D ProjectDetailVM: ğŸ“Š Data update for project 4970: 7 rooms, 5 albums, 192 photos
10-27 03:43:41.207 17799 17799 D ProjectDetailVM: âœ… Project found: 201 Faker Road
10-27 03:43:41.207 17799 17799 D ProjectDetailVM: ğŸ  Loading 7 rooms: [[5949] Basement, [5961] Bathroom, [5994] Bathroom, [5978] Bedroom, [5952] Den, [5979] Dining Room, [5999] Kitchen]
10-27 03:43:41.207 17799 17799 D ProjectDetailVM: ğŸ“š Loading 5 albums: [[26743] Betterments (null), [26744] Contents (null), [26741] Daily Progress (null), [26740] Damage Assessment (null), [26742] Pre-existing Damages (null)]
10-27 03:43:41.207 17799 17799 D ProjectDetailVM: ğŸš« Filtering project-scoped album Betterments (26743)
10-27 03:43:41.207 17799 17799 D ProjectDetailVM: ğŸš« Filtering project-scoped album Contents (26744)
10-27 03:43:41.208 17799 17799 D ProjectDetailVM: ğŸš« Filtering project-scoped album Daily Progress (26741)
10-27 03:43:41.208 17799 17799 D ProjectDetailVM: ğŸš« Filtering project-scoped album Damage Assessment (26740)
10-27 03:43:41.208 17799 17799 D ProjectDetailVM: ğŸš« Filtering project-scoped album Pre-existing Damages (26742)
10-27 03:43:41.267 17799 17799 D ProjectDetailVM: ğŸ“Š Data update for project 4970: 7 rooms, 5 albums, 192 photos
10-27 03:43:41.267 17799 17799 D ProjectDetailVM: âœ… Project found: 201 Faker Road
10-27 03:43:41.267 17799 17799 D ProjectDetailVM: ğŸ  Loading 7 rooms: [[5949] Basement, [5961] Bathroom, [5994] Bathroom, [5978] Bedroom, [5952] Den, [5979] Dining Room, [5999] Kitchen]
