--------- beginning of main
10-28 03:21:56.224   502   502 E VM_BMS  : failed to set wake_lock rc=-13
10-28 03:21:56.228   502   502 E VM_BMS  : failed to wake_unlock rc=-13
10-28 03:21:56.258  6568  6618 W QCNEJ   : |CORE| CNE received unexpected action: android.intent.action.BATTERY_CHANGED
--------- beginning of system
10-28 03:21:56.262  6384  6384 E QtiImsExtUtils: getConfigForPhoneId subId is invalid
10-28 03:21:56.262  6384  6384 E QtiImsExtUtils: isCarrierConfigEnabled bundle is null
10-28 03:21:56.267  2874  2943 E BatteryStatsService: power: Missing API
10-28 03:21:56.267  2874  2943 E BatteryStatsService: power: Missing API
10-28 03:21:56.273  2874  2943 E BatteryStatsService: no controller energy info supplied
10-28 03:21:56.274  2874  2943 E BatteryStatsService: no controller energy info supplied
10-28 03:21:56.299  2874  2943 E BatteryStatsService: modem info is invalid: ModemActivityInfo{ mTimestamp=0 mSleepTimeMs=0 mIdleTimeMs=0 mTxTimeMs[]=[0, 0, 0, 0, 0] mRxTimeMs=0 mEnergyUsed=0}
10-28 03:21:56.316  6568  6618 W QCNEJ   : |CORE| CNE received unexpected action: android.intent.action.BATTERY_CHANGED
10-28 03:21:56.324  6384  6384 E QtiImsExtUtils: getConfigForPhoneId subId is invalid
10-28 03:21:56.324  6384  6384 E QtiImsExtUtils: isCarrierConfigEnabled bundle is null
10-28 03:22:01.893  6568  6618 W QCNEJ   : |CORE| CNE received unexpected action: android.intent.action.BATTERY_CHANGED
10-28 03:22:01.895  6384  6384 E QtiImsExtUtils: getConfigForPhoneId subId is invalid
10-28 03:22:01.895  6384  6384 E QtiImsExtUtils: isCarrierConfigEnabled bundle is null
10-28 03:22:02.945  4352  4352 E RecyclerView: No layout manager attached; skipping layout
10-28 03:22:03.315  4352  4549 D API     : 📸 [persistPhotos] Saved 484 album-photo relationships
10-28 03:22:03.315  4352  4549 D API     : 💾 [syncProjectGraph] Saved 484 photos for room 5949
10-28 03:22:03.662   347   347 E cnss-daemon: Stale or unreachable neighbors, ndm state: 4
10-28 03:22:09.272   347   347 E cnss-daemon: gateway mac address: %02x:%02x:%02x:%02x:%02x:%02x
10-28 03:22:09.272   347   347 E cnss-daemon: : 00:00:00:00:00:00
10-28 03:22:09.272   347   347 E cnss-daemon: Invalid mac address: 0xb32a7e6cM
10-28 03:22:11.908  6568  6618 W QCNEJ   : |CORE| CNE received unexpected action: android.intent.action.BATTERY_CHANGED
10-28 03:22:11.917  6384  6384 E QtiImsExtUtils: getConfigForPhoneId subId is invalid
10-28 03:22:11.917  6384  6384 E QtiImsExtUtils: isCarrierConfigEnabled bundle is null
10-28 03:22:16.875  2874  6368 E IzatSvc_PassiveLocListener: E/Exiting with error virtual void izat_manager::IzatPassiveLocationListener::onLocationChanged(const izat_manager::IzatLocation *, const IzatLocationStatus) line 171 "1"
10-28 03:22:21.932  6568  6618 W QCNEJ   : |CORE| CNE received unexpected action: android.intent.action.BATTERY_CHANGED
10-28 03:22:21.939  6384  6384 E QtiImsExtUtils: getConfigForPhoneId subId is invalid
10-28 03:22:21.939  6384  6384 E QtiImsExtUtils: isCarrierConfigEnabled bundle is null
10-28 03:22:25.562   347   347 E cnss-daemon: Stale or unreachable neighbors, ndm state: 4
10-28 03:22:26.542  4352  4352 E RecyclerView: No layout manager attached; skipping layout
10-28 03:22:31.949  6568  6618 W QCNEJ   : |CORE| CNE received unexpected action: android.intent.action.BATTERY_CHANGED
10-28 03:22:31.956  6384  6384 E QtiImsExtUtils: getConfigForPhoneId subId is invalid
10-28 03:22:31.956  6384  6384 E QtiImsExtUtils: isCarrierConfigEnabled bundle is null
10-28 03:22:41.979  6568  6618 W QCNEJ   : |CORE| CNE received unexpected action: android.intent.action.BATTERY_CHANGED
10-28 03:22:41.983  6384  6384 E QtiImsExtUtils: getConfigForPhoneId subId is invalid
10-28 03:22:41.984  6384  6384 E QtiImsExtUtils: isCarrierConfigEnabled bundle is null
10-28 03:22:44.367   502   502 E VM_BMS  : failed to set wake_lock rc=-13
10-28 03:22:44.373   502   502 E VM_BMS  : failed to wake_unlock rc=-13
10-28 03:22:45.438  2874  5975 E ConnectivityService: RemoteException caught trying to send a callback msg for NetworkRequest [ TRACK_DEFAULT id=1467, [ Capabilities: INTERNET&NOT_RESTRICTED&TRUSTED&NOT_VPN] ]
10-28 03:22:45.443  6384  6384 E QtiRilInterface: instance = com.qualcomm.qti.internal.telephony.QtiRilInterface@3d07930
10-28 03:22:46.962   347   347 E cnss-daemon: Stale or unreachable neighbors, ndm state: 4
10-28 03:22:50.911  4352  4549 D API     : 📚 [syncProjectGraph] Fetched 5 albums from API
10-28 03:22:50.911  4352  4549 D API     :    Album[26740] 'Damage Assessment' type=null
10-28 03:22:50.912  4352  4549 D API     :    Album[26741] 'Daily Progress' type=null
10-28 03:22:50.913  4352  4549 D API     :    Album[26742] 'Pre-existing Damages' type=null
10-28 03:22:50.913  4352  4549 D API     :    Album[26743] 'Betterments' type=null
10-28 03:22:50.913  4352  4549 D API     :    Album[26744] 'Contents' type=null
10-28 03:22:50.942  4352  4549 D API     : 📚 [syncProjectGraph] Saved 5 albums (photo counts will be calculated from database)
10-28 03:22:50.958  4352  4549 D API     : ✅ [syncProjectGraph] Sync completed for project 4970 - Locations: 6, Rooms: 9
10-28 03:22:50.961  4352  4549 D API     : 🔄 [syncProjectGraph] Starting sync for project 4926
10-28 03:22:51.023  6384  6384 E QtiRilInterface: instance = com.qualcomm.qti.internal.telephony.QtiRilInterface@3d07930
10-28 03:22:51.314  4352  4990 E API     : ❌ [syncProjectGraph] Failed to fetch project detail for 4926
10-28 03:22:51.314  4352  4990 E API     : retrofit2.HttpException: HTTP 400 
10-28 03:22:51.314  4352  4990 E API     : 	at retrofit2.KotlinExtensions$await$2$2.onResponse(KotlinExtensions.kt:53)
10-28 03:22:51.314  4352  4990 E API     : 	at retrofit2.OkHttpCall$1.onResponse(OkHttpCall.java:161)
10-28 03:22:51.314  4352  4990 E API     : 	at okhttp3.internal.connection.RealCall$AsyncCall.run(RealCall.kt:519)
10-28 03:22:51.314  4352  4990 E API     : 	at java.util.concurrent.ThreadPoolExecutor.runWorker(ThreadPoolExecutor.java:1133)
10-28 03:22:51.314  4352  4990 E API     : 	at java.util.concurrent.ThreadPoolExecutor$Worker.run(ThreadPoolExecutor.java:607)
10-28 03:22:51.314  4352  4990 E API     : 	at java.lang.Thread.run(Thread.java:761)
10-28 03:22:51.314  4352  4990 D API     : 🏢 [syncProjectGraph] Fetching property for project 4926
10-28 03:22:51.663  4352  4549 D API     : ✅ [syncProjectGraph] Fetched and saved property 2986
10-28 03:22:51.663  4352  4549 D API     : 📍 [syncProjectGraph] Fetching locations for property 2986
10-28 03:22:51.988  6568  6618 W QCNEJ   : |CORE| CNE received unexpected action: android.intent.action.BATTERY_CHANGED
10-28 03:22:51.999  6384  6384 E QtiImsExtUtils: getConfigForPhoneId subId is invalid
10-28 03:22:51.999  6384  6384 E QtiImsExtUtils: isCarrierConfigEnabled bundle is null
10-28 03:22:52.029  4352  4732 D API     : ✅ [syncProjectGraph] Fetched 5 levels
10-28 03:22:52.372  4352  4990 D API     : ✅ [syncProjectGraph] Fetched 2 nested locations
10-28 03:22:52.395  4352  4990 D API     : 📍 [syncProjectGraph] Saved 7 property locations, total collected: 7
10-28 03:22:52.396  4352  4990 D API     : 🏠 [syncProjectGraph] Fetching rooms for 7 locations
10-28 03:22:52.763  4352  5144 D API     : INFO [syncProjectGraph] Location 37458 has no rooms (404)
10-28 03:22:52.764  4352  5144 D API     : 🔍 [syncProjectGraph] fetchRoomsForLocation(37458) returned 0 rooms
10-28 03:22:52.764  4352  5144 D API     : ⚠️ [syncProjectGraph] No rooms to save for location 37458 (empty list)
10-28 03:22:53.106  4352  4996 D API     : INFO [syncProjectGraph] Location 37459 has no rooms (404)
10-28 03:22:53.106  4352  4996 D API     : 🔍 [syncProjectGraph] fetchRoomsForLocation(37459) returned 0 rooms
10-28 03:22:53.106  4352  4996 D API     : ⚠️ [syncProjectGraph] No rooms to save for location 37459 (empty list)
10-28 03:22:53.280  2874  5959 E NetdConnector: yingjie i: 33 ,start: 0
10-28 03:22:53.301  2874  5959 E NetdConnector: yingjie i: 39 ,start: 0
10-28 03:22:53.390  2874  5959 E NetdConnector: yingjie i: 37 ,start: 0
10-28 03:22:53.454  4352  5144 D API     : INFO [syncProjectGraph] Location 37460 has no rooms (404)
10-28 03:22:53.454  4352  5144 D API     : 🔍 [syncProjectGraph] fetchRoomsForLocation(37460) returned 0 rooms
10-28 03:22:53.454  4352  5144 D API     : ⚠️ [syncProjectGraph] No rooms to save for location 37460 (empty list)
10-28 03:22:53.816  4352  4990 D API     : INFO [syncProjectGraph] Location 37461 has no rooms (404)
10-28 03:22:53.816  4352  4990 D API     : 🔍 [syncProjectGraph] fetchRoomsForLocation(37461) returned 0 rooms
10-28 03:22:53.816  4352  4990 D API     : ⚠️ [syncProjectGraph] No rooms to save for location 37461 (empty list)
10-28 03:22:54.520  4352  4996 D API     : ✅ [syncProjectGraph] Fetched 1 rooms for location 3919 (page 1)
10-28 03:22:54.520  4352  4996 D API     : 🔍 [DEBUG] Room payload - id: 5497, name: null, title: null, roomType.name: Bathroom, level.name: Main Level
10-28 03:22:54.520  4352  4996 D API     : 🔍 [syncProjectGraph] fetchRoomsForLocation(3919) returned 1 rooms
10-28 03:22:54.534  4352  5144 D API     : 💾 [syncProjectGraph] Saved 1 rooms for location 3919 to database
10-28 03:22:54.902  4352  4732 D API     : ✅ [syncProjectGraph] Fetched 1 rooms for location 3920 (page 1)
10-28 03:22:54.902  4352  4732 D API     : 🔍 [DEBUG] Room payload - id: 5498, name: null, title: null, roomType.name: Bay, level.name: Main Level
10-28 03:22:54.903  4352  4732 D API     : 🔍 [syncProjectGraph] fetchRoomsForLocation(3920) returned 1 rooms
10-28 03:22:54.915  4352  4732 D API     : 💾 [syncProjectGraph] Saved 1 rooms for location 3920 to database
10-28 03:22:54.916  4352  4732 D API     : 🏠 [syncProjectGraph] Total rooms collected: 2
10-28 03:22:54.916  4352  4732 D API     : 📸 [syncProjectGraph] Fetching photos for 2 rooms
10-28 03:22:55.487  2874  5959 E NetdConnector: yingjie i: 33 ,start: 0
10-28 03:22:55.510  2874  5959 E NetdConnector: yingjie i: 39 ,start: 0
10-28 03:22:55.605  2874  5959 E NetdConnector: yingjie i: 37 ,start: 0
10-28 03:22:55.792  4352  4990 D API     : ✅ [syncProjectGraph] Fetched 46 photos for room 5497 (paginated)
10-28 03:22:55.894  6384  6384 E QtiRilInterface: instance = com.qualcomm.qti.internal.telephony.QtiRilInterface@3d07930
10-28 03:22:56.508  4352  4990 D API     : 📸 [persistPhotos] Saved 46 album-photo relationships
10-28 03:22:56.508  4352  4990 D API     : 💾 [syncProjectGraph] Saved 46 photos for room 5497
10-28 03:22:58.270  4352  4990 D API     : ✅ [syncProjectGraph] Fetched 53 photos for room 5498 (paginated)
10-28 03:22:59.041  4352  4996 D API     : 📸 [persistPhotos] Saved 53 album-photo relationships
10-28 03:22:59.041  4352  4996 D API     : 💾 [syncProjectGraph] Saved 53 photos for room 5498
10-28 03:23:01.079  2874  2874 W ResourceType: ResTable_typeSpec entry count inconsistent: given 101, previously 105
10-28 03:23:01.081  2874  2874 W ResourceType: ResTable_typeSpec entry count inconsistent: given 4802, previously 5423
10-28 03:23:01.081  2874  2874 W ResourceType: ResTable_typeSpec entry count inconsistent: given 3606, previously 3627
10-28 03:23:01.081  2874  2939 W ResourceType: ResTable_typeSpec entry count inconsistent: given 2, previously 147
10-28 03:23:01.081  2874  2874 W ResourceType: ResTable_typeSpec entry count inconsistent: given 261, previously 265
10-28 03:23:01.081  2874  2939 W ResourceType: ResTable_typeSpec entry count inconsistent: given 6, previously 158
10-28 03:23:01.081  2874  2874 W ResourceType: ResTable_typeSpec entry count inconsistent: given 534, previously 5644
10-28 03:23:01.090  2874  2874 W ResourceType: ResTable_typeSpec entry count inconsistent: given 82, previously 83
10-28 03:23:01.090  2874  2874 W ResourceType: ResTable_typeSpec entry count inconsistent: given 4835, previously 4875
10-28 03:23:01.090  2874  2874 W ResourceType: ResTable_typeSpec entry count inconsistent: given 6148, previously 6185
10-28 03:23:01.090  2874  2874 W ResourceType: ResTable_typeSpec entry count inconsistent: given 4634, previously 4654
10-28 03:23:01.091  2874  2939 W ResourceType: ResTable_typeSpec entry count inconsistent: given 2, previously 147
10-28 03:23:01.091  2874  2939 W ResourceType: ResTable_typeSpec entry count inconsistent: given 6, previously 158
10-28 03:23:01.092  2874  2874 W ResourceType: ResTable_typeSpec entry count inconsistent: given 4653, previously 4654
10-28 03:23:01.092  2874  2874 W ResourceType: ResTable_typeSpec entry count inconsistent: given 534, previously 4767
10-28 03:23:01.147  2874  2874 W ResourceType: ResTable_typeSpec entry count inconsistent: given 26, previously 35
10-28 03:23:01.148  2874  2874 W ResourceType: ResTable_typeSpec entry count inconsistent: given 1322, previously 1351
10-28 03:23:01.148  2874  2874 W ResourceType: ResTable_typeSpec entry count inconsistent: given 381, previously 3300
10-28 03:23:01.154  2874  2939 W ResourceType: ResTable_typeSpec entry count inconsistent: given 2129, previously 2249
10-28 03:23:01.155  2874  2939 W ResourceType: ResTable_typeSpec entry count inconsistent: given 1163, previously 1222
10-28 03:23:01.155  2874  2939 W ResourceType: ResTable_typeSpec entry count inconsistent: given 375, previously 2643
10-28 03:23:01.155  2874  2874 W ResourceType: ResTable_typeSpec entry count inconsistent: given 20, previously 33
10-28 03:23:01.156  2874  2874 W ResourceType: ResTable_typeSpec entry count inconsistent: given 969, previously 2450
10-28 03:23:01.156  2874  2874 W ResourceType: ResTable_typeSpec entry count inconsistent: given 1697, previously 1700
10-28 03:23:01.156  2874  2874 W ResourceType: ResTable_typeSpec entry count inconsistent: given 373, previously 3274
10-28 03:23:01.160  2874  2939 W ResourceType: ResTable_typeSpec entry count inconsistent: given 101, previously 105
10-28 03:23:01.160  2874  2939 W ResourceType: ResTable_typeSpec entry count inconsistent: given 4802, previously 5423
10-28 03:23:01.160  2874  2939 W ResourceType: ResTable_typeSpec entry count inconsistent: given 3606, previously 3627
10-28 03:23:01.160  2874  2939 W ResourceType: ResTable_typeSpec entry count inconsistent: given 261, previously 265
10-28 03:23:01.160  2874  2939 W ResourceType: ResTable_typeSpec entry count inconsistent: given 534, previously 5644
10-28 03:23:01.170  2874  2874 W ResourceType: ResTable_typeSpec entry count inconsistent: given 1315, previously 1381
10-28 03:23:01.170  2874  2874 W ResourceType: ResTable_typeSpec entry count inconsistent: given 379, previously 3081
10-28 03:23:01.210  2874  2874 W ResourceType: ResTable_typeSpec entry count inconsistent: given 23, previously 36
10-28 03:23:01.211  2874  2874 W ResourceType: ResTable_typeSpec entry count inconsistent: given 696, previously 3214
10-28 03:23:01.211  2874  2874 W ResourceType: ResTable_typeSpec entry count inconsistent: given 1897, previously 1921
10-28 03:23:01.212  2874  2874 W ResourceType: ResTable_typeSpec entry count inconsistent: given 394, previously 3435
10-28 03:23:01.228  2874  2939 W FusedProxy: Odd, no component found for service com.android.location.service.FusedProvider
10-28 03:23:01.258 12348 12373 W time    : icon time = 0
10-28 03:23:02.006  6568  6618 W QCNEJ   : |CORE| CNE received unexpected action: android.intent.action.BATTERY_CHANGED
10-28 03:23:02.014  6384  6384 E QtiImsExtUtils: getConfigForPhoneId subId is invalid
10-28 03:23:02.014  6384  6384 E QtiImsExtUtils: isCarrierConfigEnabled bundle is null
10-28 03:23:12.037  6568  6618 W QCNEJ   : |CORE| CNE received unexpected action: android.intent.action.BATTERY_CHANGED
10-28 03:23:12.039  6384  6384 E QtiImsExtUtils: getConfigForPhoneId subId is invalid
10-28 03:23:12.039  6384  6384 E QtiImsExtUtils: isCarrierConfigEnabled bundle is null
10-28 03:23:15.505  4352  4990 D API     : 📚 [syncProjectGraph] Fetched 5 albums from API
10-28 03:23:15.506  4352  4990 D API     :    Album[26500] 'Damage Assessment' type=null
10-28 03:23:15.506  4352  4990 D API     :    Album[26501] 'Daily Progress' type=null
10-28 03:23:15.507  4352  4990 D API     :    Album[26502] 'Pre-existing Damages' type=null
10-28 03:23:15.507  4352  4990 D API     :    Album[26503] 'Contents' type=null
10-28 03:23:15.508  4352  4990 D API     :    Album[26504] 'Betterments' type=null
10-28 03:23:15.525  4352  4990 D API     : 📚 [syncProjectGraph] Saved 5 albums (photo counts will be calculated from database)
10-28 03:23:15.542  4352  4990 D API     : ✅ [syncProjectGraph] Sync completed for project 4926 - Locations: 7, Rooms: 2
10-28 03:23:15.544  4352  4990 D API     : 🔄 [syncProjectGraph] Starting sync for project 4929
10-28 03:23:15.599  6384  6384 E QtiRilInterface: instance = com.qualcomm.qti.internal.telephony.QtiRilInterface@3d07930
10-28 03:23:15.924  4352  4996 E API     : ❌ [syncProjectGraph] Failed to fetch project detail for 4929
10-28 03:23:15.924  4352  4996 E API     : retrofit2.HttpException: HTTP 400 
10-28 03:23:15.924  4352  4996 E API     : 	at retrofit2.KotlinExtensions$await$2$2.onResponse(KotlinExtensions.kt:53)
10-28 03:23:15.924  4352  4996 E API     : 	at retrofit2.OkHttpCall$1.onResponse(OkHttpCall.java:161)
10-28 03:23:15.924  4352  4996 E API     : 	at okhttp3.internal.connection.RealCall$AsyncCall.run(RealCall.kt:519)
10-28 03:23:15.924  4352  4996 E API     : 	at java.util.concurrent.ThreadPoolExecutor.runWorker(ThreadPoolExecutor.java:1133)
10-28 03:23:15.924  4352  4996 E API     : 	at java.util.concurrent.ThreadPoolExecutor$Worker.run(ThreadPoolExecutor.java:607)
10-28 03:23:15.924  4352  4996 E API     : 	at java.lang.Thread.run(Thread.java:761)
10-28 03:23:15.924  4352  4996 D API     : 🏢 [syncProjectGraph] Fetching property for project 4929
10-28 03:23:16.259  4352  4996 D API     : ✅ [syncProjectGraph] Fetched and saved property 2990
10-28 03:23:16.259  4352  4996 D API     : 📍 [syncProjectGraph] Fetching locations for property 2990
10-28 03:23:16.588  4352  4549 D API     : ✅ [syncProjectGraph] Fetched 5 levels
10-28 03:23:16.875  2874  6368 E IzatSvc_PassiveLocListener: E/Exiting with error virtual void izat_manager::IzatPassiveLocationListener::onLocationChanged(const izat_manager::IzatLocation *, const IzatLocationStatus) line 171 "1"
10-28 03:23:16.929  4352  4732 D API     : ✅ [syncProjectGraph] Fetched 1 nested locations
10-28 03:23:16.955  4352  4732 D API     : 📍 [syncProjectGraph] Saved 6 property locations, total collected: 6
10-28 03:23:16.956  4352  4732 D API     : 🏠 [syncProjectGraph] Fetching rooms for 6 locations
10-28 03:23:17.290  4352  4996 D API     : INFO [syncProjectGraph] Location 37502 has no rooms (404)
10-28 03:23:17.290  4352  4996 D API     : 🔍 [syncProjectGraph] fetchRoomsForLocation(37502) returned 0 rooms
10-28 03:23:17.290  4352  4996 D API     : ⚠️ [syncProjectGraph] No rooms to save for location 37502 (empty list)
10-28 03:23:17.598  2874  5959 E NetdConnector: yingjie i: 33 ,start: 0
10-28 03:23:17.623  2874  5959 E NetdConnector: yingjie i: 39 ,start: 0
10-28 03:23:17.654  4352  4732 D API     : INFO [syncProjectGraph] Location 37503 has no rooms (404)
10-28 03:23:17.654  4352  4732 D API     : 🔍 [syncProjectGraph] fetchRoomsForLocation(37503) returned 0 rooms
10-28 03:23:17.654  4352  4732 D API     : ⚠️ [syncProjectGraph] No rooms to save for location 37503 (empty list)
10-28 03:23:17.741  2874  5959 E NetdConnector: yingjie i: 37 ,start: 0
10-28 03:23:18.006  4352  4996 D API     : INFO [syncProjectGraph] Location 37504 has no rooms (404)
10-28 03:23:18.006  4352  4996 D API     : 🔍 [syncProjectGraph] fetchRoomsForLocation(37504) returned 0 rooms
10-28 03:23:18.006  4352  4996 D API     : ⚠️ [syncProjectGraph] No rooms to save for location 37504 (empty list)
10-28 03:23:18.694  4352  4990 D API     : INFO [syncProjectGraph] Location 37506 has no rooms (404)
10-28 03:23:18.694  4352  4990 D API     : 🔍 [syncProjectGraph] fetchRoomsForLocation(37506) returned 0 rooms
10-28 03:23:18.694  4352  4990 D API     : ⚠️ [syncProjectGraph] No rooms to save for location 37506 (empty list)
10-28 03:23:19.190  4352  4996 D API     : ✅ [syncProjectGraph] Fetched 22 rooms for location 3929 (page 1)
10-28 03:23:19.190  4352  4996 D API     : 🔍 [DEBUG] Room payload - id: 5755, name: null, title: null, roomType.name: Dining Room, level.name: Main Level
10-28 03:23:19.191  4352  4996 D API     : 🔍 [syncProjectGraph] fetchRoomsForLocation(3929) returned 22 rooms
10-28 03:23:19.255  4352  4996 D API     : 💾 [syncProjectGraph] Saved 22 rooms for location 3929 to database
10-28 03:23:19.260  4352  4996 D API     : 🏠 [syncProjectGraph] Total rooms collected: 22
10-28 03:23:19.260  4352  4996 D API     : 📸 [syncProjectGraph] Fetching photos for 22 rooms
10-28 03:23:19.710  4352  5144 D API     : ✅ [syncProjectGraph] Fetched 22 photos for room 5755 (paginated)
10-28 03:23:20.061  4352  4365 W art     : Suspending all threads took: 6.006ms
10-28 03:23:20.173  2874  5959 E NetdConnector: yingjie i: 33 ,start: 0
10-28 03:23:20.197  2874  5959 E NetdConnector: yingjie i: 39 ,start: 0
10-28 03:23:20.313  4352  4990 D API     : 📸 [persistPhotos] Saved 22 album-photo relationships
10-28 03:23:20.313  4352  4990 D API     : 💾 [syncProjectGraph] Saved 22 photos for room 5755
10-28 03:23:20.332  2874  5959 E NetdConnector: yingjie i: 37 ,start: 0
10-28 03:23:20.373  6384  6384 E QtiRilInterface: instance = com.qualcomm.qti.internal.telephony.QtiRilInterface@3d07930
10-28 03:23:22.049  6568  6618 W QCNEJ   : |CORE| CNE received unexpected action: android.intent.action.BATTERY_CHANGED
10-28 03:23:22.054  6384  6384 E QtiImsExtUtils: getConfigForPhoneId subId is invalid
10-28 03:23:22.054  6384  6384 E QtiImsExtUtils: isCarrierConfigEnabled bundle is null
10-28 03:23:22.161  4352  4990 D API     : ✅ [syncProjectGraph] Fetched 50 photos for room 5688 (paginated)
10-28 03:23:23.149  4352  5144 D API     : 📸 [persistPhotos] Saved 50 album-photo relationships
10-28 03:23:23.149  4352  5144 D API     : 💾 [syncProjectGraph] Saved 50 photos for room 5688
10-28 03:23:23.562  4352  4990 D API     : ✅ [syncProjectGraph] Fetched 15 photos for room 5687 (paginated)
10-28 03:23:23.848  4352  4990 D API     : 📸 [persistPhotos] Saved 15 album-photo relationships
10-28 03:23:23.848  4352  4990 D API     : 💾 [syncProjectGraph] Saved 15 photos for room 5687
10-28 03:23:25.212  4352  4990 D API     : ✅ [syncProjectGraph] Fetched 50 photos for room 5686 (paginated)
10-28 03:23:25.709  2874  2939 W FusedProxy: Odd, no component found for service com.android.location.service.FusedProvider
10-28 03:23:25.753 12348 12373 W time    : icon time = 0
10-28 03:23:26.292  4352  4990 D API     : 📸 [persistPhotos] Saved 50 album-photo relationships
10-28 03:23:26.292  4352  4990 D API     : 💾 [syncProjectGraph] Saved 50 photos for room 5686
10-28 03:23:26.734  4352  5144 D API     : ✅ [syncProjectGraph] Fetched 10 photos for room 5685 (paginated)
10-28 03:23:26.999  4352  4990 D API     : 📸 [persistPhotos] Saved 10 album-photo relationships
10-28 03:23:26.999  4352  4990 D API     : 💾 [syncProjectGraph] Saved 10 photos for room 5685
10-28 03:23:27.967  4352  4990 D API     : ✅ [syncProjectGraph] Fetched 50 photos for room 5684 (paginated)
10-28 03:23:29.065  4352  4990 D API     : 📸 [persistPhotos] Saved 50 album-photo relationships
10-28 03:23:29.065  4352  4990 D API     : 💾 [syncProjectGraph] Saved 50 photos for room 5684
10-28 03:23:29.472  4352  4990 D API     : ✅ [syncProjectGraph] Fetched 10 photos for room 5632 (paginated)
10-28 03:23:29.737  4352  4990 D API     : 📸 [persistPhotos] Saved 10 album-photo relationships
10-28 03:23:29.737  4352  4990 D API     : 💾 [syncProjectGraph] Saved 10 photos for room 5632
10-28 03:23:30.182  4352  4990 D API     : ✅ [syncProjectGraph] Fetched 20 photos for room 5631 (paginated)
10-28 03:23:30.628  4352  5144 D API     : 📸 [persistPhotos] Saved 20 album-photo relationships
10-28 03:23:30.628  4352  5144 D API     : 💾 [syncProjectGraph] Saved 20 photos for room 5631
10-28 03:23:31.552  4352  5144 D API     : ✅ [syncProjectGraph] Fetched 20 photos for room 5630 (paginated)
10-28 03:23:32.018  4352  5144 D API     : 📸 [persistPhotos] Saved 20 album-photo relationships
10-28 03:23:32.018  4352  5144 D API     : 💾 [syncProjectGraph] Saved 20 photos for room 5630
10-28 03:23:32.072  6568  6618 W QCNEJ   : |CORE| CNE received unexpected action: android.intent.action.BATTERY_CHANGED
10-28 03:23:32.077  6384  6384 E QtiImsExtUtils: getConfigForPhoneId subId is invalid
10-28 03:23:32.077  6384  6384 E QtiImsExtUtils: isCarrierConfigEnabled bundle is null
10-28 03:23:32.517   502   502 E VM_BMS  : failed to set wake_lock rc=-13
10-28 03:23:32.522   502   502 E VM_BMS  : failed to wake_unlock rc=-13
10-28 03:23:32.560  6568  6618 W QCNEJ   : |CORE| CNE received unexpected action: android.intent.action.BATTERY_CHANGED
10-28 03:23:32.566  6384  6384 E QtiImsExtUtils: getConfigForPhoneId subId is invalid
10-28 03:23:32.566  6384  6384 E QtiImsExtUtils: isCarrierConfigEnabled bundle is null
10-28 03:23:32.575  6568  6618 W QCNEJ   : |CORE| CNE received unexpected action: android.intent.action.BATTERY_CHANGED
10-28 03:23:32.575  2874  2943 E BatteryStatsService: no controller energy info supplied
10-28 03:23:32.576  2874  2943 E BatteryStatsService: no controller energy info supplied
10-28 03:23:32.579  6384  6384 E QtiImsExtUtils: getConfigForPhoneId subId is invalid
10-28 03:23:32.579  6384  6384 E QtiImsExtUtils: isCarrierConfigEnabled bundle is null
10-28 03:23:32.587  2874  2943 E BatteryStatsService: power: Missing API
10-28 03:23:32.609  2874  2943 E BatteryStatsService: modem info is invalid: ModemActivityInfo{ mTimestamp=0 mSleepTimeMs=0 mIdleTimeMs=0 mTxTimeMs[]=[0, 0, 0, 0, 0] mRxTimeMs=0 mEnergyUsed=0}
10-28 03:23:33.302  4352  5144 D API     : ✅ [syncProjectGraph] Fetched 60 photos for room 5629 (paginated)
10-28 03:23:34.116   310   310 E SurfaceFlinger: hwc1 createLayer1 for (1 x 1), name=Toast
10-28 03:23:34.116   310   310 E SurfaceFlinger: hwc1 createLayer2 for (1 x 1), name=Toast
10-28 03:23:34.172   347   347 E cnss-daemon: gateway mac address: %02x:%02x:%02x:%02x:%02x:%02x
10-28 03:23:34.172   347   347 E cnss-daemon: : 00:00:00:00:00:00
10-28 03:23:34.172   347   347 E cnss-daemon: Invalid mac address: 0xb32a7e6cM
10-28 03:23:34.682  4352  5144 D API     : 📸 [persistPhotos] Saved 60 album-photo relationships
10-28 03:23:34.682  4352  5144 D API     : 💾 [syncProjectGraph] Saved 60 photos for room 5629
10-28 03:23:35.111  4352  5144 D API     : ✅ [syncProjectGraph] Fetched 16 photos for room 5628 (paginated)
10-28 03:23:35.467  4352  5144 D API     : 📸 [persistPhotos] Saved 16 album-photo relationships
10-28 03:23:35.467  4352  5144 D API     : 💾 [syncProjectGraph] Saved 16 photos for room 5628
10-28 03:23:35.881  4352  5144 D API     : ✅ [syncProjectGraph] Fetched 10 photos for room 5627 (paginated)
10-28 03:23:36.074  2874  2874 W WindowManager: Attempted to remove non-existing token: android.os.Binder@a390a68
10-28 03:23:36.158  4352  5144 D API     : 📸 [persistPhotos] Saved 10 album-photo relationships
10-28 03:23:36.158  4352  5144 D API     : 💾 [syncProjectGraph] Saved 10 photos for room 5627
10-28 03:23:36.885  4352  5144 D API     : ✅ [syncProjectGraph] Fetched 30 photos for room 5626 (paginated)
10-28 03:23:37.542  4352  5144 D API     : 📸 [persistPhotos] Saved 30 album-photo relationships
10-28 03:23:37.542  4352  5144 D API     : 💾 [syncProjectGraph] Saved 30 photos for room 5626
10-28 03:23:37.954  4352  5144 D API     : ✅ [syncProjectGraph] Fetched 10 photos for room 5625 (paginated)
10-28 03:23:38.229  4352  4990 D API     : 📸 [persistPhotos] Saved 10 album-photo relationships
10-28 03:23:38.229  4352  4990 D API     : 💾 [syncProjectGraph] Saved 10 photos for room 5625
10-28 03:23:39.739  4352  4990 D API     : ✅ [syncProjectGraph] Fetched 50 photos for room 5624 (paginated)
10-28 03:23:39.829  5260  5260 W main    : type=1400 audit(0.0:75303): avc: denied { read } for name="name" dev="sysfs" ino=10246 scontext=u:r:shell:s0 tcontext=u:object_r:sysfs:s0 tclass=file permissive=0
10-28 03:23:39.837  5260  5260 E libmdmdetect: Failed to open /sys/bus/msm_subsys/devices/subsys0/name: Permission denied
10-28 03:23:39.980  2874  6422 W ActivityManager: Force removing ActivityRecord{ef74a20 u0 com.example.rocketplan_android.dev/com.example.rocketplan_android.MainActivity t86}: app died, no saved state
10-28 03:23:40.046   310   310 E SurfaceFlinger: hwc1 createLayer1 for (800 x 1280), name=com.tct.tablet.launcher/com.tct.launcher.Launcher
10-28 03:23:40.046   310   310 E SurfaceFlinger: hwc1 createLayer2 for (800 x 1280), name=com.tct.tablet.launcher/com.tct.launcher.Launcher
10-28 03:23:40.062  2874 16082 E JavaBinder: !!! FAILED BINDER TRANSACTION !!!  (parcel size = 104)
10-28 03:23:40.062  2874 16082 W InputMethodManagerService: Got RemoteException sending setActive(false) notification to pid 4352 uid 10170
10-28 03:23:40.062  2874 16082 E JavaBinder: !!! FAILED BINDER TRANSACTION !!!  (parcel size = 108)
10-28 03:23:40.099  2874  5975 E ConnectivityService: RemoteException caught trying to send a callback msg for NetworkRequest [ LISTEN id=1470, [ Capabilities: INTERNET&NOT_RESTRICTED&TRUSTED&NOT_VPN&FOREGROUND] ]
10-28 03:23:40.103  2874  5975 E ConnectivityService: RemoteException caught trying to send a callback msg for NetworkRequest [ TRACK_DEFAULT id=1468, [ Capabilities: INTERNET&NOT_RESTRICTED&TRUSTED&NOT_VPN] ]
10-28 03:23:40.107  6384  6384 E QtiRilInterface: instance = com.qualcomm.qti.internal.telephony.QtiRilInterface@3d07930
10-28 03:23:40.603 12348 12400 W OpenGLRenderer: Incorrectly called buildLayer on View: ShortcutAndWidgetContainer, destroying layer...
10-28 03:23:40.603 12348 12400 W OpenGLRenderer: Incorrectly called buildLayer on View: ShortcutAndWidgetContainer, destroying layer...
10-28 03:23:42.088  6568  6618 W QCNEJ   : |CORE| CNE received unexpected action: android.intent.action.BATTERY_CHANGED
10-28 03:23:42.093  6384  6384 E QtiImsExtUtils: getConfigForPhoneId subId is invalid
10-28 03:23:42.093  6384  6384 E QtiImsExtUtils: isCarrierConfigEnabled bundle is null
10-28 03:23:50.542   347   347 E cnss-daemon: Stale or unreachable neighbors, ndm state: 4
10-28 03:23:52.112  6568  6618 W QCNEJ   : |CORE| CNE received unexpected action: android.intent.action.BATTERY_CHANGED
10-28 03:23:52.116  6384  6384 E QtiImsExtUtils: getConfigForPhoneId subId is invalid
10-28 03:23:52.116  6384  6384 E QtiImsExtUtils: isCarrierConfigEnabled bundle is null
10-28 03:24:02.131  6568  6618 W QCNEJ   : |CORE| CNE received unexpected action: android.intent.action.BATTERY_CHANGED
10-28 03:24:02.135  6384  6384 E QtiImsExtUtils: getConfigForPhoneId subId is invalid
10-28 03:24:02.135  6384  6384 E QtiImsExtUtils: isCarrierConfigEnabled bundle is null
10-28 03:24:12.151  6568  6618 W QCNEJ   : |CORE| CNE received unexpected action: android.intent.action.BATTERY_CHANGED
10-28 03:24:12.159  6384  6384 E QtiImsExtUtils: getConfigForPhoneId subId is invalid
10-28 03:24:12.159  6384  6384 E QtiImsExtUtils: isCarrierConfigEnabled bundle is null
10-28 03:24:16.875  2874  6368 E IzatSvc_PassiveLocListener: E/Exiting with error virtual void izat_manager::IzatPassiveLocationListener::onLocationChanged(const izat_manager::IzatLocation *, const IzatLocationStatus) line 171 "1"
10-28 03:24:20.663   502   502 E VM_BMS  : failed to set wake_lock rc=-13
10-28 03:24:20.668   502   502 E VM_BMS  : failed to wake_unlock rc=-13
10-28 03:24:22.172  6568  6618 W QCNEJ   : |CORE| CNE received unexpected action: android.intent.action.BATTERY_CHANGED
10-28 03:24:22.176  6384  6384 E QtiImsExtUtils: getConfigForPhoneId subId is invalid
10-28 03:24:22.176  6384  6384 E QtiImsExtUtils: isCarrierConfigEnabled bundle is null
10-28 03:24:32.190  6568  6618 W QCNEJ   : |CORE| CNE received unexpected action: android.intent.action.BATTERY_CHANGED
10-28 03:24:32.194  6384  6384 E QtiImsExtUtils: getConfigForPhoneId subId is invalid
10-28 03:24:32.195  6384  6384 E QtiImsExtUtils: isCarrierConfigEnabled bundle is null
10-28 03:24:41.032   347   347 E cnss-daemon: Stale or unreachable neighbors, ndm state: 16
10-28 03:24:42.210  6568  6618 W QCNEJ   : |CORE| CNE received unexpected action: android.intent.action.BATTERY_CHANGED
10-28 03:24:42.217  6384  6384 E QtiImsExtUtils: getConfigForPhoneId subId is invalid
10-28 03:24:42.217  6384  6384 E QtiImsExtUtils: isCarrierConfigEnabled bundle is null
10-28 03:24:52.231  6568  6618 W QCNEJ   : |CORE| CNE received unexpected action: android.intent.action.BATTERY_CHANGED
10-28 03:24:52.237  6384  6384 E QtiImsExtUtils: getConfigForPhoneId subId is invalid
10-28 03:24:52.237  6384  6384 E QtiImsExtUtils: isCarrierConfigEnabled bundle is null
10-28 03:24:58.902   347   347 E cnss-daemon: Stale or unreachable neighbors, ndm state: 4
10-28 03:25:08.805   502   502 E VM_BMS  : failed to set wake_lock rc=-13
10-28 03:25:08.810   502   502 E VM_BMS  : failed to wake_unlock rc=-13
10-28 03:25:08.841  6568  6618 W QCNEJ   : |CORE| CNE received unexpected action: android.intent.action.BATTERY_CHANGED
10-28 03:25:08.847  6384  6384 E QtiImsExtUtils: getConfigForPhoneId subId is invalid
10-28 03:25:08.847  6384  6384 E QtiImsExtUtils: isCarrierConfigEnabled bundle is null
10-28 03:25:08.859  6568  6618 W QCNEJ   : |CORE| CNE received unexpected action: android.intent.action.BATTERY_CHANGED
10-28 03:25:08.861  2874  2943 E BatteryStatsService: no controller energy info supplied
10-28 03:25:08.862  2874  2943 E BatteryStatsService: no controller energy info supplied
10-28 03:25:08.864  6384  6384 E QtiImsExtUtils: getConfigForPhoneId subId is invalid
10-28 03:25:08.864  6384  6384 E QtiImsExtUtils: isCarrierConfigEnabled bundle is null
10-28 03:25:08.872  2874  2943 E BatteryStatsService: power: Missing API
10-28 03:25:08.895  2874  2943 E BatteryStatsService: modem info is invalid: ModemActivityInfo{ mTimestamp=0 mSleepTimeMs=0 mIdleTimeMs=0 mTxTimeMs[]=[0, 0, 0, 0, 0] mRxTimeMs=0 mEnergyUsed=0}
10-28 03:25:12.269  6568  6618 W QCNEJ   : |CORE| CNE received unexpected action: android.intent.action.BATTERY_CHANGED
10-28 03:25:12.274  6384  6384 E QtiImsExtUtils: getConfigForPhoneId subId is invalid
10-28 03:25:12.274  6384  6384 E QtiImsExtUtils: isCarrierConfigEnabled bundle is null
10-28 03:25:16.876  2874  6368 E IzatSvc_PassiveLocListener: E/Exiting with error virtual void izat_manager::IzatPassiveLocationListener::onLocationChanged(const izat_manager::IzatLocation *, const IzatLocationStatus) line 171 "1"
10-28 03:25:22.290  6568  6618 W QCNEJ   : |CORE| CNE received unexpected action: android.intent.action.BATTERY_CHANGED
10-28 03:25:22.298  6384  6384 E QtiImsExtUtils: getConfigForPhoneId subId is invalid
10-28 03:25:22.298  6384  6384 E QtiImsExtUtils: isCarrierConfigEnabled bundle is null
10-28 03:25:32.309  6568  6618 W QCNEJ   : |CORE| CNE received unexpected action: android.intent.action.BATTERY_CHANGED
10-28 03:25:32.314  6384  6384 E QtiImsExtUtils: getConfigForPhoneId subId is invalid
10-28 03:25:32.314  6384  6384 E QtiImsExtUtils: isCarrierConfigEnabled bundle is null
10-28 03:25:42.330  6568  6618 W QCNEJ   : |CORE| CNE received unexpected action: android.intent.action.BATTERY_CHANGED
10-28 03:25:42.335  6384  6384 E QtiImsExtUtils: getConfigForPhoneId subId is invalid
10-28 03:25:42.335  6384  6384 E QtiImsExtUtils: isCarrierConfigEnabled bundle is null
10-28 03:25:52.352  6568  6618 W QCNEJ   : |CORE| CNE received unexpected action: android.intent.action.BATTERY_CHANGED
10-28 03:25:52.359  6384  6384 E QtiImsExtUtils: getConfigForPhoneId subId is invalid
10-28 03:25:52.359  6384  6384 E QtiImsExtUtils: isCarrierConfigEnabled bundle is null
10-28 03:25:56.951   502   502 E VM_BMS  : failed to set wake_lock rc=-13
10-28 03:25:56.957   502   502 E VM_BMS  : failed to wake_unlock rc=-13
10-28 03:26:02.371  6568  6618 W QCNEJ   : |CORE| CNE received unexpected action: android.intent.action.BATTERY_CHANGED
10-28 03:26:02.377  6384  6384 E QtiImsExtUtils: getConfigForPhoneId subId is invalid
10-28 03:26:02.378  6384  6384 E QtiImsExtUtils: isCarrierConfigEnabled bundle is null
10-28 03:26:16.876  2874  6368 E IzatSvc_PassiveLocListener: E/Exiting with error virtual void izat_manager::IzatPassiveLocationListener::onLocationChanged(const izat_manager::IzatLocation *, const IzatLocationStatus) line 171 "1"
10-28 03:26:18.102   347   347 E cnss-daemon: Stale or unreachable neighbors, ndm state: 16
10-28 03:26:32.431  6568  6618 W QCNEJ   : |CORE| CNE received unexpected action: android.intent.action.BATTERY_CHANGED
10-28 03:26:32.436  6384  6384 E QtiImsExtUtils: getConfigForPhoneId subId is invalid
10-28 03:26:32.436  6384  6384 E QtiImsExtUtils: isCarrierConfigEnabled bundle is null
10-28 03:26:35.981   347   347 E cnss-daemon: Stale or unreachable neighbors, ndm state: 4
10-28 03:26:42.449  6568  6618 W QCNEJ   : |CORE| CNE received unexpected action: android.intent.action.BATTERY_CHANGED
10-28 03:26:42.455  6384  6384 E QtiImsExtUtils: getConfigForPhoneId subId is invalid
10-28 03:26:42.455  6384  6384 E QtiImsExtUtils: isCarrierConfigEnabled bundle is null
10-28 03:26:45.094   502   502 E VM_BMS  : failed to set wake_lock rc=-13
10-28 03:26:45.098   502   502 E VM_BMS  : failed to wake_unlock rc=-13
10-28 03:27:02.491  6568  6618 W QCNEJ   : |CORE| CNE received unexpected action: android.intent.action.BATTERY_CHANGED
10-28 03:27:02.495  6384  6384 E QtiImsExtUtils: getConfigForPhoneId subId is invalid
10-28 03:27:02.495  6384  6384 E QtiImsExtUtils: isCarrierConfigEnabled bundle is null
10-28 03:27:12.510  6568  6618 W QCNEJ   : |CORE| CNE received unexpected action: android.intent.action.BATTERY_CHANGED
10-28 03:27:12.518  6384  6384 E QtiImsExtUtils: getConfigForPhoneId subId is invalid
10-28 03:27:12.518  6384  6384 E QtiImsExtUtils: isCarrierConfigEnabled bundle is null
10-28 03:27:15.144  2874  5959 E NetdConnector: yingjie i: 39 ,start: 0
10-28 03:27:15.281  2874  5959 E NetdConnector: yingjie i: 37 ,start: 0
10-28 03:27:16.875  2874  6368 E IzatSvc_PassiveLocListener: E/Exiting with error virtual void izat_manager::IzatPassiveLocationListener::onLocationChanged(const izat_manager::IzatLocation *, const IzatLocationStatus) line 171 "1"
10-28 03:27:17.902   564  7673 E LOWI-7.7.2.5.b: [LOWIUtils] channelBandToFreq: Invalid band,channel = 1,0
10-28 03:27:17.902   564  7673 E LOWI-7.7.2.5.b: [LOWIUtils] channelBandToFreq: Invalid band,channel = 1,0
10-28 03:27:17.903   564  7673 E LOWI-7.7.2.5.b: [LOWIUtils] channelBandToFreq: Invalid band,channel = 1,0
10-28 03:27:17.903   564  7673 E LOWI-7.7.2.5.b: [LOWIUtils] channelBandToFreq: Invalid band,channel = 1,0
10-28 03:27:17.912   564  7673 E LOWI-7.7.2.5.b: [LOWIUtils] channelBandToFreq: Invalid band,channel = 1,0
10-28 03:27:17.913   564  7673 E LOWI-7.7.2.5.b: [LOWIUtils] channelBandToFreq: Invalid band,channel = 1,0
10-28 03:27:17.913   564  7673 E LOWI-7.7.2.5.b: [LOWIUtils] channelBandToFreq: Invalid band,channel = 1,0
10-28 03:27:17.914   564  7673 E LOWI-7.7.2.5.b: [LOWIUtils] channelBandToFreq: Invalid band,channel = 1,0
10-28 03:27:17.928   566   651 W XTCC-5.1.0.19-a: [LOWIUtils] to_eScanTypeResponse - default case
10-28 03:27:17.928   566   651 W XTCC-5.1.0.19-a: [WifiScanner] WiFi scan result : [7] AP's
10-28 03:27:22.530  6568  6618 W QCNEJ   : |CORE| CNE received unexpected action: android.intent.action.BATTERY_CHANGED
10-28 03:27:22.537  6384  6384 E QtiImsExtUtils: getConfigForPhoneId subId is invalid
10-28 03:27:22.537  6384  6384 E QtiImsExtUtils: isCarrierConfigEnabled bundle is null
10-28 03:27:32.551  6568  6618 W QCNEJ   : |CORE| CNE received unexpected action: android.intent.action.BATTERY_CHANGED
10-28 03:27:32.557  6384  6384 E QtiImsExtUtils: getConfigForPhoneId subId is invalid
10-28 03:27:32.557  6384  6384 E QtiImsExtUtils: isCarrierConfigEnabled bundle is null
10-28 03:27:33.237   502   502 E VM_BMS  : failed to set wake_lock rc=-13
10-28 03:27:33.242   502   502 E VM_BMS  : failed to wake_unlock rc=-13
10-28 03:27:37.362   347   347 E cnss-daemon: Stale or unreachable neighbors, ndm state: 16
10-28 03:27:52.590  6568  6618 W QCNEJ   : |CORE| CNE received unexpected action: android.intent.action.BATTERY_CHANGED
10-28 03:27:52.597  6384  6384 E QtiImsExtUtils: getConfigForPhoneId subId is invalid
10-28 03:27:52.597  6384  6384 E QtiImsExtUtils: isCarrierConfigEnabled bundle is null
10-28 03:27:55.222   347   347 E cnss-daemon: Stale or unreachable neighbors, ndm state: 4
10-28 03:28:02.611  6568  6618 W QCNEJ   : |CORE| CNE received unexpected action: android.intent.action.BATTERY_CHANGED
10-28 03:28:02.619  6384  6384 E QtiImsExtUtils: getConfigForPhoneId subId is invalid
10-28 03:28:02.619  6384  6384 E QtiImsExtUtils: isCarrierConfigEnabled bundle is null
10-28 03:28:12.631  6568  6618 W QCNEJ   : |CORE| CNE received unexpected action: android.intent.action.BATTERY_CHANGED
10-28 03:28:12.635  6384  6384 E QtiImsExtUtils: getConfigForPhoneId subId is invalid
10-28 03:28:12.635  6384  6384 E QtiImsExtUtils: isCarrierConfigEnabled bundle is null
10-28 03:28:16.876  2874  6368 E IzatSvc_PassiveLocListener: E/Exiting with error virtual void izat_manager::IzatPassiveLocationListener::onLocationChanged(const izat_manager::IzatLocation *, const IzatLocationStatus) line 171 "1"
10-28 03:28:21.378   502   502 E VM_BMS  : failed to set wake_lock rc=-13
10-28 03:28:21.383   502   502 E VM_BMS  : failed to wake_unlock rc=-13
10-28 03:28:42.692  6568  6618 W QCNEJ   : |CORE| CNE received unexpected action: android.intent.action.BATTERY_CHANGED
10-28 03:28:42.700  6384  6384 E QtiImsExtUtils: getConfigForPhoneId subId is invalid
10-28 03:28:42.700  6384  6384 E QtiImsExtUtils: isCarrierConfigEnabled bundle is null
10-28 03:28:52.709  6568  6618 W QCNEJ   : |CORE| CNE received unexpected action: android.intent.action.BATTERY_CHANGED
10-28 03:28:52.717  6384  6384 E QtiImsExtUtils: getConfigForPhoneId subId is invalid
10-28 03:28:52.717  6384  6384 E QtiImsExtUtils: isCarrierConfigEnabled bundle is null
10-28 03:29:02.729  6568  6618 W QCNEJ   : |CORE| CNE received unexpected action: android.intent.action.BATTERY_CHANGED
10-28 03:29:02.734  6384  6384 E QtiImsExtUtils: getConfigForPhoneId subId is invalid
10-28 03:29:02.734  6384  6384 E QtiImsExtUtils: isCarrierConfigEnabled bundle is null
10-28 03:29:09.523   502   502 E VM_BMS  : failed to set wake_lock rc=-13
10-28 03:29:09.528   502   502 E VM_BMS  : failed to wake_unlock rc=-13
10-28 03:29:16.876  2874  6368 E IzatSvc_PassiveLocListener: E/Exiting with error virtual void izat_manager::IzatPassiveLocationListener::onLocationChanged(const izat_manager::IzatLocation *, const IzatLocationStatus) line 171 "1"
10-28 03:29:22.768  6568  6618 W QCNEJ   : |CORE| CNE received unexpected action: android.intent.action.BATTERY_CHANGED
10-28 03:29:22.775  6384  6384 E QtiImsExtUtils: getConfigForPhoneId subId is invalid
10-28 03:29:22.775  6384  6384 E QtiImsExtUtils: isCarrierConfigEnabled bundle is null
10-28 03:29:32.791  6568  6618 W QCNEJ   : |CORE| CNE received unexpected action: android.intent.action.BATTERY_CHANGED
10-28 03:29:32.795  6384  6384 E QtiImsExtUtils: getConfigForPhoneId subId is invalid
10-28 03:29:32.795  6384  6384 E QtiImsExtUtils: isCarrierConfigEnabled bundle is null
10-28 03:29:42.810  6568  6618 W QCNEJ   : |CORE| CNE received unexpected action: android.intent.action.BATTERY_CHANGED
10-28 03:29:42.816  6384  6384 E QtiImsExtUtils: getConfigForPhoneId subId is invalid
10-28 03:29:42.816  6384  6384 E QtiImsExtUtils: isCarrierConfigEnabled bundle is null
10-28 03:29:49.946  6204  6204 E Parcel  : Reading a NULL string not supported here.
10-28 03:29:49.949  6204  6204 E Parcel  : Reading a NULL string not supported here.
10-28 03:29:49.951  6204  6204 E Parcel  : Reading a NULL string not supported here.
10-28 03:29:49.952  6204  6204 E Parcel  : Reading a NULL string not supported here.
10-28 03:29:49.988  6204  6204 E Parcel  : Reading a NULL string not supported here.
10-28 03:29:50.010  6204  6204 E Parcel  : Reading a NULL string not supported here.
10-28 03:29:50.061  6204  6204 E Parcel  : Reading a NULL string not supported here.
10-28 03:29:50.090  6204  6204 E Parcel  : Reading a NULL string not supported here.
10-28 03:29:50.099  6204  6204 E Parcel  : Reading a NULL string not supported here.
10-28 03:29:50.101  6204  6204 E Parcel  : Reading a NULL string not supported here.
10-28 03:29:50.104  6204  6204 E Parcel  : Reading a NULL string not supported here.
10-28 03:29:50.105  6204  6204 E Parcel  : Reading a NULL string not supported here.
10-28 03:29:50.125   309   309 E SELinux : avc:  denied  { find } for service=netd pid=6204 uid=2000 scontext=u:r:shell:s0 tcontext=u:object_r:netd_service:s0 tclass=service_manager permissive=0
10-28 03:29:50.167   309   309 E SELinux : avc:  denied  { find } for service=android.service.gatekeeper.IGateKeeperService pid=6204 uid=2000 scontext=u:r:shell:s0 tcontext=u:object_r:gatekeeper_service:s0 tclass=service_manager permissive=0
10-28 03:29:52.829  6568  6618 W QCNEJ   : |CORE| CNE received unexpected action: android.intent.action.BATTERY_CHANGED
10-28 03:29:52.837  6384  6384 E QtiImsExtUtils: getConfigForPhoneId subId is invalid
10-28 03:29:52.837  6384  6384 E QtiImsExtUtils: isCarrierConfigEnabled bundle is null
10-28 03:29:52.909  6212  6212 W main    : type=1400 audit(0.0:75304): avc: denied { read } for name="name" dev="sysfs" ino=10246 scontext=u:r:shell:s0 tcontext=u:object_r:sysfs:s0 tclass=file permissive=0
10-28 03:29:52.918  6212  6212 E libmdmdetect: Failed to open /sys/bus/msm_subsys/devices/subsys0/name: Permission denied
10-28 03:29:54.884 19444  6231 E AbstractLogEventBuilder: The provided ProductIdOrigin 3 is not one of the process-level expected values: 1 or 2
10-28 03:29:54.926 19444  6231 W Settings: Setting install_non_market_apps has moved from android.provider.Settings.Global to android.provider.Settings.Secure, returning read-only value.
10-28 03:29:55.442 19444 19493 E AbstractLogEventBuilder: The provided ProductIdOrigin 3 is not one of the process-level expected values: 1 or 2
10-28 03:29:55.650 19444 19498 E Finsky  : [5011] 5 file not found
10-28 03:29:55.650 19444 19498 E Finsky  : [5011] APK Analysis allow list check failed; APK Analysis will be skipped!
10-28 03:29:55.650 19444 19498 E Finsky  : com.google.android.finsky.verifier.apkanalysis.client.ApkAnalysisException: DOWNLOAD_FILE_NOT_FOUND_EXCEPTION while analyzing APK
10-28 03:29:55.650 19444 19498 E Finsky  : 	at axac.d(PG:447)
10-28 03:29:55.650 19444 19498 E Finsky  : 	at axab.b(PG:372)
10-28 03:29:55.650 19444 19498 E Finsky  : 	at axab.a(PG:13)
10-28 03:29:55.650 19444 19498 E Finsky  : 	at org.chromium.net.AndroidNetworkLibrary.w(PG:14)
10-28 03:29:55.650 19444 19498 E Finsky  : 	at org.chromium.net.AndroidNetworkLibrary.v(PG:2)
10-28 03:29:55.650 19444 19498 E Finsky  : 	at bvew.aZ(PG:10)
10-28 03:29:55.650 19444 19498 E Finsky  : 	at axbm.b(PG:641)
10-28 03:29:55.650 19444 19498 E Finsky  : 	at axbm.a(PG:324)
10-28 03:29:55.650 19444 19498 E Finsky  : 	at org.chromium.net.AndroidNetworkLibrary.w(PG:14)
10-28 03:29:55.650 19444 19498 E Finsky  : 	at bvaf.p(PG:28)
10-28 03:29:55.650 19444 19498 E Finsky  : 	at bvaf.h(PG:12)
10-28 03:29:55.650 19444 19498 E Finsky  : 	at axgm.a(PG:106)
10-28 03:29:55.650 19444 19498 E Finsky  : 	at axbm.b(PG:598)
10-28 03:29:55.650 19444 19498 E Finsky  : 	at buyd.ok(PG:6)
10-28 03:29:55.650 19444 19498 E Finsky  : 	at bvff.run(PG:109)
10-28 03:29:55.650 19444 19498 E Finsky  : 	at java.util.concurrent.ThreadPoolExecutor.runWorker(ThreadPoolExecutor.java:1133)
10-28 03:29:55.650 19444 19498 E Finsky  : 	at java.util.concurrent.ThreadPoolExecutor$Worker.run(ThreadPoolExecutor.java:607)
10-28 03:29:55.650 19444 19498 E Finsky  : 	at qqi.run(PG:412)
10-28 03:29:55.650 19444 19498 E Finsky  : 	at java.lang.Thread.run(Thread.java:761)
10-28 03:29:55.661 19444 19498 E AbstractLogEventBuilder: The provided ProductIdOrigin 3 is not one of the process-level expected values: 1 or 2
10-28 03:29:55.663 19444 19498 E Finsky  : [5011] Logging timeout report message
10-28 03:29:55.663 19444 19498 E Finsky  : com.google.android.finsky.verifier.apkanalysis.client.ApkAnalysisException: DOWNLOAD_FILE_NOT_FOUND_EXCEPTION while analyzing APK
10-28 03:29:55.663 19444 19498 E Finsky  : 	at axac.d(PG:447)
10-28 03:29:55.663 19444 19498 E Finsky  : 	at axab.b(PG:372)
10-28 03:29:55.663 19444 19498 E Finsky  : 	at axab.a(PG:13)
10-28 03:29:55.663 19444 19498 E Finsky  : 	at org.chromium.net.AndroidNetworkLibrary.w(PG:14)
10-28 03:29:55.663 19444 19498 E Finsky  : 	at org.chromium.net.AndroidNetworkLibrary.v(PG:2)
10-28 03:29:55.663 19444 19498 E Finsky  : 	at bvew.aZ(PG:10)
10-28 03:29:55.663 19444 19498 E Finsky  : 	at axbm.b(PG:641)
10-28 03:29:55.663 19444 19498 E Finsky  : 	at axbm.a(PG:324)
10-28 03:29:55.663 19444 19498 E Finsky  : 	at org.chromium.net.AndroidNetworkLibrary.w(PG:14)
10-28 03:29:55.663 19444 19498 E Finsky  : 	at bvaf.p(PG:28)
10-28 03:29:55.663 19444 19498 E Finsky  : 	at bvaf.h(PG:12)
10-28 03:29:55.663 19444 19498 E Finsky  : 	at axgm.a(PG:106)
10-28 03:29:55.663 19444 19498 E Finsky  : 	at axbm.b(PG:598)
10-28 03:29:55.663 19444 19498 E Finsky  : 	at buyd.ok(PG:6)
10-28 03:29:55.663 19444 19498 E Finsky  : 	at bvff.run(PG:109)
10-28 03:29:55.663 19444 19498 E Finsky  : 	at java.util.concurrent.ThreadPoolExecutor.runWorker(ThreadPoolExecutor.java:1133)
10-28 03:29:55.663 19444 19498 E Finsky  : 	at java.util.concurrent.ThreadPoolExecutor$Worker.run(ThreadPoolExecutor.java:607)
10-28 03:29:55.663 19444 19498 E Finsky  : 	at qqi.run(PG:412)
10-28 03:29:55.663 19444 19498 E Finsky  : 	at java.lang.Thread.run(Thread.java:761)
10-28 03:29:55.665 19444 19498 E Finsky  : [5011] VerifyApps: APK Analysis scan failed for com.example.rocketplan_android.dev
