11-03 15:46:17.581   830   961 E AppOps  : attributionTag VCN not declared in manifest of android
11-03 15:46:17.720   830   961 W ContextImpl: Calling a method in the system process without a qualified user: android.app.ContextImpl.sendBroadcastMultiplePermissions:1358 android.content.Context.sendBroadcastMultiplePermissions:2790 com.android.server.TelephonyRegistry.broadcastServiceStateChanged:4165 com.android.server.TelephonyRegistry.notifyServiceStateForPhoneId:1848 com.android.internal.telephony.ITelephonyRegistry$Stub.onTransact:613 
11-03 15:46:17.739   830   961 W ContextImpl: Calling a method in the system process without a qualified user: android.app.ContextImpl.sendBroadcastMultiplePermissions:1391 com.android.server.TelephonyRegistry.broadcastServiceStateChanged:4170 com.android.server.TelephonyRegistry.notifyServiceStateForPhoneId:1848 com.android.internal.telephony.ITelephonyRegistry$Stub.onTransact:613 android.os.Binder.execTransactInternal:1473 
11-03 15:46:17.750   830   961 W ContextImpl: Calling a method in the system process without a qualified user: android.app.ContextImpl.sendBroadcastMultiplePermissions:1391 com.android.server.TelephonyRegistry.broadcastServiceStateChanged:4179 com.android.server.TelephonyRegistry.notifyServiceStateForPhoneId:1848 com.android.internal.telephony.ITelephonyRegistry$Stub.onTransact:613 android.os.Binder.execTransactInternal:1473 
11-03 15:46:17.777   830   961 W ContextImpl: Calling a method in the system process without a qualified user: android.app.ContextImpl.sendBroadcastMultiplePermissions:1391 com.android.server.TelephonyRegistry.broadcastServiceStateChanged:4185 com.android.server.TelephonyRegistry.notifyServiceStateForPhoneId:1848 com.android.internal.telephony.ITelephonyRegistry$Stub.onTransact:613 android.os.Binder.execTransactInternal:1473 
11-03 15:46:17.792   830  1048 W ContextImpl: Calling a method in the system process without a qualified user: android.app.ContextImpl.sendStickyBroadcast:1758 com.android.server.wifi.ClientModeImpl.sendNetworkChangeBroadcast:3171 com.android.server.wifi.ClientModeImpl.lambda$sendNetworkChangeBroadcastWithCurrentState$14:3148 com.android.server.wifi.ClientModeImpl.$r8$lambda$mtuS9ulugUkTxNA_sDDnAioo66w:0 com.android.server.wifi.ClientModeImpl$$ExternalSyntheticLambda13.send:0 
11-03 15:46:18.088   830  1048 E AppOps  : attributionTag UwbCountryCode not declared in manifest of android
11-03 15:46:18.218   830  1024 W MagnificationConnectionManager: requestConnection duplicated request: connect=false, mConnectionState=DISCONNECTED
11-03 15:46:18.509   830  1062 W ContextImpl: Calling a method in the system process without a qualified user: android.app.ContextImpl.sendStickyBroadcast:1758 android.net.connectivity.com.android.server.ConnectivityService.sendStickyBroadcast:4326 android.net.connectivity.com.android.server.ConnectivityService.sendLegacyNetworkBroadcast:13076 android.net.connectivity.com.android.server.ConnectivityService$LegacyTypeTracker.remove:1398 android.net.connectivity.com.android.server.ConnectivityService$LegacyTypeTracker.remove:1415 
11-03 15:46:18.545   830  1822 W TransitionChain: Combining dispOverCfg into #4(CHANGE|R|0x0) from updateGlobalConfig
11-03 15:46:18.824   830  1822 W PackageConfigPersister: App-specific configuration not found for packageName: com.google.android.apps.nexuslauncher and userId: 0
11-03 15:46:18.945   830  1533 W ContextImpl: Calling a method in the system process without a qualified user: android.app.ContextImpl.sendBroadcastMultiplePermissions:1358 android.content.Context.sendBroadcastMultiplePermissions:2790 com.android.server.TelephonyRegistry.broadcastServiceStateChanged:4165 com.android.server.TelephonyRegistry.notifyServiceStateForPhoneId:1848 com.android.internal.telephony.ITelephonyRegistry$Stub.onTransact:613 
11-03 15:46:18.953   830  1533 W ContextImpl: Calling a method in the system process without a qualified user: android.app.ContextImpl.sendBroadcastMultiplePermissions:1391 com.android.server.TelephonyRegistry.broadcastServiceStateChanged:4170 com.android.server.TelephonyRegistry.notifyServiceStateForPhoneId:1848 com.android.internal.telephony.ITelephonyRegistry$Stub.onTransact:613 android.os.Binder.execTransactInternal:1473 
11-03 15:46:18.962   830  1533 W ContextImpl: Calling a method in the system process without a qualified user: android.app.ContextImpl.sendBroadcastMultiplePermissions:1391 com.android.server.TelephonyRegistry.broadcastServiceStateChanged:4179 com.android.server.TelephonyRegistry.notifyServiceStateForPhoneId:1848 com.android.internal.telephony.ITelephonyRegistry$Stub.onTransact:613 android.os.Binder.execTransactInternal:1473 
11-03 15:46:18.972   830  1533 W ContextImpl: Calling a method in the system process without a qualified user: android.app.ContextImpl.sendBroadcastMultiplePermissions:1391 com.android.server.TelephonyRegistry.broadcastServiceStateChanged:4185 com.android.server.TelephonyRegistry.notifyServiceStateForPhoneId:1848 com.android.internal.telephony.ITelephonyRegistry$Stub.onTransact:613 android.os.Binder.execTransactInternal:1473 
11-03 15:46:19.833   830  1408 W ActivityManager: Unable to start service Intent { act=android.service.smartspace.SmartspaceService xflg=0x4 cmp=com.google.android.as/com.google.android.apps.miphone.aiai.app.AiAiSmartspaceService } U=0: not found
11-03 15:46:19.833   830  1408 W RemoteSmartspaceService: could not bind to Intent { act=android.service.smartspace.SmartspaceService xflg=0x4 cmp=com.google.android.as/com.google.android.apps.miphone.aiai.app.AiAiSmartspaceService } using flags 67112961
11-03 15:46:19.835   830   830 W ActivityManager: Unbind failed: could not find connection for android.app.LoadedApk$ServiceDispatcher$InnerConnection@99df808
11-03 15:46:20.039   830  1533 W ActivityManager: Unable to start service Intent { act=android.service.smartspace.SmartspaceService xflg=0x4 cmp=com.google.android.as/com.google.android.apps.miphone.aiai.app.AiAiSmartspaceService } U=0: not found
11-03 15:46:20.039   830  1533 W RemoteSmartspaceService: could not bind to Intent { act=android.service.smartspace.SmartspaceService xflg=0x4 cmp=com.google.android.as/com.google.android.apps.miphone.aiai.app.AiAiSmartspaceService } using flags 67112961
11-03 15:46:20.041   830   830 W ActivityManager: Unbind failed: could not find connection for android.app.LoadedApk$ServiceDispatcher$InnerConnection@57239e
11-03 15:46:20.088   830  1408 W ActivityManager: Unable to start service Intent { act=android.service.smartspace.SmartspaceService xflg=0x4 cmp=com.google.android.as/com.google.android.apps.miphone.aiai.app.AiAiSmartspaceService } U=0: not found
11-03 15:46:20.089   830  1408 W RemoteSmartspaceService: could not bind to Intent { act=android.service.smartspace.SmartspaceService xflg=0x4 cmp=com.google.android.as/com.google.android.apps.miphone.aiai.app.AiAiSmartspaceService } using flags 67112961
11-03 15:46:20.091   830   830 W ActivityManager: Unbind failed: could not find connection for android.app.LoadedApk$ServiceDispatcher$InnerConnection@9c37338
11-03 15:46:20.129   830  1408 W ActivityManager: Unable to start service Intent { act=android.service.smartspace.SmartspaceService xflg=0x4 cmp=com.google.android.as/com.google.android.apps.miphone.aiai.app.AiAiSmartspaceService } U=0: not found
11-03 15:46:20.129   830  1408 W RemoteSmartspaceService: could not bind to Intent { act=android.service.smartspace.SmartspaceService xflg=0x4 cmp=com.google.android.as/com.google.android.apps.miphone.aiai.app.AiAiSmartspaceService } using flags 67112961
11-03 15:46:20.133   830   830 W ActivityManager: Unbind failed: could not find connection for android.app.LoadedApk$ServiceDispatcher$InnerConnection@929be77
11-03 15:46:20.153   830  1070 E AppOps  : attributionTag VCN not declared in manifest of android
11-03 15:46:20.372   830   876 W ActivityManager: Slow operation: 80ms so far, now at startProcess: returned from zygote!
11-03 15:46:20.374   830   876 W ActivityManager: Slow operation: 82ms so far, now at startProcess: done updating battery stats
11-03 15:46:20.375   830   876 W ActivityManager: Slow operation: 83ms so far, now at startProcess: building log message
11-03 15:46:20.375   830   876 W ActivityManager: Slow operation: 83ms so far, now at startProcess: starting to update pids map
11-03 15:46:20.376   830   876 W ActivityManager: Slow operation: 83ms so far, now at startProcess: done updating pids map
11-03 15:46:20.622   830  1975 W AppOpService: Ignored setUidMode call for runtime permission app op: uid = 10145, code = READ_CELL_BROADCASTS, mode = allow, callingUid = 1001, oldMode = allow
11-03 15:46:20.655   830  1408 W AppOpService: Ignored setUidMode call for runtime permission app op: uid = 1001, code = READ_SMS, mode = allow, callingUid = 1001, oldMode = allow
11-03 15:46:20.663   830  1975 W AppOpService: Ignored setUidMode call for runtime permission app op: uid = 1001, code = RECEIVE_SMS, mode = allow, callingUid = 1001, oldMode = allow
11-03 15:46:20.664   830  1975 W AppOpService: Ignored setUidMode call for runtime permission app op: uid = 1001, code = RECEIVE_WAP_PUSH, mode = allow, callingUid = 1001, oldMode = allow
11-03 15:46:20.672   830  1975 W AppOpService: Ignored setUidMode call for runtime permission app op: uid = 1001, code = SEND_SMS, mode = allow, callingUid = 1001, oldMode = allow
11-03 15:46:20.674   830  1408 W AppOpService: Ignored setUidMode call for runtime permission app op: uid = 1001, code = READ_CELL_BROADCASTS, mode = allow, callingUid = 1001, oldMode = allow
11-03 15:46:20.825   830  1825 W AppOpService: Ignored setUidMode call for runtime permission app op: uid = 10145, code = READ_CELL_BROADCASTS, mode = allow, callingUid = 1001, oldMode = allow
11-03 15:46:20.841   830  1825 W AppOpService: Ignored setUidMode call for runtime permission app op: uid = 1001, code = READ_SMS, mode = allow, callingUid = 1001, oldMode = allow
11-03 15:46:20.846   830   961 W AppOpService: Ignored setUidMode call for runtime permission app op: uid = 1001, code = RECEIVE_SMS, mode = allow, callingUid = 1001, oldMode = allow
11-03 15:46:20.851   830   961 W AppOpService: Ignored setUidMode call for runtime permission app op: uid = 1001, code = RECEIVE_WAP_PUSH, mode = allow, callingUid = 1001, oldMode = allow
11-03 15:46:20.854   830   961 W AppOpService: Ignored setUidMode call for runtime permission app op: uid = 1001, code = SEND_SMS, mode = allow, callingUid = 1001, oldMode = allow
11-03 15:46:20.858   830   961 W AppOpService: Ignored setUidMode call for runtime permission app op: uid = 1001, code = READ_CELL_BROADCASTS, mode = allow, callingUid = 1001, oldMode = allow
11-03 15:46:20.927   830  1533 E AppOps  : attributionTag VCN not declared in manifest of android
11-03 15:46:21.353   830   830 W ProcessStats: Tracking association SourceState{ea1bf24 system/1000 BFgs #191} whose proc state 4 is better than process ProcessState{99d84b0 com.google.android.ext.services/10217 pkg=com.google.android.ext.services} proc state 14 (25 skipped)
11-03 15:46:22.190   717   717 W wificond: Scan is not started. Ignore abort request
11-03 15:46:22.210   830  1048 W ContextImpl: Calling a method in the system process without a qualified user: android.app.ContextImpl.sendStickyBroadcast:1758 com.android.server.wifi.ClientModeImpl.sendNetworkChangeBroadcast:3171 com.android.server.wifi.ClientModeImpl.lambda$sendNetworkChangeBroadcastWithCurrentState$14:3148 com.android.server.wifi.ClientModeImpl.$r8$lambda$mtuS9ulugUkTxNA_sDDnAioo66w:0 com.android.server.wifi.ClientModeImpl$$ExternalSyntheticLambda13.send:0 
11-03 15:46:22.484   830  1048 W ContextImpl: Calling a method in the system process without a qualified user: android.app.ContextImpl.sendStickyBroadcast:1758 com.android.server.wifi.ClientModeImpl.sendNetworkChangeBroadcast:3171 com.android.server.wifi.ClientModeImpl.lambda$sendNetworkChangeBroadcastWithCurrentState$14:3148 com.android.server.wifi.ClientModeImpl.$r8$lambda$mtuS9ulugUkTxNA_sDDnAioo66w:0 com.android.server.wifi.ClientModeImpl$$ExternalSyntheticLambda13.send:0 
11-03 15:46:22.950   830  1048 W ContextImpl: Calling a method in the system process without a qualified user: android.app.ContextImpl.sendStickyBroadcast:1758 com.android.server.wifi.ClientModeImpl.sendNetworkChangeBroadcast:3171 com.android.server.wifi.ClientModeImpl.lambda$sendNetworkChangeBroadcastWithCurrentState$14:3148 com.android.server.wifi.ClientModeImpl.$r8$lambda$mtuS9ulugUkTxNA_sDDnAioo66w:0 com.android.server.wifi.ClientModeImpl$$ExternalSyntheticLambda13.send:0 
11-03 15:46:23.072   830  1070 E AppOps  : attributionTag VCN not declared in manifest of android
11-03 15:46:23.158   830  1048 W ContextImpl: Calling a method in the system process without a qualified user: android.app.ContextImpl.sendStickyBroadcast:1758 com.android.server.wifi.ClientModeImpl.sendNetworkChangeBroadcast:3171 com.android.server.wifi.ClientModeImpl.lambda$sendNetworkChangeBroadcastWithCurrentState$14:3148 com.android.server.wifi.ClientModeImpl.$r8$lambda$mtuS9ulugUkTxNA_sDDnAioo66w:0 com.android.server.wifi.ClientModeImpl$$ExternalSyntheticLambda13.send:0 
11-03 15:46:23.464   830   961 E AppOps  : attributionTag VCN not declared in manifest of android
11-03 15:46:23.484   830  2133 W ActivityManager: Slow operation: 91ms so far, now at startProcess: building args
11-03 15:46:23.536   830  2133 W ActivityManager: Slow operation: 157ms so far, now at startProcess: done starting proc!
11-03 15:46:23.539   830  2133 W ContentProviderHelper: Slow operation: 163ms so far, now at getContentProviderImpl: after start process
11-03 15:46:23.542   830  2133 W ContentProviderHelper: Slow operation: 166ms so far, now at getContentProviderImpl: updating data structures
11-03 15:46:23.545   830  2133 W ContentProviderHelper: Slow operation: 168ms so far, now at getContentProviderImpl: done!
11-03 15:46:23.545   830   876 W ActivityManager: Slow operation: 146ms so far, now at startProcess: asking zygote to start proc
11-03 15:46:23.617   830   876 W ActivityManager: Slow operation: 224ms so far, now at startProcess: returned from zygote!
11-03 15:46:23.622   830   876 W ActivityManager: Slow operation: 228ms so far, now at startProcess: done updating battery stats
11-03 15:46:23.663   830   876 W ActivityManager: Slow operation: 269ms so far, now at startProcess: building log message
11-03 15:46:23.665   830   876 W ActivityManager: Slow operation: 272ms so far, now at startProcess: starting to update pids map
11-03 15:46:23.672   830   876 W ActivityManager: Slow operation: 278ms so far, now at startProcess: done updating pids map
11-03 15:46:23.873   830   961 W AppOpService: Ignored setUidMode call for runtime permission app op: uid = 10145, code = READ_CELL_BROADCASTS, mode = allow, callingUid = 1001, oldMode = allow
11-03 15:46:23.888   830  1822 W AppOpService: Ignored setUidMode call for runtime permission app op: uid = 1001, code = READ_SMS, mode = allow, callingUid = 1001, oldMode = allow
11-03 15:46:23.890   558   582 E NetlinkEvent: NetlinkEvent::FindParam(): Parameter 'INTERFACE' not found
11-03 15:46:23.891   558   582 E NetlinkEvent: NetlinkEvent::FindParam(): Parameter 'STATE' not found
11-03 15:46:23.891   558   582 E NetlinkEvent: NetlinkEvent::FindParam(): Parameter 'TIME_NS' not found
11-03 15:46:23.891   558   582 E NetlinkEvent: NetlinkEvent::FindParam(): Parameter 'UID' not found
11-03 15:46:23.895   830  1589 W AppOpService: Ignored setUidMode call for runtime permission app op: uid = 1001, code = RECEIVE_SMS, mode = allow, callingUid = 1001, oldMode = allow
11-03 15:46:23.897   830  1589 W AppOpService: Ignored setUidMode call for runtime permission app op: uid = 1001, code = RECEIVE_WAP_PUSH, mode = allow, callingUid = 1001, oldMode = allow
11-03 15:46:23.900   830   961 W AppOpService: Ignored setUidMode call for runtime permission app op: uid = 1001, code = SEND_SMS, mode = allow, callingUid = 1001, oldMode = allow
11-03 15:46:23.901   830  1589 W AppOpService: Ignored setUidMode call for runtime permission app op: uid = 1001, code = READ_CELL_BROADCASTS, mode = allow, callingUid = 1001, oldMode = allow
11-03 15:46:24.446   830   861 W Looper  : Slow dispatch took 1040ms android.fg app=system_server main=false group=FOREGROUND h=android.os.Handler c=android.app.LoadedApk$ReceiverDispatcher$Args$$ExternalSyntheticLambda0@85130 m=0
11-03 15:46:24.454   830   861 W Looper  : Slow delivery took 1025ms android.fg app=system_server main=false group=FOREGROUND h=android.os.Handler c=com.android.server.net.NetworkManagementService$NetdUnsolicitedEventListener$$ExternalSyntheticLambda7@76761a9 m=0
11-03 15:46:24.652   830   960 W ActivityManager: Slow operation: 318ms so far, now at attachApplicationLocked: before bindApplication
11-03 15:46:24.653   830   960 W ActivityManager: Slow operation: 351ms so far, now at attachApplicationLocked: immediately before bindApplication
11-03 15:46:24.662   830   960 W ActivityManager: Slow operation: 360ms so far, now at attachApplicationLocked: immediately after bindApplication
11-03 15:46:24.662   830   960 W ActivityManager: Slow operation: 360ms so far, now at attachApplicationLocked: after updateLruProcessLocked
11-03 15:46:24.682   830  1062 W ContextImpl: Calling a method in the system process without a qualified user: android.app.ContextImpl.sendStickyBroadcast:1758 android.net.connectivity.com.android.server.ConnectivityService.sendStickyBroadcast:4326 android.net.connectivity.com.android.server.ConnectivityService.sendGeneralBroadcast:4296 android.net.connectivity.com.android.server.ConnectivityService.sendConnectedBroadcast:4269 android.net.connectivity.com.android.server.ConnectivityService.sendLegacyNetworkBroadcast:13048 
11-03 15:46:24.697   830   861 W Looper  : Drained
11-03 15:46:24.697   830   960 W ActivityManager: Slow operation: 395ms so far, now at attachApplicationLocked: after updateOomAdjLocked
11-03 15:46:24.737   830   830 W Looper  : Slow dispatch took 291ms main app=system_server main=true group=FOREGROUND h=com.android.server.power.Notifier$NotifierHandler c=com.android.server.power.Notifier$1@a2a6660 m=0
11-03 15:46:24.755   830   830 W Looper  : Slow delivery took 317ms main app=system_server main=true group=FOREGROUND h=com.android.server.power.Notifier$NotifierHandler c=null m=7
11-03 15:46:24.796   830  1589 W ActivityManager: Slow operation: 77ms so far, now at attachApplicationLocked: after updateOomAdjLocked
11-03 15:46:24.935   830  1062 W ContextImpl: Calling a method in the system process without a qualified user: android.app.ContextImpl.sendStickyBroadcast:1758 android.net.connectivity.com.android.server.ConnectivityService.sendStickyBroadcast:4326 android.net.connectivity.com.android.server.ConnectivityService.sendGeneralBroadcast:4296 android.net.connectivity.com.android.server.ConnectivityService.sendInetConditionBroadcast:4273 android.net.connectivity.com.android.server.ConnectivityService.updateInetCondition:12700 
11-03 15:46:25.150   830   830 W Looper  : Drained
11-03 15:46:25.736   830  1431 W ContextImpl: Calling a method in the system process without a qualified user: android.app.ContextImpl.sendBroadcastMultiplePermissions:1358 android.content.Context.sendBroadcastMultiplePermissions:2790 com.android.server.TelephonyRegistry.broadcastServiceStateChanged:4165 com.android.server.TelephonyRegistry.notifyServiceStateForPhoneId:1848 com.android.internal.telephony.ITelephonyRegistry$Stub.onTransact:613 
11-03 15:46:25.740   830  1431 W ContextImpl: Calling a method in the system process without a qualified user: android.app.ContextImpl.sendBroadcastMultiplePermissions:1391 com.android.server.TelephonyRegistry.broadcastServiceStateChanged:4170 com.android.server.TelephonyRegistry.notifyServiceStateForPhoneId:1848 com.android.internal.telephony.ITelephonyRegistry$Stub.onTransact:613 android.os.Binder.execTransactInternal:1473 
11-03 15:46:25.748   830  1431 W ContextImpl: Calling a method in the system process without a qualified user: android.app.ContextImpl.sendBroadcastMultiplePermissions:1391 com.android.server.TelephonyRegistry.broadcastServiceStateChanged:4179 com.android.server.TelephonyRegistry.notifyServiceStateForPhoneId:1848 com.android.internal.telephony.ITelephonyRegistry$Stub.onTransact:613 android.os.Binder.execTransactInternal:1473 
11-03 15:46:25.753   830  1431 W ContextImpl: Calling a method in the system process without a qualified user: android.app.ContextImpl.sendBroadcastMultiplePermissions:1391 com.android.server.TelephonyRegistry.broadcastServiceStateChanged:4185 com.android.server.TelephonyRegistry.notifyServiceStateForPhoneId:1848 com.android.internal.telephony.ITelephonyRegistry$Stub.onTransact:613 android.os.Binder.execTransactInternal:1473 
11-03 15:46:25.988   830  1431 W ContextImpl: Calling a method in the system process without a qualified user: android.app.ContextImpl.sendBroadcastMultiplePermissions:1391 android.content.Context.sendBroadcastMultiplePermissions:2736 android.content.Context.sendBroadcastMultiplePermissions:2724 com.android.server.TelephonyRegistry.broadcastDataConnectionStateChanged:4384 com.android.server.TelephonyRegistry.notifyDataConnectionForSubscriber:2323 
11-03 15:46:26.075   830  1980 W ContextImpl: Calling a method in the system process without a qualified user: android.app.ContextImpl.sendBroadcastMultiplePermissions:1391 android.content.Context.sendBroadcastMultiplePermissions:2736 android.content.Context.sendBroadcastMultiplePermissions:2724 com.android.server.TelephonyRegistry.broadcastDataConnectionStateChanged:4384 com.android.server.TelephonyRegistry.notifyDataConnectionForSubscriber:2323 
11-03 15:46:26.248   558   582 E NetlinkEvent: NetlinkEvent::FindParam(): Parameter 'INTERFACE' not found
11-03 15:46:26.249   558   582 E NetlinkEvent: NetlinkEvent::FindParam(): Parameter 'STATE' not found
11-03 15:46:26.249   558   582 E NetlinkEvent: NetlinkEvent::FindParam(): Parameter 'TIME_NS' not found
11-03 15:46:26.249   558   582 E NetlinkEvent: NetlinkEvent::FindParam(): Parameter 'UID' not found
11-03 15:46:26.607   830  1980 W ActivityManager: Unable to start service Intent { act=com.google.android.gms.phenotype.service.START xflg=0x4 pkg=com.google.android.gms } U=0: not found
11-03 15:46:26.608   830  1980 W ActivityManager: Unbind failed: could not find connection for android.os.BinderProxy@f16882f
11-03 15:46:26.686   830   960 W ActivityManager: Unable to start service Intent { act=com.google.android.gms.phenotype.service.START xflg=0x4 pkg=com.google.android.gms } U=0: not found
11-03 15:46:26.688   830   960 W ActivityManager: Unbind failed: could not find connection for android.os.BinderProxy@e9a7d
11-03 15:46:26.693   830  1429 W ActivityManager: Unable to start service Intent { act=com.google.android.gms.phenotype.service.START xflg=0x4 pkg=com.google.android.gms } U=0: not found
11-03 15:46:26.693   830  1429 W ActivityManager: Unbind failed: could not find connection for android.os.BinderProxy@2f80d72
11-03 15:46:26.845  2122  2210 W ActivityThread: Failed to find provider info for androidx.car.app.connection (user not unlocked)
11-03 15:46:26.878   830  1825 W ActivityManager: Unable to start service Intent { act=com.google.android.gms.phenotype.service.START xflg=0x4 pkg=com.google.android.gms } U=0: not found
11-03 15:46:26.879   830  1825 W ActivityManager: Unbind failed: could not find connection for android.os.BinderProxy@4ccfca5
11-03 15:46:26.882   830  1825 W ActivityManager: Unable to start service Intent { act=com.google.android.gms.phenotype.service.START xflg=0x4 pkg=com.google.android.gms } U=0: not found
11-03 15:46:26.882   830  1825 W ActivityManager: Unbind failed: could not find connection for android.os.BinderProxy@ce0087a
11-03 15:46:26.899   830  1825 W ActivityManager: Unable to start service Intent { xflg=0x4 cmp=com.google.android.dialer/com.google.apps.tiktok.concurrent.AndroidFuturesService (has extras) } U=0: not found
11-03 15:46:26.989   830  1980 W ActivityManager: Unable to start service Intent { xflg=0x4 cmp=com.google.android.dialer/com.google.apps.tiktok.concurrent.AndroidFuturesService (has extras) } U=0: not found
11-03 15:46:27.013   830  1980 W ActivityManager: Unable to start service Intent { act=com.google.android.gms.phenotype.service.START xflg=0x4 pkg=com.google.android.gms } U=0: not found
11-03 15:46:27.015   830  1825 W ActivityManager: Unbind failed: could not find connection for android.os.BinderProxy@45e41a3
11-03 15:46:47.733   830  1429 W ActivityManager: Unable to start service Intent { act=com.google.android.chimera.BoundService.START dat=chimera-action: xflg=0x4 cmp=com.google.android.gms/.chimera.PersistentApiService } U=0: not found
11-03 15:46:47.734   830  1429 W ActivityManager: Unbind failed: could not find connection for android.os.BinderProxy@2a49efe
11-03 15:48:09.036   830   830 W ProcessStats: Tracking association SourceState{ea1bf24 system/1000 BFgs #249} whose proc state 4 is better than process ProcessState{99d84b0 com.google.android.ext.services/10217 pkg=com.google.android.ext.services} proc state 14 (3 skipped)
11-03 15:48:09.160   830   862 W Looper  : Slow dispatch took 101ms android.ui app=system_server main=false group=TOP_APP h=com.android.server.am.ActivityManagerService$UiHandler c=com.android.server.am.UidObserverController$$ExternalSyntheticLambda0@4a086de m=0
11-03 15:48:09.741   830   898 W PowerManagerService: Screen on took 922 ms
11-03 15:48:21.006   830   830 W Looper  : Slow dispatch took 204ms main app=system_server main=true group=FOREGROUND h=com.android.server.trust.TrustManagerService$4 c=null m=3
11-03 15:48:21.072   830  1975 W TransitionChain: Combining sleepTokens into #5(TO_BACK|R|0x104) from kgGoAway
11-03 15:48:21.125   830   864 W ProcessStats: Tracking association SourceState{ea1bf24 system/1000 BFgs #255} whose proc state 4 is better than process ProcessState{99d84b0 com.google.android.ext.services/10217 pkg=com.google.android.ext.services} proc state 14 (0 skipped)
11-03 15:48:21.410   830   830 W Looper  : Slow dispatch took 159ms main app=system_server main=true group=FOREGROUND h=android.app.ActivityThread$H c=android.app.LoadedApk$ServiceDispatcher$RunConnection@e395d54 m=0
11-03 15:48:21.752  1188  1288 E SingleInstanceRemoteListener: Failed remote call on null listener
11-03 15:48:21.965   830   830 W Looper  : Slow dispatch took 113ms main app=system_server main=true group=FOREGROUND h=com.android.internal.widget.LockPatternUtils$StrongAuthTracker$H c=null m=1
11-03 15:48:21.970   830  1429 E AppOps  : attributionTag  not declared in manifest of com.android.systemui
11-03 15:48:22.008   830  1825 E AppOps  : attributionTag  not declared in manifest of com.android.systemui
11-03 15:48:22.055   830  1429 E BiometricScheduler: Current operation is null,no need to start watchdog
11-03 15:48:22.116   830  1825 E AppOps  : attributionTag  not declared in manifest of com.android.systemui
11-03 15:48:22.127   830  1825 E AppOps  : attributionTag  not declared in manifest of com.android.systemui
11-03 15:48:22.318   830  1825 W PackageConfigPersister: App-specific configuration not found for packageName: com.google.android.apps.nexuslauncher and userId: 0
11-03 15:48:23.024   830   861 W PackageManager: Skipping preparing app data for com.google.android.tzdata6
11-03 15:48:23.025   830   861 W PackageManager: Skipping preparing app data for com.google.android.ondevicepersonalization
11-03 15:48:23.025   830   861 W PackageManager: Skipping preparing app data for com.android.hardware.authsecret
11-03 15:48:23.026   830   861 W PackageManager: Skipping preparing app data for com.android.hardware.power
11-03 15:48:23.026   830   861 W PackageManager: Skipping preparing app data for com.google.android.media.swcodec
11-03 15:48:23.027   830   861 W PackageManager: Skipping preparing app data for com.google.android.os.statsd
11-03 15:48:23.027   830   861 W PackageManager: Skipping preparing app data for com.google.android.widevine.nonupdatable
11-03 15:48:23.028   830   861 W PackageManager: Skipping preparing app data for com.android.hardware.threadnetwork
11-03 15:48:23.028   830   861 W PackageManager: Skipping preparing app data for com.google.android.extservices
11-03 15:48:23.029   830   861 W PackageManager: Skipping preparing app data for com.android.hardware.rebootescrow
11-03 15:48:23.029   830   861 W PackageManager: Skipping preparing app data for com.google.android.sdksandbox
11-03 15:48:23.030   830   861 W PackageManager: Skipping preparing app data for com.google.android.bt
11-03 15:48:23.030   830   861 W PackageManager: Skipping preparing app data for com.google.android.healthfitness
11-03 15:48:23.031   830   861 W PackageManager: Skipping preparing app data for com.google.android.ipsec
11-03 15:48:23.032   830   861 W PackageManager: Skipping preparing app data for com.google.android.media
11-03 15:48:23.032   830   861 W PackageManager: Skipping preparing app data for com.google.android.uprobestats
11-03 15:48:23.032   830   861 W PackageManager: Skipping preparing app data for com.android.i18n
11-03 15:48:23.033   830   861 W PackageManager: Skipping preparing app data for com.android.virt
11-03 15:48:23.033   830   861 W PackageManager: Skipping preparing app data for com.android.hardware.contexthub
11-03 15:48:23.034   830   861 W PackageManager: Skipping preparing app data for com.google.android.nfcservices
11-03 15:48:23.034   830   861 W PackageManager: Skipping preparing app data for com.android.hardware.dumpstate
11-03 15:48:23.034   830   861 W PackageManager: Skipping preparing app data for com.google.android.appsearch
11-03 15:48:23.037   830   861 W PackageManager: Skipping preparing app data for com.google.android.configinfrastructure
11-03 15:48:23.044   830   861 W PackageManager: Skipping preparing app data for com.android.devicelock
11-03 15:48:23.045   830   861 W PackageManager: Skipping preparing app data for com.google.android.cellbroadcast
11-03 15:48:23.045   830   861 W PackageManager: Skipping preparing app data for com.android.apex.cts.shim
11-03 15:48:23.046   830   861 W PackageManager: Skipping preparing app data for com.android.compos
11-03 15:48:23.046   830   861 W PackageManager: Skipping preparing app data for com.android.hardware.gatekeeper
11-03 15:48:23.047   830   861 W PackageManager: Skipping preparing app data for com.google.android.resolv
11-03 15:48:23.048   830   861 W PackageManager: Skipping preparing app data for com.google.android.sdkext
11-03 15:48:23.048   830   861 W PackageManager: Skipping preparing app data for com.google.android.art
11-03 15:48:23.049   830   861 W PackageManager: Skipping preparing app data for com.google.android.uwb
11-03 15:48:23.052   830   861 W PackageManager: Skipping preparing app data for com.google.android.runtime
11-03 15:48:23.052   830   861 W PackageManager: Skipping preparing app data for com.android.hardware.cas
11-03 15:48:23.053   830   861 W PackageManager: Skipping preparing app data for com.android.hardware.uwb
11-03 15:48:23.054   830   861 W PackageManager: Skipping preparing app data for com.google.android.adservices
11-03 15:48:23.054   830   861 W PackageManager: Skipping preparing app data for com.google.android.crashrecovery
11-03 15:48:23.055   830   861 W PackageManager: Skipping preparing app data for com.google.android.scheduling
11-03 15:48:23.056   830   861 W PackageManager: Skipping preparing app data for com.android.hardware.thermal
11-03 15:48:23.056   830   861 W PackageManager: Skipping preparing app data for com.google.android.mediaprovider
11-03 15:48:23.057   830   861 W PackageManager: Skipping preparing app data for com.android.hardware.neuralnetworks
11-03 15:48:23.057   830   861 W PackageManager: Skipping preparing app data for com.google.android.permission
11-03 15:48:23.058   830   861 W PackageManager: Skipping preparing app data for com.google.android.profiling
11-03 15:48:23.060   830   861 W PackageManager: Skipping preparing app data for com.google.android.neuralnetworks
11-03 15:48:23.061   830   861 W PackageManager: Skipping preparing app data for com.google.android.tethering
11-03 15:48:23.061   830   861 W PackageManager: Skipping preparing app data for com.google.android.adbd
11-03 15:48:23.062   830   861 W PackageManager: Skipping preparing app data for com.google.android.rkpd
11-03 15:48:23.062   830   861 W PackageManager: Skipping preparing app data for com.google.android.wifi
11-03 15:48:23.063   830   861 W PackageManager: Skipping preparing app data for com.google.android.telephonycore
11-03 15:48:23.064   830   861 W PackageManager: Skipping preparing app data for com.google.android.conscrypt
11-03 15:48:23.064   830   861 W PackageManager: Skipping preparing app data for com.android.hardware.vibrator
11-03 15:48:25.622   830   861 W Looper  : Slow dispatch took 3480ms android.fg app=system_server main=false group=FOREGROUND h=android.os.Handler c=com.android.server.am.UserController$$ExternalSyntheticLambda7@9cf009b m=0
11-03 15:48:25.626   830   861 W Looper  : Slow delivery took 3249ms android.fg app=system_server main=false group=FOREGROUND h=android.os.Handler c=com.android.server.power.hint.HintManagerService$MyUidObserver$$ExternalSyntheticLambda0@234ac38 m=0
11-03 15:48:25.925   272   272 W vold    : disk:253,80 has unknown partition table; trying entire device
11-03 15:48:25.995   830   863 W AppHibernationService: Attempt to call setHibernatingForUser before states have been read from disk
11-03 15:48:25.996   830   863 W AppHibernationService: Attempt to call setHibernatingForUser before states have been read from disk
11-03 15:48:26.000   830   863 W AppHibernationService: Attempt to call setHibernatingForUser before states have been read from disk
11-03 15:48:26.004   830   863 W AppHibernationService: Attempt to call setHibernatingForUser before states have been read from disk
11-03 15:48:26.005   830   863 W AppHibernationService: Attempt to call setHibernatingForUser before states have been read from disk
11-03 15:48:26.007   830   863 W AppHibernationService: Attempt to call setHibernatingForUser before states have been read from disk
11-03 15:48:26.009   830   863 W AppHibernationService: Attempt to call setHibernatingForUser before states have been read from disk
11-03 15:48:26.016   830   863 W AppHibernationService: Attempt to call setHibernatingForUser before states have been read from disk
11-03 15:48:26.019   830   863 W AppHibernationService: Attempt to call setHibernatingForUser before states have been read from disk
11-03 15:48:26.020   830   863 W AppHibernationService: Attempt to call setHibernatingForUser before states have been read from disk
11-03 15:48:26.023   830   863 W AppHibernationService: Attempt to call setHibernatingForUser before states have been read from disk
11-03 15:48:26.024   830   863 W AppHibernationService: Attempt to call setHibernatingForUser before states have been read from disk
11-03 15:48:26.028   830   863 W AppHibernationService: Attempt to call setHibernatingForUser before states have been read from disk
11-03 15:48:26.028   830   863 W AppHibernationService: Attempt to call setHibernatingForUser before states have been read from disk
11-03 15:48:26.029   830   863 W AppHibernationService: Attempt to call setHibernatingForUser before states have been read from disk
11-03 15:48:26.040   830   863 W AppHibernationService: Attempt to call setHibernatingForUser before states have been read from disk
11-03 15:48:26.045   830   863 W AppHibernationService: Attempt to call setHibernatingForUser before states have been read from disk
11-03 15:48:26.051   830   863 W AppHibernationService: Attempt to call setHibernatingForUser before states have been read from disk
11-03 15:48:26.052   830   863 W AppHibernationService: Attempt to call setHibernatingForUser before states have been read from disk
11-03 15:48:26.052   830   863 W AppHibernationService: Attempt to call setHibernatingForUser before states have been read from disk
11-03 15:48:26.053   830   863 W AppHibernationService: Attempt to call setHibernatingForUser before states have been read from disk
11-03 15:48:26.053   830   863 W AppHibernationService: Attempt to call setHibernatingForUser before states have been read from disk
11-03 15:48:26.055   830   863 W AppHibernationService: Attempt to call setHibernatingForUser before states have been read from disk
11-03 15:48:26.062   830   863 W AppHibernationService: Attempt to call setHibernatingForUser before states have been read from disk
11-03 15:48:26.064   830   863 W AppHibernationService: Attempt to call setHibernatingForUser before states have been read from disk
11-03 15:48:26.064   830   863 W AppHibernationService: Attempt to call setHibernatingForUser before states have been read from disk
11-03 15:48:26.066   830   863 W AppHibernationService: Attempt to call setHibernatingForUser before states have been read from disk
11-03 15:48:26.067   830   863 W AppHibernationService: Attempt to call setHibernatingForUser before states have been read from disk
11-03 15:48:26.068   830   863 W AppHibernationService: Attempt to call setHibernatingForUser before states have been read from disk
11-03 15:48:26.068   830   863 W AppHibernationService: Attempt to call setHibernatingForUser before states have been read from disk
11-03 15:48:26.077   830   863 W AppHibernationService: Attempt to call setHibernatingForUser before states have been read from disk
11-03 15:48:26.084   830   863 W AppHibernationService: Attempt to call setHibernatingForUser before states have been read from disk
11-03 15:48:26.085   830   863 W AppHibernationService: Attempt to call setHibernatingForUser before states have been read from disk
11-03 15:48:26.085   830   863 W AppHibernationService: Attempt to call setHibernatingForUser before states have been read from disk
11-03 15:48:26.087   830   863 W AppHibernationService: Attempt to call setHibernatingForUser before states have been read from disk
11-03 15:48:26.557   830  1025 W ActivityManager: Slow operation: 104ms so far, now at startProcess: done creating new process record
11-03 15:48:26.557   830  1025 W ActivityManager: Slow operation: 104ms so far, now at startProcess: stepping in to startProcess
11-03 15:48:26.567   830  1025 W ActivityManager: Slow operation: 114ms so far, now at startProcess: done starting proc!
11-03 15:48:26.575   830   863 W AppHibernationService: Attempt to call setHibernatingForUser before states have been read from disk
11-03 15:48:26.594   830   875 W SystemServiceManager: Service com.android.server.StorageManagerService$Lifecycle took 905 ms in onUnlockingUser-0
11-03 15:48:26.855   830   876 W ActivityManager: Slow operation: 297ms so far, now at startProcess: returned from zygote!
11-03 15:48:26.857   830   876 W ActivityManager: Slow operation: 300ms so far, now at startProcess: done updating battery stats
11-03 15:48:26.862   830   876 W ActivityManager: Slow operation: 305ms so far, now at startProcess: building log message
11-03 15:48:26.864   830   876 W ActivityManager: Slow operation: 307ms so far, now at startProcess: starting to update pids map
11-03 15:48:26.867   830   876 W ActivityManager: Slow operation: 309ms so far, now at startProcess: done updating pids map
11-03 15:48:27.256   830   875 W SystemServiceManager: Service com.android.server.voiceinteraction.VoiceInteractionManagerService took 633 ms in onUnlockingUser-0
11-03 15:48:27.264   830   875 E MusicRecognitionManagerPerUserService: Bad service name: com.google.android.googlequicksearchbox/com.google.android.apps.search.soundsearch.service.SoundSearchService
11-03 15:48:27.362   830   876 W ActivityManager: Slow operation: 116ms so far, now at startProcess: returned from zygote!
11-03 15:48:27.378   830   876 W ActivityManager: Slow operation: 132ms so far, now at startProcess: done updating battery stats
11-03 15:48:27.379   830   876 W ActivityManager: Slow operation: 133ms so far, now at startProcess: building log message
11-03 15:48:27.379   830   876 W ActivityManager: Slow operation: 133ms so far, now at startProcess: starting to update pids map
11-03 15:48:27.381   830   876 W ActivityManager: Slow operation: 135ms so far, now at startProcess: done updating pids map
11-03 15:48:27.722   830   875 W SystemServiceManager: Service com.android.server.contentcapture.ContentCaptureManagerService took 454 ms in onUnlockingUser-0
11-03 15:48:27.802   830   875 W SystemServiceManager: Service com.android.server.ambientcontext.AmbientContextManagerService took 52 ms in onUnlockingUser-0
11-03 15:48:27.885   830   861 W Looper  : Drained
11-03 15:48:27.977   830   876 W ActivityManager: Slow operation: 199ms so far, now at startProcess: returned from zygote!
11-03 15:48:27.986   830   876 W ActivityManager: Slow operation: 207ms so far, now at startProcess: done updating battery stats
11-03 15:48:27.990   830   876 W ActivityManager: Slow operation: 212ms so far, now at startProcess: building log message
11-03 15:48:27.992   830   876 W ActivityManager: Slow operation: 214ms so far, now at startProcess: starting to update pids map
11-03 15:48:27.993   830   876 W ActivityManager: Slow operation: 215ms so far, now at startProcess: done updating pids map
11-03 15:48:28.047   830   875 W SystemServiceManager: Service com.android.server.wifi.WifiService took 106 ms in onUnlockingUser-0
11-03 15:48:28.258   830   875 W SystemServiceManager: Service com.android.server.sdksandbox.SdkSandboxManagerService$Lifecycle took 118 ms in onUnlockingUser-0
11-03 15:48:28.330   830   960 W ActivityManager: Slow operation: 54ms so far, now at attachApplicationLocked: before bindApplication
11-03 15:48:28.331   830   960 W ActivityManager: Slow operation: 63ms so far, now at attachApplicationLocked: immediately before bindApplication
11-03 15:48:28.369   830   960 W ActivityManager: Slow operation: 101ms so far, now at attachApplicationLocked: immediately after bindApplication
11-03 15:48:28.384   830   960 W ActivityManager: Slow operation: 116ms so far, now at attachApplicationLocked: after updateLruProcessLocked
11-03 15:48:28.444   830   875 W SystemServiceManager: Service com.android.server.autofill.AutofillManagerService took 183 ms in onUnlockingUser-0
11-03 15:48:28.489   830  1098 E BackupPasswordManager: Unable to read backup pw version
11-03 15:48:28.492   830  1098 E BackupPasswordManager: Unable to read saved backup pw hash
11-03 15:48:28.508   830   960 W ActivityManager: Slow operation: 240ms so far, now at attachApplicationLocked: after updateOomAdjLocked
11-03 15:48:28.554   830   830 W Looper  : Slow dispatch took 475ms main app=system_server main=true group=FOREGROUND h=com.android.server.trust.TrustManagerService$4 c=null m=11
11-03 15:48:28.641   830   875 W SystemServiceManager: Service com.android.server.credentials.CredentialManagerService took 196 ms in onUnlockingUser-0
11-03 15:48:28.709   830   875 W AppBindingService: [Supervision app] u0 feature disabled
11-03 15:48:28.849   830   875 W SystemServiceManager: Service com.android.server.uwb.UwbService took 113 ms in onUnlockingUser-0
11-03 15:48:28.871   830   874 W ActivityManager: Slow operation: 70ms so far, now at startProcess: done starting proc!
11-03 15:48:29.061   830   876 W ActivityManager: Slow operation: 317ms so far, now at startProcess: returned from zygote!
11-03 15:48:29.067   830   876 W ActivityManager: Slow operation: 363ms so far, now at startProcess: done updating battery stats
11-03 15:48:29.068   830   876 W ActivityManager: Slow operation: 364ms so far, now at startProcess: building log message
11-03 15:48:29.069   830   876 W ActivityManager: Slow operation: 364ms so far, now at startProcess: starting to update pids map
11-03 15:48:29.071   830   876 W ActivityManager: Slow operation: 367ms so far, now at startProcess: done updating pids map
11-03 15:48:29.073   830   876 W ActivityManager: Slow operation: 241ms so far, now at startProcess: asking zygote to start proc
11-03 15:48:29.081   830   862 W Looper  : Slow dispatch took 138ms android.ui app=system_server main=false group=TOP_APP h=com.android.server.am.ActivityManagerService$UiHandler c=com.android.server.am.UidObserverController$$ExternalSyntheticLambda0@4a086de m=0
11-03 15:48:29.160   830   876 W ActivityManager: Slow operation: 329ms so far, now at startProcess: returned from zygote!
11-03 15:48:29.177   830   876 W ActivityManager: Slow operation: 346ms so far, now at startProcess: done updating battery stats
11-03 15:48:29.181   830   876 W ActivityManager: Slow operation: 350ms so far, now at startProcess: building log message
11-03 15:48:29.182   830   876 W ActivityManager: Slow operation: 351ms so far, now at startProcess: starting to update pids map
11-03 15:48:29.189   830   876 W ActivityManager: Slow operation: 358ms so far, now at startProcess: done updating pids map
11-03 15:48:29.253   830   875 W SystemServiceManager: Service com.android.server.appsearch.AppSearchModule$Lifecycle took 403 ms in onUnlockingUser-0
11-03 15:48:29.431   830   830 W Looper  : Slow dispatch took 120ms main app=system_server main=true group=FOREGROUND h=android.app.ActivityThread$H c=android.app.LoadedApk$ServiceDispatcher$RunConnection@84e9896 m=0
11-03 15:48:29.444   830   876 W ActivityManager: Slow operation: 100ms so far, now at startProcess: returned from zygote!
11-03 15:48:29.448   830   876 W ActivityManager: Slow operation: 103ms so far, now at startProcess: done updating battery stats
11-03 15:48:29.448   830   876 W ActivityManager: Slow operation: 104ms so far, now at startProcess: building log message
11-03 15:48:29.558   830   861 W Looper  : Slow dispatch took 186ms android.fg app=system_server main=false group=FOREGROUND h=android.os.Handler c=com.android.server.am.UserController$$ExternalSyntheticLambda11@ba522b3 m=0
11-03 15:48:29.757  1188  1288 E SingleInstanceRemoteListener: Failed remote call on null listener
11-03 15:48:29.759   830   876 W ActivityManager: Slow operation: 415ms so far, now at startProcess: starting to update pids map
11-03 15:48:29.760   830   876 W ActivityManager: Slow operation: 416ms so far, now at startProcess: done updating pids map
11-03 15:48:29.824   830   875 W BroadcastLoopers: Found previously unknown looper Thread[ActivityManager,5,main]
11-03 15:48:29.837   830   830 W Looper  : Slow dispatch took 318ms main app=system_server main=true group=FOREGROUND h=com.android.server.locksettings.LockSettingsStrongAuth$1 c=null m=5
11-03 15:48:30.635   830   875 W SystemServiceManager: Service com.android.server.wm.ActivityTaskManagerService$Lifecycle took 207 ms in onUnlockedUser-0
11-03 15:48:30.658   830   960 W ActivityManager: Slow operation: 223ms so far, now at attachApplicationLocked: immediately after bindApplication
11-03 15:48:30.659   830   960 W ActivityManager: Slow operation: 224ms so far, now at attachApplicationLocked: after updateLruProcessLocked
11-03 15:48:30.669   830   960 W ActivityManager: Slow operation: 234ms so far, now at attachApplicationLocked: after updateOomAdjLocked
11-03 15:48:30.956   830   861 W Looper  : Slow dispatch took 526ms android.fg app=system_server main=false group=FOREGROUND h=android.os.Handler c=com.android.server.am.UserController$Injector$$ExternalSyntheticLambda0@f47d439 m=0
11-03 15:48:31.005   830  2326 E TaskPersister: File error accessing recents directory (directory doesn't exist?).
11-03 15:48:31.015   830   875 W SystemServiceManager: Service com.android.server.pm.verify.domain.DomainVerificationService took 359 ms in onUnlockedUser-0
11-03 15:48:31.238   830   875 W SystemServiceManager: Service com.android.server.appfunctions.AppFunctionManagerService took 112 ms in onUnlockedUser-0
11-03 15:48:31.296   830   861 W Looper  : Slow delivery took 547ms android.fg app=system_server main=false group=FOREGROUND h=android.os.Handler c=com.android.server.am.UserController$$ExternalSyntheticLambda23@d9213ad m=0
11-03 15:48:31.299   830   861 W Looper  : Slow dispatch took 282ms android.fg app=system_server main=false group=FOREGROUND h=android.os.Handler c=com.android.server.am.UserController$$ExternalSyntheticLambda23@d9213ad m=0
11-03 15:48:32.083   830   875 W SystemServiceManager: Service com.android.server.healthconnect.HealthConnectManagerService took 654 ms in onUnlockedUser-0
11-03 15:48:32.088   830   876 W ActivityManager: Slow operation: 124ms so far, now at startProcess: returned from zygote!
11-03 15:48:32.097   830   876 W ActivityManager: Slow operation: 135ms so far, now at startProcess: done updating battery stats
11-03 15:48:32.098   830   876 W ActivityManager: Slow operation: 140ms so far, now at startProcess: building log message
11-03 15:48:32.102   830   876 W ActivityManager: Slow operation: 144ms so far, now at startProcess: starting to update pids map
11-03 15:48:32.108   830   876 W ActivityManager: Slow operation: 148ms so far, now at startProcess: done updating pids map
11-03 15:48:32.170   830   875 W SystemServiceManager: Service com.android.server.devicelock.DeviceLockService took 85 ms in onUnlockedUser-0
11-03 15:48:32.235   830   861 W Looper  : Drained
11-03 15:48:32.847   830   861 W Looper  : Slow dispatch took 491ms android.fg app=system_server main=false group=FOREGROUND h=android.os.Handler c=com.android.server.servicewatcher.ServiceWatcherImpl$$ExternalSyntheticLambda0@5ef3968 m=0
11-03 15:48:32.901   830   861 W Looper  : Slow delivery took 570ms android.fg app=system_server main=false group=FOREGROUND h=android.os.Handler c=com.android.server.servicewatcher.ServiceWatcherImpl$$ExternalSyntheticLambda0@1b04ab2 m=0
11-03 15:48:33.048   830   876 W ActivityManager: Slow operation: 83ms so far, now at startProcess: asking zygote to start proc
