11-03 15:45:48.342   830  1048 W ContextImpl: Calling a method in the system process without a qualified user: android.app.ContextImpl.sendStickyBroadcast:1758 com.android.server.wifi.ClientModeImpl.sendNetworkChangeBroadcast:3171 com.android.server.wifi.ClientModeImpl.lambda$sendNetworkChangeBroadcastWithCurrentState$14:3148 com.android.server.wifi.ClientModeImpl.$r8$lambda$mtuS9ulugUkTxNA_sDDnAioo66w:0 com.android.server.wifi.ClientModeImpl$$ExternalSyntheticLambda13.send:0 
11-03 15:45:48.700   830   862 W Looper  : Slow dispatch took 261ms android.ui app=system_server main=false group=TOP_APP h=com.android.server.am.ActivityManagerService$UiHandler c=com.android.server.am.UidObserverController$$ExternalSyntheticLambda0@4a086de m=0
11-03 15:45:48.972   830   862 W Looper  : Slow delivery took 263ms android.ui app=system_server main=false group=TOP_APP h=com.android.server.am.ActivityManagerService$UiHandler c=null m=68
11-03 15:45:48.973   830   862 W Looper  : Slow dispatch took 270ms android.ui app=system_server main=false group=TOP_APP h=com.android.server.am.ActivityManagerService$UiHandler c=null m=68
11-03 15:45:48.981   830   876 W ActivityManager: Slow operation: 535ms so far, now at startProcess: returned from zygote!
11-03 15:45:49.166   830   876 W ActivityManager: Slow operation: 720ms so far, now at startProcess: done updating battery stats
11-03 15:45:49.618   830   876 W ActivityManager: Slow operation: 1172ms so far, now at startProcess: building log message
11-03 15:45:49.620   830   876 W ActivityManager: Slow operation: 1173ms so far, now at startProcess: starting to update pids map
11-03 15:45:49.632   830   861 W Looper  : Slow delivery took 236ms android.fg app=system_server main=false group=FOREGROUND h=android.os.Handler c=com.android.server.power.hint.HintManagerService$MyUidObserver$$ExternalSyntheticLambda0@737c453 m=0
11-03 15:45:49.648   830   975 E JobScheduler.Quota: <0>com.google.android.inputmethod.latin has 0 EJ quota without running anything
11-03 15:45:49.655   830   830 W Looper  : Slow delivery took 433ms main app=system_server main=true group=FOREGROUND h=com.android.server.power.Notifier$NotifierHandler c=com.android.server.power.Notifier$$ExternalSyntheticLambda2@842800e m=0
11-03 15:45:49.668   830   830 W Looper  : Slow dispatch took 230ms main app=system_server main=true group=FOREGROUND h=com.android.server.power.Notifier$NotifierHandler c=com.android.server.power.Notifier$$ExternalSyntheticLambda2@842800e m=0
11-03 15:45:49.686   830   876 W ActivityManager: Slow operation: 1198ms so far, now at startProcess: done updating pids map
11-03 15:45:49.694   830   876 W ActivityManager: Slow operation: 698ms so far, now at startProcess: asking zygote to start proc
11-03 15:45:49.696   830   975 E JobScheduler.Quota: <0>com.google.android.inputmethod.latin has 0 EJ quota without running anything
11-03 15:45:49.713   830   830 W Looper  : Drained
11-03 15:45:49.721   830   975 E JobScheduler.Quota: <0>com.google.android.inputmethod.latin has 0 EJ quota without running anything
11-03 15:45:49.757   830   876 W ActivityManager: Slow operation: 761ms so far, now at startProcess: returned from zygote!
11-03 15:45:49.772   830   876 W ActivityManager: Slow operation: 776ms so far, now at startProcess: done updating battery stats
11-03 15:45:49.773   830   876 W ActivityManager: Slow operation: 776ms so far, now at startProcess: building log message
11-03 15:45:49.773   830   876 W ActivityManager: Slow operation: 777ms so far, now at startProcess: starting to update pids map
11-03 15:45:49.774   830   876 W ActivityManager: Slow operation: 778ms so far, now at startProcess: done updating pids map
11-03 15:45:49.969   830  1070 E AppOps  : attributionTag VCN not declared in manifest of android
11-03 15:45:49.976   830  1070 E AppOps  : attributionTag VCN not declared in manifest of android
11-03 15:45:50.133   830   830 W Looper  : Slow delivery took 215ms main app=system_server main=true group=FOREGROUND h=android.os.Handler c=android.telephony.TelephonyRegistryManager$1$$ExternalSyntheticLambda0@bfdeace m=0
11-03 15:45:50.192   830  1048 W ContextImpl: Calling a method in the system process without a qualified user: android.app.ContextImpl.sendStickyBroadcast:1758 com.android.server.wifi.ClientModeImpl.sendNetworkChangeBroadcast:3171 com.android.server.wifi.ClientModeImpl.lambda$sendNetworkChangeBroadcastWithCurrentState$14:3148 com.android.server.wifi.ClientModeImpl.$r8$lambda$mtuS9ulugUkTxNA_sDDnAioo66w:0 com.android.server.wifi.ClientModeImpl$$ExternalSyntheticLambda13.send:0 
11-03 15:45:50.213   830   861 W Looper  : Slow dispatch took 248ms android.fg app=system_server main=false group=FOREGROUND h=android.os.Handler c=android.telephony.TelephonyRegistryManager$1$$ExternalSyntheticLambda0@907385 m=0
11-03 15:45:51.088   830   861 W Looper  : Drained
11-03 15:45:51.252  1188  1329 W Looper  : Slow dispatch took 1241ms SysUiBg app=com.android.systemui main=false group=FOREGROUND h=android.os.Handler c=android.telephony.TelephonyRegistryManager$1$$ExternalSyntheticLambda0@eee224 m=0
11-03 15:45:51.269   830   830 W Looper  : Drained
11-03 15:45:51.276  1188  1367 W Looper  : Slow dispatch took 2237ms BroadcastRunning app=com.android.systemui main=false group=FOREGROUND h=com.android.systemui.broadcast.BroadcastDispatcher$handler$1 c=null m=0
11-03 15:45:51.406   830   862 W Looper  : Drained
11-03 15:45:51.457  1188  1367 W Looper  : Slow delivery took 1810ms BroadcastRunning app=com.android.systemui main=false group=FOREGROUND h=com.android.systemui.broadcast.BroadcastDispatcher$handler$1 c=null m=0
11-03 15:45:52.192   830   961 W ActivityManager: Slow operation: 57ms so far, now at attachApplicationLocked: immediately after bindApplication
11-03 15:45:52.353   830   961 W ActivityManager: Slow operation: 218ms so far, now at attachApplicationLocked: after updateLruProcessLocked
11-03 15:45:52.373   830   961 W ActivityManager: Slow operation: 235ms so far, now at attachApplicationLocked: after updateOomAdjLocked
11-03 15:45:52.967   830  1757 W ProcessCpuTracker: Failed to stat(/proc/1731): android.system.ErrnoException: stat failed: ENOENT (No such file or directory)
11-03 15:45:52.967   830  1757 W ProcessCpuTracker: Skipping unknown process pid 1731
11-03 15:45:52.968   830  1757 W ProcessCpuTracker: Failed to stat(/proc/1732): android.system.ErrnoException: stat failed: ENOENT (No such file or directory)
11-03 15:45:52.968   830  1757 W ProcessCpuTracker: Skipping unknown process pid 1732
11-03 15:45:52.970   830  1757 W ProcessCpuTracker: Failed to stat(/proc/1739): android.system.ErrnoException: stat failed: ENOENT (No such file or directory)
11-03 15:45:52.971   830  1757 W ProcessCpuTracker: Skipping unknown process pid 1739
11-03 15:45:52.973   830  1757 W ProcessCpuTracker: Failed to stat(/proc/1746): android.system.ErrnoException: stat failed: ENOENT (No such file or directory)
11-03 15:45:52.974   830  1757 W ProcessCpuTracker: Skipping unknown process pid 1746
11-03 15:45:53.309   830   909 W BroadcastLoopers: Found previously unknown looper Thread[PackageManager,5,main]
11-03 15:45:54.006   830  1408 W PackageConfigPersister: App-specific configuration not found for packageName: com.google.android.apps.nexuslauncher and userId: 0
11-03 15:45:54.376  1188  1367 W Looper  : Drained
11-03 15:45:54.920   830  1293 W PackageConfigPersister: App-specific configuration not found for packageName: com.google.android.apps.nexuslauncher and userId: 0
11-03 15:45:55.118   830  1751 E ActivityManager: ANR in com.android.phone
11-03 15:45:55.118   830  1751 E ActivityManager: PID: 1376
11-03 15:45:55.118   830  1751 E ActivityManager: Reason: Broadcast of Intent { act=android.safetycenter.action.REFRESH_SAFETY_SOURCES flg=0x10000010 xflg=0x4 pkg=com.android.phone cmp=com.android.phone/.security.SafetySourceReceiver (has extras) }
11-03 15:45:55.118   830  1751 E ActivityManager: ErrorId: b5f9c3fa-c29a-4305-9f5f-e61ad3ac7a12
11-03 15:45:55.118   830  1751 E ActivityManager: Frozen: false
11-03 15:45:55.118   830  1751 E ActivityManager: Load: 0.0 / 0.0 / 0.0
11-03 15:45:55.118   830  1751 E ActivityManager: ----- Output from /proc/pressure/memory -----
11-03 15:45:55.118   830  1751 E ActivityManager: some avg10=0.39 avg60=0.33 avg300=0.08 total=372253
11-03 15:45:55.118   830  1751 E ActivityManager: full avg10=0.18 avg60=0.16 avg300=0.04 total=241248
11-03 15:45:55.118   830  1751 E ActivityManager: ----- End output from /proc/pressure/memory -----
11-03 15:45:55.118   830  1751 E ActivityManager: ----- Output from /proc/pressure/cpu -----
11-03 15:45:55.118   830  1751 E ActivityManager: some avg10=69.82 avg60=39.19 avg300=11.99 total=41627236
11-03 15:45:55.118   830  1751 E ActivityManager: full avg10=0.00 avg60=0.00 avg300=0.00 total=0
11-03 15:45:55.118   830  1751 E ActivityManager: ----- End output from /proc/pressure/cpu -----
11-03 15:45:55.118   830  1751 E ActivityManager: ----- Output from /proc/pressure/io -----
11-03 15:45:55.118   830  1751 E ActivityManager: some avg10=5.35 avg60=3.35 avg300=1.28 total=5189127
11-03 15:45:55.118   830  1751 E ActivityManager: full avg10=0.26 avg60=0.91 avg300=0.50 total=2574216
11-03 15:45:55.118   830  1751 E ActivityManager: ----- End output from /proc/pressure/io -----
11-03 15:45:55.118   830  1751 E ActivityManager: 
11-03 15:45:55.118   830  1751 E ActivityManager: CPU usage from 20184ms to -56ms ago (2025-11-03 15:45:29.745 to 2025-11-03 15:45:49.985):
11-03 15:45:55.118   830  1751 E ActivityManager:   98% 830/system_server: 52% user + 46% kernel / faults: 9118 minor 436 major
11-03 15:45:55.118   830  1751 E ActivityManager:   71% 634/surfaceflinger: 28% user + 42% kernel / faults: 2354 minor 2 major
11-03 15:45:55.118   830  1751 E ActivityManager:   42% 1380/com.google.android.apps.nexuslauncher: 19% user + 22% kernel / faults: 7789 minor 5 major
11-03 15:45:55.118   830  1751 E ActivityManager:   26% 1188/com.android.systemui: 15% user + 11% kernel / faults: 8497 minor 41 major
11-03 15:45:55.118   830  1751 E ActivityManager:   19% 597/android.hardware.graphics.composer3-service.ranchu: 7.6% user + 12% kernel / faults: 364 minor
11-03 15:45:55.118   830  1751 E ActivityManager:   16% 1376/com.android.phone: 8.9% user + 8% kernel / faults: 5982 minor 52 major
11-03 15:45:55.118   830  1751 E ActivityManager:   15% 642/adbd: 7% user + 8.8% kernel / faults: 13720 minor
11-03 15:45:55.118   830  1751 E ActivityManager:   9.3% 580/android.hardware.sensors-service.multihal: 4.2% user + 5% kernel / faults: 45 minor
11-03 15:45:55.118   830  1751 E ActivityManager:   9.4% 1/init: 2.1% user + 7.3% kernel / faults: 724 minor
11-03 15:45:55.118   830  1751 E ActivityManager:   8.2% 718/media.swcodec: 3.8% user + 4.3% kernel / faults: 5332 minor 1 major
11-03 15:45:55.118   830  1751 E ActivityManager: 96% TOTAL: 39% user + 47% kernel + 0.7% iowait + 8.7% irq + 0.6% softirq
11-03 15:45:55.118   830  1751 E ActivityManager: CPU usage from 122859ms to 122859ms ago (1969-12-31 16:00:00.000 to 1969-12-31 16:00:00.000) with 0% awake:
11-03 15:45:55.118   830  1751 E ActivityManager: 0% TOTAL: 0% user + 0% kernel
11-03 15:45:56.744   830  1148 W ActivityManager: pid 1325 com.android.networkstack.process sent binder code 28 with flags 2 and got error -32
11-03 15:45:56.930   830  1431 W ActivityManager: Scheduling restart of crashed service com.android.phone/.TelephonyDebugService in 0ms for persistent
11-03 15:45:56.984   830  1431 W ActivityManager: Re-adding persistent process ProcessRecord{e72641 1376:com.android.phone/1001}
11-03 15:45:57.009   830   830 W Looper  : Slow delivery took 328ms main app=system_server main=true group=FOREGROUND h=com.android.server.power.Notifier$NotifierHandler c=com.android.server.power.Notifier$$ExternalSyntheticLambda2@c1bfb1 m=0
11-03 15:45:57.295   830  1431 W ActivityManager: Slow operation: 205ms so far, now at startProcess: building args
11-03 15:45:57.319   830   876 W ActivityManager: Slow operation: 229ms so far, now at startProcess: asking zygote to start proc
11-03 15:45:57.388   830   876 W ActivityManager: Slow operation: 298ms so far, now at startProcess: returned from zygote!
11-03 15:45:57.389   830   876 W ActivityManager: Slow operation: 299ms so far, now at startProcess: done updating battery stats
11-03 15:45:57.390   830   876 W ActivityManager: Slow operation: 300ms so far, now at startProcess: building log message
11-03 15:45:57.391   830   876 W ActivityManager: Slow operation: 301ms so far, now at startProcess: starting to update pids map
11-03 15:45:57.396   830   876 W ActivityManager: Slow operation: 306ms so far, now at startProcess: done updating pids map
11-03 15:45:57.571   830   975 W BroadcastLoopers: Found previously unknown looper Thread[appscheduling.default,5,main]
11-03 15:45:57.574   830   867 W ProcessCpuTracker: Failed to stat(/proc/1376): android.system.ErrnoException: stat failed: ENOENT (No such file or directory)
11-03 15:45:57.574   830   867 W ProcessCpuTracker: Skipping unknown process pid 1376
11-03 15:45:57.628   830   830 W ActivityThread: Failed to find provider info for downloads (user not unlocked)
11-03 15:45:57.740   830   830 W Looper  : Slow dispatch took 308ms main app=system_server main=true group=FOREGROUND h=android.app.ActivityThread$H c=android.app.LoadedApk$ReceiverDispatcher$Args$$ExternalSyntheticLambda0@bd15ac9 m=0
11-03 15:45:58.041   830   867 W ProcessCpuTracker: Failed to stat(/proc/1795): android.system.ErrnoException: stat failed: ENOENT (No such file or directory)
11-03 15:45:58.042   830   867 W ProcessCpuTracker: Skipping unknown process pid 1795
11-03 15:45:58.048   830   867 W ProcessCpuTracker: Failed to stat(/proc/1804): android.system.ErrnoException: stat failed: ENOENT (No such file or directory)
11-03 15:45:58.049   830   867 W ProcessCpuTracker: Skipping unknown process pid 1804
11-03 15:45:58.050   830   867 W ProcessCpuTracker: Failed to stat(/proc/1806): android.system.ErrnoException: stat failed: ENOENT (No such file or directory)
11-03 15:45:58.051   830   867 W ProcessCpuTracker: Skipping unknown process pid 1806
11-03 15:45:58.266   830  1589 W ActivityManager: Slow operation: 53ms so far, now at attachApplicationLocked: after updateOomAdjLocked
11-03 15:45:58.278   830  1062 W BroadcastLoopers: Found previously unknown looper Thread[ConnectivityServiceThread,5,main]
11-03 15:45:58.293   830   830 W Looper  : Drained
11-03 15:45:58.492   830   876 W ActivityManager: Slow operation: 140ms so far, now at startProcess: returned from zygote!
11-03 15:45:58.596   830   876 W ActivityManager: Slow operation: 244ms so far, now at startProcess: done updating battery stats
11-03 15:45:58.597   830   876 W ActivityManager: Slow operation: 245ms so far, now at startProcess: building log message
11-03 15:45:58.597   830   876 W ActivityManager: Slow operation: 245ms so far, now at startProcess: starting to update pids map
11-03 15:45:58.619   830   876 W ActivityManager: Slow operation: 267ms so far, now at startProcess: done updating pids map
11-03 15:45:59.170   830   861 W Looper  : Slow dispatch took 172ms android.fg app=system_server main=false group=FOREGROUND h=com.android.server.DropBoxManagerService$DropBoxManagerBroadcastHandler c=null m=1
11-03 15:45:59.189   830   861 W Looper  : Slow delivery took 213ms android.fg app=system_server main=false group=FOREGROUND h=android.os.Handler c=com.android.server.power.hint.HintManagerService$MyUidObserver$$ExternalSyntheticLambda0@9001051 m=0
11-03 15:45:59.440   830   851 W ActivityManager: Slow operation: 51ms so far, now at attachApplicationLocked: after updateOomAdjLocked
11-03 15:45:59.716   830   851 W ActivityManager: Unable to start service Intent { act=com.google.android.chimera.BoundService.START dat=chimera-action: xflg=0x4 cmp=com.google.android.gms/.chimera.PersistentApiService } U=0: not found
11-03 15:45:59.718   830   851 W ActivityManager: Unbind failed: could not find connection for android.os.BinderProxy@d451dee
11-03 15:46:00.210   830   830 W Looper  : Slow dispatch took 127ms main app=system_server main=true group=FOREGROUND h=com.android.server.alarm.AlarmManagerService$AlarmHandler c=com.android.server.alarm.AlarmManagerService$2$$ExternalSyntheticLambda0@dd8714c m=0
11-03 15:46:01.050   830  1048 W ContextImpl: Calling a method in the system process without a qualified user: android.app.ContextImpl.sendStickyBroadcast:1758 com.android.server.wifi.ClientModeImpl.sendNetworkChangeBroadcast:3171 com.android.server.wifi.ClientModeImpl.lambda$sendNetworkChangeBroadcastWithCurrentState$14:3148 com.android.server.wifi.ClientModeImpl.$r8$lambda$mtuS9ulugUkTxNA_sDDnAioo66w:0 com.android.server.wifi.ClientModeImpl$$ExternalSyntheticLambda13.send:0 
11-03 15:46:01.056   830   861 W Looper  : Drained
11-03 15:46:02.406   830  1533 W ActivityManager: Slow operation: 55ms so far, now at finishAttachApplicationInner: after mServices.attachApplicationLocked
11-03 15:46:02.408   830  1533 W ActivityManager: Slow operation: 56ms so far, now at finishAttachApplicationInner: after dispatching broadcasts
11-03 15:46:02.725   830  1048 W ContextImpl: Calling a method in the system process without a qualified user: android.app.ContextImpl.sendStickyBroadcast:1758 com.android.server.wifi.ClientModeImpl.sendNetworkChangeBroadcast:3171 com.android.server.wifi.ClientModeImpl.lambda$sendNetworkChangeBroadcastWithCurrentState$14:3148 com.android.server.wifi.ClientModeImpl.$r8$lambda$mtuS9ulugUkTxNA_sDDnAioo66w:0 com.android.server.wifi.ClientModeImpl$$ExternalSyntheticLambda13.send:0 
11-03 15:46:03.209   830   876 W ActivityManager: Slow operation: 76ms so far, now at startProcess: returned from zygote!
11-03 15:46:03.222   830   830 W Looper  : Slow dispatch took 273ms main app=system_server main=true group=FOREGROUND h=android.os.Handler c=android.telecom.Logging.SessionManager$$ExternalSyntheticLambda2@cd93948 m=0
11-03 15:46:03.229   830   876 W ActivityManager: Slow operation: 96ms so far, now at startProcess: done updating battery stats
11-03 15:46:03.230   830   876 W ActivityManager: Slow operation: 97ms so far, now at startProcess: building log message
11-03 15:46:03.248   830   876 W ActivityManager: Slow operation: 115ms so far, now at startProcess: starting to update pids map
11-03 15:46:03.265   830   876 W ActivityManager: Slow operation: 132ms so far, now at startProcess: done updating pids map
11-03 15:46:04.207   830  1148 W ActivityManager: Slow operation: 133ms so far, now at attachApplicationLocked: immediately after bindApplication
11-03 15:46:04.208   830  1148 W ActivityManager: Slow operation: 136ms so far, now at attachApplicationLocked: after updateLruProcessLocked
11-03 15:46:04.256   830  1148 W ActivityManager: Slow operation: 184ms so far, now at attachApplicationLocked: after updateOomAdjLocked
11-03 15:46:04.262   830   958 W ActivityManager: Unable to start service Intent { act=com.google.android.gms.phenotype.service.START xflg=0x4 pkg=com.google.android.gms } U=0: not found
11-03 15:46:04.288   558   582 E NetlinkEvent: NetlinkEvent::FindParam(): Parameter 'INTERFACE' not found
11-03 15:46:04.288   558   582 E NetlinkEvent: NetlinkEvent::FindParam(): Parameter 'STATE' not found
11-03 15:46:04.288   558   582 E NetlinkEvent: NetlinkEvent::FindParam(): Parameter 'TIME_NS' not found
11-03 15:46:04.288   558   582 E NetlinkEvent: NetlinkEvent::FindParam(): Parameter 'UID' not found
11-03 15:46:04.374   830  1533 W ActivityManager: Unbind failed: could not find connection for android.os.BinderProxy@5c96669
11-03 15:46:04.476  1188  1329 W Looper  : Slow dispatch took 1245ms SysUiBg app=com.android.systemui main=false group=FOREGROUND h=android.os.Handler c=com.android.systemui.statusbar.ImmersiveModeConfirmation$$ExternalSyntheticLambda0@64eeadb m=0
11-03 15:46:04.537   830  1062 W ContextImpl: Calling a method in the system process without a qualified user: android.app.ContextImpl.sendStickyBroadcast:1758 android.net.connectivity.com.android.server.ConnectivityService.sendStickyBroadcast:4326 android.net.connectivity.com.android.server.ConnectivityService.sendGeneralBroadcast:4296 android.net.connectivity.com.android.server.ConnectivityService.sendConnectedBroadcast:4269 android.net.connectivity.com.android.server.ConnectivityService.sendLegacyNetworkBroadcast:13048 
11-03 15:46:04.743  1188  1329 W Looper  : Slow delivery took 1196ms SysUiBg app=com.android.systemui main=false group=FOREGROUND h=android.os.Handler c=com.android.systemui.statusbar.layout.LetterboxBackgroundProvider$fetchBackgroundColorInfo$1@cb3fa42 m=0
11-03 15:46:04.756   830  1062 W ContextImpl: Calling a method in the system process without a qualified user: android.app.ContextImpl.sendStickyBroadcast:1758 android.net.connectivity.com.android.server.ConnectivityService.sendStickyBroadcast:4326 android.net.connectivity.com.android.server.ConnectivityService.sendGeneralBroadcast:4296 android.net.connectivity.com.android.server.ConnectivityService.sendInetConditionBroadcast:4273 android.net.connectivity.com.android.server.ConnectivityService.updateInetCondition:12700 
11-03 15:46:04.908   830   861 W Looper  : Slow dispatch took 221ms android.fg app=system_server main=false group=FOREGROUND h=android.net.ConnectivityManager$CallbackHandler c=null m=2
11-03 15:46:04.957   830   861 W Looper  : Slow delivery took 370ms android.fg app=system_server main=false group=FOREGROUND h=android.net.ConnectivityManager$CallbackHandler c=null m=6
11-03 15:46:05.065   830  1408 W ActivityManager: Unable to start service Intent { act=com.google.android.contextmanager.service.ContextManagerService.START xflg=0x4 pkg=com.google.android.gms } U=0: not found
11-03 15:46:05.075   830  1408 W ActivityManager: Unbind failed: could not find connection for android.os.BinderProxy@724e398
11-03 15:46:05.153   830   861 W Looper  : Slow dispatch took 177ms android.fg app=system_server main=false group=FOREGROUND h=android.os.Handler c=com.android.server.location.gnss.GnssLocationProvider$$ExternalSyntheticLambda23@bca13ae m=0
11-03 15:46:05.232   830   830 W Looper  : Slow dispatch took 656ms main app=system_server main=true group=FOREGROUND h=android.app.ActivityThread$H c=android.app.LoadedApk$ReceiverDispatcher$Args$$ExternalSyntheticLambda0@79228e3 m=0
11-03 15:46:05.261   830   830 W Looper  : Slow delivery took 669ms main app=system_server main=true group=FOREGROUND h=android.app.ActivityThread$H c=android.app.LoadedApk$ReceiverDispatcher$Args$$ExternalSyntheticLambda0@8b4703f m=0
11-03 15:46:05.328   830   830 W Looper  : Drained
11-03 15:46:05.715   830   861 W Looper  : Drained
11-03 15:46:05.837   830  1822 W ActivityManager: Unable to start service Intent { flg=0x89000010 pkg=com.google.android.gms cmp=com.google.android.gms/.gcm.nts.SchedulerService (has extras) } U=0: not found
11-03 15:46:05.894  1188  1329 W Looper  : Drained
11-03 15:46:05.941   830  1533 W ActivityManager: Unable to start service Intent { act=com.google.android.gms.wearable.BIND xflg=0x4 pkg=com.google.android.gms } U=0: not found
11-03 15:46:05.944   830  1980 W ActivityManager: Unbind failed: could not find connection for android.os.BinderProxy@991370b
11-03 15:46:06.140  1897  1989 W ActivityThread: Failed to find provider info for com.google.android.apps.wellbeing.api (user not unlocked)
11-03 15:46:06.206   830  1975 W ActivityManager: Unable to start service Intent { act=com.google.android.chimera.BoundService.START dat=chimera-action: xflg=0x4 cmp=com.google.android.gms/.chimera.PersistentApiService } U=0: not found
11-03 15:46:06.243   830  1975 W ActivityManager: Unbind failed: could not find connection for android.os.BinderProxy@29bdae1
11-03 15:46:06.669   830   830 W Looper  : Slow dispatch took 584ms main app=system_server main=true group=FOREGROUND h=android.app.ActivityThread$H c=android.app.LoadedApk$ServiceDispatcher$RunConnection@4cc35f2 m=0
11-03 15:46:06.699   830   830 W Looper  : Slow delivery took 599ms main app=system_server main=true group=FOREGROUND h=com.android.server.notification.NotificationManagerService$WorkerHandler c=com.android.server.notification.NotificationManagerService$CancelNotificationRunnable@e8ee443 m=0
11-03 15:46:06.838   830  1096 W JobServiceContext: Sending onNetworkChanged for a job that isn't started. JobStatus{e5ede2e SyncManager:1000/27 @SyncManager@com.google.android.calendar/com.google:android u=0 s=10151 TIME=-1m1s696ms:-1m1s696ms NET STORENOTLOW PERIODIC PERSISTED READY}
11-03 15:46:06.861  1554  1568 W FileUtils: Failed to chmod(/data/user/0/com.google.android.gms/app_usage_reporting_db)
11-03 15:46:06.861  1554  1568 W FileUtils: android.system.ErrnoException: chmod failed: ENOENT (No such file or directory)
11-03 15:46:06.861  1554  1568 W FileUtils: 	at libcore.io.Linux.chmod(Native Method)
11-03 15:46:06.861  1554  1568 W FileUtils: 	at libcore.io.ForwardingOs.chmod(ForwardingOs.java:166)
11-03 15:46:06.861  1554  1568 W FileUtils: 	at libcore.io.BlockGuardOs.chmod(BlockGuardOs.java:83)
11-03 15:46:06.861  1554  1568 W FileUtils: 	at libcore.io.ForwardingOs.chmod(ForwardingOs.java:166)
11-03 15:46:06.861  1554  1568 W FileUtils: 	at android.system.Os.chmod(Os.java:119)
11-03 15:46:06.861  1554  1568 W FileUtils: 	at android.os.FileUtils.setPermissions(FileUtils.java:189)
11-03 15:46:06.861  1554  1568 W FileUtils: 	at android.app.ContextImpl.setFilePermissionsFromMode(ContextImpl.java:3894)
11-03 15:46:06.861  1554  1568 W FileUtils: 	at android.app.ContextImpl.getDir(ContextImpl.java:3499)
11-03 15:46:06.861  1554  1568 W FileUtils: 	at android.content.ContextWrapper.getDir(ContextWrapper.java:353)
11-03 15:46:06.861  1554  1568 W FileUtils: 	at android.content.ContextWrapper.getDir(ContextWrapper.java:353)
11-03 15:46:06.861  1554  1568 W FileUtils: 	at android.content.ContextWrapper.getDir(ContextWrapper.java:353)
11-03 15:46:06.861  1554  1568 W FileUtils: 	at fclo.<init>(:com.google.android.gms@253931038@25.39.31 (260800-813878953):23)
11-03 15:46:06.861  1554  1568 W FileUtils: 	at fclo.e(:com.google.android.gms@253931038@25.39.31 (260800-813878953):14)
11-03 15:46:06.861  1554  1568 W FileUtils: 	at fckn.f(:com.google.android.gms@253931038@25.39.31 (260800-813878953):1)
11-03 15:46:06.861  1554  1568 W FileUtils: 	at fckn.fc(:com.google.android.gms@253931038@25.39.31 (260800-813878953):865)
11-03 15:46:06.861  1554  1568 W FileUtils: 	at wri.onTransact(:com.google.android.gms@253931038@25.39.31 (260800-813878953):97)
11-03 15:46:06.861  1554  1568 W FileUtils: 	at android.os.Binder.transact(Binder.java:1325)
11-03 15:46:06.861  1554  1568 W FileUtils: 	at bsvd.onTransact(:com.google.android.gms@253931038@25.39.31 (260800-813878953):161)
11-03 15:46:06.861  1554  1568 W FileUtils: 	at android.os.Binder.execTransactInternal(Binder.java:1473)
11-03 15:46:06.861  1554  1568 W FileUtils: 	at android.os.Binder.execTransact(Binder.java:1418)
11-03 15:46:06.889   830  1096 W JobServiceContext: Sending onNetworkChanged for a job that isn't started. JobStatus{baacdcf SyncManager:1000/25 @SyncManager@com.google.android.calendar.tasks/com.google:android u=0 s=10151 TIME=-1m1s747ms:-1m1s747ms NET STORENOTLOW PERIODIC PERSISTED READY}
11-03 15:46:06.891   830  1096 W JobServiceContext: Sending onNetworkChanged for a job that isn't started. JobStatus{b255ad7 SyncManager:1000/9 @SyncManager@com.google.android.calendar/com.google:android u=0 s=10151 TIME=-1m1s748ms:-1m1s748ms NET STORENOTLOW PERIODIC PERSISTED READY}
11-03 15:46:06.936   830  1096 W JobServiceContext: Sending onNetworkChanged for a job that isn't started. JobStatus{efacd73 SyncManager:1000/17 @SyncManager@com.google.android.gms.subscribedfeeds/com.google:android u=0 s=10146 TIME=-1m1s794ms:-1m1s794ms NET STORENOTLOW PERIODIC PERSISTED READY}
11-03 15:46:06.937   830  1096 W JobServiceContext: Sending onNetworkChanged for a job that isn't started. JobStatus{7b70665 SyncManager:1000/3 @SyncManager@com.google.android.gms.fitness/com.google:android u=0 s=10146 TIME=-1m1s795ms:-1m1s795ms NET STORENOTLOW PERIODIC PERSISTED READY}
11-03 15:46:06.940   830  1096 W JobServiceContext: Sending onNetworkChanged for a job that isn't started. JobStatus{46919fb SyncManager:1000/18 @SyncManager@com.google.android.gms.games.background/com.google:android u=0 s=10146 TIME=-1m1s797ms:-1m1s797ms NET STORENOTLOW PERIODIC PERSISTED READY}
11-03 15:46:06.956   830   830 W Looper  : Slow dispatch took 188ms main app=system_server main=true group=FOREGROUND h=android.app.ActivityThread$H c=android.app.LoadedApk$ServiceDispatcher$RunConnection@7773931 m=0
11-03 15:46:06.987   830  1293 W ActivityManager: Unable to start service Intent { act=com.google.android.chimera.BoundService.START dat=chimera-action: xflg=0x4 cmp=com.google.android.gms/.chimera.PersistentApiService } U=0: not found
11-03 15:46:06.993   830  1293 W ActivityManager: Unbind failed: could not find connection for android.os.BinderProxy@ff9ffa2
11-03 15:46:07.097  1188  1329 W Looper  : Slow dispatch took 1200ms SysUiBg app=com.android.systemui main=false group=FOREGROUND h=android.os.Handler c=com.android.systemui.navigationbar.gestural.EdgeBackGestureHandler$$ExternalSyntheticLambda4@7005b76 m=0
11-03 15:46:07.310   830   830 W Looper  : Drained
11-03 15:46:07.440   830  1975 W ActivityManager: Unable to start service Intent { act=com.google.android.gms.phenotype.service.START xflg=0x4 pkg=com.google.android.gms } U=0: not found
11-03 15:46:07.568   830  1293 W ActivityManager: Unable to start service Intent { act=com.google.android.chimera.BoundService.START dat=chimera-action: xflg=0x4 cmp=com.google.android.gms/.chimera.PersistentBoundBrokerService } U=0: not found
11-03 15:46:07.568   830  1822 W ActivityManager: Unbind failed: could not find connection for android.os.BinderProxy@a39e412
11-03 15:46:07.658   830   830 W Looper  : Slow dispatch took 272ms main app=system_server main=true group=FOREGROUND h=android.app.job.JobServiceEngine$JobHandler c=null m=2
11-03 15:46:07.661   830   830 W Looper  : Slow delivery took 353ms main app=system_server main=true group=FOREGROUND h=com.android.server.power.Notifier$NotifierHandler c=null m=7
11-03 15:46:07.680   830  1293 W ActivityManager: Unbind failed: could not find connection for android.os.BinderProxy@9bf75c2
11-03 15:46:07.777   830   861 W Looper  : Slow dispatch took 204ms android.fg app=system_server main=false group=FOREGROUND h=android.os.Handler c=android.app.LoadedApk$ReceiverDispatcher$Args$$ExternalSyntheticLambda0@5bab87d m=0
11-03 15:46:07.875   830   830 W Looper  : Slow dispatch took 207ms main app=system_server main=true group=FOREGROUND h=android.app.job.JobServiceEngine$JobHandler c=null m=2
11-03 15:46:07.981   830   830 W Looper  : Drained
11-03 15:46:08.088   830  1293 W ActivityManager: Unable to start service Intent { act=com.google.android.chimera.BoundService.START dat=chimera-action: xflg=0x4 cmp=com.google.android.gms/.chimera.PersistentApiService } U=0: not found
11-03 15:46:08.093   830  1533 W ActivityManager: Unbind failed: could not find connection for android.os.BinderProxy@7823fc9
11-03 15:46:08.176  1188  1481 W ActivityThread: Failed to find provider info for com.android.contacts (user not unlocked)
11-03 15:46:08.192   830   830 W Looper  : Slow delivery took 205ms main app=system_server main=true group=FOREGROUND h=com.android.server.power.Notifier$NotifierHandler c=null m=7
11-03 15:46:08.328   830   830 W Looper  : Drained
11-03 15:46:09.132   830  1822 W AppOpService: Ignored setUidMode call for runtime permission app op: uid = 10145, code = READ_CELL_BROADCASTS, mode = allow, callingUid = 1001, oldMode = allow
11-03 15:46:09.172  1188  1329 W Looper  : Slow delivery took 1025ms SysUiBg app=com.android.systemui main=false group=TOP_APP h=android.os.Handler c=android.hardware.devicestate.DeviceStateManagerGlobal$DeviceStateCallbackWrapper$$ExternalSyntheticLambda1@47ba6dd m=0
11-03 15:46:09.189   830  1975 W AppOpService: Ignored setUidMode call for runtime permission app op: uid = 1001, code = READ_SMS, mode = allow, callingUid = 1001, oldMode = allow
11-03 15:46:09.193   830  1293 W AppOpService: Ignored setUidMode call for runtime permission app op: uid = 1001, code = RECEIVE_SMS, mode = allow, callingUid = 1001, oldMode = allow
11-03 15:46:09.195   830  1975 W AppOpService: Ignored setUidMode call for runtime permission app op: uid = 1001, code = RECEIVE_WAP_PUSH, mode = allow, callingUid = 1001, oldMode = allow
11-03 15:46:09.197   830  1293 W AppOpService: Ignored setUidMode call for runtime permission app op: uid = 1001, code = SEND_SMS, mode = allow, callingUid = 1001, oldMode = allow
11-03 15:46:09.200   830  1822 W AppOpService: Ignored setUidMode call for runtime permission app op: uid = 1001, code = READ_CELL_BROADCASTS, mode = allow, callingUid = 1001, oldMode = allow
11-03 15:46:09.217   830  1431 W AppOpService: Ignored setUidMode call for runtime permission app op: uid = 1001, code = READ_SMS, mode = allow, callingUid = 1001, oldMode = allow
11-03 15:46:09.219  1188  1329 W Looper  : Drained
11-03 15:46:09.223   830  1293 W AppOpService: Ignored setUidMode call for runtime permission app op: uid = 1001, code = RECEIVE_SMS, mode = allow, callingUid = 1001, oldMode = allow
11-03 15:46:09.224   830  1431 W AppOpService: Ignored setUidMode call for runtime permission app op: uid = 1001, code = RECEIVE_WAP_PUSH, mode = allow, callingUid = 1001, oldMode = allow
11-03 15:46:09.226   830  1431 W AppOpService: Ignored setUidMode call for runtime permission app op: uid = 1001, code = SEND_SMS, mode = allow, callingUid = 1001, oldMode = allow
11-03 15:46:09.227   830  1293 W AppOpService: Ignored setUidMode call for runtime permission app op: uid = 1001, code = READ_CELL_BROADCASTS, mode = allow, callingUid = 1001, oldMode = allow
11-03 15:46:09.391   830  1822 E AutofillManagerServiceImpl: Bad service name: com.google.android.gms/.autofill.service.AutofillService
11-03 15:46:09.391   830  1822 E RemoteAugmentedAutofillService: Bad service name for flags 1048704: com.google.android.as/com.google.android.apps.miphone.aiai.app.AiAiAugmentedAutofillService
11-03 15:46:09.488   830  1822 E SystemServiceRegistry: Manager wrapper not available: persistent_data_block
11-03 15:46:09.500   830  1293 W ProcessStats: Tracking association SourceState{ea1bf24 system/1000 BFgs #131} whose proc state 4 is better than process ProcessState{99d84b0 com.google.android.ext.services/10217 pkg=com.google.android.ext.services} proc state 14 (0 skipped)
11-03 15:46:11.180   830  1070 E AppOps  : attributionTag VCN not declared in manifest of android
11-03 15:46:11.256   830  1070 E AppOps  : attributionTag VCN not declared in manifest of android
11-03 15:46:12.632   830  1070 E AppOps  : attributionTag VCN not declared in manifest of android
11-03 15:46:12.803   830  1027 W PackageConfigPersister: App-specific configuration not found for packageName: com.example.rocketplan_android.dev and userId: 0
11-03 15:46:13.409  1395  2084 W FileUtils: Failed to chmod(/data/user/0/com.google.android.ext.services/files)
11-03 15:46:13.409  1395  2084 W FileUtils: android.system.ErrnoException: chmod failed: ENOENT (No such file or directory)
11-03 15:46:13.409  1395  2084 W FileUtils: 	at libcore.io.Linux.chmod(Native Method)
11-03 15:46:13.409  1395  2084 W FileUtils: 	at libcore.io.ForwardingOs.chmod(ForwardingOs.java:166)
11-03 15:46:13.409  1395  2084 W FileUtils: 	at libcore.io.BlockGuardOs.chmod(BlockGuardOs.java:83)
11-03 15:46:13.409  1395  2084 W FileUtils: 	at libcore.io.ForwardingOs.chmod(ForwardingOs.java:166)
11-03 15:46:13.409  1395  2084 W FileUtils: 	at android.system.Os.chmod(Os.java:119)
11-03 15:46:13.409  1395  2084 W FileUtils: 	at android.os.FileUtils.setPermissions(FileUtils.java:189)
11-03 15:46:13.409  1395  2084 W FileUtils: 	at android.app.ContextImpl.openFileOutput(ContextImpl.java:819)
11-03 15:46:13.409  1395  2084 W FileUtils: 	at android.content.ContextWrapper.openFileOutput(ContextWrapper.java:257)
11-03 15:46:13.409  1395  2084 W FileUtils: 	at com.android.textclassifier.utils.AppHashHelper.saveAppHashesToDisk(go/retraceme fcd7c42d41a597f67875a07913a424843103c22a41f347afa68aa947fbc3e4fb:8)
11-03 15:46:13.409  1395  2084 W FileUtils: 	at com.android.textclassifier.utils.AppHashHelper$$ExternalSyntheticLambda0.run(go/retraceme fcd7c42d41a597f67875a07913a424843103c22a41f347afa68aa947fbc3e4fb:287)
11-03 15:46:13.409  1395  2084 W FileUtils: 	at java.util.concurrent.ThreadPoolExecutor.runWorker(ThreadPoolExecutor.java:1154)
11-03 15:46:13.409  1395  2084 W FileUtils: 	at java.util.concurrent.ThreadPoolExecutor$Worker.run(ThreadPoolExecutor.java:652)
11-03 15:46:13.409  1395  2084 W FileUtils: 	at java.lang.Thread.run(Thread.java:1563)
11-03 15:46:13.418   830   830 W Looper  : Slow dispatch took 689ms main app=system_server main=true group=FOREGROUND h=android.os.Handler c=com.android.internal.content.PackageMonitor$$ExternalSyntheticLambda0@68bf349 m=0
11-03 15:46:13.538   830   830 W Looper  : Slow delivery took 681ms main app=system_server main=true group=FOREGROUND h=android.app.ActivityThread$H c=android.app.LoadedApk$ReceiverDispatcher$Args$$ExternalSyntheticLambda0@c3f6327 m=0
11-03 15:46:13.551   830   830 W Looper  : Slow dispatch took 114ms main app=system_server main=true group=FOREGROUND h=android.app.ActivityThread$H c=android.app.LoadedApk$ReceiverDispatcher$Args$$ExternalSyntheticLambda0@c3f6327 m=0
11-03 15:46:13.639   830  1589 E AppOps  : attributionTag VCN not declared in manifest of android
11-03 15:46:13.750   830   830 W Looper  : Slow dispatch took 132ms main app=system_server main=true group=FOREGROUND h=android.app.ActivityThread$H c=android.app.LoadedApk$ReceiverDispatcher$Args$$ExternalSyntheticLambda0@36e6386 m=0
11-03 15:46:13.885   830   830 W Looper  : Slow dispatch took 115ms main app=system_server main=true group=FOREGROUND h=android.app.ActivityThread$H c=android.app.LoadedApk$ReceiverDispatcher$Args$$ExternalSyntheticLambda0@828f16a m=0
11-03 15:46:13.911   830  1247 W UsageStatsService: Failed to query usage stats for locked user 0
11-03 15:46:13.921   830   830 W AlarmManager: Package com.example.rocketplan_android.dev, uid 10231 lost permission to set exact alarms!
11-03 15:46:14.237   830   862 W Looper  : Slow dispatch took 119ms android.ui app=system_server main=false group=TOP_APP h=com.android.server.am.ActivityManagerService$UiHandler c=com.android.server.am.UidObserverController$$ExternalSyntheticLambda0@4a086de m=0
11-03 15:46:14.253   830   830 W Looper  : Slow dispatch took 327ms main app=system_server main=true group=FOREGROUND h=android.app.ActivityThread$H c=android.app.LoadedApk$ReceiverDispatcher$Args$$ExternalSyntheticLambda0@441e2be m=0
11-03 15:46:14.528   830   830 W Looper  : Drained
11-03 15:46:14.646   830  1024 W MagnificationConnectionManager: requestConnection duplicated request: connect=false, mConnectionState=DISCONNECTED
11-03 15:46:14.736   830   961 W ActivityManager: Unable to start service Intent { act=android.service.smartspace.SmartspaceService xflg=0x4 cmp=com.google.android.as/com.google.android.apps.miphone.aiai.app.AiAiSmartspaceService } U=0: not found
11-03 15:46:14.738   830   961 W RemoteSmartspaceService: could not bind to Intent { act=android.service.smartspace.SmartspaceService xflg=0x4 cmp=com.google.android.as/com.google.android.apps.miphone.aiai.app.AiAiSmartspaceService } using flags 67112961
11-03 15:46:14.745   830   830 W ActivityManager: Unbind failed: could not find connection for android.app.LoadedApk$ServiceDispatcher$InnerConnection@757d425
11-03 15:46:14.748   830   961 W ActivityManager: Unable to start service Intent { act=android.service.smartspace.SmartspaceService xflg=0x4 cmp=com.google.android.as/com.google.android.apps.miphone.aiai.app.AiAiSmartspaceService } U=0: not found
11-03 15:46:14.749   830   961 W RemoteSmartspaceService: could not bind to Intent { act=android.service.smartspace.SmartspaceService xflg=0x4 cmp=com.google.android.as/com.google.android.apps.miphone.aiai.app.AiAiSmartspaceService } using flags 67112961
11-03 15:46:14.757   830   830 W ActivityManager: Unbind failed: could not find connection for android.app.LoadedApk$ServiceDispatcher$InnerConnection@3878bc6
11-03 15:46:14.760   830   961 W ActivityManager: Unable to start service Intent { act=android.service.smartspace.SmartspaceService xflg=0x4 cmp=com.google.android.as/com.google.android.apps.miphone.aiai.app.AiAiSmartspaceService } U=0: not found
11-03 15:46:14.761   830   961 W RemoteSmartspaceService: could not bind to Intent { act=android.service.smartspace.SmartspaceService xflg=0x4 cmp=com.google.android.as/com.google.android.apps.miphone.aiai.app.AiAiSmartspaceService } using flags 67112961
11-03 15:46:14.771   830   830 W ActivityManager: Unbind failed: could not find connection for android.app.LoadedApk$ServiceDispatcher$InnerConnection@fd586b4
11-03 15:46:14.773   830   961 W ActivityManager: Unable to start service Intent { act=android.service.smartspace.SmartspaceService xflg=0x4 cmp=com.google.android.as/com.google.android.apps.miphone.aiai.app.AiAiSmartspaceService } U=0: not found
11-03 15:46:14.773   830   961 W RemoteSmartspaceService: could not bind to Intent { act=android.service.smartspace.SmartspaceService xflg=0x4 cmp=com.google.android.as/com.google.android.apps.miphone.aiai.app.AiAiSmartspaceService } using flags 67112961
11-03 15:46:14.779   830   830 W ActivityManager: Unbind failed: could not find connection for android.app.LoadedApk$ServiceDispatcher$InnerConnection@7c9607f
11-03 15:46:14.930   830  1024 W MagnificationConnectionManager: requestConnection duplicated request: connect=false, mConnectionState=DISCONNECTED
11-03 15:46:15.011   830  1975 W AppOpService: Ignored setUidMode call for runtime permission app op: uid = 10145, code = READ_CELL_BROADCASTS, mode = allow, callingUid = 1001, oldMode = allow
11-03 15:46:15.027   830  1975 W AppOpService: Ignored setUidMode call for runtime permission app op: uid = 1001, code = READ_SMS, mode = allow, callingUid = 1001, oldMode = allow
11-03 15:46:15.029   830  1533 W AppOpService: Ignored setUidMode call for runtime permission app op: uid = 1001, code = RECEIVE_SMS, mode = allow, callingUid = 1001, oldMode = allow
11-03 15:46:15.030   830  1533 W AppOpService: Ignored setUidMode call for runtime permission app op: uid = 1001, code = RECEIVE_WAP_PUSH, mode = allow, callingUid = 1001, oldMode = allow
11-03 15:46:15.031   830  1533 W AppOpService: Ignored setUidMode call for runtime permission app op: uid = 1001, code = SEND_SMS, mode = allow, callingUid = 1001, oldMode = allow
11-03 15:46:15.032   830  1975 W AppOpService: Ignored setUidMode call for runtime permission app op: uid = 1001, code = READ_CELL_BROADCASTS, mode = allow, callingUid = 1001, oldMode = allow
11-03 15:46:15.101   830  1431 W ActivityManager: Unable to start service Intent { act=android.service.smartspace.SmartspaceService xflg=0x4 cmp=com.google.android.as/com.google.android.apps.miphone.aiai.app.AiAiSmartspaceService } U=0: not found
11-03 15:46:15.101   830  1431 W RemoteSmartspaceService: could not bind to Intent { act=android.service.smartspace.SmartspaceService xflg=0x4 cmp=com.google.android.as/com.google.android.apps.miphone.aiai.app.AiAiSmartspaceService } using flags 67112961
11-03 15:46:15.122   830   961 W AppOpService: Ignored setUidMode call for runtime permission app op: uid = 10145, code = READ_CELL_BROADCASTS, mode = allow, callingUid = 1001, oldMode = allow
11-03 15:46:15.125   830   830 W ActivityManager: Unbind failed: could not find connection for android.app.LoadedApk$ServiceDispatcher$InnerConnection@baf2664
11-03 15:46:15.142   830   961 W AppOpService: Ignored setUidMode call for runtime permission app op: uid = 1001, code = READ_SMS, mode = allow, callingUid = 1001, oldMode = allow
11-03 15:46:15.146   830   961 W AppOpService: Ignored setUidMode call for runtime permission app op: uid = 1001, code = RECEIVE_SMS, mode = allow, callingUid = 1001, oldMode = allow
11-03 15:46:15.148   830  1431 W AppOpService: Ignored setUidMode call for runtime permission app op: uid = 1001, code = RECEIVE_WAP_PUSH, mode = allow, callingUid = 1001, oldMode = allow
11-03 15:46:15.148   830  1431 W AppOpService: Ignored setUidMode call for runtime permission app op: uid = 1001, code = SEND_SMS, mode = allow, callingUid = 1001, oldMode = allow
11-03 15:46:15.149   830  1431 W AppOpService: Ignored setUidMode call for runtime permission app op: uid = 1001, code = READ_CELL_BROADCASTS, mode = allow, callingUid = 1001, oldMode = allow
11-03 15:46:15.191   830  1431 W AppOpService: Ignored setUidMode call for runtime permission app op: uid = 10145, code = READ_CELL_BROADCASTS, mode = allow, callingUid = 1001, oldMode = allow
11-03 15:46:15.193   830  1533 W AppOpService: Ignored setUidMode call for runtime permission app op: uid = 1001, code = READ_SMS, mode = allow, callingUid = 1001, oldMode = allow
11-03 15:46:15.195   830  1533 W AppOpService: Ignored setUidMode call for runtime permission app op: uid = 1001, code = RECEIVE_SMS, mode = allow, callingUid = 1001, oldMode = allow
11-03 15:46:15.195   830  1431 W AppOpService: Ignored setUidMode call for runtime permission app op: uid = 1001, code = RECEIVE_WAP_PUSH, mode = allow, callingUid = 1001, oldMode = allow
11-03 15:46:15.196   830  1431 W AppOpService: Ignored setUidMode call for runtime permission app op: uid = 1001, code = SEND_SMS, mode = allow, callingUid = 1001, oldMode = allow
11-03 15:46:15.197   830   961 W AppOpService: Ignored setUidMode call for runtime permission app op: uid = 1001, code = READ_CELL_BROADCASTS, mode = allow, callingUid = 1001, oldMode = allow
11-03 15:46:15.441   830  1070 E AppOps  : attributionTag VCN not declared in manifest of android
11-03 15:46:15.930   830   961 W ActivityManager: Unable to start service Intent { act=android.service.smartspace.SmartspaceService xflg=0x4 cmp=com.google.android.as/com.google.android.apps.miphone.aiai.app.AiAiSmartspaceService } U=0: not found
11-03 15:46:15.931   830   961 W RemoteSmartspaceService: could not bind to Intent { act=android.service.smartspace.SmartspaceService xflg=0x4 cmp=com.google.android.as/com.google.android.apps.miphone.aiai.app.AiAiSmartspaceService } using flags 67112961
11-03 15:46:15.933   830   830 W ActivityManager: Unbind failed: could not find connection for android.app.LoadedApk$ServiceDispatcher$InnerConnection@ce77406
11-03 15:46:16.077   830   961 W ContextImpl: Calling a method in the system process without a qualified user: android.app.ContextImpl.sendBroadcastMultiplePermissions:1358 android.content.Context.sendBroadcastMultiplePermissions:2790 com.android.server.TelephonyRegistry.broadcastServiceStateChanged:4165 com.android.server.TelephonyRegistry.notifyServiceStateForPhoneId:1848 com.android.internal.telephony.ITelephonyRegistry$Stub.onTransact:613 
11-03 15:46:16.080   830   961 W ContextImpl: Calling a method in the system process without a qualified user: android.app.ContextImpl.sendBroadcastMultiplePermissions:1391 com.android.server.TelephonyRegistry.broadcastServiceStateChanged:4170 com.android.server.TelephonyRegistry.notifyServiceStateForPhoneId:1848 com.android.internal.telephony.ITelephonyRegistry$Stub.onTransact:613 android.os.Binder.execTransactInternal:1473 
11-03 15:46:16.084   830   961 W ContextImpl: Calling a method in the system process without a qualified user: android.app.ContextImpl.sendBroadcastMultiplePermissions:1391 com.android.server.TelephonyRegistry.broadcastServiceStateChanged:4179 com.android.server.TelephonyRegistry.notifyServiceStateForPhoneId:1848 com.android.internal.telephony.ITelephonyRegistry$Stub.onTransact:613 android.os.Binder.execTransactInternal:1473 
11-03 15:46:16.090   830   961 W ContextImpl: Calling a method in the system process without a qualified user: android.app.ContextImpl.sendBroadcastMultiplePermissions:1391 com.android.server.TelephonyRegistry.broadcastServiceStateChanged:4185 com.android.server.TelephonyRegistry.notifyServiceStateForPhoneId:1848 com.android.internal.telephony.ITelephonyRegistry$Stub.onTransact:613 android.os.Binder.execTransactInternal:1473 
11-03 15:46:16.445   830  1293 E AppOps  : attributionTag VCN not declared in manifest of android
11-03 15:46:16.718   830  1825 W ActivityManager: Unable to start service Intent { act=android.service.smartspace.SmartspaceService xflg=0x4 cmp=com.google.android.as/com.google.android.apps.miphone.aiai.app.AiAiSmartspaceService } U=0: not found
11-03 15:46:16.718   830  1825 W RemoteSmartspaceService: could not bind to Intent { act=android.service.smartspace.SmartspaceService xflg=0x4 cmp=com.google.android.as/com.google.android.apps.miphone.aiai.app.AiAiSmartspaceService } using flags 67112961
11-03 15:46:16.728   830   830 W ActivityManager: Unbind failed: could not find connection for android.app.LoadedApk$ServiceDispatcher$InnerConnection@26731c
11-03 15:46:16.795   830  1533 W ActivityManager: Unable to start service Intent { act=android.service.smartspace.SmartspaceService xflg=0x4 cmp=com.google.android.as/com.google.android.apps.miphone.aiai.app.AiAiSmartspaceService } U=0: not found
11-03 15:46:16.798   830  1533 W RemoteSmartspaceService: could not bind to Intent { act=android.service.smartspace.SmartspaceService xflg=0x4 cmp=com.google.android.as/com.google.android.apps.miphone.aiai.app.AiAiSmartspaceService } using flags 67112961
11-03 15:46:16.819   830   830 W ActivityManager: Unbind failed: could not find connection for android.app.LoadedApk$ServiceDispatcher$InnerConnection@8b396c6
11-03 15:46:17.029   830  1070 E AppOps  : attributionTag VCN not declared in manifest of android
