11-03 15:44:56.058   830   830 E SettingsState: invalid override flag name adservices/Fledge__enable_schedule_custom_audience_update_additional_schedule_requests
11-03 15:44:56.059   830   830 E SettingsState: invalid override flag name device_personalization_services/PcsHttp__ipc_streaming_throttle_ms
11-03 15:44:56.059   830   830 E SettingsState: invalid override flag name adservices/adservice_system_service_enabled
11-03 15:44:56.059   830   830 E SettingsState: invalid override flag name device_policy_manager/ApplicationExemptions__enable_application_exemptions
11-03 15:44:56.059   830   830 E SettingsState: invalid override flag name adservices/fledge_custom_audience_default_expire_in_days
11-03 15:44:56.059   830   830 E SettingsState: invalid override flag name adservices/Spe__mdd_charging_job_policy
11-03 15:44:56.060   830   830 E SettingsState: invalid override flag name exo/app_streaming_task_navigation_blocked_components
11-03 15:44:56.060   830   830 E SettingsState: invalid override flag name odad/odad_home_most_recent_classification_fix
11-03 15:44:56.060   830   830 E SettingsState: invalid override flag name device_personalization_services/SmartNotification__max_word_count_for_summary
11-03 15:44:56.060   830   830 E SettingsState: invalid override flag name aicore/AicQuota__use_dynamic_request_costs
11-03 15:44:56.061   830   830 E SettingsState: invalid override flag name device_personalization_services/AicModels__set_file_defrag_override
11-03 15:44:56.062   830   830 E SettingsState: invalid override flag name device_personalization_services/SmartNotification__summaries_supported_languages
11-03 15:44:56.062   830   830 E SettingsState: invalid override flag name on_device_personalization/odp_enable_client_error_logging
11-03 15:44:56.062   830   830 E SettingsState: invalid override flag name device_personalization_services/MessageArmour__enable_message_armour_mdd
11-03 15:44:56.062   830   830 E SettingsState: invalid override flag name device_personalization_services/Captions__model_version_v1
11-03 15:44:56.063   830   830 E SettingsState: invalid override flag name device_personalization_services/StatsLog__enable_new_logger_api
11-03 15:44:56.063   830   830 E SettingsState: invalid override flag name systemui/shortcut_appsearch_integration
11-03 15:44:56.063   830   830 E SettingsState: invalid override flag name adservices/adservices_consent_business_logic_migration_enabled
11-03 15:44:56.063   830   830 E SettingsState: invalid override flag name aicore/AicCommon__service_aidl_timeout_seconds
11-03 15:44:56.064   830   830 E SettingsState: invalid override flag name device_personalization_services/AstreaNetworkUsageLog__reject_unknown_requests
11-03 15:44:56.064   830   830 E SettingsState: invalid override flag name odad/safety_center_persistence_v2_enabled
11-03 15:44:56.064   830   830 E SettingsState: invalid override flag name adservices/enable_back_compat_init
11-03 15:44:56.064   830   830 E SettingsState: invalid override flag name adservices/Measurement__enable_aggregate_debug_reporting
11-03 15:44:56.064   830   830 E SettingsState: invalid override flag name adservices/Spe__enable_per_job_policy
11-03 15:44:56.066   830   830 E SettingsState: invalid override flag name tethering/mdns_advertiser_allowlist_presence_version
11-03 15:44:56.066   830   830 E SettingsState: invalid override flag name adservices/measurement_enable_preinstall_check
11-03 15:44:56.066   830   830 E SettingsState: invalid override flag name systemui/ssin_enabled
11-03 15:44:56.067   830   830 E SettingsState: invalid override flag name adservices/fledge_kanon_set_type_to_sign_join
11-03 15:44:56.067   830   830 E SettingsState: invalid override flag name telephony/ramping_ringer_enabled
11-03 15:44:56.067   830   830 E SettingsState: invalid override flag name on_device_personalization/render_flow_deadline_seconds
11-03 15:44:56.067   830   830 E SettingsState: invalid override flag name device_personalization_services/MessageArmour__max_num_of_alerts_per_day
11-03 15:44:56.068   830   830 E SettingsState: invalid override flag name app_hibernation/app_hibernation_targets_pre_s_apps
11-03 15:44:56.068   830   830 E SettingsState: invalid override flag name device_personalization_services/MessageArmour__enable_notification_pipeline_v2
11-03 15:44:56.068   830   830 E SettingsState: invalid override flag name odad/log_classification_latency_westworld
11-03 15:44:56.068   830   830 E SettingsState: invalid override flag name adservices/enable_mdd_encryption_keys
11-03 15:44:56.068   830   830 E SettingsState: invalid override flag name netd_native/dot_revalidation_threshold
11-03 15:44:56.069   830   830 E SettingsState: invalid override flag name device_personalization_services/Superpacks__require_idle_by_default
11-03 15:44:56.070   830   830 E SettingsState: invalid override flag name device_personalization_services/ViewSemantics__memory_reduction
11-03 15:44:56.070   830   830 E SettingsState: invalid override flag name device_personalization_services/PlatformLogging__enable_platform_logging_testing
11-03 15:44:56.071   830   830 E SettingsState: invalid override flag name odad/westworld_watchdog_seconds
11-03 15:44:56.072   830   830 E SettingsState: invalid override flag name pixel_pearl/AicInference__enable_compatibility_check
11-03 15:44:56.072   830   830 E SettingsState: invalid override flag name content_capture/enable_contentcapture
11-03 15:44:56.072   830   830 E SettingsState: invalid override flag name adservices/appsetid_kill_switch
11-03 15:44:56.072   830   830 E SettingsState: invalid override flag name adservices/fledge_debug_report_sender_job_flex_ms
11-03 15:44:56.072   830   830 E SettingsState: invalid override flag name device_personalization_services/SmartNotification__summary_model_download_when_unavailable_millis
11-03 15:44:56.072   830   830 E SettingsState: invalid override flag name adservices/ConfigDelivery__enable_enrollment_config_v3_data_download
11-03 15:44:56.072   830   830 E SettingsState: invalid override flag name device_personalization_services/AicModels__protected_download_v2_safe_base_model_switch_timeout_hours
11-03 15:44:56.073   830   830 E SettingsState: invalid override flag name device_personalization_services/SmartRecPixelSearch__enable_search_on_files
11-03 15:44:56.073   830   830 E SettingsState: invalid override flag name adservices/topics_api_app_request_permits_per_second
11-03 15:44:56.073   830   830 E SettingsState: invalid override flag name aicore/AicSafety__use_flexible_safety_tars_classifier
11-03 15:44:56.073   830   830 E SettingsState: invalid override flag name adservices/DownloadConfig__mdd_package_deny_registry_manifest_file_url
11-03 15:44:56.073   830   830 E SettingsState: invalid override flag name device_personalization_services/NotificationAssistant__enable_upgrade_importance
11-03 15:44:56.073   830   830 E SettingsState: invalid override flag name health_fitness/RateLimiter__max_write_requests_per_15m_foreground
11-03 15:44:56.073   830   830 E SettingsState: invalid override flag name health_fitness/count_migration_state_allowed
11-03 15:44:56.073   830   830 E SettingsState: invalid override flag name device_personalization_services/Overview__enable_proactive_hints
11-03 15:44:56.073   830   830 E SettingsState: invalid override flag name adservices/measurement_api_register_web_trigger_kill_switch
11-03 15:44:56.073   830   830 E SettingsState: invalid override flag name device_personalization_services/SmartNotification__min_string_length_for_private_summary
11-03 15:44:56.073   830   830 E SettingsState: invalid override flag name adservices/Measurement__adr_budget_window_length_ms
11-03 15:44:56.074   830   830 E SettingsState: invalid override flag name adservices/fledge_custom_audience_max_expire_in_days
11-03 15:44:56.074   830   830 E SettingsState: invalid override flag name adservices/Spe__mdd_cellular_charging_job_policy
11-03 15:44:56.074   830   830 E SettingsState: invalid override flag name odad/usage_events_risk_utf_score
11-03 15:44:56.074   830   830 E SettingsState: invalid override flag name device_personalization_services/EchoSmartspace__loud_sound_test_threshold_duration_seconds
11-03 15:44:56.075   830   830 E SettingsState: invalid override flag name adservices/fledge_custom_audience_max_num_ads
11-03 15:44:56.075   830   830 E SettingsState: invalid override flag name storage_native_boot/dirty_reclaim_rate
11-03 15:44:56.075   830   830 E SettingsState: invalid override flag name captive_portal_login/use_any_custom_tab_provider
11-03 15:44:56.076   830   830 E SettingsState: invalid override flag name odad/phl_autofill_hint_suspicious_score
11-03 15:44:56.076   830   830 E SettingsState: invalid override flag name adservices/measurement_enable_odp_web_trigger_registration
11-03 15:44:56.076   830   830 E SettingsState: invalid override flag name adservices/enable_back_compat
11-03 15:44:56.076   830   830 E SettingsState: invalid override flag name aicore/AicModels__mdd_maintenance_at_init_enabled
11-03 15:44:56.076   830   830 E SettingsState: invalid override flag name adservices/measurement_enable_delete_reports_on_unrecoverable_exception
11-03 15:44:56.076   830   830 E SettingsState: invalid override flag name adservices/mdd_network_stats_logging_sample_interval
11-03 15:44:56.076   830   830 E SettingsState: invalid override flag name health_fitness/count_migration_state_in_progress
11-03 15:44:56.076   830   830 E SettingsState: invalid override flag name odad/phl_button_scores
11-03 15:44:56.077   830   830 E SettingsState: invalid override flag name input_method/InputMethodManager__hide_ime_when_no_editor_focus
11-03 15:44:56.077   830   830 E SettingsState: invalid override flag name odad/cp_debug_keywords
11-03 15:44:56.077   830   830 E SettingsState: invalid override flag name on_device_personalization/default_scheduling_period_secs
11-03 15:44:56.077   830   830 E SettingsState: invalid override flag name aicore/AicSafety__messages_custom_protection_enabled
11-03 15:44:56.077   830   830 E SettingsState: invalid override flag name device_personalization_services/AicModels__mdd_filter_filegroups_for_background_jobs
11-03 15:44:56.077   830   830 E SettingsState: invalid override flag name devicelock/enable_device_registration
11-03 15:44:56.077   830   830 E SettingsState: invalid override flag name media/player_metrics_per_app_user_media_activity_allowlist
11-03 15:44:56.077   830   830 E SettingsState: invalid override flag name notification_assistant/generate_actions
11-03 15:44:56.078   830   830 E SettingsState: invalid override flag name health_fitness/migration_completion_job_run_interval_days
11-03 15:44:56.080   830   830 E SettingsState: invalid override flag name adservices/fledge_auction_server_enable_pas_unlimited_egress
11-03 15:44:56.080   830   830 E SettingsState: invalid override flag name netd_native/max_cache_entries
11-03 15:44:56.080   830   830 E SettingsState: invalid override flag name device_personalization_services/PccFlogger__enable_pcc_flogger_backend
11-03 15:44:56.081   830   830 E SettingsState: invalid override flag name privacy/safety_center_show_subpages
11-03 15:44:56.081   830   830 E SettingsState: invalid override flag name device_personalization_services/VisualCortex__enable
11-03 15:44:56.081   830   830 E SettingsState: invalid override flag name aicore/AicSafety__use_flexible_safety_magic_rewrite_classifier
11-03 15:44:56.081   830   830 E SettingsState: invalid override flag name nnapi_native/telemetry_enable
11-03 15:44:56.081   830   830 E SettingsState: invalid override flag name device_personalization_services/NowPlaying__enable_now_playing_quick_settings
11-03 15:44:56.082   830   830 E SettingsState: invalid override flag name odad/max_low_cost_scanning_apps
11-03 15:44:56.082   830   830 E SettingsState: invalid override flag name odad/max_classification_reports
11-03 15:44:56.083   830   830 E SettingsState: invalid override flag name health_fitness/RateLimiter__max_write_requests_per_24h_background
11-03 15:44:56.083   830   830 E SettingsState: invalid override flag name adservices/fledge_background_fetch_thread_pool_size
11-03 15:44:56.083   830   830 E SettingsState: invalid override flag name connectivity/ipclient_multicast_ns_version
11-03 15:44:56.083   830   830 E SettingsState: invalid override flag name health_fitness/RateLimiter__max_read_requests_per_15m_foreground
11-03 15:44:56.083   830   830 E SettingsState: invalid override flag name adservices/topics_number_of_random_topics
11-03 15:44:56.084   830   830 E SettingsState: invalid override flag name device_personalization_services/AicModels__mdd_enable_background_jobs
11-03 15:44:56.084   830   830 E SettingsState: invalid override flag name device_personalization_services/Captions__enable_ec_v3_integration
11-03 15:44:56.085   830   830 E SettingsState: invalid override flag name runtime_native_boot/iorap_perfetto_enable
11-03 15:44:56.085   830   830 E SettingsState: invalid override flag name odad/phl_text_box_score
11-03 15:44:56.086   830   830 E SettingsState: invalid override flag name privacy/safety_label_changes_job_interval_millis
11-03 15:44:56.086   830   830 E SettingsState: invalid override flag name on_device_personalization/fcp_enable_authentication
11-03 15:44:56.086   830   830 E SettingsState: invalid override flag name package_manager_service/Archiving__enable_archiving
11-03 15:44:56.086   830   830 E SettingsState: invalid override flag name adservices/mdd_enrollment_manifest_file_url
11-03 15:44:56.087   830   830 E SettingsState: invalid override flag name adservices/protected_signals_cleanup_enabled
11-03 15:44:56.087   830   830 E SettingsState: invalid override flag name exo/use_target_dpi
11-03 15:44:56.087   830   830 E SettingsState: invalid override flag name adservices/topics_on_device_classifier_kill_switch
11-03 15:44:56.087   830   830 E SettingsState: invalid override flag name odad/safety_center_bll_warnings_v2_enabled
11-03 15:44:56.087   830   830 E SettingsState: invalid override flag name textclassifier/manifest_download_max_attempts
11-03 15:44:56.087   830   830 E SettingsState: invalid override flag name content_capture/content_protection_optional_groups_config
11-03 15:44:56.087   830   830 E SettingsState: invalid override flag name adservices/enrollment_proto_file_enabled
11-03 15:44:56.087   830   830 E SettingsState: invalid override flag name odad/old_versioned_ww_data_enabled
11-03 15:44:56.088   830   830 E SettingsState: invalid override flag name adservices/measurement_async_registration_job_trigger_max_delay_ms
11-03 15:44:56.089   830   830 E SettingsState: invalid override flag name adservices/fledge_custom_audience_per_app_max_count
11-03 15:44:56.089   830   830 E SettingsState: invalid override flag name device_personalization_services/AicModels__enable_fsync_downloaded_files
11-03 15:44:56.089   830   830 E SettingsState: invalid override flag name wifi/abnormal_connection_failure_bugreport_enabled
11-03 15:44:56.090   830   830 E SettingsState: invalid override flag name adservices/measurement_job_aggregate_reporting_kill_switch
11-03 15:44:56.090   830   830 E SettingsState: invalid override flag name device_personalization_services/SmartNotification__application_channel_verify_rules
11-03 15:44:56.090   830   830 E SettingsState: invalid override flag name aicore/AicFeatures__customer_packages
11-03 15:44:56.090   830   830 E SettingsState: invalid override flag name adservices/fledge_auction_server_key_fetch_metrics_enabled
11-03 15:44:56.091   830   830 E SettingsState: invalid override flag name odad/phl_clickable_text_view_score
11-03 15:44:56.091   830   830 E SettingsState: invalid override flag name connectivity/dhcp_init_reboot_enabled
11-03 15:44:56.091   830   830 E SettingsState: invalid override flag name adservices/measurement_enable_aggregatable_report_payload_padding
11-03 15:44:56.092   830   830 E SettingsState: invalid override flag name device_personalization_services/AicOnDeviceIntelligence__on_device_intelligence_callback_idle_timeout_ms
11-03 15:44:56.092   830   830 E SettingsState: invalid override flag name aicore/AicDataRelease__build_id_18103149225492435673
11-03 15:44:56.092   830   830 E SettingsState: invalid override flag name adservices/fledge_auction_server_join_key_fetch_uri
11-03 15:44:56.092   830   830 E SettingsState: invalid override flag name connectivity/dhcp_ip_conflict_detect_version
11-03 15:44:56.093   830   830 E SettingsState: invalid override flag name device_personalization_services/Captions__enable_drag_and_double_tap_to_resize
11-03 15:44:56.093   830   830 E SettingsState: invalid override flag name odad/enable_classification_initialization_in_gramophone
11-03 15:44:56.093   830   830 E SettingsState: invalid override flag name odad/bll_classifier_enabled
11-03 15:44:56.093   830   830 E SettingsState: invalid override flag name health_fitness/RateLimiter__max_read_requests_per_24h_background
11-03 15:44:56.093   830   830 E SettingsState: invalid override flag name adservices/measurement_max_sources_per_publisher
11-03 15:44:56.093   830   830 E SettingsState: invalid override flag name device_personalization_services/NowPlaying__enable_now_playing_ipc
11-03 15:44:56.094   830   830 E SettingsState: invalid override flag name device_personalization_services/PccSecurity__pcs_package_security_info
11-03 15:44:56.094   830   830 E SettingsState: invalid override flag name privacy/safety_center_background_refresh_denied_sources
11-03 15:44:56.094   830   830 E SettingsState: invalid override flag name privacy/safety_center_background_requires_charging
11-03 15:44:56.094   830   830 E SettingsState: invalid override flag name odad/safety_center_killswitch
11-03 15:44:56.094   830   830 E SettingsState: invalid override flag name aicore/AicModels__mdd_manifest_config
11-03 15:44:56.094   830   830 E SettingsState: invalid override flag name aicore/AicCommon__serving_group_mismatch_exception_enabled
11-03 15:44:56.095   830   830 E SettingsState: invalid override flag name health_fitness/cloud_restore_enable
11-03 15:44:56.095   830   830 E SettingsState: invalid override flag name wifi/health_monitor_ratio_thr_numerator
11-03 15:44:56.095   830   830 E SettingsState: invalid override flag name device_personalization_services/MessageArmour__enable_hun_suppression
11-03 15:44:56.096   830   830 E SettingsState: invalid override flag name credential_manager/credential_manager_service_search_uri
11-03 15:44:56.096   830   830 E SettingsState: invalid override flag name adservices/u18_ux_enabled
11-03 15:44:56.097   830   830 E SettingsState: invalid override flag name device_personalization_services/Captions__enable_augmented_modality_input
11-03 15:44:56.097   830   830 E SettingsState: invalid override flag name appsearch/contacts_indexer_enabled
11-03 15:44:56.097   830   830 E SettingsState: invalid override flag name aicore/AicSafety__messages_output_screen_classification_enabled
11-03 15:44:56.098   830   830 E SettingsState: invalid override flag name adservices/measurement_enable_event_level_epsilon_in_source
11-03 15:44:56.098   830   830 E SettingsState: invalid override flag name adservices/measurement_job_delete_uninstalled_kill_switch
11-03 15:44:56.099   830   830 E SettingsState: invalid override flag name connectivity/dhcp_rapid_commit_version
11-03 15:44:56.102   830   830 E SettingsState: invalid override flag name on_device_personalization/fcp_enable_encryption
11-03 15:44:56.102   830   830 E SettingsState: invalid override flag name device_personalization_services/NowPlaying__ambient_music_update_album_art_old_recognitions
11-03 15:44:56.102   830   830 E SettingsState: invalid override flag name adservices/measurement_max_triggers_per_destination
11-03 15:44:56.103   830   830 E SettingsState: invalid override flag name adservices/measurement_default_destination_limit_algorithm
11-03 15:44:56.103   830   830 E SettingsState: invalid override flag name adservices/fledge_debug_report_sender_job_period_ms
11-03 15:44:56.103   830   830 E SettingsState: invalid override flag name adservices/measurement_aggregate_reporting_job_required_network_type
11-03 15:44:56.104   830   830 E SettingsState: invalid override flag name odad/phl_autofill_hint_critical_score
11-03 15:44:56.104   830   830 E SettingsState: invalid override flag name adservices/fledge_background_fetch_network_connect_timeout_ms
11-03 15:44:56.104   830   830 E SettingsState: invalid override flag name device_personalization_services/NotificationAssistant__enable_service
11-03 15:44:56.104   830   830 E SettingsState: invalid override flag name on_device_personalization/web_trigger_flow_deadline_seconds
11-03 15:44:56.104   830   830 E SettingsState: invalid override flag name aicore/AicOnDeviceIntelligence__enable_fd_caching_for_lightweight_features
11-03 15:44:56.105   830   830 E SettingsState: invalid override flag name device_personalization_services/SmartNotification__excluded_packages
11-03 15:44:56.105   830   830 E SettingsState: invalid override flag name launcher_lily/HomeScreenShortcuts__enable_camera_block
11-03 15:44:56.105   830   830 E SettingsState: invalid override flag name adservices/measurement_enforce_foreground_status_register_source
11-03 15:44:56.105   830   830 E SettingsState: invalid override flag name adservices/measurement_event_reports_ctc_early_reporting_windows
11-03 15:44:56.106   830   830 E SettingsState: invalid override flag name adservices/measurement_enforce_foreground_status_register_web_source
11-03 15:44:56.106   830   830 E SettingsState: invalid override flag name device_personalization_services/NoOp__flag_for_droidfood
11-03 15:44:56.108   830   830 E SettingsState: invalid override flag name autofill/trigger_fill_request_on_unimportant_view
11-03 15:44:56.108   830   830 E SettingsState: invalid override flag name device_personalization_services/Superpacks__require_battery_not_low_by_default
11-03 15:44:56.108   830   830 E SettingsState: invalid override flag name configuration/beta_public_launch
11-03 15:44:56.109   830   830 E SettingsState: invalid override flag name device_personalization_services/ViewSemantics__model_version
11-03 15:44:56.109   830   830 E SettingsState: invalid override flag name device_personalization_services/SmartSelect__enable_smart_select_example_cache_on_suggest_selection
11-03 15:44:56.110   830   830 E SettingsState: invalid override flag name interaction_jank_monitor/trace_threshold_frame_time_millis
11-03 15:44:56.110   830   830 E SettingsState: invalid override flag name adservices/enable_appsearch_consent_data
11-03 15:44:56.111   830   830 E SettingsState: invalid override flag name uwb/device_error_bugreport_enabled
11-03 15:44:56.112   830   830 E SettingsState: invalid override flag name aicore/AicSafety__periodic_refresh_only_requested_clients_enabled
11-03 15:44:56.112   830   830 E SettingsState: invalid override flag name device_personalization_services/Overview__enable_pir_westworld_logging
11-03 15:44:56.112   830   830 E SettingsState: invalid override flag name activity_manager_native_boot/modern_queue_enabled
11-03 15:44:56.112   830   830 E SettingsState: invalid override flag name adservices/mdd_maintenance_gcm_task_period_seconds
11-03 15:44:56.112   830   830 E SettingsState: invalid override flag name media/player_metrics_per_app_use_time_allowlist
11-03 15:44:56.113   830   830 E SettingsState: invalid override flag name device_personalization_services/PccStorageStats__directory_report_known_directory_names
11-03 15:44:56.113   830   830 E SettingsState: invalid override flag name network_security/CertificateTransparencyLogList__service_enabled
11-03 15:44:56.113   830   830 E SettingsState: invalid override flag name device_personalization_services/EchoSmartspace__enable_ambient_data_predictor
11-03 15:44:56.113   830   830 E SettingsState: invalid override flag name textclassifier/manifest_url_annotator_universal
11-03 15:44:56.113   830   830 E SettingsState: invalid override flag name device_personalization_services/SpeechRecognitionService__max_concurrent_recognition_sessions
11-03 15:44:56.113   830   830 E SettingsState: invalid override flag name package_manager_service/MinInstallableTargetSdkStrictMode__install_block_strict_mode_enabled
11-03 15:44:56.115   830   830 E SettingsState: invalid override flag name adservices/fledge_report_impression_api_metrics_enabled
11-03 15:44:56.116   830   830 E SettingsState: invalid override flag name connectivity/ipclient_accept_ipv6_link_local_dns_version
11-03 15:44:56.448   830   875 E SystemServiceRegistry: Manager wrapper not available: dropbox
11-03 15:44:56.454   830   875 E SystemServiceRegistry: Manager wrapper not available: dropbox
11-03 15:44:56.464   830   875 E SystemServiceRegistry: Manager wrapper not available: dropbox
11-03 15:44:56.528   830   875 E SystemServiceRegistry: Manager wrapper not available: dropbox
11-03 15:44:56.534   830   875 E SystemServiceRegistry: Manager wrapper not available: dropbox
11-03 15:44:56.542   830   875 E SystemServiceRegistry: Manager wrapper not available: dropbox
11-03 15:44:56.548   830   875 E SystemServiceRegistry: Manager wrapper not available: dropbox
11-03 15:44:56.553   830   875 E SystemServiceRegistry: Manager wrapper not available: dropbox
11-03 15:44:56.560   830   875 E SystemServiceRegistry: Manager wrapper not available: dropbox
11-03 15:44:56.560   830   830 E SystemServiceRegistry: Manager wrapper not available: supervision
11-03 15:44:56.561   830   830 W PackageManager: Failed to get SupervisionManager.
11-03 15:44:56.568   830   875 E SystemServiceRegistry: Manager wrapper not available: dropbox
11-03 15:44:56.572   830   875 E SystemServiceRegistry: Manager wrapper not available: dropbox
11-03 15:44:56.578   830   875 E SystemServiceRegistry: Manager wrapper not available: dropbox
11-03 15:44:56.586   830   875 E SystemServiceRegistry: Manager wrapper not available: dropbox
11-03 15:44:56.599   830   875 E SystemServiceRegistry: Manager wrapper not available: dropbox
11-03 15:44:56.611   830   875 E SystemServiceRegistry: Manager wrapper not available: dropbox
11-03 15:44:56.624   830   875 E SystemServiceRegistry: Manager wrapper not available: dropbox
11-03 15:44:56.633   830   875 E SystemServiceRegistry: Manager wrapper not available: dropbox
11-03 15:44:56.639   830   875 E SystemServiceRegistry: Manager wrapper not available: dropbox
11-03 15:44:56.650   830   875 E SystemServiceRegistry: Manager wrapper not available: dropbox
11-03 15:44:56.658   830   875 E SystemServiceRegistry: Manager wrapper not available: dropbox
11-03 15:44:56.666   830   875 E SystemServiceRegistry: Manager wrapper not available: dropbox
11-03 15:44:56.673   830   875 E SystemServiceRegistry: Manager wrapper not available: dropbox
11-03 15:44:56.678   830   875 E SystemServiceRegistry: Manager wrapper not available: dropbox
11-03 15:44:56.685   830   875 E SystemServiceRegistry: Manager wrapper not available: dropbox
11-03 15:44:56.711   830   875 E SystemServiceRegistry: Manager wrapper not available: dropbox
11-03 15:44:56.922   830   830 E VibratorInfo: Invalid frequency profile received from HAL. resonantFrequencyHz=NaN, frequenciesHz=null, outputAccelerationsGs=null
11-03 15:44:56.940   830   830 E VibratorInfo: Invalid frequency profile received from HAL. resonantFrequencyHz=NaN, frequenciesHz=null, outputAccelerationsGs=null
11-03 15:44:57.130   830   830 W SystemServiceManager: Service com.android.server.vibrator.VibratorManagerService$Lifecycle took 298 ms in onStart
11-03 15:44:57.205   830   874 W UserWakeupStore: User wakeup file not available: /data/system/alarms/usersWithAlarmClocks.xml
11-03 15:44:57.213   830   830 W SystemServiceManager: Service com.android.server.alarm.AlarmManagerService took 71 ms in onStart
11-03 15:44:57.326   830   830 E DeviceStateManagerService: Cannot notify device state info change before the initial state has been committed.
11-03 15:44:58.136   830   862 W BroadcastLoopers: Found previously unknown looper Thread[android.ui,5,main]
11-03 15:44:58.530   830   830 W SystemServiceManager: Service com.android.server.integrity.AppIntegrityManagerService took 79 ms in onStart
11-03 15:44:58.585   830   874 W PinnerService: Could not find pinlist.meta for "/system_ext/priv-app/NexusLauncherRelease/NexusLauncherRelease.apk": pinning as blob
11-03 15:44:59.520   830   864 W BroadcastLoopers: Found previously unknown looper Thread[android.display,5,main]
11-03 15:44:59.693   830   830 W SystemServiceManager: Service com.android.server.StorageManagerService$Lifecycle took 224 ms in onStart
11-03 15:44:59.829   830   830 W SystemServiceManager: Service com.android.server.usage.StorageStatsService$Lifecycle took 129 ms in onStart
11-03 15:44:59.934   830   830 W PackageManager: No disk maintenance in 716239213; running immediately
11-03 15:45:00.012   272  1030 W vold    : Trim failed on /data: Operation not supported on transport endpoint
11-03 15:45:00.018   272  1030 W vold    : Trim failed on /metadata: Operation not supported on transport endpoint
11-03 15:45:00.101   830   830 W SystemServiceManager: Service com.android.server.locksettings.LockSettingsService$Lifecycle took 149 ms in onStart
11-03 15:45:00.217   830   830 W SystemServiceManager: Service com.android.server.DeviceIdleController took 54 ms in onStart
11-03 15:45:00.291   830   992 W SyncManager: Failure adding authority: auth=subscribedfeeds enabled=false syncable=1
11-03 15:45:00.405   830   992 E SystemServiceRegistry: Manager wrapper not available: jobscheduler
11-03 15:45:02.602   830  1065 W BroadcastLoopers: Found previously unknown looper Thread[NsdService,5,main]
11-03 15:45:02.805   830   830 W SystemServiceManager: Service com.android.server.ConnectivityServiceInitializer took 66 ms in onStart
11-03 15:45:02.838   830   830 W BroadcastLoopers: Found previously unknown looper Thread[main,5,main]
11-03 15:45:03.046   830   830 W ContextImpl: Calling a method in the system process without a qualified user: android.app.ContextImpl.sendBroadcastMultiplePermissions:1391 android.content.Context.sendBroadcastMultiplePermissions:2736 com.android.server.notification.NotificationManagerService.sendRegisteredOnlyBroadcast:3452 com.android.server.notification.NotificationManagerService.-$$Nest$msendRegisteredOnlyBroadcast:0 com.android.server.notification.NotificationManagerService$7.lambda$onPolicyChanged$1:2897 
11-03 15:45:03.061   830   830 W ContextImpl: Calling a method in the system process without a qualified user: android.app.ContextImpl.sendBroadcastMultiplePermissions:1391 android.content.Context.sendBroadcastMultiplePermissions:2736 com.android.server.notification.NotificationManagerService.sendRegisteredOnlyBroadcast:3452 com.android.server.notification.NotificationManagerService.-$$Nest$msendRegisteredOnlyBroadcast:0 com.android.server.notification.NotificationManagerService$7.lambda$onConsolidatedPolicyChanged$2:2907 
11-03 15:45:03.423   830   851 W OverlayManager: service 'idmap' died
11-03 15:45:03.436   830   830 W ActivityManager: Unable to start service Intent { act=android.service.notification.NotificationListenerService cmp=com.google.android.apps.nexuslauncher/com.android.launcher3.notification.NotificationListener } U=0: not found
11-03 15:45:03.437   830   830 W NotificationManagerService.NotificationListeners: Unable to bind notification listener service: Intent { act=android.service.notification.NotificationListenerService xflg=0x4 cmp=com.google.android.apps.nexuslauncher/com.android.launcher3.notification.NotificationListener (has extras) } in user 0
11-03 15:45:03.454   830   830 W ActivityManager: Unable to start service Intent { act=android.service.notification.NotificationListenerService cmp=com.google.android.as/com.google.android.apps.miphone.aiai.common.notification.service.AiAiNotificationListenerService } U=0: not found
11-03 15:45:03.469   830   830 W NotificationManagerService.NotificationListeners: Unable to bind notification listener service: Intent { act=android.service.notification.NotificationListenerService xflg=0x4 cmp=com.google.android.as/com.google.android.apps.miphone.aiai.common.notification.service.AiAiNotificationListenerService (has extras) } in user 0
11-03 15:45:03.488   830   830 W ActivityManager: Unable to start service Intent { act=android.service.notification.NotificationAssistantService cmp=com.google.android.as/com.google.android.apps.miphone.aiai.common.notification.service.AiAiNotificationAssistantService } U=0: not found
11-03 15:45:03.490   830   830 W NotificationManagerService.NotificationAssistants: Unable to bind notification assistant service: Intent { act=android.service.notification.NotificationAssistantService xflg=0x4 cmp=com.google.android.as/com.google.android.apps.miphone.aiai.common.notification.service.AiAiNotificationAssistantService (has extras) } in user 0
11-03 15:45:03.580   830   830 W SystemServiceManager: Service com.android.server.notification.NotificationManagerService took 719 ms in onStart
11-03 15:45:03.845   830   830 W SystemServiceManager: Service com.android.server.timezonedetector.TimeZoneDetectorService$Lifecycle took 57 ms in onStart
11-03 15:45:04.789   830   830 E PowerManagerService: Tried to acquire wake lock for invalid display: 0
11-03 15:45:04.852   830   830 E SoundTriggerMiddlewareImpl: Failed to add a SoundTriggerModule instance
11-03 15:45:04.852   830   830 E SoundTriggerMiddlewareImpl: java.util.NoSuchElementException
11-03 15:45:04.852   830   830 E SoundTriggerMiddlewareImpl: 	at android.os.HwBinder.getService(Native Method)
11-03 15:45:04.852   830   830 E SoundTriggerMiddlewareImpl: 	at android.hardware.soundtrigger.V2_0.ISoundTriggerHw.getService(ISoundTriggerHw.java:57)
11-03 15:45:04.852   830   830 E SoundTriggerMiddlewareImpl: 	at android.hardware.soundtrigger.V2_0.ISoundTriggerHw.getService(ISoundTriggerHw.java:64)
11-03 15:45:04.852   830   830 E SoundTriggerMiddlewareImpl: 	at com.android.server.soundtrigger_middleware.DefaultHalFactory.create(DefaultHalFactory.java:76)
11-03 15:45:04.852   830   830 E SoundTriggerMiddlewareImpl: 	at com.android.server.soundtrigger_middleware.SoundTriggerModule.attachToHal(SoundTriggerModule.java:176)
11-03 15:45:04.852   830   830 E SoundTriggerMiddlewareImpl: 	at com.android.server.soundtrigger_middleware.SoundTriggerModule.<init>(SoundTriggerModule.java:105)
11-03 15:45:04.852   830   830 E SoundTriggerMiddlewareImpl: 	at com.android.server.soundtrigger_middleware.SoundTriggerMiddlewareImpl.<init>(SoundTriggerMiddlewareImpl.java:86)
11-03 15:45:04.852   830   830 E SoundTriggerMiddlewareImpl: 	at com.android.server.soundtrigger_middleware.SoundTriggerMiddlewareService$Lifecycle.onStart(SoundTriggerMiddlewareService.java:248)
11-03 15:45:04.852   830   830 E SoundTriggerMiddlewareImpl: 	at com.android.server.SystemServiceManager.startService(SystemServiceManager.java:280)
11-03 15:45:04.852   830   830 E SoundTriggerMiddlewareImpl: 	at com.android.server.SystemServiceManager.startService(SystemServiceManager.java:257)
11-03 15:45:04.852   830   830 E SoundTriggerMiddlewareImpl: 	at com.android.server.SystemServer.startOtherServices(SystemServer.java:2423)
11-03 15:45:04.852   830   830 E SoundTriggerMiddlewareImpl: 	at com.android.server.SystemServer.run(SystemServer.java:1001)
11-03 15:45:04.852   830   830 E SoundTriggerMiddlewareImpl: 	at com.android.server.SystemServer.main(SystemServer.java:700)
11-03 15:45:04.852   830   830 E SoundTriggerMiddlewareImpl: 	at java.lang.reflect.Method.invoke(Native Method)
11-03 15:45:04.852   830   830 E SoundTriggerMiddlewareImpl: 	at com.android.internal.os.RuntimeInit$MethodAndArgsCaller.run(RuntimeInit.java:566)
11-03 15:45:04.852   830   830 E SoundTriggerMiddlewareImpl: 	at com.android.internal.os.ZygoteInit.main(ZygoteInit.java:907)
11-03 15:45:04.904   830   830 W SystemServiceManager: Service com.android.server.soundtrigger_middleware.SoundTriggerMiddlewareService$Lifecycle took 92 ms in onStart
11-03 15:45:04.918   830   830 W WiredAccessoryManager: This kernel does not have usb audio support
11-03 15:45:04.918   830   830 W WiredAccessoryManager: This kernel does not have HDMI audio support
11-03 15:45:05.014   830   951 E UsbDeviceManager: connectToProxy: usb gadget hidl hal service not found.
11-03 15:45:05.014   830   951 E UsbDeviceManager: java.util.NoSuchElementException
11-03 15:45:05.014   830   951 E UsbDeviceManager: 	at android.os.HwBinder.getService(Native Method)
11-03 15:45:05.014   830   951 E UsbDeviceManager: 	at android.hardware.usb.gadget.V1_0.IUsbGadget.getService(IUsbGadget.java:57)
11-03 15:45:05.014   830   951 E UsbDeviceManager: 	at android.hardware.usb.gadget.V1_0.IUsbGadget.getService(IUsbGadget.java:64)
11-03 15:45:05.014   830   951 E UsbDeviceManager: 	at com.android.server.usb.hal.gadget.UsbGadgetHidl.isServicePresent(UsbGadgetHidl.java:128)
11-03 15:45:05.014   830   951 E UsbDeviceManager: 	at com.android.server.usb.hal.gadget.UsbGadgetHalInstance.getInstance(UsbGadgetHalInstance.java:39)
11-03 15:45:05.014   830   951 E UsbDeviceManager: 	at com.android.server.usb.UsbDeviceManager.<init>(UsbDeviceManager.java:349)
11-03 15:45:05.014   830   951 E UsbDeviceManager: 	at com.android.server.usb.UsbService.<init>(UsbService.java:215)
11-03 15:45:05.014   830   951 E UsbDeviceManager: 	at com.android.server.usb.UsbService$Lifecycle.lambda$onStart$0(UsbService.java:121)
11-03 15:45:05.014   830   951 E UsbDeviceManager: 	at com.android.server.usb.UsbService$Lifecycle.$r8$lambda$HIZVSW8uTg1XjWF6etZh-bC1WP4(UsbService.java:0)
11-03 15:45:05.014   830   951 E UsbDeviceManager: 	at com.android.server.usb.UsbService$Lifecycle$$ExternalSyntheticLambda0.run(R8$$SyntheticClass:0)
11-03 15:45:05.014   830   951 E UsbDeviceManager: 	at java.util.concurrent.Executors$RunnableAdapter.call(Executors.java:520)
11-03 15:45:05.014   830   951 E UsbDeviceManager: 	at com.android.server.SystemServerInitThreadPool.lambda$submitTask$0(SystemServerInitThreadPool.java:123)
11-03 15:45:05.014   830   951 E UsbDeviceManager: 	at com.android.server.SystemServerInitThreadPool.$r8$lambda$pX73o5PM2Q_I4va9TP2zr55_hqQ(SystemServerInitThreadPool.java:0)
11-03 15:45:05.014   830   951 E UsbDeviceManager: 	at com.android.server.SystemServerInitThreadPool$$ExternalSyntheticLambda1.call(R8$$SyntheticClass:0)
11-03 15:45:05.014   830   951 E UsbDeviceManager: 	at java.util.concurrent.FutureTask.run(FutureTask.java:317)
11-03 15:45:05.014   830   951 E UsbDeviceManager: 	at java.util.concurrent.ThreadPoolExecutor.runWorker(ThreadPoolExecutor.java:1154)
11-03 15:45:05.014   830   951 E UsbDeviceManager: 	at java.util.concurrent.ThreadPoolExecutor$Worker.run(ThreadPoolExecutor.java:652)
11-03 15:45:05.014   830   951 E UsbDeviceManager: 	at com.android.internal.util.ConcurrentUtils$1$1.run(ConcurrentUtils.java:65)
11-03 15:45:05.017   830   951 E UsbPortManager: USB Gadget HAL AIDL/HIDL not present
11-03 15:45:05.019   830   951 E UsbDeviceManager: Failed to open control for mtp
11-03 15:45:05.020   830   951 E UsbDeviceManager: Failed to open control for ptp
11-03 15:45:05.043   830   951 W StorageManagerService: No primary storage defined yet; hacking together a stub
11-03 15:45:05.385   830   830 W SystemServiceManager: Service com.android.server.appwidget.AppWidgetService took 56 ms in onStart
11-03 15:45:05.930   830   830 E SystemServiceRegistry: Manager wrapper not available: face
11-03 15:45:05.997   830  1088 W BroadcastLoopers: Found previously unknown looper Thread[AudioService,5,main]
11-03 15:45:06.005   830  1113 E AuthService: Face configuration exists, but FaceService is null.
11-03 15:45:06.034   830   830 E SystemServiceRegistry: Manager wrapper not available: face
11-03 15:45:06.631   830  1112 W BiometricStateCallback: Other authentication client: FingerprintInternalCleanupClient
11-03 15:45:06.638   830  1112 W BiometricLogger: Unknown field detected: CLIENT_UNKNOWN
11-03 15:45:06.652   830  1112 W BiometricStateCallback: Other authentication client: FingerprintInternalCleanupClient
11-03 15:45:06.662   830  1112 W BiometricLogger: Unknown field detected: CLIENT_UNKNOWN
11-03 15:45:07.077   830   830 W SystemServiceManager: Service com.android.server.pm.LauncherAppsService took 91 ms in onStart
11-03 15:45:07.901   830   830 W SystemServiceManager: Service com.android.server.scheduling.RebootReadinessManagerService$Lifecycle took 64 ms in onStart
11-03 15:45:08.332   830   830 E AutofillManagerServiceImpl: Bad service name: com.google.android.gms/.autofill.service.AutofillService
11-03 15:45:08.333   830   830 E RemoteAugmentedAutofillService: Bad service name for flags 1048704: com.google.android.as/com.google.android.apps.miphone.aiai.app.AiAiAugmentedAutofillService
11-03 15:45:08.914   830   830 W SystemServiceManager: Service com.android.server.powerstats.PowerStatsService took 114 ms in onBootPhase
11-03 15:45:08.919   830   830 W BatteryStatsImpl: Unexpected per uid modem model name ()
11-03 15:45:08.968   830   830 W SystemServiceManager: Service com.android.server.am.ActivityManagerService$Lifecycle took 53 ms in onBootPhase
11-03 15:45:09.096   830   830 E DisplayPowerController[0]: failed to set up display white-balance: java.lang.IllegalStateException: cannot find sensor com.google.sensor.color
11-03 15:45:09.096   830   830 W DisplayPowerController[0]: Screen brightness nits configuration is unavailable; falling back
11-03 15:45:09.117   830   830 W ScreenTimeoutOverridePolicy: Screen timeout override is smaller than the minimum timeout : -1
11-03 15:45:09.195   830   830 E DeviceConfig: Parsing int failed for location_mode
11-03 15:45:09.197   830   898 W KeyguardServiceDelegate: onScreenTurningOn(): no keyguard service!
11-03 15:45:09.245   830   830 W SystemServiceManager: Service com.android.server.power.PowerManagerService took 268 ms in onBootPhase
11-03 15:45:09.305   830   830 W SystemServiceManager: Service com.android.server.lights.LightsService took 55 ms in onBootPhase
11-03 15:45:09.415   830   830 W SystemServiceManager: Service com.android.server.usage.UsageStatsService took 85 ms in onBootPhase
11-03 15:45:09.498   830   830 W SystemServiceManager: Service com.android.server.BinderCallsStatsService$LifeCycle took 81 ms in onBootPhase
11-03 15:45:09.732   830   885 W BatteryExternalStatsWorker: error reading Bluetooth stats: 9
11-03 15:45:09.737   830   885 W BatteryExternalStatsWorker: error reading modem stats:ERROR_PHONE_NOT_AVAILABLE
11-03 15:45:09.752   830   830 W SystemServiceManager: Service com.android.server.alarm.AlarmManagerService took 205 ms in onBootPhase
11-03 15:45:09.957   830   830 W SystemServiceManager: Service com.android.server.UiModeManagerService took 140 ms in onBootPhase
11-03 15:45:10.055   830   830 W SystemServiceManager: Service com.android.server.apphibernation.AppHibernationService took 81 ms in onBootPhase
11-03 15:45:10.057   830   830 E TestHarnessModeService: Failed to start Test Harness Mode; no implementation of PersistentDataBlockManagerInternal was bound!
11-03 15:45:10.264   830  1048 W BroadcastLoopers: Found previously unknown looper Thread[WifiHandlerThread,5,main]
11-03 15:45:10.323   830   830 W SystemServiceManager: Service com.android.server.ConnectivityServiceInitializer took 84 ms in onBootPhase
11-03 15:45:10.415   830   885 W KernelMemoryBandwidthStats: No kernel memory bandwidth stats available
11-03 15:45:10.456   585   613 W android.hardware.wifi-service: Duplicate death notification registration
11-03 15:45:10.467   830   830 W SystemServiceManager: Service com.android.server.location.LocationManagerService$Lifecycle took 60 ms in onBootPhase
11-03 15:45:10.622   585   613 W android.hardware.wifi-service: No active wlan interfaces in use! Using default
11-03 15:45:10.624   585   613 E android.hardware.wifi-service: Unknown iface name: wlan0
11-03 15:45:10.627   585   613 E android.hardware.wifi-service: Unknown iface name: wlan0
11-03 15:45:10.660   585   613 W android.hardware.wifi-service: No active wlan interfaces in use! Using default
11-03 15:45:10.661   585   613 E android.hardware.wifi-service: Unknown iface name: wlan0
11-03 15:45:10.661   585   613 E android.hardware.wifi-service: Unknown iface name: wlan0
11-03 15:45:10.692   585   613 W android.hardware.wifi-service: No active wlan interfaces in use! Using default
11-03 15:45:10.693   585   613 E android.hardware.wifi-service: Failed to register radio mode change callback
11-03 15:45:10.693   585   613 W android.hardware.wifi-service: No active wlan interfaces in use! Using default
11-03 15:45:10.706   585   613 E android.hardware.wifi-service: Failed to get SupportedIfaceCombinations matrix from legacy HAL: NOT_SUPPORTED
11-03 15:45:10.707   585   613 W android.hardware.wifi-service: No active wlan interfaces in use! Using default
11-03 15:45:10.713   585   613 W android.hardware.wifi-service: No active wlan interfaces in use! Using default
11-03 15:45:10.730   585   613 E android.hardware.wifi-service: Failed to set DFS flag; DFS channels may be unavailable.
11-03 15:45:10.752   585   613 E android.hardware.wifi-service: Failed to get chip capabilities from legacy HAL: NOT_SUPPORTED
11-03 15:45:10.797   830   830 W SystemServiceManager: Service com.android.server.job.JobSchedulerService took 277 ms in onBootPhase
11-03 15:45:10.822   830   830 E SystemServiceRegistry: Manager wrapper not available: face
11-03 15:45:10.845   830   885 W BroadcastLoopers: Found previously unknown looper Thread[batterystats-handler,5,main]
11-03 15:45:10.909   585   613 E android.hardware.wifi-service: Failed to get SupportedRadioCombinations matrix from legacy HAL: NOT_SUPPORTED
11-03 15:45:11.060   830   830 E UserManagerService: Auto-lock preference updated but private space user not found
11-03 15:45:11.551   830   908 E DefaultPermGrantPolicy: Package not found: com.google.android.apps.pixelmigrate
11-03 15:45:11.552   830   908 E DefaultPermGrantPolicy: Package not found: com.google.android.adservices
11-03 15:45:11.552   830   908 E DefaultPermGrantPolicy: Package not found: com.google.android.apps.mediashell
11-03 15:45:11.553   830   908 E DefaultPermGrantPolicy: Package not found: com.google.android.apps.tips
11-03 15:45:11.553   830   908 E DefaultPermGrantPolicy: Package not found: com.google.android.apps.turbo
11-03 15:45:11.554   830   908 E DefaultPermGrantPolicy: Package not found: com.google.android.euicc
11-03 15:45:11.558   830   908 E DefaultPermGrantPolicy: Package not found: com.google.android.volta
11-03 15:45:11.593   830   909 W PackageManager: Not removing package com.google.android.trichromelibrary hosting lib com.google.android.trichromelibrary version 739012238 used by [VersionedPackage[com.google.android.webview/739012238], VersionedPackage[com.android.chrome/739012238]] for user 0
11-03 15:45:12.028   830   830 W SystemServiceManager: Service com.android.server.crashrecovery.CrashRecoveryModule$Lifecycle took 424 ms in onStart
11-03 15:45:13.356   830   830 W SystemServiceManager: Service com.android.server.notification.NotificationManagerService took 142 ms in onBootPhase
11-03 15:45:14.071   830   830 W SystemServiceManager: Service com.android.safetycenter.SafetyCenterService took 622 ms in onStart
11-03 15:45:14.200   830   862 W WindowManager: Keyguard drawn timeout. Setting mKeyguardDrawComplete
11-03 15:45:14.258   830   830 W SystemServiceManager: Service com.android.server.appsearch.AppSearchModule$Lifecycle took 169 ms in onStart
11-03 15:45:14.360   830   830 W SystemServiceManager: Service com.android.server.compat.overrides.AppCompatOverridesService$Lifecycle took 76 ms in onStart
11-03 15:45:14.751   830   830 E ActivityManager: Unable to find com.google.android.trichromelibrary_739009738/u0
11-03 15:45:14.989   830   830 W SystemServiceManager: Service com.android.server.am.ActivityManagerService$Lifecycle took 54 ms in onBootPhase
11-03 15:45:15.063   830   830 W SystemServiceManager: Service com.android.server.power.thermal.ThermalManagerService took 73 ms in onBootPhase
11-03 15:45:15.106   830   830 W ActivityManager: Too early to start/bind service in system_server: Phase=550 ComponentInfo{com.android.server.telecom/com.android.server.telecom.components.TelecomService}
11-03 15:45:15.110   830   830 W ActivityManager: Too early to start/bind service in system_server: Phase=550 ComponentInfo{com.android.server.telecom/com.android.server.telecom.components.TelecomService}
11-03 15:45:15.277   830   984 E NativeTombstoneManager: Tombstone has invalid selinux label (u:r:priv_app:s0:c512,c768), ignoring
11-03 15:45:15.297   830   830 W SystemServiceManager: Service com.android.server.net.watchlist.NetworkWatchlistService$Lifecycle took 124 ms in onBootPhase
11-03 15:45:15.354   830   830 W SystemServiceManager: Service com.android.server.pinner.PinnerService took 55 ms in onBootPhase
11-03 15:45:15.388   830   984 E NativeTombstoneManager: Tombstone has invalid selinux label (u:r:priv_app:s0:c512,c768), ignoring
11-03 15:45:15.496   830   984 E NativeTombstoneManager: Tombstone has invalid selinux label (u:r:priv_app:s0:c512,c768), ignoring
11-03 15:45:15.538   830   984 E NativeTombstoneManager: Tombstone has invalid selinux label (u:r:priv_app:s0:c512,c768), ignoring
11-03 15:45:15.562   830   984 E NativeTombstoneManager: Tombstone has invalid selinux label (u:r:priv_app:s0:c512,c768), ignoring
11-03 15:45:15.578   830   984 E NativeTombstoneManager: Tombstone has invalid selinux label (u:r:priv_app:s0:c512,c768), ignoring
11-03 15:45:15.600   830   984 E NativeTombstoneManager: Tombstone has invalid selinux label (u:r:priv_app:s0:c512,c768), ignoring
