11-03 15:45:15.625   830   830 W SystemServiceManager: Service com.android.server.inputmethod.InputMethodManagerService$Lifecycle took 252 ms in onBootPhase
11-03 15:45:15.697   830   984 E NativeTombstoneManager: Tombstone has invalid selinux label (u:r:priv_app:s0:c512,c768), ignoring
11-03 15:45:15.816   272   540 W vold    : Cannot find dev sysfs path
11-03 15:45:15.816   830  1025 W StorageManagerService: Failed to get storage lifetime
11-03 15:45:15.869   830   984 E NativeTombstoneManager: Tombstone has invalid selinux label (u:r:priv_app:s0:c512,c768), ignoring
11-03 15:45:15.942   830   984 E NativeTombstoneManager: Tombstone has invalid selinux label (u:r:priv_app:s0:c512,c768), ignoring
11-03 15:45:15.960   830   984 E NativeTombstoneManager: Tombstone has invalid selinux label (u:r:priv_app:s0:c512,c768), ignoring
11-03 15:45:15.988   830   984 E NativeTombstoneManager: Tombstone has invalid selinux label (u:r:priv_app:s0:c512,c768), ignoring
11-03 15:45:16.019   830   984 E NativeTombstoneManager: Tombstone has invalid selinux label (u:r:priv_app:s0:c512,c768), ignoring
11-03 15:45:16.245   830   984 E NativeTombstoneManager: Tombstone has invalid selinux label (u:r:priv_app:s0:c512,c768), ignoring
11-03 15:45:16.283   830   984 E NativeTombstoneManager: Tombstone has invalid selinux label (u:r:priv_app:s0:c512,c768), ignoring
11-03 15:45:16.302   830   984 E NativeTombstoneManager: Tombstone has invalid selinux label (u:r:priv_app:s0:c512,c768), ignoring
11-03 15:45:16.322   830   984 E NativeTombstoneManager: Tombstone has invalid selinux label (u:r:priv_app:s0:c512,c768), ignoring
11-03 15:45:16.346   830   830 W SystemServiceManager: Service com.android.server.NetworkStatsServiceInitializer took 658 ms in onBootPhase
11-03 15:45:16.365   830   984 E NativeTombstoneManager: Tombstone has invalid selinux label (u:r:priv_app:s0:c512,c768), ignoring
11-03 15:45:16.397   830   984 E NativeTombstoneManager: Tombstone has invalid selinux label (u:r:priv_app:s0:c512,c768), ignoring
11-03 15:45:16.416   830   830 W SystemServiceManager: Service com.android.server.ConnectivityServiceInitializer took 68 ms in onBootPhase
11-03 15:45:16.466   830   830 W ActivityManager: Skipping saving the start info due to ongoing loading from storage
11-03 15:45:16.478   830   984 E NativeTombstoneManager: Tombstone has invalid selinux label (u:r:priv_app:s0:c512,c768), ignoring
11-03 15:45:16.501   830   984 E NativeTombstoneManager: Tombstone has invalid selinux label (u:r:priv_app:s0:c512,c768), ignoring
11-03 15:45:16.524   830   984 E NativeTombstoneManager: Tombstone has invalid selinux label (u:r:priv_app:s0:c512,c768), ignoring
11-03 15:45:16.532   830   830 W WallpaperCropper: Invalid wallpaper data
11-03 15:45:16.532   830   830 E WallpaperCropper: Unable to apply new wallpaper
11-03 15:45:16.537   830   830 W SystemServiceManager: Service com.android.server.wallpaper.WallpaperManagerService$Lifecycle took 112 ms in onBootPhase
11-03 15:45:16.594   830  1084 W BroadcastLoopers: Found previously unknown looper Thread[AudioDeviceBroker,5,main]
11-03 15:45:16.611   830   984 E NativeTombstoneManager: Tombstone has invalid selinux label (u:r:priv_app:s0:c512,c768), ignoring
11-03 15:45:16.623   830   984 E NativeTombstoneManager: Tombstone has invalid selinux label (u:r:priv_app:s0:c512,c768), ignoring
11-03 15:45:16.653   830   984 E NativeTombstoneManager: Tombstone has invalid selinux label (u:r:priv_app:s0:c512,c768), ignoring
11-03 15:45:16.670   830   830 W SystemServiceManager: Service com.android.server.blob.BlobStoreManagerService took 85 ms in onBootPhase
11-03 15:45:16.684   830   876 W ActivityManager: Slow operation: 232ms so far, now at startProcess: returned from zygote!
11-03 15:45:16.714   830   876 W ActivityManager: Slow operation: 261ms so far, now at startProcess: done updating battery stats
11-03 15:45:16.717   830   876 W ActivityManager: Slow operation: 265ms so far, now at startProcess: building log message
11-03 15:45:16.718   830   876 W ActivityManager: Slow operation: 266ms so far, now at startProcess: starting to update pids map
11-03 15:45:16.730   830   984 E NativeTombstoneManager: Tombstone has invalid selinux label (u:r:priv_app:s0:c512,c768), ignoring
11-03 15:45:16.800   830   830 W SystemServiceManager: Service com.android.server.media.MediaSessionService took 126 ms in onBootPhase
11-03 15:45:16.931   830   984 E NativeTombstoneManager: Tombstone has invalid selinux label (u:r:priv_app:s0:c512,c768), ignoring
11-03 15:45:17.093   830   984 E NativeTombstoneManager: Tombstone has invalid selinux label (u:r:priv_app:s0:c512,c768), ignoring
11-03 15:45:17.193   830   876 W ActivityManager: Slow operation: 741ms so far, now at startProcess: done updating pids map
11-03 15:45:17.200   830   830 W SystemServiceManager: Service com.android.server.appbinding.AppBindingService$Lifecycle took 387 ms in onBootPhase
11-03 15:45:17.353   830   984 E NativeTombstoneManager: Tombstone has invalid selinux label (u:r:priv_app:s0:c512,c768), ignoring
11-03 15:45:17.390   830   984 E NativeTombstoneManager: Tombstone has invalid selinux label (u:r:priv_app:s0:c512,c768), ignoring
11-03 15:45:17.406   830   984 E NativeTombstoneManager: Tombstone has invalid selinux label (u:r:priv_app:s0:c512,c768), ignoring
11-03 15:45:17.502   830   984 E NativeTombstoneManager: Tombstone has invalid selinux label (u:r:priv_app:s0:c512,c768), ignoring
11-03 15:45:17.784   830   960 W ActivityManager: Slow operation: 424ms so far, now at attachApplicationLocked: before bindApplication
11-03 15:45:17.803   830   960 W ActivityManager: Slow operation: 442ms so far, now at attachApplicationLocked: immediately before bindApplication
11-03 15:45:17.965   830   960 W ActivityManager: Slow operation: 604ms so far, now at attachApplicationLocked: immediately after bindApplication
11-03 15:45:17.969   830   960 W ActivityManager: Slow operation: 609ms so far, now at attachApplicationLocked: after updateLruProcessLocked
11-03 15:45:18.027   830   960 W ActivityManager: Slow operation: 667ms so far, now at attachApplicationLocked: after updateOomAdjLocked
11-03 15:45:18.136   830   862 W Looper  : Slow dispatch took 122ms android.ui app=system_server main=false group=TOP_APP h=com.android.server.am.ActivityManagerService$UiHandler c=com.android.server.am.UidObserverController$$ExternalSyntheticLambda0@4a086de m=0
11-03 15:45:18.898   830   830 W SystemServiceManager: Service com.android.server.policy.PermissionPolicyService took 1696 ms in onBootPhase
11-03 15:45:19.227   830   985 W PinnerService: Could not find pinlist.meta for "/data/app/~~0_GQEqIJhdpUBDjtt0VlKA==/com.google.android.trichromelibrary_739012238-0dHM7X_AOp-lITkgsguumw==/base.apk": pinning as blob
11-03 15:45:19.252   830   885 W BatteryExternalStatsWorker: error reading modem stats:ERROR_PHONE_NOT_AVAILABLE
11-03 15:45:19.445   830  1046 W NetworkPolicy: setRestrictBackgroundUL: already false
11-03 15:45:20.182   830   985 E AppOps  : Bad call made by uid 1000. Package "android" does not belong to uid 1037.
11-03 15:45:20.189   830   985 E AppOps  : Cannot getAppOpMode: non-application UID 1037
11-03 15:45:20.222   830   985 W ActivityManager: Slow operation: 77ms so far, now at startProcess: done starting proc!
11-03 15:45:20.239   830   876 W ActivityManager: Slow operation: 53ms so far, now at startProcess: asking zygote to start proc
11-03 15:45:20.245   830  1045 W BroadcastLoopers: Found previously unknown looper Thread[NetworkStats,5,main]
11-03 15:45:20.305   830   876 W ActivityManager: Slow operation: 131ms so far, now at startProcess: returned from zygote!
11-03 15:45:20.312   830   876 W ActivityManager: Slow operation: 135ms so far, now at startProcess: done updating battery stats
11-03 15:45:20.312   830   876 W ActivityManager: Slow operation: 138ms so far, now at startProcess: building log message
11-03 15:45:20.312   830   876 W ActivityManager: Slow operation: 138ms so far, now at startProcess: starting to update pids map
11-03 15:45:20.314   830   876 W ActivityManager: Slow operation: 139ms so far, now at startProcess: done updating pids map
11-03 15:45:20.849   830   830 W SystemServiceManager: Service com.android.server.security.KeyChainSystemService took 133 ms in onBootPhase
11-03 15:45:21.217   830   830 W SystemServiceManager: Service com.android.server.notification.NotificationManagerService took 56 ms in onBootPhase
11-03 15:45:21.253   830  1247 E WebViewUpdateServiceImpl2: Timed out waiting for relro creation, relros started 1 relros finished 0 package dirty? false
11-03 15:45:21.253   830  1247 W WebViewUpdateServiceImpl2: creating relro file timed out
11-03 15:45:21.628   830   961 W PackageManager: Invalid dex load report. loadingPackageName=null, uid=1037
11-03 15:45:22.846   830   961 W ContentProviderHelper: Slow operation: 86ms so far, now at getContentProviderImpl: before checkContentProviderPermission
11-03 15:45:22.865   830   961 W ContentProviderHelper: Slow operation: 104ms so far, now at getContentProviderImpl: after checkContentProviderPermission
11-03 15:45:22.869   830   961 W ContentProviderHelper: Slow operation: 109ms so far, now at getContentProviderImpl: incProviderCountLocked
11-03 15:45:22.882   830   961 W ContentProviderHelper: Slow operation: 122ms so far, now at getContentProviderImpl: before updateLruProcess
11-03 15:45:22.885   830   961 W ContentProviderHelper: Slow operation: 125ms so far, now at getContentProviderImpl: after updateLruProcess
11-03 15:45:22.887   830   961 W ContentProviderHelper: Slow operation: 126ms so far, now at getContentProviderImpl: before updateOomAdj
11-03 15:45:22.897   830   961 W ContentProviderHelper: Slow operation: 137ms so far, now at getContentProviderImpl: after updateOomAdj
11-03 15:45:22.898   830   961 W ContentProviderHelper: Slow operation: 138ms so far, now at getContentProviderImpl: done!
11-03 15:45:23.324   830   830 W SystemServiceManager: Service com.android.server.location.LocationManagerService$Lifecycle took 2105 ms in onBootPhase
11-03 15:45:23.457   830   861 W Looper  : Slow dispatch took 326ms android.fg app=system_server main=false group=FOREGROUND h=android.os.Handler c=com.android.server.location.gnss.GnssLocationProvider$$ExternalSyntheticLambda8@ad6ba7 m=0
11-03 15:45:23.477   830   861 W Looper  : Slow delivery took 330ms android.fg app=system_server main=false group=FOREGROUND h=android.os.Handler c=com.android.server.location.gnss.GnssLocationProvider$$ExternalSyntheticLambda9@d3ae8f2 m=0
11-03 15:45:23.681   830   861 W LocationTZDetector: onProviderStateChange: Ignoring provider state change because both providers have not yet completed initialization. providerState=ProviderState{stateEnum=Perm failure (5), event=null, currentUserConfiguration=null, mStateEntryTimeMillis=96610, mDebugInfo=Failed to initialize: onInitialize() returned false}
11-03 15:45:23.685   830   830 W SystemServiceManager: Service com.android.server.job.JobSchedulerService took 296 ms in onBootPhase
11-03 15:45:23.696   830   861 W Looper  : Slow dispatch took 166ms android.fg app=system_server main=false group=FOREGROUND h=android.os.Handler c=com.android.server.timezonedetector.location.LocationTimeZoneManagerService$$ExternalSyntheticLambda2@a490c5f m=0
11-03 15:45:23.717   830   861 W Looper  : Drained
11-03 15:45:24.037   830   830 W SystemServiceManager: Service com.android.server.trust.TrustManagerService took 331 ms in onBootPhase
11-03 15:45:24.164   830   830 W SystemServiceManager: Service com.android.server.blob.BlobStoreManagerService took 87 ms in onBootPhase
11-03 15:45:24.185   830   867 W ProcessCpuTracker: Failed to stat(/proc/1248): android.system.ErrnoException: stat failed: ENOENT (No such file or directory)
11-03 15:45:24.191   830   867 W ProcessCpuTracker: Skipping unknown process pid 1248
11-03 15:45:24.192   830   867 W ProcessCpuTracker: Failed to stat(/proc/1249): android.system.ErrnoException: stat failed: ENOENT (No such file or directory)
11-03 15:45:24.195   830   867 W ProcessCpuTracker: Skipping unknown process pid 1249
11-03 15:45:24.383   830   830 W SystemServiceManager: Service com.android.server.stats.StatsCompanion$Lifecycle took 191 ms in onBootPhase
11-03 15:45:24.509   830   830 W SystemServiceManager: Service com.android.server.crashrecovery.CrashRecoveryModule$Lifecycle took 111 ms in onBootPhase
11-03 15:45:24.701   830   876 W ActivityManager: Slow operation: 136ms so far, now at startProcess: returned from zygote!
11-03 15:45:24.710   830   876 W ActivityManager: Slow operation: 138ms so far, now at startProcess: done updating battery stats
11-03 15:45:24.712   830   876 W ActivityManager: Slow operation: 147ms so far, now at startProcess: building log message
11-03 15:45:24.713   830   876 W ActivityManager: Slow operation: 148ms so far, now at startProcess: starting to update pids map
11-03 15:45:24.716   830   876 W ActivityManager: Slow operation: 151ms so far, now at startProcess: done updating pids map
11-03 15:45:24.846   830  1010 W BroadcastLoopers: Found previously unknown looper Thread[BluetoothSystemServer,5,main]
11-03 15:45:24.871   830   885 W MobileRadioPowerStatsCollector: error reading modem stats:ERROR_PHONE_NOT_AVAILABLE
11-03 15:45:25.012   830   876 W ActivityManager: Slow operation: 147ms so far, now at startProcess: returned from zygote!
11-03 15:45:25.014   830   876 W ActivityManager: Slow operation: 150ms so far, now at startProcess: done updating battery stats
11-03 15:45:25.020   830   876 W ActivityManager: Slow operation: 156ms so far, now at startProcess: building log message
11-03 15:45:25.021   830   876 W ActivityManager: Slow operation: 157ms so far, now at startProcess: starting to update pids map
11-03 15:45:25.022   830   876 W ActivityManager: Slow operation: 158ms so far, now at startProcess: done updating pids map
11-03 15:45:25.069   830   830 W SystemServiceManager: Service com.android.server.StorageManagerService$Lifecycle took 311 ms in onStartUser-0
11-03 15:45:25.139   830   830 W SystemServiceManager: Service com.android.server.voiceinteraction.VoiceInteractionManagerService took 56 ms in onStartUser-0
11-03 15:45:25.218   830   830 W AppBindingService: [Supervision app] u0 feature disabled
11-03 15:45:25.328   830   830 W ActivityTaskManager: callingPackage for (uid=-1, pid=0) has no WPC
11-03 15:45:25.330   830   830 W ActivityStartInterceptor: Starting home with component specified, uid=0
11-03 15:45:25.347   830   876 W ActivityManager: Slow operation: 114ms so far, now at startProcess: returned from zygote!
11-03 15:45:25.859   830   885 E BluetoothPowerStatsCollector: Cannot acquire BluetoothActivityEnergyInfo
11-03 15:45:25.859   830   885 E BluetoothPowerStatsCollector: java.util.concurrent.ExecutionException: java.lang.RuntimeException: error: 9
11-03 15:45:25.859   830   885 E BluetoothPowerStatsCollector: 	at java.util.concurrent.CompletableFuture.reportGet(CompletableFuture.java:372)
11-03 15:45:25.859   830   885 E BluetoothPowerStatsCollector: 	at java.util.concurrent.CompletableFuture.get(CompletableFuture.java:2072)
11-03 15:45:25.859   830   885 E BluetoothPowerStatsCollector: 	at com.android.server.power.stats.BluetoothPowerStatsCollector.collectBluetoothActivityInfo(BluetoothPowerStatsCollector.java:191)
11-03 15:45:25.859   830   885 E BluetoothPowerStatsCollector: 	at com.android.server.power.stats.BluetoothPowerStatsCollector.collectStats(BluetoothPowerStatsCollector.java:155)
11-03 15:45:25.859   830   885 E BluetoothPowerStatsCollector: 	at com.android.server.power.stats.PowerStatsCollector.collectAndDeliverStats(PowerStatsCollector.java:196)
11-03 15:45:25.859   830   885 E BluetoothPowerStatsCollector: 	at com.android.server.power.stats.PowerStatsCollector.lambda$forceSchedule$1(PowerStatsCollector.java:185)
11-03 15:45:25.859   830   885 E BluetoothPowerStatsCollector: 	at com.android.server.power.stats.PowerStatsCollector.$r8$lambda$S8t6eDCBuELjdSNvyveTMprEzE0(PowerStatsCollector.java:0)
11-03 15:45:25.859   830   885 E BluetoothPowerStatsCollector: 	at com.android.server.power.stats.PowerStatsCollector$$ExternalSyntheticLambda0.run(R8$$SyntheticClass:0)
11-03 15:45:25.859   830   885 E BluetoothPowerStatsCollector: 	at android.os.Handler.handleCallback(Handler.java:1070)
11-03 15:45:25.859   830   885 E BluetoothPowerStatsCollector: 	at android.os.Handler.dispatchMessage(Handler.java:125)
11-03 15:45:25.859   830   885 E BluetoothPowerStatsCollector: 	at android.os.Looper.dispatchMessage(Looper.java:333)
11-03 15:45:25.859   830   885 E BluetoothPowerStatsCollector: 	at android.os.Looper.loopOnce(Looper.java:263)
11-03 15:45:25.859   830   885 E BluetoothPowerStatsCollector: 	at android.os.Looper.loop(Looper.java:367)
11-03 15:45:25.859   830   885 E BluetoothPowerStatsCollector: 	at android.os.HandlerThread.run(HandlerThread.java:139)
11-03 15:45:25.859   830   885 E BluetoothPowerStatsCollector: Caused by: java.lang.RuntimeException: error: 9
11-03 15:45:25.859   830   885 E BluetoothPowerStatsCollector: 	at com.android.server.power.stats.BluetoothPowerStatsCollector$1.onBluetoothActivityEnergyInfoError(BluetoothPowerStatsCollector.java:180)
11-03 15:45:25.859   830   885 E BluetoothPowerStatsCollector: 	at android.bluetooth.BluetoothAdapter.lambda$requestControllerActivityEnergyInfo$27(BluetoothAdapter.java:2500)
11-03 15:45:25.859   830   885 E BluetoothPowerStatsCollector: 	at android.bluetooth.BluetoothAdapter$$ExternalSyntheticLambda26.run(D8$$SyntheticClass:0)
11-03 15:45:25.859   830   885 E BluetoothPowerStatsCollector: 	at com.android.server.SystemServerInitThreadPool$$ExternalSyntheticLambda0.execute(R8$$SyntheticClass:0)
11-03 15:45:25.859   830   885 E BluetoothPowerStatsCollector: 	at android.bluetooth.BluetoothAdapter.requestControllerActivityEnergyInfo(BluetoothAdapter.java:2498)
11-03 15:45:25.859   830   885 E BluetoothPowerStatsCollector: 	at com.android.server.power.stats.BatteryStatsImpl$BluetoothStatsRetrieverImpl.requestControllerActivityEnergyInfo(BatteryStatsImpl.java:471)
11-03 15:45:25.859   830   885 E BluetoothPowerStatsCollector: 	at com.android.server.power.stats.BluetoothPowerStatsCollector.collectBluetoothActivityInfo(BluetoothPowerStatsCollector.java:169)
11-03 15:45:25.859   830   885 E BluetoothPowerStatsCollector: 	... 11 more
11-03 15:45:26.870   830   878 E OomConnection: failed waiting for OOM events: java.lang.RuntimeException: listener failed waiting for OOM event
11-03 15:45:27.168   830   876 W ActivityManager: Slow operation: 1935ms so far, now at startProcess: done updating battery stats
11-03 15:45:27.182   830   876 W ActivityManager: Slow operation: 1949ms so far, now at startProcess: building log message
11-03 15:45:27.186   830   876 W ActivityManager: Slow operation: 1952ms so far, now at startProcess: starting to update pids map
11-03 15:45:27.194   830   876 W ActivityManager: Slow operation: 1961ms so far, now at startProcess: done updating pids map
11-03 15:45:27.296   830   876 W ActivityManager: Slow operation: 2043ms so far, now at startProcess: asking zygote to start proc
11-03 15:45:27.369   830   851 W ActivityManager: No pending application record for pid 1312 (IApplicationThread android.app.IApplicationThread$Stub$Proxy@208087e); dropping process
11-03 15:45:27.459   830   960 W ActivityManager: Slow operation: 73ms so far, now at attachApplicationLocked: before bindApplication
11-03 15:45:27.461   830   960 W ActivityManager: Slow operation: 74ms so far, now at attachApplicationLocked: immediately before bindApplication
11-03 15:45:27.489   830   960 W ActivityManager: Slow operation: 103ms so far, now at attachApplicationLocked: immediately after bindApplication
11-03 15:45:27.494   830   960 W ActivityManager: Slow operation: 108ms so far, now at attachApplicationLocked: after updateLruProcessLocked
11-03 15:45:27.504   830   960 W ActivityManager: Slow operation: 118ms so far, now at attachApplicationLocked: after updateOomAdjLocked
11-03 15:45:27.576   830   850 W ActivityManager: Slow operation: 64ms so far, now at attachApplicationLocked: immediately after bindApplication
11-03 15:45:27.577   830   850 W ActivityManager: Slow operation: 65ms so far, now at attachApplicationLocked: after updateLruProcessLocked
11-03 15:45:27.599   830   850 W ActivityManager: Slow operation: 87ms so far, now at attachApplicationLocked: after updateOomAdjLocked
11-03 15:45:27.601   830   862 W Looper  : Slow dispatch took 101ms android.ui app=system_server main=false group=TOP_APP h=com.android.server.am.ActivityManagerService$UiHandler c=com.android.server.am.UidObserverController$$ExternalSyntheticLambda0@4a086de m=0
11-03 15:45:27.605   830   876 W ActivityManager: Slow operation: 2352ms so far, now at startProcess: returned from zygote!
11-03 15:45:27.750   830   864 W ActivityManager: Slow operation: 103ms so far, now at startProcess: done creating new process record
11-03 15:45:27.758   830   864 W ActivityManager: Slow operation: 157ms so far, now at startProcess: stepping in to startProcess
11-03 15:45:27.805   830   864 W ActivityManager: Slow operation: 204ms so far, now at startProcess: done starting proc!
11-03 15:45:27.873   830   876 W ActivityManager: Slow operation: 2605ms so far, now at startProcess: done updating battery stats
11-03 15:45:27.874   830   876 W ActivityManager: Slow operation: 2620ms so far, now at startProcess: building log message
11-03 15:45:27.874   830   876 W ActivityManager: Slow operation: 2621ms so far, now at startProcess: starting to update pids map
11-03 15:45:27.879   830   876 W ActivityManager: Slow operation: 2625ms so far, now at startProcess: done updating pids map
11-03 15:45:27.891   830   876 W ActivityManager: Slow operation: 2619ms so far, now at startProcess: asking zygote to start proc
11-03 15:45:28.032   830   830 E SystemServerTiming: SystemServer init took too long. uptimeMillis=100962
11-03 15:45:28.072   830   876 W ActivityManager: Slow operation: 2800ms so far, now at startProcess: returned from zygote!
11-03 15:45:28.085   830   830 W Looper  : Slow delivery took 34533ms main app=system_server main=true group=FOREGROUND h=android.app.ActivityThread$H c=null m=156
11-03 15:45:28.113   830   876 W ActivityManager: Slow operation: 2841ms so far, now at startProcess: done updating battery stats
11-03 15:45:28.228   830   876 W ActivityManager: Slow operation: 2956ms so far, now at startProcess: building log message
11-03 15:45:28.237   830   876 W ActivityManager: Slow operation: 2965ms so far, now at startProcess: starting to update pids map
11-03 15:45:28.239   830   876 W ActivityManager: Slow operation: 2967ms so far, now at startProcess: done updating pids map
11-03 15:45:28.240   830   876 W ActivityManager: Slow operation: 480ms so far, now at startProcess: asking zygote to start proc
11-03 15:45:28.256   830   830 W Looper  : Slow dispatch took 166ms main app=system_server main=true group=FOREGROUND h=android.os.Handler c=null m=2
11-03 15:45:28.326   830   876 W ActivityManager: Slow operation: 567ms so far, now at startProcess: returned from zygote!
11-03 15:45:28.349   830   876 W ActivityManager: Slow operation: 590ms so far, now at startProcess: done updating battery stats
11-03 15:45:28.352   830   876 W ActivityManager: Slow operation: 593ms so far, now at startProcess: building log message
11-03 15:45:28.360   830   876 W ActivityManager: Slow operation: 601ms so far, now at startProcess: starting to update pids map
11-03 15:45:28.361   830   876 W ActivityManager: Slow operation: 602ms so far, now at startProcess: done updating pids map
11-03 15:45:28.638   830   876 W ActivityManager: Slow operation: 69ms so far, now at startProcess: returned from zygote!
11-03 15:45:28.728   830   876 W ActivityManager: Slow operation: 88ms so far, now at startProcess: done updating battery stats
11-03 15:45:28.761   830   876 W ActivityManager: Slow operation: 187ms so far, now at startProcess: building log message
11-03 15:45:28.768   830   876 W ActivityManager: Slow operation: 199ms so far, now at startProcess: starting to update pids map
11-03 15:45:28.773   830   876 W ActivityManager: Slow operation: 204ms so far, now at startProcess: done updating pids map
11-03 15:45:28.796   830   830 W Looper  : Slow dispatch took 180ms main app=system_server main=true group=FOREGROUND h=com.android.server.pm.UserManagerService$MainHandler c=null m=1
11-03 15:45:29.017   830   851 W ActivityManager: Slow operation: 173ms so far, now at attachApplicationLocked: before bindApplication
11-03 15:45:29.053   830   830 W Looper  : Slow dispatch took 209ms main app=system_server main=true group=FOREGROUND h=android.app.ActivityThread$H c=android.app.LoadedApk$ReceiverDispatcher$Args$$ExternalSyntheticLambda0@f3bff58 m=0
11-03 15:45:29.081   830   851 W ActivityManager: Slow operation: 221ms so far, now at attachApplicationLocked: immediately before bindApplication
11-03 15:45:29.110   830   851 W ActivityManager: Slow operation: 266ms so far, now at attachApplicationLocked: immediately after bindApplication
11-03 15:45:29.120   830   851 W ActivityManager: Slow operation: 275ms so far, now at attachApplicationLocked: after updateLruProcessLocked
11-03 15:45:29.312   830   851 W ActivityManager: Slow operation: 468ms so far, now at attachApplicationLocked: after updateOomAdjLocked
11-03 15:45:29.338   830   862 W Looper  : Slow dispatch took 148ms android.ui app=system_server main=false group=TOP_APP h=com.android.server.am.ActivityManagerService$UiHandler c=com.android.server.am.UidObserverController$$ExternalSyntheticLambda0@4a086de m=0
11-03 15:45:29.370   830   830 W Looper  : Slow dispatch took 244ms main app=system_server main=true group=FOREGROUND h=android.app.ActivityThread$H c=null m=159
11-03 15:45:29.590   830   961 W ActivityManager: Slow operation: 86ms so far, now at attachApplicationLocked: immediately before bindApplication
11-03 15:45:29.613   830   874 E CountryDetector: Could not instantiate the custom country detector class
11-03 15:45:29.693   830   961 W ActivityManager: Slow operation: 188ms so far, now at attachApplicationLocked: immediately after bindApplication
11-03 15:45:29.695   830   961 W ActivityManager: Slow operation: 190ms so far, now at attachApplicationLocked: after updateLruProcessLocked
11-03 15:45:29.716   830   961 W ActivityManager: Slow operation: 212ms so far, now at attachApplicationLocked: after updateOomAdjLocked
11-03 15:45:30.433   830   885 W ProcessCpuTracker: Failed to stat(/proc/1402): android.system.ErrnoException: stat failed: ENOENT (No such file or directory)
11-03 15:45:30.433   830   885 W ProcessCpuTracker: Skipping unknown process pid 1402
11-03 15:45:30.609   830   961 W ActivityManager: Slow operation: 55ms so far, now at attachApplicationLocked: after updateOomAdjLocked
11-03 15:45:30.735   830   830 W Looper  : Slow dispatch took 1308ms main app=system_server main=true group=FOREGROUND h=android.os.Handler c=null m=1
11-03 15:45:30.760   830   850 W ActivityManager: Slow operation: 171ms so far, now at finishAttachApplicationInner: after mServices.attachApplicationLocked
11-03 15:45:30.760   830   850 W ActivityManager: Slow operation: 171ms so far, now at finishAttachApplicationInner: after dispatching broadcasts
11-03 15:45:30.908   830  1431 W ActivityManager: Slow operation: 178ms so far, now at finishAttachApplicationInner: after mServices.attachApplicationLocked
11-03 15:45:30.908   830  1431 W ActivityManager: Slow operation: 178ms so far, now at finishAttachApplicationInner: after dispatching broadcasts
11-03 15:45:31.009   830   830 W Looper  : Slow dispatch took 271ms main app=system_server main=true group=FOREGROUND h=android.app.ActivityThread$H c=null m=114
11-03 15:45:31.161   830   876 W ActivityManager: Slow operation: 109ms so far, now at startProcess: returned from zygote!
11-03 15:45:31.172   830   876 W ActivityManager: Slow operation: 120ms so far, now at startProcess: done updating battery stats
11-03 15:45:31.173   830   876 W ActivityManager: Slow operation: 121ms so far, now at startProcess: building log message
11-03 15:45:31.174   830   876 W ActivityManager: Slow operation: 121ms so far, now at startProcess: starting to update pids map
11-03 15:45:31.180   830   876 W ActivityManager: Slow operation: 128ms so far, now at startProcess: done updating pids map
11-03 15:45:31.182   830   864 W BLASTSyncEngine: Sync group 0 timeout
11-03 15:45:31.193  1188  1367 W Looper  : Slow dispatch took 1644ms BroadcastRunning app=com.android.systemui main=false group=FOREGROUND h=com.android.systemui.broadcast.BroadcastDispatcher$handler$1 c=null m=0
11-03 15:45:31.263   830   830 W Looper  : Slow dispatch took 164ms main app=system_server main=true group=FOREGROUND h=com.android.server.power.Notifier$NotifierHandler c=com.android.server.power.Notifier$$ExternalSyntheticLambda2@8da0dae m=0
11-03 15:45:31.464   830   864 E TransitionChain: Can't collect into a chain with no transition
11-03 15:45:31.465   830   864 E TransitionChain: Can't collect into a chain with no transition
11-03 15:45:31.630   830  1408 W ActivityManager: Slow operation: 297ms so far, now at finishAttachApplicationInner: after mServices.attachApplicationLocked
11-03 15:45:31.676   830  1408 W ActivityManager: Slow operation: 342ms so far, now at finishAttachApplicationInner: after dispatching broadcasts
11-03 15:45:31.804  1188  1367 W Looper  : Slow delivery took 2408ms BroadcastRunning app=com.android.systemui main=false group=FOREGROUND h=com.android.systemui.broadcast.BroadcastDispatcher$handler$1 c=null m=0
11-03 15:45:31.830   830   830 W Looper  : Slow dispatch took 472ms main app=system_server main=true group=FOREGROUND h=android.app.ActivityThread$H c=null m=114
11-03 15:45:32.022   830   861 W Looper  : Slow dispatch took 141ms android.fg app=system_server main=false group=FOREGROUND h=android.os.Handler c=android.app.LoadedApk$ServiceDispatcher$RunConnection@6594e83 m=0
11-03 15:45:32.064   830  1429 W ActivityManager: Slow operation: 56ms so far, now at attachApplicationLocked: immediately after bindApplication
11-03 15:45:32.064   830  1429 W ActivityManager: Slow operation: 57ms so far, now at attachApplicationLocked: after updateLruProcessLocked
11-03 15:45:32.080   830  1429 W ActivityManager: Slow operation: 73ms so far, now at attachApplicationLocked: after updateOomAdjLocked
11-03 15:45:32.108   830   830 W Looper  : Slow dispatch took 121ms main app=system_server main=true group=FOREGROUND h=android.os.Handler c=com.android.server.PackageWatchdog$$ExternalSyntheticLambda7@7540660 m=0
11-03 15:45:32.118   830   876 W ActivityManager: Slow operation: 137ms so far, now at startProcess: returned from zygote!
11-03 15:45:32.121   830   876 W ActivityManager: Slow operation: 141ms so far, now at startProcess: done updating battery stats
11-03 15:45:32.122   830   876 W ActivityManager: Slow operation: 142ms so far, now at startProcess: building log message
11-03 15:45:32.123   830   876 W ActivityManager: Slow operation: 143ms so far, now at startProcess: starting to update pids map
11-03 15:45:32.124   830   876 W ActivityManager: Slow operation: 143ms so far, now at startProcess: done updating pids map
11-03 15:45:32.594   830   830 W Looper  : Slow dispatch took 410ms main app=system_server main=true group=FOREGROUND h=com.android.server.trust.TrustManagerService$4 c=null m=7
11-03 15:45:34.053   830   864 W KeyguardServiceDelegate: onScreenTurningOn(): no keyguard service!
11-03 15:45:34.348   830   861 W Looper  : Slow dispatch took 148ms android.fg app=system_server main=false group=FOREGROUND h=android.os.Handler c=com.android.server.wm.ActivityMetricsLogger$$ExternalSyntheticLambda0@392e335 m=0
11-03 15:45:34.368   830  1478 W Telecom : BluetoothDeviceManager: getBluetoothHeadset: Acquire BluetoothHeadset service failed due to: java.util.concurrent.TimeoutException
11-03 15:45:34.380   830  1503 W Telecom : Logging: Log.endSession was called with no session active.
11-03 15:45:34.418  1188  1367 W Looper  : Drained
11-03 15:45:34.472   830   830 E AppOps  : package com.android.server.telecom.callsequencing.voip not found, can't check for attributionTag null
11-03 15:45:34.473   830   830 E AppOps  : Bad call made by uid 1000. Package "com.android.server.telecom.callsequencing.voip" does not belong to uid 1000.
11-03 15:45:34.474   830   830 E AppOps  : Cannot noteOperation: non-application UID 1000
11-03 15:45:34.768   830   830 W Looper  : Slow dispatch took 2038ms main app=system_server main=true group=FOREGROUND h=android.app.ActivityThread$H c=android.app.LoadedApk$ServiceDispatcher$RunConnection@bb7b47e m=0
11-03 15:45:35.214   830   830 W Looper  : Slow dispatch took 181ms main app=system_server main=true group=FOREGROUND h=com.android.server.pm.UserManagerService$MainHandler c=null m=1
11-03 15:45:35.475   830   830 E ContentCapturePerUserService: Bad service name: com.google.android.as/com.google.android.apps.miphone.aiai.app.AiAiContentCaptureService
11-03 15:45:35.533   830   830 E ContentCapturePerUserService: Bad service name: com.google.android.as/com.google.android.apps.miphone.aiai.app.AiAiContentCaptureService
11-03 15:45:35.534   830   830 E ContentCapturePerUserService: Bad service name: com.google.android.as/com.google.android.apps.miphone.aiai.app.AiAiContentCaptureService
11-03 15:45:35.552   830  1293 W ActivityManager: Slow operation: 234ms so far, now at finishAttachApplicationInner: after mServices.attachApplicationLocked
11-03 15:45:35.552   830  1293 W ActivityManager: Slow operation: 248ms so far, now at finishAttachApplicationInner: after dispatching broadcasts
11-03 15:45:35.573   830   830 E ContentSuggestionsPerUserService: Bad service name: com.google.android.as/com.google.android.apps.miphone.aiai.app.AiAiContentSuggestionsService
11-03 15:45:35.610   830   830 E AutofillManagerServiceImpl: Bad service name: com.google.android.gms/.autofill.service.AutofillService
11-03 15:45:35.614   830  1081 W BroadcastLoopers: Found previously unknown looper Thread[AudioService Broadcast,5,main]
11-03 15:45:35.617   830   830 E RemoteAugmentedAutofillService: Bad service name for flags 1048704: com.google.android.as/com.google.android.apps.miphone.aiai.app.AiAiAugmentedAutofillService
11-03 15:45:35.650   830   830 W Looper  : Slow dispatch took 283ms main app=system_server main=true group=FOREGROUND h=com.android.server.pm.UserManagerService$MainHandler c=com.android.server.pm.UserManagerService$4@474c76d m=0
11-03 15:45:35.939   830   861 W Looper  : Slow dispatch took 182ms android.fg app=system_server main=false group=FOREGROUND h=android.os.Handler c=com.android.server.timezonedetector.location.LocationTimeZoneProviderControllerEnvironmentImpl$$ExternalSyntheticLambda1@f574b7f m=0
11-03 15:45:36.340   830   830 W Looper  : Slow dispatch took 490ms main app=system_server main=true group=FOREGROUND h=android.app.ActivityThread$H c=android.app.LoadedApk$ReceiverDispatcher$Args$$ExternalSyntheticLambda0@21066b m=0
11-03 15:45:37.033   830   830 W Looper  : Slow dispatch took 674ms main app=system_server main=true group=FOREGROUND h=android.app.ActivityThread$H c=android.app.LoadedApk$ReceiverDispatcher$Args$$ExternalSyntheticLambda0@1a1880f m=0
11-03 15:45:37.059   830   830 W ActivityManager: Unable to start service Intent { act=android.service.contentcapture.ContentCaptureService xflg=0x4 cmp=com.google.android.as/com.google.android.apps.miphone.aiai.app.AiAiContentCaptureService } U=0: not found
11-03 15:45:37.060   830   830 W RemoteContentCaptureService: could not bind to Intent { act=android.service.contentcapture.ContentCaptureService xflg=0x4 cmp=com.google.android.as/com.google.android.apps.miphone.aiai.app.AiAiContentCaptureService } using flags 67112961
11-03 15:45:37.111   830   830 W ContentCapturePerUserService: remote service died: RemoteContentCaptureService[ComponentInfo{com.google.android.as/com.google.android.apps.miphone.aiai.app.AiAiContentCaptureService} 213153996 (unbound)]
11-03 15:45:37.116   830   830 W ActivityManager: Unbind failed: could not find connection for android.app.LoadedApk$ServiceDispatcher$InnerConnection@f6dc715
11-03 15:45:37.118   830   830 W ActivityManager: Unable to start service Intent { act=android.service.contentcapture.ContentCaptureService xflg=0x4 cmp=com.google.android.as/com.google.android.apps.miphone.aiai.app.AiAiContentCaptureService } U=0: not found
11-03 15:45:37.119   830   830 W RemoteContentCaptureService: could not bind to Intent { act=android.service.contentcapture.ContentCaptureService xflg=0x4 cmp=com.google.android.as/com.google.android.apps.miphone.aiai.app.AiAiContentCaptureService } using flags 67112961
11-03 15:45:37.120   830   830 W ContentCapturePerUserService: remote service died: RemoteContentCaptureService[ComponentInfo{com.google.android.as/com.google.android.apps.miphone.aiai.app.AiAiContentCaptureService} 116351003 (unbound)]
11-03 15:45:37.121   830   830 W ActivityManager: Unbind failed: could not find connection for android.app.LoadedApk$ServiceDispatcher$InnerConnection@31655b8
11-03 15:45:37.533   830   876 W ActivityManager: Slow operation: 84ms so far, now at startProcess: returned from zygote!
11-03 15:45:37.536   830   876 W ActivityManager: Slow operation: 87ms so far, now at startProcess: done updating battery stats
11-03 15:45:37.537   830   876 W ActivityManager: Slow operation: 88ms so far, now at startProcess: building log message
11-03 15:45:37.538   830   876 W ActivityManager: Slow operation: 89ms so far, now at startProcess: starting to update pids map
11-03 15:45:37.539   830   876 W ActivityManager: Slow operation: 90ms so far, now at startProcess: done updating pids map
11-03 15:45:37.670   830   830 W Looper  : Slow dispatch took 397ms main app=system_server main=true group=FOREGROUND h=android.app.ActivityThread$H c=com.android.server.timezonedetector.ServiceConfigAccessorImpl$3$$ExternalSyntheticLambda0@ee2cc19 m=0
11-03 15:45:38.032   830   861 W Looper  : Slow dispatch took 319ms android.fg app=system_server main=false group=FOREGROUND h=android.os.Handler c=com.android.server.timezonedetector.location.LocationTimeZoneProviderControllerEnvironmentImpl$$ExternalSyntheticLambda1@8e6deb7 m=0
11-03 15:45:38.050   830  1536 W ActivityManager: Slow operation: 215ms so far, now at finishAttachApplicationInner: after mServices.attachApplicationLocked
11-03 15:45:38.050   830  1536 W ActivityManager: Slow operation: 215ms so far, now at finishAttachApplicationInner: after dispatching broadcasts
11-03 15:45:38.151   830   861 W Looper  : Slow delivery took 315ms android.fg app=system_server main=false group=FOREGROUND h=android.os.Handler c=com.android.server.power.hint.HintManagerService$MyUidObserver$$ExternalSyntheticLambda0@ab2c624 m=0
11-03 15:45:38.442   830   861 W Looper  : Drained
11-03 15:45:38.557   830   861 W Looper  : Slow dispatch took 102ms android.fg app=system_server main=false group=FOREGROUND h=android.os.Handler c=android.app.LoadedApk$ReceiverDispatcher$Args$$ExternalSyntheticLambda0@1bf7c4a m=0
11-03 15:45:38.591   830  1429 W ActivityManager: Unable to start service Intent { act=com.google.android.gms.magictether.BIND xflg=0x4 pkg=com.google.android.gms } U=0: not found
11-03 15:45:38.611   830   830 W Looper  : Slow dispatch took 872ms main app=system_server main=true group=FOREGROUND h=android.app.ActivityThread$H c=android.app.LoadedApk$ReceiverDispatcher$Args$$ExternalSyntheticLambda0@6342684 m=0
11-03 15:45:38.861   830   830 W Looper  : Drained
11-03 15:45:39.052   830   862 W WindowManager: Keyguard drawn timeout. Setting mKeyguardDrawComplete
11-03 15:45:39.655   830   851 E AuthService: No face sensors
11-03 15:45:40.591   272   540 E vold    : Error getting bootctrl v1.0 module.
11-03 15:45:40.592   272   540 E Checkpoint: Failed to get BootControl HAL, not marking slot as successful.
11-03 15:45:40.729   830   864 W SystemServiceManager: Service com.android.server.powerstats.PowerStatsService took 124 ms in onBootPhase
11-03 15:45:40.799   830   876 W ActivityManager: Slow operation: 145ms so far, now at startProcess: returned from zygote!
11-03 15:45:40.820   830   876 W ActivityManager: Slow operation: 166ms so far, now at startProcess: done updating battery stats
11-03 15:45:40.823   830   876 W ActivityManager: Slow operation: 169ms so far, now at startProcess: building log message
11-03 15:45:40.825   830   876 W ActivityManager: Slow operation: 170ms so far, now at startProcess: starting to update pids map
11-03 15:45:40.848   830   876 W ActivityManager: Slow operation: 194ms so far, now at startProcess: done updating pids map
11-03 15:45:40.982   830   864 W SystemServiceManager: Service com.android.server.power.PowerManagerService took 253 ms in onBootPhase
11-03 15:45:41.151   830   864 W SystemServiceManager: Service com.android.server.BinaryTransparencyService took 84 ms in onBootPhase
11-03 15:45:41.274   830   864 E TestHarnessModeService: Failed to start Test Harness Mode; no implementation of PersistentDataBlockManagerInternal was bound!
11-03 15:45:41.573   830  1589 W ActivityManager: Slow operation: 96ms so far, now at attachApplicationLocked: after updateOomAdjLocked
11-03 15:45:41.799   830   864 W SystemServiceManager: Service com.android.server.ConnectivityServiceInitializer took 426 ms in onBootPhase
11-03 15:45:41.894   830   864 W SystemServiceManager: Service com.android.server.notification.NotificationManagerService took 94 ms in onBootPhase
11-03 15:45:41.971  1188  1570 W Looper  : Slow dispatch took 2703ms SysUiLng app=com.android.systemui main=false group=FOREGROUND h=android.os.Handler c=com.android.systemui.wallpapers.ImageWallpaper$CanvasEngine$$ExternalSyntheticLambda0@e2ed1b4 m=0
11-03 15:45:41.973  1188  1570 W Looper  : Slow delivery took 2715ms SysUiLng app=com.android.systemui main=false group=FOREGROUND h=android.os.Handler c=com.android.systemui.wallpapers.ImageWallpaper$CanvasEngine$$ExternalSyntheticLambda0@30c51dd m=0
11-03 15:45:42.084   830   861 W AdbAuthorizationStore: Ignoring tag 'keyStore'. Not recognized.
11-03 15:45:42.181   830   864 W SystemServiceManager: Service com.android.server.soundtrigger.SoundTriggerService took 92 ms in onBootPhase
11-03 15:45:42.206   830   861 W Looper  : Slow dispatch took 197ms android.fg app=system_server main=false group=FOREGROUND h=com.android.server.adb.AdbDebuggingManager$AdbDebuggingHandler c=null m=1
11-03 15:45:42.257  1188  1570 W Looper  : Drained
11-03 15:45:42.280   830   874 W MagnificationConnectionManager: requestConnection duplicated request: connect=false, mConnectionState=DISCONNECTED
11-03 15:45:42.386   830   864 W SystemServiceManager: Service com.android.server.SensorNotificationService took 170 ms in onBootPhase
11-03 15:45:42.460   830   864 W SystemServiceManager: Service com.android.server.blob.BlobStoreManagerService took 70 ms in onBootPhase
11-03 15:45:42.589   830   864 W SystemServiceManager: Service com.android.server.companion.CompanionDeviceManagerService took 128 ms in onBootPhase
11-03 15:45:42.757   830   830 W Looper  : Slow dispatch took 2234ms main app=system_server main=true group=FOREGROUND h=com.android.server.accessibility.AccessibilityManagerService$MainHandler c=<recycled PooledLambda@9dbad8> m=0
11-03 15:45:42.770   830   864 E AuthService: No face sensors
11-03 15:45:42.784   830   864 W SystemServiceManager: Service com.android.server.security.authenticationpolicy.SecureLockDeviceService$Lifecycle took 112 ms in onBootPhase
11-03 15:45:42.802   830   830 W Looper  : Slow delivery took 2051ms main app=system_server main=true group=FOREGROUND h=android.app.ActivityThread$H c=android.app.LoadedApk$ReceiverDispatcher$Args$$ExternalSyntheticLambda0@3a3a916 m=0
11-03 15:45:42.932  1188  1329 W Looper  : Slow delivery took 1218ms SysUiBg app=com.android.systemui main=false group=FOREGROUND h=android.os.Handler c=com.android.settingslib.mobile.MobileStatusTracker$$ExternalSyntheticLambda0@c03bce5 m=0
11-03 15:45:42.992   830   864 W SystemServiceManager: Service com.android.server.pm.StagingManager$Lifecycle took 51 ms in onBootPhase
11-03 15:45:43.050   830   864 W SystemServiceManager: Service com.android.server.app.GameManagerService$Lifecycle took 57 ms in onBootPhase
11-03 15:45:43.315   830   830 W Looper  : Slow dispatch took 280ms main app=system_server main=true group=FOREGROUND h=android.app.job.JobServiceEngine$JobHandler c=null m=2
11-03 15:45:43.651   830  1148 W AppOpService: Ignored setUidMode call for runtime permission app op: uid = 10145, code = READ_CELL_BROADCASTS, mode = allow, callingUid = 1001, oldMode = allow
11-03 15:45:43.745   830  1429 W AppOpService: Ignored setUidMode call for runtime permission app op: uid = 1001, code = READ_SMS, mode = allow, callingUid = 1001, oldMode = allow
11-03 15:45:44.038   830   961 W AppOpService: Ignored setUidMode call for runtime permission app op: uid = 1001, code = RECEIVE_SMS, mode = allow, callingUid = 1001, oldMode = allow
11-03 15:45:44.040   830   961 W AppOpService: Ignored setUidMode call for runtime permission app op: uid = 1001, code = RECEIVE_WAP_PUSH, mode = allow, callingUid = 1001, oldMode = allow
11-03 15:45:44.043   830   961 W AppOpService: Ignored setUidMode call for runtime permission app op: uid = 1001, code = SEND_SMS, mode = allow, callingUid = 1001, oldMode = allow
11-03 15:45:44.046   830   961 W AppOpService: Ignored setUidMode call for runtime permission app op: uid = 1001, code = READ_CELL_BROADCASTS, mode = allow, callingUid = 1001, oldMode = allow
11-03 15:45:44.166   830   830 W Looper  : Slow dispatch took 686ms main app=system_server main=true group=FOREGROUND h=android.app.ActivityThread$H c=null m=116
11-03 15:45:44.175  1188  1329 W Looper  : Drained
11-03 15:45:44.208   830  1589 W AppOpService: Ignored setUidMode call for runtime permission app op: uid = 1001, code = READ_SMS, mode = allow, callingUid = 1001, oldMode = allow
11-03 15:45:44.215   830   961 W AppOpService: Ignored setUidMode call for runtime permission app op: uid = 1001, code = RECEIVE_SMS, mode = allow, callingUid = 1001, oldMode = allow
11-03 15:45:44.220   830  1589 W AppOpService: Ignored setUidMode call for runtime permission app op: uid = 1001, code = RECEIVE_WAP_PUSH, mode = allow, callingUid = 1001, oldMode = allow
11-03 15:45:44.221   830  1589 W AppOpService: Ignored setUidMode call for runtime permission app op: uid = 1001, code = SEND_SMS, mode = allow, callingUid = 1001, oldMode = allow
11-03 15:45:44.244   830  1431 W AppOpService: Ignored setUidMode call for runtime permission app op: uid = 1001, code = READ_CELL_BROADCASTS, mode = allow, callingUid = 1001, oldMode = allow
11-03 15:45:44.351   830   830 W Looper  : Slow dispatch took 130ms main app=system_server main=true group=FOREGROUND h=com.android.server.power.Notifier$NotifierHandler c=com.android.server.power.Notifier$$ExternalSyntheticLambda2@2f7bdc3 m=0
11-03 15:45:44.456   830  1048 E AppOps  : attributionTag UwbCountryCode not declared in manifest of android
11-03 15:45:44.676   830   864 E AppOps  : attributionTag UwbCountryCode not declared in manifest of android
11-03 15:45:44.724   830   864 E AppOps  : attributionTag UwbCountryCode not declared in manifest of android
11-03 15:45:44.737   830   864 E AppOps  : attributionTag UwbCountryCode not declared in manifest of android
11-03 15:45:44.796   830   864 W SystemServiceManager: Service com.android.server.uwb.UwbService took 1745 ms in onBootPhase
11-03 15:45:44.844   830   830 W Looper  : Drained
11-03 15:45:44.962   830   864 W SystemServiceManager: Service com.android.server.SensitiveContentProtectionManagerService took 134 ms in onBootPhase
11-03 15:45:45.134   830   864 W SystemServiceManager: Service com.android.system.virtualmachine.VirtualizationSystemService took 171 ms in onBootPhase
11-03 15:45:45.313  1376  1506 W Looper  : Slow dispatch took 10532ms android.bg app=com.android.phone main=false group=FOREGROUND h=android.os.Handler c=android.hardware.devicestate.DeviceStateManagerGlobal$DeviceStateCallbackWrapper$$ExternalSyntheticLambda0@13cddc0 m=0
11-03 15:45:45.541   830   830 W Looper  : Slow dispatch took 136ms main app=system_server main=true group=FOREGROUND h=android.app.ActivityThread$H c=android.app.LoadedApk$ReceiverDispatcher$Args$$ExternalSyntheticLambda0@ca08e91 m=0
--------- beginning of crash
11-03 15:45:46.873   272   272 F libc    : Unwind request: crash_dump helper failed to exec, or was killed
11-03 15:45:47.355   830   867 E ActivityManager: Aborting stack trace dump (current native pid=280); deadline exceeded.
11-03 15:45:47.394   717   717 W wificond: Scan is not started. Ignore abort request
11-03 15:45:47.663   830  1589 W ActivityManager: Unable to start service Intent { act=com.google.android.chimera.BoundService.START dat=chimera-action: xflg=0x4 cmp=com.google.android.gms/.chimera.PersistentApiService } U=0: not found
11-03 15:45:47.671   830   851 W ActivityManager: Unbind failed: could not find connection for android.os.BinderProxy@85ad91a
11-03 15:45:48.206   830   960 W ActivityManager: Slow operation: 65ms so far, now at finishAttachApplicationInner: after mServices.attachApplicationLocked
11-03 15:45:48.206   830   960 W ActivityManager: Slow operation: 66ms so far, now at finishAttachApplicationInner: after dispatching broadcasts
