--------- beginning of main
10-28 09:17:23.945  7251  7251 D ProjectDetailVM: ğŸ“Š Data update for project 4970: 9 rooms, 5 albums, 568 photos
10-28 09:17:23.945  7251  7251 D ProjectDetailVM: âœ… Project found: 201 Faker Road
10-28 09:17:23.946  7251  7251 D ProjectDetailVM: ğŸ  Loading 9 rooms: [[5949] Basement, [5961] Bathroom, [5994] Bathroom, [5978] Bedroom, [5952] Den, [5979] Dining Room, [6007] Entire Unit, [5999] Kitchen, [6008] Pumpkin]
10-28 09:17:23.946  7251  7251 D ProjectDetailVM: ğŸ“š Loading 5 albums: [[26743] Betterments (null), [26744] Contents (null), [26741] Daily Progress (null), [26740] Damage Assessment (null), [26742] Pre-existing Damages (null)]
10-28 09:17:27.014  7251  7309 D API     : ğŸ“š [syncProjectGraph] Fetched 5 albums from API
10-28 09:17:27.014  7251  7309 D API     :    Album[26740] 'Damage Assessment' type=null
10-28 09:17:27.014  7251  7309 D API     :    Album[26741] 'Daily Progress' type=null
10-28 09:17:27.014  7251  7309 D API     :    Album[26742] 'Pre-existing Damages' type=null
10-28 09:17:27.014  7251  7309 D API     :    Album[26743] 'Betterments' type=null
10-28 09:17:27.014  7251  7309 D API     :    Album[26744] 'Contents' type=null
10-28 09:17:27.022  7251  7309 D API     : ğŸ“š [syncProjectGraph] Saved 5 albums (photo counts will be calculated from database)
10-28 09:17:27.024  7251  7309 D API     : âœ… [syncProjectGraph] Sync completed for project 4970 - Locations: 6, Rooms: 9
10-28 09:17:27.027  7251  7309 D API     : ğŸ”„ [syncProjectGraph] Starting sync for project 4929
10-28 09:17:27.043  7251  7251 D ProjectDetailVM: ğŸ“Š Data update for project 4970: 9 rooms, 5 albums, 568 photos
10-28 09:17:27.043  7251  7251 D ProjectDetailVM: âœ… Project found: 201 Faker Road
10-28 09:17:27.043  7251  7251 D ProjectDetailVM: ğŸ  Loading 9 rooms: [[5949] Basement, [5961] Bathroom, [5994] Bathroom, [5978] Bedroom, [5952] Den, [5979] Dining Room, [6007] Entire Unit, [5999] Kitchen, [6008] Pumpkin]
10-28 09:17:27.045  7251  7251 D ProjectDetailVM: ğŸ“š Loading 5 albums: [[26743] Betterments (null), [26744] Contents (null), [26741] Daily Progress (null), [26740] Damage Assessment (null), [26742] Pre-existing Damages (null)]
10-28 09:17:27.067  7251  7267 W JobInfo : Requested important-while-foreground flag for job27 is ignored and takes no effect
10-28 09:17:27.212  7251  7251 D ProjectDetailVM: ğŸ“Š Data update for project 4970: 9 rooms, 5 albums, 568 photos
10-28 09:17:27.212  7251  7251 D ProjectDetailVM: âœ… Project found: 201 Faker Road
10-28 09:17:27.212  7251  7251 D ProjectDetailVM: ğŸ  Loading 9 rooms: [[5949] Basement, [5961] Bathroom, [5994] Bathroom, [5978] Bedroom, [5952] Den, [5979] Dining Room, [6007] Entire Unit, [5999] Kitchen, [6008] Pumpkin]
10-28 09:17:27.212  7251  7251 D ProjectDetailVM: ğŸ“š Loading 5 albums: [[26743] Betterments (null), [26744] Contents (null), [26741] Daily Progress (null), [26740] Damage Assessment (null), [26742] Pre-existing Damages (null)]
10-28 09:17:27.741  7251  7309 E API     : âŒ [syncProjectGraph] Failed to fetch project detail for 4929
10-28 09:17:27.741  7251  7309 E API     : retrofit2.HttpException: HTTP 400 
10-28 09:17:27.741  7251  7309 E API     : 	at retrofit2.KotlinExtensions$await$2$2.onResponse(KotlinExtensions.kt:53)
10-28 09:17:27.741  7251  7309 E API     : 	at retrofit2.OkHttpCall$1.onResponse(OkHttpCall.java:161)
10-28 09:17:27.741  7251  7309 E API     : 	at okhttp3.internal.connection.RealCall$AsyncCall.run(RealCall.kt:519)
10-28 09:17:27.741  7251  7309 E API     : 	at java.util.concurrent.ThreadPoolExecutor.runWorker(ThreadPoolExecutor.java:1154)
10-28 09:17:27.741  7251  7309 E API     : 	at java.util.concurrent.ThreadPoolExecutor$Worker.run(ThreadPoolExecutor.java:652)
10-28 09:17:27.741  7251  7309 E API     : 	at java.lang.Thread.run(Thread.java:1563)
10-28 09:17:27.741  7251  7309 D API     : ğŸ¢ [syncProjectGraph] Fetching property for project 4929
10-28 09:17:28.356  7251  7309 D API     : âœ… [syncProjectGraph] Fetched and saved property 2990
10-28 09:17:28.356  7251  7309 D API     : ğŸ“ [syncProjectGraph] Fetching locations for property 2990
10-28 09:17:29.050  7251  7309 D API     : âœ… [syncProjectGraph] Fetched 5 levels
10-28 09:17:29.224  7251  7251 D ProjectDetailVM: ğŸ“Š Data update for project 4970: 9 rooms, 5 albums, 568 photos
10-28 09:17:29.224  7251  7251 D ProjectDetailVM: âœ… Project found: 201 Faker Road
10-28 09:17:29.225  7251  7251 D ProjectDetailVM: ğŸ  Loading 9 rooms: [[5949] Basement, [5961] Bathroom, [5994] Bathroom, [5978] Bedroom, [5952] Den, [5979] Dining Room, [6007] Entire Unit, [5999] Kitchen, [6008] Pumpkin]
10-28 09:17:29.226  7251  7251 D ProjectDetailVM: ğŸ“š Loading 5 albums: [[26743] Betterments (null), [26744] Contents (null), [26741] Daily Progress (null), [26740] Damage Assessment (null), [26742] Pre-existing Damages (null)]
10-28 09:17:29.268  7251  7251 D ProjectDetailVM: ğŸ“Š Data update for project 4970: 9 rooms, 5 albums, 568 photos
10-28 09:17:29.269  7251  7251 D ProjectDetailVM: âœ… Project found: 201 Faker Road
10-28 09:17:29.269  7251  7251 D ProjectDetailVM: ğŸ  Loading 9 rooms: [[5949] Basement, [5961] Bathroom, [5994] Bathroom, [5978] Bedroom, [5952] Den, [5979] Dining Room, [6007] Entire Unit, [5999] Kitchen, [6008] Pumpkin]
10-28 09:17:29.270  7251  7251 D ProjectDetailVM: ğŸ“š Loading 5 albums: [[26743] Betterments (null), [26744] Contents (null), [26741] Daily Progress (null), [26740] Damage Assessment (null), [26742] Pre-existing Damages (null)]
10-28 09:17:29.641  7251  7273 D API     : âœ… [syncProjectGraph] Fetched 1 nested locations
10-28 09:17:29.655  7251  7273 D API     : ğŸ“ [syncProjectGraph] Saved 6 property locations, total collected: 6
10-28 09:17:29.656  7251  7273 D API     : ğŸ  [syncProjectGraph] Fetching rooms for 6 locations
10-28 09:17:30.268  7251  7273 D API     : INFO [syncProjectGraph] Location 37502 has no rooms (404)
10-28 09:17:30.268  7251  7273 D API     : ğŸ” [syncProjectGraph] fetchRoomsForLocation(37502) returned 0 rooms
10-28 09:17:30.268  7251  7273 D API     : âš ï¸ [syncProjectGraph] No rooms to save for location 37502 (empty list)
10-28 09:17:30.825  7251  7251 D ProjectDetailVM: ğŸ“Š Data update for project 4970: 9 rooms, 5 albums, 568 photos
10-28 09:17:30.829  7251  7251 D ProjectDetailVM: âœ… Project found: 201 Faker Road
10-28 09:17:30.829  7251  7251 D ProjectDetailVM: ğŸ  Loading 9 rooms: [[5949] Basement, [5961] Bathroom, [5994] Bathroom, [5978] Bedroom, [5952] Den, [5979] Dining Room, [6007] Entire Unit, [5999] Kitchen, [6008] Pumpkin]
10-28 09:17:30.834  7251  7251 D ProjectDetailVM: ğŸ“š Loading 5 albums: [[26743] Betterments (null), [26744] Contents (null), [26741] Daily Progress (null), [26740] Damage Assessment (null), [26742] Pre-existing Damages (null)]
10-28 09:17:30.858  7251  7251 D ProjectDetailVM: ğŸ“Š Data update for project 4970: 9 rooms, 5 albums, 568 photos
10-28 09:17:30.858  7251  7251 D ProjectDetailVM: âœ… Project found: 201 Faker Road
10-28 09:17:30.860  7251  7251 D ProjectDetailVM: ğŸ  Loading 9 rooms: [[5949] Basement, [5961] Bathroom, [5994] Bathroom, [5978] Bedroom, [5952] Den, [5979] Dining Room, [6007] Entire Unit, [5999] Kitchen, [6008] Pumpkin]
10-28 09:17:30.861  7251  7251 D ProjectDetailVM: ğŸ“š Loading 5 albums: [[26743] Betterments (null), [26744] Contents (null), [26741] Daily Progress (null), [26740] Damage Assessment (null), [26742] Pre-existing Damages (null)]
10-28 09:17:30.862  7251  7275 D API     : INFO [syncProjectGraph] Location 37503 has no rooms (404)
10-28 09:17:30.862  7251  7275 D API     : ğŸ” [syncProjectGraph] fetchRoomsForLocation(37503) returned 0 rooms
10-28 09:17:30.862  7251  7275 D API     : âš ï¸ [syncProjectGraph] No rooms to save for location 37503 (empty list)
10-28 09:17:31.534  7251  7275 D API     : INFO [syncProjectGraph] Location 37504 has no rooms (404)
10-28 09:17:31.534  7251  7275 D API     : ğŸ” [syncProjectGraph] fetchRoomsForLocation(37504) returned 0 rooms
10-28 09:17:31.534  7251  7275 D API     : âš ï¸ [syncProjectGraph] No rooms to save for location 37504 (empty list)
10-28 09:17:32.181  7251  7275 D API     : INFO [syncProjectGraph] Location 37505 has no rooms (404)
10-28 09:17:32.181  7251  7275 D API     : ğŸ” [syncProjectGraph] fetchRoomsForLocation(37505) returned 0 rooms
10-28 09:17:32.181  7251  7275 D API     : âš ï¸ [syncProjectGraph] No rooms to save for location 37505 (empty list)
10-28 09:17:32.451  7251  7251 D ProjectDetailVM: ğŸ“Š Data update for project 4970: 9 rooms, 5 albums, 568 photos
10-28 09:17:32.451  7251  7251 D ProjectDetailVM: âœ… Project found: 201 Faker Road
10-28 09:17:32.451  7251  7251 D ProjectDetailVM: ğŸ  Loading 9 rooms: [[5949] Basement, [5961] Bathroom, [5994] Bathroom, [5978] Bedroom, [5952] Den, [5979] Dining Room, [6007] Entire Unit, [5999] Kitchen, [6008] Pumpkin]
10-28 09:17:32.452  7251  7251 D ProjectDetailVM: ğŸ“š Loading 5 albums: [[26743] Betterments (null), [26744] Contents (null), [26741] Daily Progress (null), [26740] Damage Assessment (null), [26742] Pre-existing Damages (null)]
10-28 09:17:32.476  7251  7251 D ProjectDetailVM: ğŸ“Š Data update for project 4970: 9 rooms, 5 albums, 568 photos
10-28 09:17:32.476  7251  7251 D ProjectDetailVM: âœ… Project found: 201 Faker Road
10-28 09:17:32.477  7251  7251 D ProjectDetailVM: ğŸ  Loading 9 rooms: [[5949] Basement, [5961] Bathroom, [5994] Bathroom, [5978] Bedroom, [5952] Den, [5979] Dining Room, [6007] Entire Unit, [5999] Kitchen, [6008] Pumpkin]
10-28 09:17:32.477  7251  7251 D ProjectDetailVM: ğŸ“š Loading 5 albums: [[26743] Betterments (null), [26744] Contents (null), [26741] Daily Progress (null), [26740] Damage Assessment (null), [26742] Pre-existing Damages (null)]
10-28 09:17:32.842  7251  7272 D API     : INFO [syncProjectGraph] Location 37506 has no rooms (404)
10-28 09:17:32.842  7251  7272 D API     : ğŸ” [syncProjectGraph] fetchRoomsForLocation(37506) returned 0 rooms
10-28 09:17:32.842  7251  7272 D API     : âš ï¸ [syncProjectGraph] No rooms to save for location 37506 (empty list)
10-28 09:17:33.593  7251  7272 D API     : âœ… [syncProjectGraph] Fetched 22 rooms for location 3929 (page 1)
10-28 09:17:33.593  7251  7272 D API     : ğŸ” [DEBUG] Room payload - id: 5755, name: null, title: null, roomType.name: Dining Room, level.name: Main Level
10-28 09:17:33.593  7251  7272 D API     : ğŸ” [syncProjectGraph] fetchRoomsForLocation(3929) returned 22 rooms
10-28 09:17:33.624  7251  7272 D API     : ğŸ’¾ [syncProjectGraph] Saved 22 rooms for location 3929 to database
10-28 09:17:33.625  7251  7272 D API     : ğŸ  [syncProjectGraph] Total rooms collected: 22
10-28 09:17:33.625  7251  7272 D API     : ğŸ“¸ [syncProjectGraph] Fetching photos for 22 rooms
10-28 09:17:33.627  7251  7251 D ProjectDetailVM: ğŸ“Š Data update for project 4970: 9 rooms, 5 albums, 568 photos
10-28 09:17:33.627  7251  7251 D ProjectDetailVM: âœ… Project found: 201 Faker Road
10-28 09:17:33.628  7251  7251 D ProjectDetailVM: ğŸ  Loading 9 rooms: [[5949] Basement, [5961] Bathroom, [5994] Bathroom, [5978] Bedroom, [5952] Den, [5979] Dining Room, [6007] Entire Unit, [5999] Kitchen, [6008] Pumpkin]
10-28 09:17:33.630  7251  7251 D ProjectDetailVM: ğŸ“š Loading 5 albums: [[26743] Betterments (null), [26744] Contents (null), [26741] Daily Progress (null), [26740] Damage Assessment (null), [26742] Pre-existing Damages (null)]
10-28 09:17:34.365  7251  7272 D API     : âœ… [syncProjectGraph] Fetched 22 photos for room 5755 (paginated)
10-28 09:17:34.780  7251  7272 D API     : ğŸ“¸ [persistPhotos] Saved 22 album-photo relationships
10-28 09:17:34.780  7251  7272 D API     : ğŸ’¾ [syncProjectGraph] Saved 22 photos for room 5755
10-28 09:17:34.804  7251  7251 D ProjectDetailVM: ğŸ“Š Data update for project 4970: 9 rooms, 5 albums, 568 photos
10-28 09:17:34.804  7251  7251 D ProjectDetailVM: âœ… Project found: 201 Faker Road
10-28 09:17:34.805  7251  7251 D ProjectDetailVM: ğŸ  Loading 9 rooms: [[5949] Basement, [5961] Bathroom, [5994] Bathroom, [5978] Bedroom, [5952] Den, [5979] Dining Room, [6007] Entire Unit, [5999] Kitchen, [6008] Pumpkin]
10-28 09:17:34.805  7251  7251 D ProjectDetailVM: ğŸ“š Loading 5 albums: [[26743] Betterments (null), [26744] Contents (null), [26741] Daily Progress (null), [26740] Damage Assessment (null), [26742] Pre-existing Damages (null)]
10-28 09:17:34.910  7251  7251 D ProjectDetailVM: ğŸ“Š Data update for project 4970: 9 rooms, 5 albums, 568 photos
10-28 09:17:34.910  7251  7251 D ProjectDetailVM: âœ… Project found: 201 Faker Road
10-28 09:17:34.911  7251  7251 D ProjectDetailVM: ğŸ  Loading 9 rooms: [[5949] Basement, [5961] Bathroom, [5994] Bathroom, [5978] Bedroom, [5952] Den, [5979] Dining Room, [6007] Entire Unit, [5999] Kitchen, [6008] Pumpkin]
10-28 09:17:34.912  7251  7251 D ProjectDetailVM: ğŸ“š Loading 5 albums: [[26743] Betterments (null), [26744] Contents (null), [26741] Daily Progress (null), [26740] Damage Assessment (null), [26742] Pre-existing Damages (null)]
10-28 09:17:34.942  7251  7251 D ProjectDetailVM: ğŸ“Š Data update for project 4970: 9 rooms, 5 albums, 568 photos
10-28 09:17:34.942  7251  7251 D ProjectDetailVM: âœ… Project found: 201 Faker Road
10-28 09:17:34.943  7251  7251 D ProjectDetailVM: ğŸ  Loading 9 rooms: [[5949] Basement, [5961] Bathroom, [5994] Bathroom, [5978] Bedroom, [5952] Den, [5979] Dining Room, [6007] Entire Unit, [5999] Kitchen, [6008] Pumpkin]
10-28 09:17:34.945  7251  7251 D ProjectDetailVM: ğŸ“š Loading 5 albums: [[26743] Betterments (null), [26744] Contents (null), [26741] Daily Progress (null), [26740] Damage Assessment (null), [26742] Pre-existing Damages (null)]
10-28 09:17:36.107  7251  7309 D API     : âœ… [syncProjectGraph] Fetched 50 photos for room 5688 (paginated)
10-28 09:17:36.435  7251  7309 D API     : ğŸ“¸ [persistPhotos] Saved 50 album-photo relationships
10-28 09:17:36.436  7251  7309 D API     : ğŸ’¾ [syncProjectGraph] Saved 50 photos for room 5688
10-28 09:17:36.448  7251  7251 D ProjectDetailVM: ğŸ“Š Data update for project 4970: 9 rooms, 5 albums, 568 photos
10-28 09:17:36.448  7251  7251 D ProjectDetailVM: âœ… Project found: 201 Faker Road
10-28 09:17:36.448  7251  7251 D ProjectDetailVM: ğŸ  Loading 9 rooms: [[5949] Basement, [5961] Bathroom, [5994] Bathroom, [5978] Bedroom, [5952] Den, [5979] Dining Room, [6007] Entire Unit, [5999] Kitchen, [6008] Pumpkin]
10-28 09:17:36.449  7251  7251 D ProjectDetailVM: ğŸ“š Loading 5 albums: [[26743] Betterments (null), [26744] Contents (null), [26741] Daily Progress (null), [26740] Damage Assessment (null), [26742] Pre-existing Damages (null)]
10-28 09:17:36.797  7251  7251 D ProjectDetailVM: ğŸ“Š Data update for project 4970: 9 rooms, 5 albums, 568 photos
10-28 09:17:36.798  7251  7251 D ProjectDetailVM: âœ… Project found: 201 Faker Road
10-28 09:17:36.798  7251  7251 D ProjectDetailVM: ğŸ  Loading 9 rooms: [[5949] Basement, [5961] Bathroom, [5994] Bathroom, [5978] Bedroom, [5952] Den, [5979] Dining Room, [6007] Entire Unit, [5999] Kitchen, [6008] Pumpkin]
10-28 09:17:36.798  7251  7251 D ProjectDetailVM: ğŸ“š Loading 5 albums: [[26743] Betterments (null), [26744] Contents (null), [26741] Daily Progress (null), [26740] Damage Assessment (null), [26742] Pre-existing Damages (null)]
10-28 09:17:36.825  7251  7251 D ProjectDetailVM: ğŸ“Š Data update for project 4970: 9 rooms, 5 albums, 568 photos
10-28 09:17:36.826  7251  7251 D ProjectDetailVM: âœ… Project found: 201 Faker Road
10-28 09:17:36.826  7251  7251 D ProjectDetailVM: ğŸ  Loading 9 rooms: [[5949] Basement, [5961] Bathroom, [5994] Bathroom, [5978] Bedroom, [5952] Den, [5979] Dining Room, [6007] Entire Unit, [5999] Kitchen, [6008] Pumpkin]
10-28 09:17:36.826  7251  7251 D ProjectDetailVM: ğŸ“š Loading 5 albums: [[26743] Betterments (null), [26744] Contents (null), [26741] Daily Progress (null), [26740] Damage Assessment (null), [26742] Pre-existing Damages (null)]
10-28 09:17:37.056  7251  7272 D API     : âœ… [syncProjectGraph] Fetched 15 photos for room 5687 (paginated)
10-28 09:17:37.166  7251  7272 D API     : ğŸ“¸ [persistPhotos] Saved 15 album-photo relationships
10-28 09:17:37.166  7251  7272 D API     : ğŸ’¾ [syncProjectGraph] Saved 15 photos for room 5687
10-28 09:17:37.191  7251  7251 D ProjectDetailVM: ğŸ“Š Data update for project 4970: 9 rooms, 5 albums, 568 photos
10-28 09:17:37.191  7251  7251 D ProjectDetailVM: âœ… Project found: 201 Faker Road
10-28 09:17:37.192  7251  7251 D ProjectDetailVM: ğŸ  Loading 9 rooms: [[5949] Basement, [5961] Bathroom, [5994] Bathroom, [5978] Bedroom, [5952] Den, [5979] Dining Room, [6007] Entire Unit, [5999] Kitchen, [6008] Pumpkin]
10-28 09:17:37.192  7251  7251 D ProjectDetailVM: ğŸ“š Loading 5 albums: [[26743] Betterments (null), [26744] Contents (null), [26741] Daily Progress (null), [26740] Damage Assessment (null), [26742] Pre-existing Damages (null)]
10-28 09:17:38.565  7251  7272 D API     : âœ… [syncProjectGraph] Fetched 50 photos for room 5686 (paginated)
10-28 09:17:38.900  7251  7272 D API     : ğŸ“¸ [persistPhotos] Saved 50 album-photo relationships
10-28 09:17:38.900  7251  7272 D API     : ğŸ’¾ [syncProjectGraph] Saved 50 photos for room 5686
10-28 09:17:38.915  7251  7251 D ProjectDetailVM: ğŸ“Š Data update for project 4970: 9 rooms, 5 albums, 568 photos
10-28 09:17:38.916  7251  7251 D ProjectDetailVM: âœ… Project found: 201 Faker Road
10-28 09:17:38.916  7251  7251 D ProjectDetailVM: ğŸ  Loading 9 rooms: [[5949] Basement, [5961] Bathroom, [5994] Bathroom, [5978] Bedroom, [5952] Den, [5979] Dining Room, [6007] Entire Unit, [5999] Kitchen, [6008] Pumpkin]
10-28 09:17:38.916  7251  7251 D ProjectDetailVM: ğŸ“š Loading 5 albums: [[26743] Betterments (null), [26744] Contents (null), [26741] Daily Progress (null), [26740] Damage Assessment (null), [26742] Pre-existing Damages (null)]
10-28 09:17:38.984  7251  7251 D ProjectDetailVM: ğŸ“Š Data update for project 4970: 9 rooms, 5 albums, 568 photos
10-28 09:17:38.984  7251  7251 D ProjectDetailVM: âœ… Project found: 201 Faker Road
10-28 09:17:38.984  7251  7251 D ProjectDetailVM: ğŸ  Loading 9 rooms: [[5949] Basement, [5961] Bathroom, [5994] Bathroom, [5978] Bedroom, [5952] Den, [5979] Dining Room, [6007] Entire Unit, [5999] Kitchen, [6008] Pumpkin]
10-28 09:17:38.985  7251  7251 D ProjectDetailVM: ğŸ“š Loading 5 albums: [[26743] Betterments (null), [26744] Contents (null), [26741] Daily Progress (null), [26740] Damage Assessment (null), [26742] Pre-existing Damages (null)]
10-28 09:17:39.027  7251  7251 D ProjectDetailVM: ğŸ“Š Data update for project 4970: 9 rooms, 5 albums, 568 photos
10-28 09:17:39.027  7251  7251 D ProjectDetailVM: âœ… Project found: 201 Faker Road
10-28 09:17:39.028  7251  7251 D ProjectDetailVM: ğŸ  Loading 9 rooms: [[5949] Basement, [5961] Bathroom, [5994] Bathroom, [5978] Bedroom, [5952] Den, [5979] Dining Room, [6007] Entire Unit, [5999] Kitchen, [6008] Pumpkin]
10-28 09:17:39.029  7251  7251 D ProjectDetailVM: ğŸ“š Loading 5 albums: [[26743] Betterments (null), [26744] Contents (null), [26741] Daily Progress (null), [26740] Damage Assessment (null), [26742] Pre-existing Damages (null)]
10-28 09:17:39.586  7251  7309 D API     : âœ… [syncProjectGraph] Fetched 10 photos for room 5685 (paginated)
10-28 09:17:39.686  7251  7309 D API     : ğŸ“¸ [persistPhotos] Saved 10 album-photo relationships
10-28 09:17:39.686  7251  7309 D API     : ğŸ’¾ [syncProjectGraph] Saved 10 photos for room 5685
10-28 09:17:39.709  7251  7251 D ProjectDetailVM: ğŸ“Š Data update for project 4970: 9 rooms, 5 albums, 568 photos
10-28 09:17:39.709  7251  7251 D ProjectDetailVM: âœ… Project found: 201 Faker Road
10-28 09:17:39.709  7251  7251 D ProjectDetailVM: ğŸ  Loading 9 rooms: [[5949] Basement, [5961] Bathroom, [5994] Bathroom, [5978] Bedroom, [5952] Den, [5979] Dining Room, [6007] Entire Unit, [5999] Kitchen, [6008] Pumpkin]
10-28 09:17:39.710  7251  7251 D ProjectDetailVM: ğŸ“š Loading 5 albums: [[26743] Betterments (null), [26744] Contents (null), [26741] Daily Progress (null), [26740] Damage Assessment (null), [26742] Pre-existing Damages (null)]
10-28 09:17:41.643  7251  7309 D API     : âœ… [syncProjectGraph] Fetched 50 photos for room 5684 (paginated)
10-28 09:17:41.975  7251  7309 D API     : ğŸ“¸ [persistPhotos] Saved 50 album-photo relationships
10-28 09:17:41.975  7251  7309 D API     : ğŸ’¾ [syncProjectGraph] Saved 50 photos for room 5684
10-28 09:17:41.988  7251  7251 D ProjectDetailVM: ğŸ“Š Data update for project 4970: 9 rooms, 5 albums, 568 photos
10-28 09:17:41.988  7251  7251 D ProjectDetailVM: âœ… Project found: 201 Faker Road
10-28 09:17:41.988  7251  7251 D ProjectDetailVM: ğŸ  Loading 9 rooms: [[5949] Basement, [5961] Bathroom, [5994] Bathroom, [5978] Bedroom, [5952] Den, [5979] Dining Room, [6007] Entire Unit, [5999] Kitchen, [6008] Pumpkin]
10-28 09:17:41.988  7251  7251 D ProjectDetailVM: ğŸ“š Loading 5 albums: [[26743] Betterments (null), [26744] Contents (null), [26741] Daily Progress (null), [26740] Damage Assessment (null), [26742] Pre-existing Damages (null)]
10-28 09:17:42.007  7251  7251 D ProjectDetailVM: ğŸ“Š Data update for project 4970: 9 rooms, 5 albums, 568 photos
10-28 09:17:42.007  7251  7251 D ProjectDetailVM: âœ… Project found: 201 Faker Road
10-28 09:17:42.007  7251  7251 D ProjectDetailVM: ğŸ  Loading 9 rooms: [[5949] Basement, [5961] Bathroom, [5994] Bathroom, [5978] Bedroom, [5952] Den, [5979] Dining Room, [6007] Entire Unit, [5999] Kitchen, [6008] Pumpkin]
10-28 09:17:42.008  7251  7251 D ProjectDetailVM: ğŸ“š Loading 5 albums: [[26743] Betterments (null), [26744] Contents (null), [26741] Daily Progress (null), [26740] Damage Assessment (null), [26742] Pre-existing Damages (null)]
10-28 09:17:42.635  7251  7272 D API     : âœ… [syncProjectGraph] Fetched 10 photos for room 5632 (paginated)
10-28 09:17:42.709  7251  7272 D API     : ğŸ“¸ [persistPhotos] Saved 10 album-photo relationships
10-28 09:17:42.709  7251  7272 D API     : ğŸ’¾ [syncProjectGraph] Saved 10 photos for room 5632
10-28 09:17:42.757  7251  7251 D ProjectDetailVM: ğŸ“Š Data update for project 4970: 9 rooms, 5 albums, 568 photos
10-28 09:17:42.757  7251  7251 D ProjectDetailVM: âœ… Project found: 201 Faker Road
10-28 09:17:42.758  7251  7251 D ProjectDetailVM: ğŸ  Loading 9 rooms: [[5949] Basement, [5961] Bathroom, [5994] Bathroom, [5978] Bedroom, [5952] Den, [5979] Dining Room, [6007] Entire Unit, [5999] Kitchen, [6008] Pumpkin]
10-28 09:17:42.758  7251  7251 D ProjectDetailVM: ğŸ“š Loading 5 albums: [[26743] Betterments (null), [26744] Contents (null), [26741] Daily Progress (null), [26740] Damage Assessment (null), [26742] Pre-existing Damages (null)]
10-28 09:17:43.334  7251  7272 D API     : âœ… [syncProjectGraph] Fetched 20 photos for room 5631 (paginated)
