10-28 09:41:30.052  7938  7938 D ProjectDetailVM: ğŸ“š Loading 5 albums: [[26743] Betterments (null), [26744] Contents (null), [26741] Daily Progress (null), [26740] Damage Assessment (null), [26742] Pre-existing Damages (null)]
10-28 09:41:30.463  7938  7960 D API     : âœ… [syncProjectGraph] Fetched 20 photos for room 5634 (paginated)
10-28 09:41:30.733  7938  7996 W lan_android.dev: JNI critical lock held for 33.028ms on Thread[41,tid=7996,Runnable,Thread*=0x72a021a8f110,peer=0x20f66c0,"arch_disk_io_3"]
10-28 09:41:30.881  7938  8006 D API     : ğŸ“¸ [persistPhotos] Saved 20 album-photo relationships
10-28 09:41:30.881  7938  8006 D API     : ğŸ’¾ [syncProjectGraph] Saved 20 photos for room 5634
10-28 09:41:30.916  7938  7938 D RoomDetailVM: ğŸ”­ combine: rooms=9, photos=484, notes=0, albums=0
10-28 09:41:30.916  7938  7938 D RoomDetailVM: âœ… Room found: 'Basement', photoCount=484, noteCount=0
10-28 09:41:30.930  7938  7938 D RoomDetailVM: ğŸ¯ UI -> Ready(photos=484, albums=0)
10-28 09:41:30.942  7938  7938 D ProjectDetailVM: ğŸ“Š Data update for project 4970: 9 rooms, 5 albums, 568 photos
10-28 09:41:30.942  7938  7938 D ProjectDetailVM: âœ… Project found: 201 Faker Road
10-28 09:41:30.942  7938  7938 D ProjectDetailVM: ğŸ  Loading 9 rooms: [[5949] Basement, [5961] Bathroom, [5994] Bathroom, [5978] Bedroom, [5952] Den, [5979] Dining Room, [6007] Entire Unit, [5999] Kitchen, [6008] Pumpkin]
10-28 09:41:30.943  7938  7938 D ProjectDetailVM: ğŸ“š Loading 5 albums: [[26743] Betterments (null), [26744] Contents (null), [26741] Daily Progress (null), [26740] Damage Assessment (null), [26742] Pre-existing Damages (null)]
10-28 09:41:30.972  7938  7938 D RoomDetailVM: ğŸ”­ combine: rooms=9, photos=484, notes=0, albums=0
10-28 09:41:30.972  7938  7938 D RoomDetailVM: âœ… Room found: 'Basement', photoCount=484, noteCount=0
10-28 09:41:30.981  7938  7938 D RoomDetailVM: ğŸ¯ UI -> Ready(photos=484, albums=0)
10-28 09:41:30.994  7938  7938 D ProjectDetailVM: ğŸ“Š Data update for project 4970: 9 rooms, 5 albums, 568 photos
10-28 09:41:30.994  7938  7938 D ProjectDetailVM: âœ… Project found: 201 Faker Road
10-28 09:41:30.995  7938  7938 D ProjectDetailVM: ğŸ  Loading 9 rooms: [[5949] Basement, [5961] Bathroom, [5994] Bathroom, [5978] Bedroom, [5952] Den, [5979] Dining Room, [6007] Entire Unit, [5999] Kitchen, [6008] Pumpkin]
10-28 09:41:30.996  7938  7938 D ProjectDetailVM: ğŸ“š Loading 5 albums: [[26743] Betterments (null), [26744] Contents (null), [26741] Daily Progress (null), [26740] Damage Assessment (null), [26742] Pre-existing Damages (null)]
10-28 09:41:32.544  7938  8006 D API     : âœ… [syncProjectGraph] Fetched 22 photos for room 5651 (paginated)
10-28 09:41:32.773  7938  8006 D API     : ğŸ“¸ [persistPhotos] Saved 22 album-photo relationships
10-28 09:41:32.773  7938  8006 D API     : ğŸ’¾ [syncProjectGraph] Saved 22 photos for room 5651
10-28 09:41:32.795  7938  7938 D RoomDetailVM: ğŸ”­ combine: rooms=9, photos=484, notes=0, albums=0
10-28 09:41:32.795  7938  7938 D RoomDetailVM: âœ… Room found: 'Basement', photoCount=484, noteCount=0
10-28 09:41:32.805  7938  7938 D RoomDetailVM: ğŸ¯ UI -> Ready(photos=484, albums=0)
10-28 09:41:32.817  7938  7938 D ProjectDetailVM: ğŸ“Š Data update for project 4970: 9 rooms, 5 albums, 568 photos
10-28 09:41:32.817  7938  7938 D ProjectDetailVM: âœ… Project found: 201 Faker Road
10-28 09:41:32.817  7938  7938 D ProjectDetailVM: ğŸ  Loading 9 rooms: [[5949] Basement, [5961] Bathroom, [5994] Bathroom, [5978] Bedroom, [5952] Den, [5979] Dining Room, [6007] Entire Unit, [5999] Kitchen, [6008] Pumpkin]
10-28 09:41:32.820  7938  7938 D ProjectDetailVM: ğŸ“š Loading 5 albums: [[26743] Betterments (null), [26744] Contents (null), [26741] Daily Progress (null), [26740] Damage Assessment (null), [26742] Pre-existing Damages (null)]
10-28 09:41:34.231  7938  7938 D RoomDetailVM: ğŸ”­ combine: rooms=9, photos=484, notes=0, albums=0
10-28 09:41:34.231  7938  7938 D RoomDetailVM: âœ… Room found: 'Basement', photoCount=484, noteCount=0
10-28 09:41:34.243  7938  7938 D RoomDetailVM: ğŸ¯ UI -> Ready(photos=484, albums=0)
10-28 09:41:34.255  7938  7938 D ProjectDetailVM: ğŸ“Š Data update for project 4970: 9 rooms, 5 albums, 568 photos
10-28 09:41:34.255  7938  7938 D ProjectDetailVM: âœ… Project found: 201 Faker Road
10-28 09:41:34.256  7938  7938 D ProjectDetailVM: ğŸ  Loading 9 rooms: [[5949] Basement, [5961] Bathroom, [5994] Bathroom, [5978] Bedroom, [5952] Den, [5979] Dining Room, [6007] Entire Unit, [5999] Kitchen, [6008] Pumpkin]
10-28 09:41:34.257  7938  7938 D ProjectDetailVM: ğŸ“š Loading 5 albums: [[26743] Betterments (null), [26744] Contents (null), [26741] Daily Progress (null), [26740] Damage Assessment (null), [26742] Pre-existing Damages (null)]
10-28 09:41:34.289  7938  7938 D RoomDetailVM: ğŸ”­ combine: rooms=9, photos=484, notes=0, albums=0
10-28 09:41:34.289  7938  7938 D RoomDetailVM: âœ… Room found: 'Basement', photoCount=484, noteCount=0
10-28 09:41:34.298  7938  7938 D RoomDetailVM: ğŸ¯ UI -> Ready(photos=484, albums=0)
10-28 09:41:34.309  7938  7938 D ProjectDetailVM: ğŸ“Š Data update for project 4970: 9 rooms, 5 albums, 568 photos
10-28 09:41:34.309  7938  7938 D ProjectDetailVM: âœ… Project found: 201 Faker Road
10-28 09:41:34.310  7938  7938 D ProjectDetailVM: ğŸ  Loading 9 rooms: [[5949] Basement, [5961] Bathroom, [5994] Bathroom, [5978] Bedroom, [5952] Den, [5979] Dining Room, [6007] Entire Unit, [5999] Kitchen, [6008] Pumpkin]
10-28 09:41:34.311  7938  7938 D ProjectDetailVM: ğŸ“š Loading 5 albums: [[26743] Betterments (null), [26744] Contents (null), [26741] Daily Progress (null), [26740] Damage Assessment (null), [26742] Pre-existing Damages (null)]
10-28 09:41:35.375  7938  7938 D RoomDetailVM: ğŸ”­ combine: rooms=9, photos=484, notes=0, albums=0
10-28 09:41:35.375  7938  7938 D RoomDetailVM: âœ… Room found: 'Basement', photoCount=484, noteCount=0
10-28 09:41:35.384  7938  7938 D RoomDetailVM: ğŸ¯ UI -> Ready(photos=484, albums=0)
10-28 09:41:35.394  7938  7938 D ProjectDetailVM: ğŸ“Š Data update for project 4970: 9 rooms, 5 albums, 568 photos
10-28 09:41:35.394  7938  7938 D ProjectDetailVM: âœ… Project found: 201 Faker Road
10-28 09:41:35.394  7938  7938 D ProjectDetailVM: ğŸ  Loading 9 rooms: [[5949] Basement, [5961] Bathroom, [5994] Bathroom, [5978] Bedroom, [5952] Den, [5979] Dining Room, [6007] Entire Unit, [5999] Kitchen, [6008] Pumpkin]
10-28 09:41:35.395  7938  7938 D ProjectDetailVM: ğŸ“š Loading 5 albums: [[26743] Betterments (null), [26744] Contents (null), [26741] Daily Progress (null), [26740] Damage Assessment (null), [26742] Pre-existing Damages (null)]
10-28 09:41:35.420  7938  7938 D RoomDetailVM: ğŸ”­ combine: rooms=9, photos=484, notes=0, albums=0
10-28 09:41:35.421  7938  7938 D RoomDetailVM: âœ… Room found: 'Basement', photoCount=484, noteCount=0
10-28 09:41:35.432  7938  7938 D RoomDetailVM: ğŸ¯ UI -> Ready(photos=484, albums=0)
10-28 09:41:35.444  7938  7938 D ProjectDetailVM: ğŸ“Š Data update for project 4970: 9 rooms, 5 albums, 568 photos
10-28 09:41:35.444  7938  7938 D ProjectDetailVM: âœ… Project found: 201 Faker Road
10-28 09:41:35.444  7938  7938 D ProjectDetailVM: ğŸ  Loading 9 rooms: [[5949] Basement, [5961] Bathroom, [5994] Bathroom, [5978] Bedroom, [5952] Den, [5979] Dining Room, [6007] Entire Unit, [5999] Kitchen, [6008] Pumpkin]
10-28 09:41:35.446  7938  7938 D ProjectDetailVM: ğŸ“š Loading 5 albums: [[26743] Betterments (null), [26744] Contents (null), [26741] Daily Progress (null), [26740] Damage Assessment (null), [26742] Pre-existing Damages (null)]
10-28 09:41:36.787  7938  7938 D RoomDetailVM: ğŸ”­ combine: rooms=9, photos=484, notes=0, albums=0
10-28 09:41:36.787  7938  7938 D RoomDetailVM: âœ… Room found: 'Basement', photoCount=484, noteCount=0
10-28 09:41:36.793  7938  7938 D RoomDetailVM: ğŸ¯ UI -> Ready(photos=484, albums=0)
10-28 09:41:36.801  7938  7938 D ProjectDetailVM: ğŸ“Š Data update for project 4970: 9 rooms, 5 albums, 568 photos
10-28 09:41:36.801  7938  7938 D ProjectDetailVM: âœ… Project found: 201 Faker Road
10-28 09:41:36.802  7938  7938 D ProjectDetailVM: ğŸ  Loading 9 rooms: [[5949] Basement, [5961] Bathroom, [5994] Bathroom, [5978] Bedroom, [5952] Den, [5979] Dining Room, [6007] Entire Unit, [5999] Kitchen, [6008] Pumpkin]
10-28 09:41:36.803  7938  7938 D ProjectDetailVM: ğŸ“š Loading 5 albums: [[26743] Betterments (null), [26744] Contents (null), [26741] Daily Progress (null), [26740] Damage Assessment (null), [26742] Pre-existing Damages (null)]
10-28 09:41:36.833  7938  7938 D RoomDetailVM: ğŸ”­ combine: rooms=9, photos=484, notes=0, albums=0
10-28 09:41:36.834  7938  7938 D RoomDetailVM: âœ… Room found: 'Basement', photoCount=484, noteCount=0
10-28 09:41:36.842  7938  7938 D RoomDetailVM: ğŸ¯ UI -> Ready(photos=484, albums=0)
10-28 09:41:36.852  7938  7938 D ProjectDetailVM: ğŸ“Š Data update for project 4970: 9 rooms, 5 albums, 568 photos
10-28 09:41:36.853  7938  7938 D ProjectDetailVM: âœ… Project found: 201 Faker Road
10-28 09:41:36.854  7938  7938 D ProjectDetailVM: ğŸ  Loading 9 rooms: [[5949] Basement, [5961] Bathroom, [5994] Bathroom, [5978] Bedroom, [5952] Den, [5979] Dining Room, [6007] Entire Unit, [5999] Kitchen, [6008] Pumpkin]
10-28 09:41:36.856  7938  7938 D ProjectDetailVM: ğŸ“š Loading 5 albums: [[26743] Betterments (null), [26744] Contents (null), [26741] Daily Progress (null), [26740] Damage Assessment (null), [26742] Pre-existing Damages (null)]
10-28 09:41:38.584  7938  7938 D RoomDetailVM: ğŸ”­ combine: rooms=9, photos=484, notes=0, albums=0
10-28 09:41:38.584  7938  7938 D RoomDetailVM: âœ… Room found: 'Basement', photoCount=484, noteCount=0
10-28 09:41:38.593  7938  7938 D RoomDetailVM: ğŸ¯ UI -> Ready(photos=484, albums=0)
10-28 09:41:38.604  7938  7938 D ProjectDetailVM: ğŸ“Š Data update for project 4970: 9 rooms, 5 albums, 568 photos
10-28 09:41:38.604  7938  7938 D ProjectDetailVM: âœ… Project found: 201 Faker Road
10-28 09:41:38.605  7938  7938 D ProjectDetailVM: ğŸ  Loading 9 rooms: [[5949] Basement, [5961] Bathroom, [5994] Bathroom, [5978] Bedroom, [5952] Den, [5979] Dining Room, [6007] Entire Unit, [5999] Kitchen, [6008] Pumpkin]
10-28 09:41:38.608  7938  7938 D ProjectDetailVM: ğŸ“š Loading 5 albums: [[26743] Betterments (null), [26744] Contents (null), [26741] Daily Progress (null), [26740] Damage Assessment (null), [26742] Pre-existing Damages (null)]
10-28 09:41:38.633  7938  7938 D RoomDetailVM: ğŸ”­ combine: rooms=9, photos=484, notes=0, albums=0
10-28 09:41:38.633  7938  7938 D RoomDetailVM: âœ… Room found: 'Basement', photoCount=484, noteCount=0
10-28 09:41:38.644  7938  7938 D RoomDetailVM: ğŸ¯ UI -> Ready(photos=484, albums=0)
10-28 09:41:38.659  7938  7938 D ProjectDetailVM: ğŸ“Š Data update for project 4970: 9 rooms, 5 albums, 568 photos
10-28 09:41:38.659  7938  7938 D ProjectDetailVM: âœ… Project found: 201 Faker Road
10-28 09:41:38.660  7938  7938 D ProjectDetailVM: ğŸ  Loading 9 rooms: [[5949] Basement, [5961] Bathroom, [5994] Bathroom, [5978] Bedroom, [5952] Den, [5979] Dining Room, [6007] Entire Unit, [5999] Kitchen, [6008] Pumpkin]
10-28 09:41:38.661  7938  7938 D ProjectDetailVM: ğŸ“š Loading 5 albums: [[26743] Betterments (null), [26744] Contents (null), [26741] Daily Progress (null), [26740] Damage Assessment (null), [26742] Pre-existing Damages (null)]
10-28 09:41:39.561  7938  7957 D API     : âœ… [syncProjectGraph] Fetched 100 photos for room 5650 (paginated)
10-28 09:41:39.603  7938  7938 D RoomDetailVM: ğŸ”­ combine: rooms=9, photos=484, notes=0, albums=0
10-28 09:41:39.604  7938  7938 D RoomDetailVM: âœ… Room found: 'Basement', photoCount=484, noteCount=0
10-28 09:41:39.629  7938  7938 D RoomDetailVM: ğŸ¯ UI -> Ready(photos=484, albums=0)
10-28 09:41:39.655  7938  7938 D ProjectDetailVM: ğŸ“Š Data update for project 4970: 9 rooms, 5 albums, 568 photos
10-28 09:41:39.656  7938  7938 D ProjectDetailVM: âœ… Project found: 201 Faker Road
10-28 09:41:39.657  7938  7938 D ProjectDetailVM: ğŸ  Loading 9 rooms: [[5949] Basement, [5961] Bathroom, [5994] Bathroom, [5978] Bedroom, [5952] Den, [5979] Dining Room, [6007] Entire Unit, [5999] Kitchen, [6008] Pumpkin]
10-28 09:41:39.658  7938  7938 D ProjectDetailVM: ğŸ“š Loading 5 albums: [[26743] Betterments (null), [26744] Contents (null), [26741] Daily Progress (null), [26740] Damage Assessment (null), [26742] Pre-existing Damages (null)]
10-28 09:41:39.696  7938  7938 D ProjectDetailVM: ğŸ“Š Data update for project 4970: 9 rooms, 5 albums, 568 photos
10-28 09:41:39.697  7938  7938 D ProjectDetailVM: âœ… Project found: 201 Faker Road
10-28 09:41:39.697  7938  7938 D ProjectDetailVM: ğŸ  Loading 9 rooms: [[5949] Basement, [5961] Bathroom, [5994] Bathroom, [5978] Bedroom, [5952] Den, [5979] Dining Room, [6007] Entire Unit, [5999] Kitchen, [6008] Pumpkin]
10-28 09:41:39.701  7938  7938 D ProjectDetailVM: ğŸ“š Loading 5 albums: [[26743] Betterments (null), [26744] Contents (null), [26741] Daily Progress (null), [26740] Damage Assessment (null), [26742] Pre-existing Damages (null)]
10-28 09:41:39.709  7938  7938 D RoomDetailVM: ğŸ”­ combine: rooms=9, photos=484, notes=0, albums=0
10-28 09:41:39.709  7938  7938 D RoomDetailVM: âœ… Room found: 'Basement', photoCount=484, noteCount=0
10-28 09:41:39.724  7938  7938 D RoomDetailVM: ğŸ¯ UI -> Ready(photos=484, albums=0)
10-28 09:41:40.986  7938  7938 D RoomDetailVM: ğŸ”­ combine: rooms=9, photos=484, notes=0, albums=0
10-28 09:41:40.986  7938  7938 D RoomDetailVM: âœ… Room found: 'Basement', photoCount=484, noteCount=0
10-28 09:41:41.001  7938  7938 D RoomDetailVM: ğŸ¯ UI -> Ready(photos=484, albums=0)
10-28 09:41:41.020  7938  7938 D ProjectDetailVM: ğŸ“Š Data update for project 4970: 9 rooms, 5 albums, 568 photos
10-28 09:41:41.020  7938  7938 D ProjectDetailVM: âœ… Project found: 201 Faker Road
10-28 09:41:41.020  7938  7938 D ProjectDetailVM: ğŸ  Loading 9 rooms: [[5949] Basement, [5961] Bathroom, [5994] Bathroom, [5978] Bedroom, [5952] Den, [5979] Dining Room, [6007] Entire Unit, [5999] Kitchen, [6008] Pumpkin]
10-28 09:41:41.022  7938  7938 D ProjectDetailVM: ğŸ“š Loading 5 albums: [[26743] Betterments (null), [26744] Contents (null), [26741] Daily Progress (null), [26740] Damage Assessment (null), [26742] Pre-existing Damages (null)]
10-28 09:41:41.042  7938  8004 D API     : ğŸ“¸ [persistPhotos] Saved 100 album-photo relationships
10-28 09:41:41.042  7938  8004 D API     : ğŸ’¾ [syncProjectGraph] Saved 100 photos for room 5650
10-28 09:41:41.107  7938  7938 D RoomDetailVM: ğŸ”­ combine: rooms=9, photos=484, notes=0, albums=0
10-28 09:41:41.108  7938  7938 D RoomDetailVM: âœ… Room found: 'Basement', photoCount=484, noteCount=0
10-28 09:41:41.120  7938  7938 D RoomDetailVM: ğŸ¯ UI -> Ready(photos=484, albums=0)
10-28 09:41:41.133  7938  7938 D ProjectDetailVM: ğŸ“Š Data update for project 4970: 9 rooms, 5 albums, 568 photos
10-28 09:41:41.133  7938  7938 D ProjectDetailVM: âœ… Project found: 201 Faker Road
10-28 09:41:41.134  7938  7938 D ProjectDetailVM: ğŸ  Loading 9 rooms: [[5949] Basement, [5961] Bathroom, [5994] Bathroom, [5978] Bedroom, [5952] Den, [5979] Dining Room, [6007] Entire Unit, [5999] Kitchen, [6008] Pumpkin]
10-28 09:41:41.139  7938  7938 D ProjectDetailVM: ğŸ“š Loading 5 albums: [[26743] Betterments (null), [26744] Contents (null), [26741] Daily Progress (null), [26740] Damage Assessment (null), [26742] Pre-existing Damages (null)]
10-28 09:41:41.195  7938  7938 D RoomDetailVM: ğŸ”­ combine: rooms=9, photos=484, notes=0, albums=0
10-28 09:41:41.196  7938  7938 D RoomDetailVM: âœ… Room found: 'Basement', photoCount=484, noteCount=0
10-28 09:41:41.213  7938  7938 D RoomDetailVM: ğŸ¯ UI -> Ready(photos=484, albums=0)
10-28 09:41:41.226  7938  7938 D ProjectDetailVM: ğŸ“Š Data update for project 4970: 9 rooms, 5 albums, 568 photos
10-28 09:41:41.226  7938  7938 D ProjectDetailVM: âœ… Project found: 201 Faker Road
10-28 09:41:41.226  7938  7938 D ProjectDetailVM: ğŸ  Loading 9 rooms: [[5949] Basement, [5961] Bathroom, [5994] Bathroom, [5978] Bedroom, [5952] Den, [5979] Dining Room, [6007] Entire Unit, [5999] Kitchen, [6008] Pumpkin]
10-28 09:41:41.228  7938  7938 D ProjectDetailVM: ğŸ“š Loading 5 albums: [[26743] Betterments (null), [26744] Contents (null), [26741] Daily Progress (null), [26740] Damage Assessment (null), [26742] Pre-existing Damages (null)]
10-28 09:41:42.376  7938  7960 D API     : âœ… [syncProjectGraph] Fetched 13 photos for room 5649 (paginated)
10-28 09:41:42.644  7938  7996 W lan_android.dev: JNI critical lock held for 69.750ms on Thread[41,tid=7996,Runnable,Thread*=0x72a021a8f110,peer=0x20f66c0,"arch_disk_io_3"]
10-28 09:41:42.695  7938  7960 D API     : ğŸ“¸ [persistPhotos] Saved 13 album-photo relationships
10-28 09:41:42.695  7938  7960 D API     : ğŸ’¾ [syncProjectGraph] Saved 13 photos for room 5649
10-28 09:41:42.728  7938  7938 D RoomDetailVM: ğŸ”­ combine: rooms=9, photos=484, notes=0, albums=0
10-28 09:41:42.729  7938  7938 D RoomDetailVM: âœ… Room found: 'Basement', photoCount=484, noteCount=0
10-28 09:41:42.746  7938  7938 D RoomDetailVM: ğŸ¯ UI -> Ready(photos=484, albums=0)
10-28 09:41:42.782  7938  7938 D ProjectDetailVM: ğŸ“Š Data update for project 4970: 9 rooms, 5 albums, 568 photos
10-28 09:41:42.782  7938  7938 D ProjectDetailVM: âœ… Project found: 201 Faker Road
10-28 09:41:42.783  7938  7938 D ProjectDetailVM: ğŸ  Loading 9 rooms: [[5949] Basement, [5961] Bathroom, [5994] Bathroom, [5978] Bedroom, [5952] Den, [5979] Dining Room, [6007] Entire Unit, [5999] Kitchen, [6008] Pumpkin]
10-28 09:41:42.784  7938  7938 D ProjectDetailVM: ğŸ“š Loading 5 albums: [[26743] Betterments (null), [26744] Contents (null), [26741] Daily Progress (null), [26740] Damage Assessment (null), [26742] Pre-existing Damages (null)]
10-28 09:41:42.838  7938  7938 D RoomDetailVM: ğŸ”­ combine: rooms=9, photos=484, notes=0, albums=0
10-28 09:41:42.838  7938  7938 D RoomDetailVM: âœ… Room found: 'Basement', photoCount=484, noteCount=0
10-28 09:41:42.850  7938  7938 D RoomDetailVM: ğŸ¯ UI -> Ready(photos=484, albums=0)
10-28 09:41:42.872  7938  7938 D ProjectDetailVM: ğŸ“Š Data update for project 4970: 9 rooms, 5 albums, 568 photos
10-28 09:41:42.874  7938  7938 D ProjectDetailVM: âœ… Project found: 201 Faker Road
10-28 09:41:42.874  7938  7938 D ProjectDetailVM: ğŸ  Loading 9 rooms: [[5949] Basement, [5961] Bathroom, [5994] Bathroom, [5978] Bedroom, [5952] Den, [5979] Dining Room, [6007] Entire Unit, [5999] Kitchen, [6008] Pumpkin]
10-28 09:41:42.877  7938  7938 D ProjectDetailVM: ğŸ“š Loading 5 albums: [[26743] Betterments (null), [26744] Contents (null), [26741] Daily Progress (null), [26740] Damage Assessment (null), [26742] Pre-existing Damages (null)]
10-28 09:41:42.943  7938  7938 D RoomDetailVM: ğŸ”­ combine: rooms=9, photos=484, notes=0, albums=0
10-28 09:41:42.945  7938  7938 D RoomDetailVM: âœ… Room found: 'Basement', photoCount=484, noteCount=0
10-28 09:41:42.964  7938  7938 D RoomDetailVM: ğŸ¯ UI -> Ready(photos=484, albums=0)
10-28 09:41:42.984  7938  7938 D ProjectDetailVM: ğŸ“Š Data update for project 4970: 9 rooms, 5 albums, 568 photos
10-28 09:41:42.984  7938  7938 D ProjectDetailVM: âœ… Project found: 201 Faker Road
10-28 09:41:42.985  7938  7938 D ProjectDetailVM: ğŸ  Loading 9 rooms: [[5949] Basement, [5961] Bathroom, [5994] Bathroom, [5978] Bedroom, [5952] Den, [5979] Dining Room, [6007] Entire Unit, [5999] Kitchen, [6008] Pumpkin]
10-28 09:41:42.988  7938  7938 D ProjectDetailVM: ğŸ“š Loading 5 albums: [[26743] Betterments (null), [26744] Contents (null), [26741] Daily Progress (null), [26740] Damage Assessment (null), [26742] Pre-existing Damages (null)]
10-28 09:41:43.836  7938  7957 D API     : âœ… [syncProjectGraph] Fetched 484 photos for room 5949 (paginated)
10-28 09:41:43.945  7938  7957 D API     : âœ… [syncProjectGraph] Fetched 6 photos for room 5648 (paginated)
10-28 09:41:44.057  7938  7960 D API     : ğŸ“¸ [persistPhotos] Saved 6 album-photo relationships
10-28 09:41:44.057  7938  7960 D API     : ğŸ’¾ [syncProjectGraph] Saved 6 photos for room 5648
10-28 09:41:44.105  7938  7938 D RoomDetailVM: ğŸ”­ combine: rooms=9, photos=484, notes=0, albums=0
10-28 09:41:44.106  7938  7938 D RoomDetailVM: âœ… Room found: 'Basement', photoCount=484, noteCount=0
10-28 09:41:44.121  7938  7938 D RoomDetailVM: ğŸ¯ UI -> Ready(photos=484, albums=0)
10-28 09:41:44.140  7938  7938 D ProjectDetailVM: ğŸ“Š Data update for project 4970: 9 rooms, 5 albums, 568 photos
10-28 09:41:44.140  7938  7938 D ProjectDetailVM: âœ… Project found: 201 Faker Road
10-28 09:41:44.141  7938  7938 D ProjectDetailVM: ğŸ  Loading 9 rooms: [[5949] Basement, [5961] Bathroom, [5994] Bathroom, [5978] Bedroom, [5952] Den, [5979] Dining Room, [6007] Entire Unit, [5999] Kitchen, [6008] Pumpkin]
10-28 09:41:44.142  7938  7938 D ProjectDetailVM: ğŸ“š Loading 5 albums: [[26743] Betterments (null), [26744] Contents (null), [26741] Daily Progress (null), [26740] Damage Assessment (null), [26742] Pre-existing Damages (null)]
10-28 09:41:44.203  7938  7938 D RoomDetailVM: ğŸ”­ combine: rooms=9, photos=484, notes=0, albums=0
10-28 09:41:44.203  7938  7938 D RoomDetailVM: âœ… Room found: 'Basement', photoCount=484, noteCount=0
10-28 09:41:44.217  7938  7938 D RoomDetailVM: ğŸ¯ UI -> Ready(photos=484, albums=0)
10-28 09:41:44.228  7938  7938 D ProjectDetailVM: ğŸ“Š Data update for project 4970: 9 rooms, 5 albums, 568 photos
10-28 09:41:44.228  7938  7938 D ProjectDetailVM: âœ… Project found: 201 Faker Road
10-28 09:41:44.229  7938  7938 D ProjectDetailVM: ğŸ  Loading 9 rooms: [[5949] Basement, [5961] Bathroom, [5994] Bathroom, [5978] Bedroom, [5952] Den, [5979] Dining Room, [6007] Entire Unit, [5999] Kitchen, [6008] Pumpkin]
10-28 09:41:44.230  7938  7938 D ProjectDetailVM: ğŸ“š Loading 5 albums: [[26743] Betterments (null), [26744] Contents (null), [26741] Daily Progress (null), [26740] Damage Assessment (null), [26742] Pre-existing Damages (null)]
10-28 09:41:44.266  7938  7938 D RoomDetailVM: ğŸ”­ combine: rooms=9, photos=484, notes=0, albums=0
10-28 09:41:44.271  7938  7938 D RoomDetailVM: âœ… Room found: 'Basement', photoCount=484, noteCount=0
10-28 09:41:44.279  7938  7938 D RoomDetailVM: ğŸ¯ UI -> Ready(photos=484, albums=0)
10-28 09:41:44.289  7938  7938 D ProjectDetailVM: ğŸ“Š Data update for project 4970: 9 rooms, 5 albums, 568 photos
10-28 09:41:44.289  7938  7938 D ProjectDetailVM: âœ… Project found: 201 Faker Road
10-28 09:41:44.290  7938  7938 D ProjectDetailVM: ğŸ  Loading 9 rooms: [[5949] Basement, [5961] Bathroom, [5994] Bathroom, [5978] Bedroom, [5952] Den, [5979] Dining Room, [6007] Entire Unit, [5999] Kitchen, [6008] Pumpkin]
10-28 09:41:44.291  7938  7938 D ProjectDetailVM: ğŸ“š Loading 5 albums: [[26743] Betterments (null), [26744] Contents (null), [26741] Daily Progress (null), [26740] Damage Assessment (null), [26742] Pre-existing Damages (null)]
10-28 09:41:45.380  7938  7938 D RoomDetailVM: ğŸ”­ combine: rooms=9, photos=484, notes=0, albums=0
10-28 09:41:45.380  7938  7938 D RoomDetailVM: âœ… Room found: 'Basement', photoCount=484, noteCount=0
10-28 09:41:45.389  7938  7938 D RoomDetailVM: ğŸ¯ UI -> Ready(photos=484, albums=0)
10-28 09:41:45.400  7938  7938 D ProjectDetailVM: ğŸ“Š Data update for project 4970: 9 rooms, 5 albums, 568 photos
10-28 09:41:45.401  7938  7938 D ProjectDetailVM: âœ… Project found: 201 Faker Road
10-28 09:41:45.401  7938  7938 D ProjectDetailVM: ğŸ  Loading 9 rooms: [[5949] Basement, [5961] Bathroom, [5994] Bathroom, [5978] Bedroom, [5952] Den, [5979] Dining Room, [6007] Entire Unit, [5999] Kitchen, [6008] Pumpkin]
10-28 09:41:45.402  7938  7938 D ProjectDetailVM: ğŸ“š Loading 5 albums: [[26743] Betterments (null), [26744] Contents (null), [26741] Daily Progress (null), [26740] Damage Assessment (null), [26742] Pre-existing Damages (null)]
10-28 09:41:45.429  7938  7938 D RoomDetailVM: ğŸ”­ combine: rooms=9, photos=484, notes=0, albums=0
10-28 09:41:45.429  7938  7938 D RoomDetailVM: âœ… Room found: 'Basement', photoCount=484, noteCount=0
10-28 09:41:45.435  7938  7938 D RoomDetailVM: ğŸ¯ UI -> Ready(photos=484, albums=0)
10-28 09:41:45.446  7938  7938 D ProjectDetailVM: ğŸ“Š Data update for project 4970: 9 rooms, 5 albums, 568 photos
10-28 09:41:45.446  7938  7938 D ProjectDetailVM: âœ… Project found: 201 Faker Road
10-28 09:41:45.446  7938  7938 D ProjectDetailVM: ğŸ  Loading 9 rooms: [[5949] Basement, [5961] Bathroom, [5994] Bathroom, [5978] Bedroom, [5952] Den, [5979] Dining Room, [6007] Entire Unit, [5999] Kitchen, [6008] Pumpkin]
10-28 09:41:45.447  7938  7938 D ProjectDetailVM: ğŸ“š Loading 5 albums: [[26743] Betterments (null), [26744] Contents (null), [26741] Daily Progress (null), [26740] Damage Assessment (null), [26742] Pre-existing Damages (null)]
10-28 09:41:45.853  7938  8002 D API     : âœ… [syncProjectGraph] Fetched 26 photos for room 5647 (paginated)
10-28 09:41:46.236  7938  7957 D API     : ğŸ“¸ [persistPhotos] Saved 26 album-photo relationships
10-28 09:41:46.236  7938  7957 D API     : ğŸ’¾ [syncProjectGraph] Saved 26 photos for room 5647
10-28 09:41:46.261  7938  7938 D RoomDetailVM: ğŸ”­ combine: rooms=9, photos=484, notes=0, albums=0
10-28 09:41:46.261  7938  7938 D RoomDetailVM: âœ… Room found: 'Basement', photoCount=484, noteCount=0
10-28 09:41:46.272  7938  7938 D RoomDetailVM: ğŸ¯ UI -> Ready(photos=484, albums=0)
10-28 09:41:46.281  7938  7938 D ProjectDetailVM: ğŸ“Š Data update for project 4970: 9 rooms, 5 albums, 568 photos
10-28 09:41:46.281  7938  7938 D ProjectDetailVM: âœ… Project found: 201 Faker Road
10-28 09:41:46.281  7938  7938 D ProjectDetailVM: ğŸ  Loading 9 rooms: [[5949] Basement, [5961] Bathroom, [5994] Bathroom, [5978] Bedroom, [5952] Den, [5979] Dining Room, [6007] Entire Unit, [5999] Kitchen, [6008] Pumpkin]
10-28 09:41:46.282  7938  7938 D ProjectDetailVM: ğŸ“š Loading 5 albums: [[26743] Betterments (null), [26744] Contents (null), [26741] Daily Progress (null), [26740] Damage Assessment (null), [26742] Pre-existing Damages (null)]
10-28 09:41:46.428  7938  7938 D RoomDetailVM: ğŸ”­ combine: rooms=9, photos=484, notes=0, albums=0
10-28 09:41:46.428  7938  7938 D RoomDetailVM: âœ… Room found: 'Basement', photoCount=484, noteCount=0
10-28 09:41:46.439  7938  7938 D RoomDetailVM: ğŸ¯ UI -> Ready(photos=484, albums=0)
10-28 09:41:46.448  7938  7938 D ProjectDetailVM: ğŸ“Š Data update for project 4970: 9 rooms, 5 albums, 568 photos
10-28 09:41:46.448  7938  7938 D ProjectDetailVM: âœ… Project found: 201 Faker Road
10-28 09:41:46.449  7938  7938 D ProjectDetailVM: ğŸ  Loading 9 rooms: [[5949] Basement, [5961] Bathroom, [5994] Bathroom, [5978] Bedroom, [5952] Den, [5979] Dining Room, [6007] Entire Unit, [5999] Kitchen, [6008] Pumpkin]
10-28 09:41:46.450  7938  7938 D ProjectDetailVM: ğŸ“š Loading 5 albums: [[26743] Betterments (null), [26744] Contents (null), [26741] Daily Progress (null), [26740] Damage Assessment (null), [26742] Pre-existing Damages (null)]
10-28 09:41:46.469  7938  7938 D RoomDetailVM: ğŸ”­ combine: rooms=9, photos=484, notes=0, albums=0
10-28 09:41:46.469  7938  7938 D RoomDetailVM: âœ… Room found: 'Basement', photoCount=484, noteCount=0
10-28 09:41:46.475  7938  7938 D RoomDetailVM: ğŸ¯ UI -> Ready(photos=484, albums=0)
10-28 09:41:46.486  7938  7938 D ProjectDetailVM: ğŸ“Š Data update for project 4970: 9 rooms, 5 albums, 568 photos
10-28 09:41:46.486  7938  7938 D ProjectDetailVM: âœ… Project found: 201 Faker Road
10-28 09:41:46.489  7938  7938 D ProjectDetailVM: ğŸ  Loading 9 rooms: [[5949] Basement, [5961] Bathroom, [5994] Bathroom, [5978] Bedroom, [5952] Den, [5979] Dining Room, [6007] Entire Unit, [5999] Kitchen, [6008] Pumpkin]
10-28 09:41:46.490  7938  7938 D ProjectDetailVM: ğŸ“š Loading 5 albums: [[26743] Betterments (null), [26744] Contents (null), [26741] Daily Progress (null), [26740] Damage Assessment (null), [26742] Pre-existing Damages (null)]
10-28 09:41:47.179  7938  8006 D API     : âœ… [syncProjectGraph] Fetched 20 photos for room 5646 (paginated)
10-28 09:41:47.433  7938  8006 D API     : ğŸ“¸ [persistPhotos] Saved 20 album-photo relationships
10-28 09:41:47.433  7938  8006 D API     : ğŸ’¾ [syncProjectGraph] Saved 20 photos for room 5646
10-28 09:41:47.470  7938  7938 D RoomDetailVM: ğŸ”­ combine: rooms=9, photos=484, notes=0, albums=0
10-28 09:41:47.471  7938  7938 D RoomDetailVM: âœ… Room found: 'Basement', photoCount=484, noteCount=0
10-28 09:41:47.480  7938  7938 D RoomDetailVM: ğŸ¯ UI -> Ready(photos=484, albums=0)
10-28 09:41:47.505  7938  7938 D ProjectDetailVM: ğŸ“Š Data update for project 4970: 9 rooms, 5 albums, 568 photos
10-28 09:41:47.506  7938  7938 D ProjectDetailVM: âœ… Project found: 201 Faker Road
10-28 09:41:47.507  7938  7938 D ProjectDetailVM: ğŸ  Loading 9 rooms: [[5949] Basement, [5961] Bathroom, [5994] Bathroom, [5978] Bedroom, [5952] Den, [5979] Dining Room, [6007] Entire Unit, [5999] Kitchen, [6008] Pumpkin]
10-28 09:41:47.509  7938  7938 D ProjectDetailVM: ğŸ“š Loading 5 albums: [[26743] Betterments (null), [26744] Contents (null), [26741] Daily Progress (null), [26740] Damage Assessment (null), [26742] Pre-existing Damages (null)]
10-28 09:41:47.574  7938  7938 D RoomDetailVM: ğŸ”­ combine: rooms=9, photos=484, notes=0, albums=0
10-28 09:41:47.574  7938  7938 D RoomDetailVM: âœ… Room found: 'Basement', photoCount=484, noteCount=0
10-28 09:41:47.581  7938  7938 D RoomDetailVM: ğŸ¯ UI -> Ready(photos=484, albums=0)
10-28 09:41:47.592  7938  7938 D ProjectDetailVM: ğŸ“Š Data update for project 4970: 9 rooms, 5 albums, 568 photos
10-28 09:41:47.592  7938  7938 D ProjectDetailVM: âœ… Project found: 201 Faker Road
10-28 09:41:47.593  7938  7938 D ProjectDetailVM: ğŸ  Loading 9 rooms: [[5949] Basement, [5961] Bathroom, [5994] Bathroom, [5978] Bedroom, [5952] Den, [5979] Dining Room, [6007] Entire Unit, [5999] Kitchen, [6008] Pumpkin]
10-28 09:41:47.593  7938  7938 D ProjectDetailVM: ğŸ“š Loading 5 albums: [[26743] Betterments (null), [26744] Contents (null), [26741] Daily Progress (null), [26740] Damage Assessment (null), [26742] Pre-existing Damages (null)]
10-28 09:41:47.613  7938  7938 D RoomDetailVM: ğŸ”­ combine: rooms=9, photos=484, notes=0, albums=0
10-28 09:41:47.613  7938  7938 D RoomDetailVM: âœ… Room found: 'Basement', photoCount=484, noteCount=0
10-28 09:41:47.619  7938  7938 D RoomDetailVM: ğŸ¯ UI -> Ready(photos=484, albums=0)
10-28 09:41:47.638  7938  7938 D ProjectDetailVM: ğŸ“Š Data update for project 4970: 9 rooms, 5 albums, 568 photos
10-28 09:41:47.638  7938  7938 D ProjectDetailVM: âœ… Project found: 201 Faker Road
10-28 09:41:47.638  7938  7938 D ProjectDetailVM: ğŸ  Loading 9 rooms: [[5949] Basement, [5961] Bathroom, [5994] Bathroom, [5978] Bedroom, [5952] Den, [5979] Dining Room, [6007] Entire Unit, [5999] Kitchen, [6008] Pumpkin]
10-28 09:41:47.640  7938  7938 D ProjectDetailVM: ğŸ“š Loading 5 albums: [[26743] Betterments (null), [26744] Contents (null), [26741] Daily Progress (null), [26740] Damage Assessment (null), [26742] Pre-existing Damages (null)]
10-28 09:41:48.645  7938  7938 D RoomDetailVM: ğŸ”­ combine: rooms=9, photos=484, notes=0, albums=0
10-28 09:41:48.646  7938  7938 D RoomDetailVM: âœ… Room found: 'Basement', photoCount=484, noteCount=0
10-28 09:41:48.658  7938  7938 D RoomDetailVM: ğŸ¯ UI -> Ready(photos=484, albums=0)
10-28 09:41:48.672  7938  7938 D ProjectDetailVM: ğŸ“Š Data update for project 4970: 9 rooms, 5 albums, 568 photos
10-28 09:41:48.672  7938  7938 D ProjectDetailVM: âœ… Project found: 201 Faker Road
10-28 09:41:48.673  7938  7938 D ProjectDetailVM: ğŸ  Loading 9 rooms: [[5949] Basement, [5961] Bathroom, [5994] Bathroom, [5978] Bedroom, [5952] Den, [5979] Dining Room, [6007] Entire Unit, [5999] Kitchen, [6008] Pumpkin]
10-28 09:41:48.674  7938  7938 D ProjectDetailVM: ğŸ“š Loading 5 albums: [[26743] Betterments (null), [26744] Contents (null), [26741] Daily Progress (null), [26740] Damage Assessment (null), [26742] Pre-existing Damages (null)]
10-28 09:41:48.705  7938  7938 D RoomDetailVM: ğŸ”­ combine: rooms=9, photos=484, notes=0, albums=0
10-28 09:41:48.706  7938  7938 D RoomDetailVM: âœ… Room found: 'Basement', photoCount=484, noteCount=0
10-28 09:41:48.714  7938  7938 D RoomDetailVM: ğŸ¯ UI -> Ready(photos=484, albums=0)
10-28 09:41:48.726  7938  7938 D ProjectDetailVM: ğŸ“Š Data update for project 4970: 9 rooms, 5 albums, 568 photos
10-28 09:41:48.726  7938  7938 D ProjectDetailVM: âœ… Project found: 201 Faker Road
10-28 09:41:48.727  7938  7938 D ProjectDetailVM: ğŸ  Loading 9 rooms: [[5949] Basement, [5961] Bathroom, [5994] Bathroom, [5978] Bedroom, [5952] Den, [5979] Dining Room, [6007] Entire Unit, [5999] Kitchen, [6008] Pumpkin]
10-28 09:41:48.727  7938  7938 D ProjectDetailVM: ğŸ“š Loading 5 albums: [[26743] Betterments (null), [26744] Contents (null), [26741] Daily Progress (null), [26740] Damage Assessment (null), [26742] Pre-existing Damages (null)]
10-28 09:41:50.215  7938  7938 D RoomDetailVM: ğŸ”­ combine: rooms=9, photos=484, notes=0, albums=0
10-28 09:41:50.216  7938  7938 D RoomDetailVM: âœ… Room found: 'Basement', photoCount=484, noteCount=0
10-28 09:41:50.225  7938  7938 D RoomDetailVM: ğŸ¯ UI -> Ready(photos=484, albums=0)
10-28 09:41:50.239  7938  7938 D ProjectDetailVM: ğŸ“Š Data update for project 4970: 9 rooms, 5 albums, 568 photos
10-28 09:41:50.239  7938  7938 D ProjectDetailVM: âœ… Project found: 201 Faker Road
10-28 09:41:50.241  7938  7938 D ProjectDetailVM: ğŸ  Loading 9 rooms: [[5949] Basement, [5961] Bathroom, [5994] Bathroom, [5978] Bedroom, [5952] Den, [5979] Dining Room, [6007] Entire Unit, [5999] Kitchen, [6008] Pumpkin]
10-28 09:41:50.242  7938  7938 D ProjectDetailVM: ğŸ“š Loading 5 albums: [[26743] Betterments (null), [26744] Contents (null), [26741] Daily Progress (null), [26740] Damage Assessment (null), [26742] Pre-existing Damages (null)]
10-28 09:41:50.293  7938  7938 D RoomDetailVM: ğŸ”­ combine: rooms=9, photos=484, notes=0, albums=0
10-28 09:41:50.293  7938  7938 D RoomDetailVM: âœ… Room found: 'Basement', photoCount=484, noteCount=0
10-28 09:41:50.303  7938  7938 D RoomDetailVM: ğŸ¯ UI -> Ready(photos=484, albums=0)
10-28 09:41:50.316  7938  7938 D ProjectDetailVM: ğŸ“Š Data update for project 4970: 9 rooms, 5 albums, 568 photos
10-28 09:41:50.316  7938  7938 D ProjectDetailVM: âœ… Project found: 201 Faker Road
10-28 09:41:50.317  7938  7960 D API     : âœ… [syncProjectGraph] Fetched 50 photos for room 5645 (paginated)
10-28 09:41:50.317  7938  7938 D ProjectDetailVM: ğŸ  Loading 9 rooms: [[5949] Basement, [5961] Bathroom, [5994] Bathroom, [5978] Bedroom, [5952] Den, [5979] Dining Room, [6007] Entire Unit, [5999] Kitchen, [6008] Pumpkin]
10-28 09:41:50.318  7938  7938 D ProjectDetailVM: ğŸ“š Loading 5 albums: [[26743] Betterments (null), [26744] Contents (null), [26741] Daily Progress (null), [26740] Damage Assessment (null), [26742] Pre-existing Damages (null)]
10-28 09:41:51.120  7938  8002 D API     : ğŸ“¸ [persistPhotos] Saved 50 album-photo relationships
10-28 09:41:51.121  7938  8002 D API     : ğŸ’¾ [syncProjectGraph] Saved 50 photos for room 5645
10-28 09:41:51.136  7938  7938 D RoomDetailVM: ğŸ”­ combine: rooms=9, photos=484, notes=0, albums=0
10-28 09:41:51.136  7938  7938 D RoomDetailVM: âœ… Room found: 'Basement', photoCount=484, noteCount=0
10-28 09:41:51.150  7938  7938 D RoomDetailVM: ğŸ¯ UI -> Ready(photos=484, albums=0)
10-28 09:41:51.164  7938  7938 D ProjectDetailVM: ğŸ“Š Data update for project 4970: 9 rooms, 5 albums, 568 photos
10-28 09:41:51.165  7938  7938 D ProjectDetailVM: âœ… Project found: 201 Faker Road
10-28 09:41:51.165  7938  7938 D ProjectDetailVM: ğŸ  Loading 9 rooms: [[5949] Basement, [5961] Bathroom, [5994] Bathroom, [5978] Bedroom, [5952] Den, [5979] Dining Room, [6007] Entire Unit, [5999] Kitchen, [6008] Pumpkin]
10-28 09:41:51.166  7938  7938 D ProjectDetailVM: ğŸ“š Loading 5 albums: [[26743] Betterments (null), [26744] Contents (null), [26741] Daily Progress (null), [26740] Damage Assessment (null), [26742] Pre-existing Damages (null)]
10-28 09:41:51.294  7938  7938 D RoomDetailVM: ğŸ”­ combine: rooms=9, photos=484, notes=0, albums=0
10-28 09:41:51.294  7938  7938 D RoomDetailVM: âœ… Room found: 'Basement', photoCount=484, noteCount=0
10-28 09:41:51.303  7938  7938 D RoomDetailVM: ğŸ¯ UI -> Ready(photos=484, albums=0)
10-28 09:41:51.316  7938  7938 D ProjectDetailVM: ğŸ“Š Data update for project 4970: 9 rooms, 5 albums, 568 photos
10-28 09:41:51.317  7938  7938 D ProjectDetailVM: âœ… Project found: 201 Faker Road
10-28 09:41:51.317  7938  7938 D ProjectDetailVM: ğŸ  Loading 9 rooms: [[5949] Basement, [5961] Bathroom, [5994] Bathroom, [5978] Bedroom, [5952] Den, [5979] Dining Room, [6007] Entire Unit, [5999] Kitchen, [6008] Pumpkin]
10-28 09:41:51.318  7938  7938 D ProjectDetailVM: ğŸ“š Loading 5 albums: [[26743] Betterments (null), [26744] Contents (null), [26741] Daily Progress (null), [26740] Damage Assessment (null), [26742] Pre-existing Damages (null)]
10-28 09:41:51.367  7938  7938 D ProjectDetailVM: ğŸ“Š Data update for project 4970: 9 rooms, 5 albums, 568 photos
10-28 09:41:51.367  7938  7938 D ProjectDetailVM: âœ… Project found: 201 Faker Road
10-28 09:41:51.368  7938  7938 D ProjectDetailVM: ğŸ  Loading 9 rooms: [[5949] Basement, [5961] Bathroom, [5994] Bathroom, [5978] Bedroom, [5952] Den, [5979] Dining Room, [6007] Entire Unit, [5999] Kitchen, [6008] Pumpkin]
10-28 09:41:51.369  7938  7938 D ProjectDetailVM: ğŸ“š Loading 5 albums: [[26743] Betterments (null), [26744] Contents (null), [26741] Daily Progress (null), [26740] Damage Assessment (null), [26742] Pre-existing Damages (null)]
10-28 09:41:51.372  7938  7938 D RoomDetailVM: ğŸ”­ combine: rooms=9, photos=484, notes=0, albums=0
10-28 09:41:51.372  7938  7938 D RoomDetailVM: âœ… Room found: 'Basement', photoCount=484, noteCount=0
10-28 09:41:51.383  7938  7938 D RoomDetailVM: ğŸ¯ UI -> Ready(photos=484, albums=0)
10-28 09:41:52.034  7938  7960 D API     : âœ… [syncProjectGraph] Fetched 20 photos for room 5644 (paginated)
10-28 09:41:52.452  7938  8006 D API     : ğŸ“¸ [persistPhotos] Saved 20 album-photo relationships
10-28 09:41:52.454  7938  8006 D API     : ğŸ’¾ [syncProjectGraph] Saved 20 photos for room 5644
10-28 09:41:52.493  7938  7938 D RoomDetailVM: ğŸ”­ combine: rooms=9, photos=484, notes=0, albums=0
10-28 09:41:52.493  7938  7938 D RoomDetailVM: âœ… Room found: 'Basement', photoCount=484, noteCount=0
10-28 09:41:52.510  7938  7938 D RoomDetailVM: ğŸ¯ UI -> Ready(photos=484, albums=0)
10-28 09:41:52.527  7938  7938 D ProjectDetailVM: ğŸ“Š Data update for project 4970: 9 rooms, 5 albums, 568 photos
10-28 09:41:52.528  7938  7938 D ProjectDetailVM: âœ… Project found: 201 Faker Road
10-28 09:41:52.528  7938  7938 D ProjectDetailVM: ğŸ  Loading 9 rooms: [[5949] Basement, [5961] Bathroom, [5994] Bathroom, [5978] Bedroom, [5952] Den, [5979] Dining Room, [6007] Entire Unit, [5999] Kitchen, [6008] Pumpkin]
10-28 09:41:52.530  7938  7938 D ProjectDetailVM: ğŸ“š Loading 5 albums: [[26743] Betterments (null), [26744] Contents (null), [26741] Daily Progress (null), [26740] Damage Assessment (null), [26742] Pre-existing Damages (null)]
10-28 09:41:52.582  7938  7938 D RoomDetailVM: ğŸ”­ combine: rooms=9, photos=484, notes=0, albums=0
10-28 09:41:52.582  7938  7938 D RoomDetailVM: âœ… Room found: 'Basement', photoCount=484, noteCount=0
10-28 09:41:52.595  7938  7938 D RoomDetailVM: ğŸ¯ UI -> Ready(photos=484, albums=0)
10-28 09:41:52.612  7938  7938 D ProjectDetailVM: ğŸ“Š Data update for project 4970: 9 rooms, 5 albums, 568 photos
10-28 09:41:52.612  7938  7938 D ProjectDetailVM: âœ… Project found: 201 Faker Road
10-28 09:41:52.613  7938  7938 D ProjectDetailVM: ğŸ  Loading 9 rooms: [[5949] Basement, [5961] Bathroom, [5994] Bathroom, [5978] Bedroom, [5952] Den, [5979] Dining Room, [6007] Entire Unit, [5999] Kitchen, [6008] Pumpkin]
10-28 09:41:52.616  7938  7938 D ProjectDetailVM: ğŸ“š Loading 5 albums: [[26743] Betterments (null), [26744] Contents (null), [26741] Daily Progress (null), [26740] Damage Assessment (null), [26742] Pre-existing Damages (null)]
10-28 09:41:52.686  7938  7938 D RoomDetailVM: ğŸ”­ combine: rooms=9, photos=484, notes=0, albums=0
10-28 09:41:52.686  7938  7938 D RoomDetailVM: âœ… Room found: 'Basement', photoCount=484, noteCount=0
10-28 09:41:52.696  7938  7938 D RoomDetailVM: ğŸ¯ UI -> Ready(photos=484, albums=0)
10-28 09:41:53.541  7938  7938 D RoomDetailVM: ğŸ”­ combine: rooms=9, photos=484, notes=0, albums=0
10-28 09:41:53.541  7938  7938 D RoomDetailVM: âœ… Room found: 'Basement', photoCount=484, noteCount=0
10-28 09:41:53.549  7938  7938 D RoomDetailVM: ğŸ¯ UI -> Ready(photos=484, albums=0)
10-28 09:41:53.566  7938  7938 D ProjectDetailVM: ğŸ“Š Data update for project 4970: 9 rooms, 5 albums, 568 photos
10-28 09:41:53.567  7938  7938 D ProjectDetailVM: âœ… Project found: 201 Faker Road
10-28 09:41:53.568  7938  7938 D ProjectDetailVM: ğŸ  Loading 9 rooms: [[5949] Basement, [5961] Bathroom, [5994] Bathroom, [5978] Bedroom, [5952] Den, [5979] Dining Room, [6007] Entire Unit, [5999] Kitchen, [6008] Pumpkin]
10-28 09:41:53.569  7938  7938 D ProjectDetailVM: ğŸ“š Loading 5 albums: [[26743] Betterments (null), [26744] Contents (null), [26741] Daily Progress (null), [26740] Damage Assessment (null), [26742] Pre-existing Damages (null)]
10-28 09:41:53.598  7938  7938 D RoomDetailVM: ğŸ”­ combine: rooms=9, photos=484, notes=0, albums=0
10-28 09:41:53.598  7938  7938 D RoomDetailVM: âœ… Room found: 'Basement', photoCount=484, noteCount=0
10-28 09:41:53.607  7938  7938 D RoomDetailVM: ğŸ¯ UI -> Ready(photos=484, albums=0)
10-28 09:41:53.617  7938  7938 D ProjectDetailVM: ğŸ“Š Data update for project 4970: 9 rooms, 5 albums, 568 photos
10-28 09:41:53.617  7938  7938 D ProjectDetailVM: âœ… Project found: 201 Faker Road
10-28 09:41:53.617  7938  7938 D ProjectDetailVM: ğŸ  Loading 9 rooms: [[5949] Basement, [5961] Bathroom, [5994] Bathroom, [5978] Bedroom, [5952] Den, [5979] Dining Room, [6007] Entire Unit, [5999] Kitchen, [6008] Pumpkin]
10-28 09:41:53.619  7938  7938 D ProjectDetailVM: ğŸ“š Loading 5 albums: [[26743] Betterments (null), [26744] Contents (null), [26741] Daily Progress (null), [26740] Damage Assessment (null), [26742] Pre-existing Damages (null)]
10-28 09:41:54.938  7938  7938 D RoomDetailVM: ğŸ”­ combine: rooms=9, photos=484, notes=0, albums=0
10-28 09:41:54.938  7938  7938 D RoomDetailVM: âœ… Room found: 'Basement', photoCount=484, noteCount=0
10-28 09:41:54.950  7938  7938 D RoomDetailVM: ğŸ¯ UI -> Ready(photos=484, albums=0)
10-28 09:41:54.964  7938  7938 D ProjectDetailVM: ğŸ“Š Data update for project 4970: 9 rooms, 5 albums, 568 photos
10-28 09:41:54.965  7938  7938 D ProjectDetailVM: âœ… Project found: 201 Faker Road
10-28 09:41:54.965  7938  7938 D ProjectDetailVM: ğŸ  Loading 9 rooms: [[5949] Basement, [5961] Bathroom, [5994] Bathroom, [5978] Bedroom, [5952] Den, [5979] Dining Room, [6007] Entire Unit, [5999] Kitchen, [6008] Pumpkin]
10-28 09:41:54.966  7938  7938 D ProjectDetailVM: ğŸ“š Loading 5 albums: [[26743] Betterments (null), [26744] Contents (null), [26741] Daily Progress (null), [26740] Damage Assessment (null), [26742] Pre-existing Damages (null)]
10-28 09:41:54.997  7938  7938 D RoomDetailVM: ğŸ”­ combine: rooms=9, photos=484, notes=0, albums=0
10-28 09:41:54.997  7938  7938 D RoomDetailVM: âœ… Room found: 'Basement', photoCount=484, noteCount=0
10-28 09:41:55.010  7938  7938 D RoomDetailVM: ğŸ¯ UI -> Ready(photos=484, albums=0)
10-28 09:41:55.028  7938  7938 D ProjectDetailVM: ğŸ“Š Data update for project 4970: 9 rooms, 5 albums, 568 photos
10-28 09:41:55.029  7938  7938 D ProjectDetailVM: âœ… Project found: 201 Faker Road
10-28 09:41:55.031  7938  7938 D ProjectDetailVM: ğŸ  Loading 9 rooms: [[5949] Basement, [5961] Bathroom, [5994] Bathroom, [5978] Bedroom, [5952] Den, [5979] Dining Room, [6007] Entire Unit, [5999] Kitchen, [6008] Pumpkin]
10-28 09:41:55.032  7938  7938 D ProjectDetailVM: ğŸ“š Loading 5 albums: [[26743] Betterments (null), [26744] Contents (null), [26741] Daily Progress (null), [26740] Damage Assessment (null), [26742] Pre-existing Damages (null)]
10-28 09:41:56.238  7938  7938 D RoomDetailVM: ğŸ”­ combine: rooms=9, photos=484, notes=0, albums=0
10-28 09:41:56.238  7938  7938 D RoomDetailVM: âœ… Room found: 'Basement', photoCount=484, noteCount=0
10-28 09:41:56.247  7938  7938 D RoomDetailVM: ğŸ¯ UI -> Ready(photos=484, albums=0)
10-28 09:41:56.346  7938  7938 D RoomDetailVM: ğŸ”­ combine: rooms=9, photos=484, notes=0, albums=0
10-28 09:41:56.347  7938  7938 D RoomDetailVM: âœ… Room found: 'Basement', photoCount=484, noteCount=0
10-28 09:41:56.364  7938  7938 D RoomDetailVM: ğŸ¯ UI -> Ready(photos=484, albums=0)
10-28 09:41:56.385  7938  7938 D ProjectDetailVM: ğŸ“Š Data update for project 4970: 9 rooms, 5 albums, 568 photos
10-28 09:41:56.385  7938  7938 D ProjectDetailVM: âœ… Project found: 201 Faker Road
10-28 09:41:56.386  7938  7938 D ProjectDetailVM: ğŸ  Loading 9 rooms: [[5949] Basement, [5961] Bathroom, [5994] Bathroom, [5978] Bedroom, [5952] Den, [5979] Dining Room, [6007] Entire Unit, [5999] Kitchen, [6008] Pumpkin]
10-28 09:41:56.386  7938  7938 D ProjectDetailVM: ğŸ“š Loading 5 albums: [[26743] Betterments (null), [26744] Contents (null), [26741] Daily Progress (null), [26740] Damage Assessment (null), [26742] Pre-existing Damages (null)]
10-28 09:41:56.508  7938  7938 D ProjectDetailVM: ğŸ“Š Data update for project 4970: 9 rooms, 5 albums, 568 photos
10-28 09:41:56.509  7938  7938 D ProjectDetailVM: âœ… Project found: 201 Faker Road
10-28 09:41:56.510  7938  7938 D ProjectDetailVM: ğŸ  Loading 9 rooms: [[5949] Basement, [5961] Bathroom, [5994] Bathroom, [5978] Bedroom, [5952] Den, [5979] Dining Room, [6007] Entire Unit, [5999] Kitchen, [6008] Pumpkin]
10-28 09:41:56.513  7938  7938 D ProjectDetailVM: ğŸ“š Loading 5 albums: [[26743] Betterments (null), [26744] Contents (null), [26741] Daily Progress (null), [26740] Damage Assessment (null), [26742] Pre-existing Damages (null)]
10-28 09:41:57.332  7938  8004 D API     : âœ… [syncProjectGraph] Fetched 77 photos for room 5643 (paginated)
10-28 09:41:58.316  7938  7938 D ProjectDetailVM: ğŸ“Š Data update for project 4970: 9 rooms, 5 albums, 568 photos
10-28 09:41:58.316  7938  7938 D ProjectDetailVM: âœ… Project found: 201 Faker Road
10-28 09:41:58.317  7938  7938 D ProjectDetailVM: ğŸ  Loading 9 rooms: [[5949] Basement, [5961] Bathroom, [5994] Bathroom, [5978] Bedroom, [5952] Den, [5979] Dining Room, [6007] Entire Unit, [5999] Kitchen, [6008] Pumpkin]
10-28 09:41:58.318  7938  7938 D ProjectDetailVM: ğŸ“š Loading 5 albums: [[26743] Betterments (null), [26744] Contents (null), [26741] Daily Progress (null), [26740] Damage Assessment (null), [26742] Pre-existing Damages (null)]
10-28 09:41:58.340  7938  7938 D RoomDetailVM: ğŸ”­ combine: rooms=9, photos=484, notes=0, albums=0
10-28 09:41:58.340  7938  7938 D RoomDetailVM: âœ… Room found: 'Basement', photoCount=484, noteCount=0
10-28 09:41:58.357  7938  7938 D RoomDetailVM: ğŸ¯ UI -> Ready(photos=484, albums=0)
10-28 09:41:58.534  7938  7938 D RoomDetailVM: ğŸ”­ combine: rooms=9, photos=484, notes=0, albums=0
10-28 09:41:58.535  7938  7938 D RoomDetailVM: âœ… Room found: 'Basement', photoCount=484, noteCount=0
10-28 09:41:58.546  7938  7938 D RoomDetailVM: ğŸ¯ UI -> Ready(photos=484, albums=0)
10-28 09:41:58.569  7938  7938 D ProjectDetailVM: ğŸ“Š Data update for project 4970: 9 rooms, 5 albums, 568 photos
10-28 09:41:58.569  7938  7938 D ProjectDetailVM: âœ… Project found: 201 Faker Road
10-28 09:41:58.569  7938  7938 D ProjectDetailVM: ğŸ  Loading 9 rooms: [[5949] Basement, [5961] Bathroom, [5994] Bathroom, [5978] Bedroom, [5952] Den, [5979] Dining Room, [6007] Entire Unit, [5999] Kitchen, [6008] Pumpkin]
10-28 09:41:58.570  7938  7938 D ProjectDetailVM: ğŸ“š Loading 5 albums: [[26743] Betterments (null), [26744] Contents (null), [26741] Daily Progress (null), [26740] Damage Assessment (null), [26742] Pre-existing Damages (null)]
10-28 09:41:58.595  7938  7938 D RoomDetailVM: ğŸ”­ combine: rooms=9, photos=484, notes=0, albums=0
10-28 09:41:58.595  7938  7938 D RoomDetailVM: âœ… Room found: 'Basement', photoCount=484, noteCount=0
10-28 09:41:58.602  7938  7938 D RoomDetailVM: ğŸ¯ UI -> Ready(photos=484, albums=0)
10-28 09:41:58.669  7938  7938 D ProjectDetailVM: ğŸ“Š Data update for project 4970: 9 rooms, 5 albums, 568 photos
10-28 09:41:58.669  7938  7938 D ProjectDetailVM: âœ… Project found: 201 Faker Road
10-28 09:41:58.670  7938  7938 D ProjectDetailVM: ğŸ  Loading 9 rooms: [[5949] Basement, [5961] Bathroom, [5994] Bathroom, [5978] Bedroom, [5952] Den, [5979] Dining Room, [6007] Entire Unit, [5999] Kitchen, [6008] Pumpkin]
10-28 09:41:58.672  7938  7938 D ProjectDetailVM: ğŸ“š Loading 5 albums: [[26743] Betterments (null), [26744] Contents (null), [26741] Daily Progress (null), [26740] Damage Assessment (null), [26742] Pre-existing Damages (null)]
10-28 09:41:58.752  7938  7957 D API     : ğŸ“¸ [persistPhotos] Saved 484 album-photo relationships
10-28 09:41:58.752  7938  7957 D API     : ğŸ’¾ [syncProjectGraph] Saved 484 photos for room 5949
10-28 09:41:58.797  7938  7957 D API     : ğŸ“¸ [persistPhotos] Saved 77 album-photo relationships
10-28 09:41:58.798  7938  7957 D API     : ğŸ’¾ [syncProjectGraph] Saved 77 photos for room 5643
10-28 09:41:58.853  7938  7938 D RoomDetailVM: ğŸ”­ combine: rooms=9, photos=484, notes=0, albums=0
10-28 09:41:58.853  7938  7938 D RoomDetailVM: âœ… Room found: 'Basement', photoCount=484, noteCount=0
10-28 09:41:58.860  7938  7938 D RoomDetailVM: ğŸ¯ UI -> Ready(photos=484, albums=0)
10-28 09:41:58.871  7938  7938 D ProjectDetailVM: ğŸ“Š Data update for project 4970: 9 rooms, 5 albums, 568 photos
10-28 09:41:58.871  7938  7938 D ProjectDetailVM: âœ… Project found: 201 Faker Road
