10-28 02:28:25.776  2874  2952 W PackageManager: Package com.example.rocketplan_android desires unavailable shared library androidx.window.sidecar; ignoring!
10-28 02:28:25.781   334   334 E         : dexopt apk_path='/data/app/vmdl759808364.tmp/base.apk' , pkgname='com.example.rocketplan_android', instruction_set='arm', oat_dir='/data/app/vmdl759808364.tmp/oat', compiler_filter='interpret-only', volume_uuid='(null)', shared_libraries='(null)'
10-28 02:28:25.781   334   334 E         : dexopt dexopt_needed ='1', dexopt_flags='26'
10-28 02:28:29.795 26562 26576 W dex2oat : Before Android 4.1, method int androidx.appcompat.widget.DropDownListView.lookForSelectablePosition(int, boolean) would have incorrectly overridden the package-private method in android.widget.ListView
10-28 02:28:29.798 26562 26575 W dex2oat : Before Android 4.1, method int androidx.appcompat.widget.MenuPopupWindow$MenuDropDownListView.lookForSelectablePosition(int, boolean) would have incorrectly overridden the package-private method in android.widget.ListView
10-28 02:28:29.947 26562 26562 W dex2oat : Before Android 4.1, method android.graphics.PorterDuffColorFilter androidx.vectordrawable.graphics.drawable.VectorDrawableCompat.updateTintFilter(android.graphics.PorterDuffColorFilter, android.content.res.ColorStateList, android.graphics.PorterDuff$Mode) would have incorrectly overridden the package-private method in android.graphics.drawable.Drawable
10-28 02:28:30.021 26562 26575 W dex2oat : Before Android 4.1, method android.graphics.drawable.Drawable com.google.android.material.progressindicator.BaseProgressIndicator.getCurrentDrawable() would have incorrectly overridden the package-private method in android.widget.ProgressBar
10-28 02:28:30.452   347   347 E cnss-daemon: Stale or unreachable neighbors, ndm state: 16
10-28 02:28:32.657 26562 26577 W dex2oat : Before Android 4.1, method double java.util.concurrent.ThreadLocalRandom.internalNextDouble(double, double) would have incorrectly overridden the package-private method in java.util.Random
10-28 02:28:32.657 26562 26577 W dex2oat : Before Android 4.1, method int java.util.concurrent.ThreadLocalRandom.internalNextInt(int, int) would have incorrectly overridden the package-private method in java.util.Random
10-28 02:28:32.657 26562 26577 W dex2oat : Before Android 4.1, method long java.util.concurrent.ThreadLocalRandom.internalNextLong(long, long) would have incorrectly overridden the package-private method in java.util.Random
10-28 02:28:35.430  6568  6618 W QCNEJ   : |CORE| CNE received unexpected action: android.intent.action.BATTERY_CHANGED
10-28 02:28:35.433  6384  6384 E QtiImsExtUtils: getConfigForPhoneId subId is invalid
10-28 02:28:35.433  6384  6384 E QtiImsExtUtils: isCarrierConfigEnabled bundle is null
10-28 02:28:36.140  2874  2952 W PackageManager: Package com.example.rocketplan_android desires unavailable shared library androidx.window.extensions; ignoring!
10-28 02:28:36.140  2874  2952 W PackageManager: Package com.example.rocketplan_android desires unavailable shared library androidx.window.sidecar; ignoring!
10-28 02:28:36.140  2874  2952 W PackageManager: Code path for com.example.rocketplan_android changing from /data/app/com.example.rocketplan_android-1 to /data/app/com.example.rocketplan_android-2
10-28 02:28:36.140  2874  2952 W PackageManager: Resource path for com.example.rocketplan_android changing from /data/app/com.example.rocketplan_android-1 to /data/app/com.example.rocketplan_android-2
10-28 02:28:36.406  2874  2952 W PackageManager: Unknown permission android.permission.USE_BIOMETRIC in package com.example.rocketplan_android
10-28 02:28:36.406  2874  2952 W PackageManager: Unknown permission android.permission.FOREGROUND_SERVICE in package com.example.rocketplan_android
10-28 02:28:36.953   334   334 E         : Couldn't opendir /data/app/vmdl759808364.tmp: No such file or directory
10-28 02:28:37.038  2874  5959 E NetdConnector: yingjie i: 16 ,start: 0
10-28 02:28:37.067  2874  2874 W ResourceType: ResTable_typeSpec entry count inconsistent: given 101, previously 105
10-28 02:28:37.068  2874  2874 W ResourceType: ResTable_typeSpec entry count inconsistent: given 4802, previously 5423
10-28 02:28:37.068  2874  2874 W ResourceType: ResTable_typeSpec entry count inconsistent: given 3606, previously 3627
10-28 02:28:37.068  2874  2874 W ResourceType: ResTable_typeSpec entry count inconsistent: given 261, previously 265
10-28 02:28:37.068  2874  2874 W ResourceType: ResTable_typeSpec entry count inconsistent: given 534, previously 5644
10-28 02:28:37.080  2874  2874 W ResourceType: ResTable_typeSpec entry count inconsistent: given 82, previously 83
10-28 02:28:37.081  2874  2874 W ResourceType: ResTable_typeSpec entry count inconsistent: given 4835, previously 4875
10-28 02:28:37.081  2874  2874 W ResourceType: ResTable_typeSpec entry count inconsistent: given 6148, previously 6185
10-28 02:28:37.081  2874  2874 W ResourceType: ResTable_typeSpec entry count inconsistent: given 4634, previously 4654
10-28 02:28:37.085  2874  2874 W ResourceType: ResTable_typeSpec entry count inconsistent: given 4653, previously 4654
10-28 02:28:37.085  2874  2874 W ResourceType: ResTable_typeSpec entry count inconsistent: given 534, previously 4767
10-28 02:28:37.138  2874  2874 W ResourceType: ResTable_typeSpec entry count inconsistent: given 26, previously 35
10-28 02:28:37.139  2874  2874 W ResourceType: ResTable_typeSpec entry count inconsistent: given 1322, previously 1351
10-28 02:28:37.139  2874  2874 W ResourceType: ResTable_typeSpec entry count inconsistent: given 381, previously 3300
10-28 02:28:37.146  2874  2874 W ResourceType: ResTable_typeSpec entry count inconsistent: given 20, previously 33
10-28 02:28:37.147  2874  2874 W ResourceType: ResTable_typeSpec entry count inconsistent: given 969, previously 2450
10-28 02:28:37.147  2874  2874 W ResourceType: ResTable_typeSpec entry count inconsistent: given 1697, previously 1700
10-28 02:28:37.147  2874  2874 W ResourceType: ResTable_typeSpec entry count inconsistent: given 373, previously 3274
10-28 02:28:37.162 26598 26598 W System  : ClassLoader referenced unknown path: /system/app/KeyChain/lib/arm
10-28 02:28:37.180 26598 26598 W ContextImpl: Calling a method in the system process without a qualified user: android.app.ContextImpl.startService:1357 android.content.ContextWrapper.startService:613 android.content.ContextWrapper.startService:613 com.android.keychain.KeyChainBroadcastReceiver.onReceive:12 android.app.ActivityThread.handleReceiver:3040 
10-28 02:28:37.206  2874  2874 W ResourceType: ResTable_typeSpec entry count inconsistent: given 1315, previously 1381
10-28 02:28:37.207  2874  2874 W ResourceType: ResTable_typeSpec entry count inconsistent: given 379, previously 3081
10-28 02:28:37.221  2874  2874 W ResourceType: ResTable_typeSpec entry count inconsistent: given 2129, previously 2249
10-28 02:28:37.221  2874  2874 W ResourceType: ResTable_typeSpec entry count inconsistent: given 1163, previously 1222
10-28 02:28:37.221  2874  2874 W ResourceType: ResTable_typeSpec entry count inconsistent: given 375, previously 2643
10-28 02:28:37.256  2874  2874 W ResourceType: ResTable_typeSpec entry count inconsistent: given 23, previously 36
10-28 02:28:37.257  2874  2874 W ResourceType: ResTable_typeSpec entry count inconsistent: given 696, previously 3214
10-28 02:28:37.257  2874  2874 W ResourceType: ResTable_typeSpec entry count inconsistent: given 1897, previously 1921
10-28 02:28:37.257  2874  2874 W ResourceType: ResTable_typeSpec entry count inconsistent: given 394, previously 3435
10-28 02:28:37.303  2874  2939 W ResourceType: ResTable_typeSpec entry count inconsistent: given 2, previously 147
10-28 02:28:37.303  2874  2939 W ResourceType: ResTable_typeSpec entry count inconsistent: given 6, previously 158
10-28 02:28:37.305  2874  2939 W ResourceType: ResTable_typeSpec entry count inconsistent: given 2, previously 147
10-28 02:28:37.305  2874  2939 W ResourceType: ResTable_typeSpec entry count inconsistent: given 6, previously 158
10-28 02:28:37.308 26614 26614 W System  : ClassLoader referenced unknown path: /system/priv-app/Settings/lib/arm
10-28 02:28:37.320  2874  2939 W ResourceType: ResTable_typeSpec entry count inconsistent: given 101, previously 105
10-28 02:28:37.320  2874  2939 W ResourceType: ResTable_typeSpec entry count inconsistent: given 4802, previously 5423
10-28 02:28:37.320  2874  2939 W ResourceType: ResTable_typeSpec entry count inconsistent: given 3606, previously 3627
10-28 02:28:37.320  2874  2939 W ResourceType: ResTable_typeSpec entry count inconsistent: given 261, previously 265
10-28 02:28:37.320  2874  2939 W ResourceType: ResTable_typeSpec entry count inconsistent: given 534, previously 5644
10-28 02:28:37.381  2874  2939 W FusedProxy: Odd, no component found for service com.android.location.service.FusedProvider
10-28 02:28:37.383 19444 19492 E Finsky  : [5009] [Counters] attempted to use a non-positive increment for: 4752
10-28 02:28:37.386 19444 19492 E Finsky  : [5009] [Counters] attempted to use a non-positive increment for: 4753
10-28 02:28:37.416 19444 19493 E Finsky  : [5010] [Counters] attempted to use a non-positive increment for: 4752
10-28 02:28:37.417 19444 19493 E Finsky  : [5010] [Counters] attempted to use a non-positive increment for: 4753
10-28 02:28:37.425 12348 12373 W time    : icon time = 0
10-28 02:28:37.513 26633 26633 W ResourceType: ResTable_typeSpec entry count inconsistent: given 225, previously 258
10-28 02:28:37.513 26633 26633 W ResourceType: ResTable_typeSpec entry count inconsistent: given 5666, previously 5667
10-28 02:28:38.271 26633 26664 W art     : Before Android 4.1, method double java.util.concurrent.ThreadLocalRandom.internalNextDouble(double, double) would have incorrectly overridden the package-private method in java.util.Random
10-28 02:28:38.271 26633 26664 W art     : Before Android 4.1, method int java.util.concurrent.ThreadLocalRandom.internalNextInt(int, int) would have incorrectly overridden the package-private method in java.util.Random
10-28 02:28:38.271 26633 26664 W art     : Before Android 4.1, method long java.util.concurrent.ThreadLocalRandom.internalNextLong(long, long) would have incorrectly overridden the package-private method in java.util.Random
10-28 02:28:38.291 26633 26664 W Settings: Setting download_manager_max_bytes_over_mobile has moved from android.provider.Settings.Secure to android.provider.Settings.Global.
10-28 02:28:38.295 26633 26664 W Settings: Setting download_manager_recommended_max_bytes_over_mobile has moved from android.provider.Settings.Secure to android.provider.Settings.Global.
10-28 02:28:38.476  2874  5959 E NetdConnector: yingjie i: 35 ,start: 0
10-28 02:28:38.481 26674 26674 W ResourceType: ResTable_typeSpec entry count inconsistent: given 1315, previously 1381
10-28 02:28:38.481 26674 26674 W ResourceType: ResTable_typeSpec entry count inconsistent: given 379, previously 3081
10-28 02:28:38.517  6384  6384 E QtiRilInterface: instance = com.qualcomm.qti.internal.telephony.QtiRilInterface@3d07930
10-28 02:28:38.572  2874  5959 E NetdConnector: yingjie i: 35 ,start: 0
10-28 02:28:38.944  6384  6384 E QtiRilInterface: instance = com.qualcomm.qti.internal.telephony.QtiRilInterface@3d07930
10-28 02:28:38.949  2874  2940 W BroadcastQueue: Permission Denial: broadcasting Intent { act=android.intent.action.BATTERY_CHANGED flg=0x60000010 (has extras) } from null (pid=-1, uid=-1) requires com.google.android.apps.magazines.DYNAMIC_RECEIVER_NOT_EXPORTED_PERMISSION due to registered receiver BroadcastFilter{c47161b u0 ReceiverList{951282a 26674 com.google.android.apps.magazines/10137/u0 remote:bb50d15}}
10-28 02:28:39.480 26713 26713 W ResourceType: ResTable_typeSpec entry count inconsistent: given 34, previously 36
10-28 02:28:39.480 26713 26713 W ResourceType: ResTable_typeSpec entry count inconsistent: given 9326, previously 9327
10-28 02:28:39.486 26713 26713 W ResourceType: ResTable_typeSpec entry count inconsistent: given 3580, previously 3599
10-28 02:28:39.486 26713 26713 W ResourceType: ResTable_typeSpec entry count inconsistent: given 380, previously 3014
10-28 02:28:40.338 16069 16069 E PackageIntentReceiver: action android.intent.action.PACKAGE_REMOVED com.example.rocketplan_android
10-28 02:28:40.389 26753 26753 W Background_4: type=1400 audit(0.0:70335): avc: denied { read } for name="gpuclk" dev="sysfs" ino=10641 scontext=u:r:untrusted_app:s0:c512,c768 tcontext=u:object_r:sysfs:s0 tclass=file permissive=0
10-28 02:28:40.393 26713 26753 W Adreno-ES20: <get_gpu_clk:229>: open failed: errno 13
10-28 02:28:40.508 19444 19479 E Finsky  : [4999] [Counters] attempted to use a non-positive increment for: 4752
10-28 02:28:40.518 19444 19479 E Finsky  : [4999] [Counters] attempted to use a non-positive increment for: 4753
10-28 02:28:40.544 19444 19498 E Finsky  : [5011] [Counters] attempted to use a non-positive increment for: 4752
10-28 02:28:40.545 19444 19498 E Finsky  : [5011] [Counters] attempted to use a non-positive increment for: 4753
10-28 02:28:40.575  6384  6384 E QtiRilInterface: instance = com.qualcomm.qti.internal.telephony.QtiRilInterface@3d07930
10-28 02:28:40.739 26780 26780 W System  : ClassLoader referenced unknown path: /system/lib/FB_AppInstaller_20170216_v19.0
10-28 02:28:40.904  4886 18347 W ResourceType: ResTable_typeSpec entry count inconsistent: given 34, previously 36
10-28 02:28:40.904  4886 18347 W ResourceType: ResTable_typeSpec entry count inconsistent: given 9326, previously 9327
10-28 02:28:40.906  4886 18347 W ResourceType: ResTable_typeSpec entry count inconsistent: given 3580, previously 3599
10-28 02:28:40.906  4886 18347 W ResourceType: ResTable_typeSpec entry count inconsistent: given 380, previously 3014
10-28 02:28:40.984 26800 26800 W System  : ClassLoader referenced unknown path: /system/priv-app/GooglePartnerSetup/lib/arm
10-28 02:28:41.171 16069 16069 E PackageIntentReceiver: action android.intent.action.PACKAGE_ADDED com.example.rocketplan_android
10-28 02:28:41.237 26713 26751 W art     : Before Android 4.1, method double java.util.concurrent.ThreadLocalRandom.internalNextDouble(double, double) would have incorrectly overridden the package-private method in java.util.Random
10-28 02:28:41.238 26713 26751 W art     : Before Android 4.1, method int java.util.concurrent.ThreadLocalRandom.internalNextInt(int, int) would have incorrectly overridden the package-private method in java.util.Random
10-28 02:28:41.238 26713 26751 W art     : Before Android 4.1, method long java.util.concurrent.ThreadLocalRandom.internalNextLong(long, long) would have incorrectly overridden the package-private method in java.util.Random
10-28 02:28:41.404 16069 16069 E PackageIntentReceiver: action android.intent.action.PACKAGE_REPLACED com.example.rocketplan_android
10-28 02:28:41.590 26674 26848 W System  : ClassLoader referenced unknown path: 
10-28 02:28:41.609 26674 26848 W ResourceType: ResTable_typeSpec entry count inconsistent: given 101, previously 105
10-28 02:28:41.610 26674 26848 W ResourceType: ResTable_typeSpec entry count inconsistent: given 4802, previously 5423
10-28 02:28:41.610 26674 26848 W ResourceType: ResTable_typeSpec entry count inconsistent: given 3606, previously 3627
10-28 02:28:41.610 26674 26848 W ResourceType: ResTable_typeSpec entry count inconsistent: given 261, previously 265
10-28 02:28:41.610 26674 26848 W ResourceType: ResTable_typeSpec entry count inconsistent: given 534, previously 5644
10-28 02:28:41.649 26674 26848 W System  : ClassLoader referenced unknown path: /data/user_de/0/com.google.android.gms/app_chimera/m/0000000b/n/armeabi-v7a
10-28 02:28:41.649 26674 26848 W System  : ClassLoader referenced unknown path: /data/user_de/0/com.google.android.gms/app_chimera/m/0000000b/n/armeabi
10-28 02:28:45.102  4886 18347 W GetConfigSnapshotOp: Succeeded but not registered: com.google.android.libraries.performance.primes#com.android.vending [CONTEXT service_id=51 ]
10-28 02:28:45.450  6568  6618 W QCNEJ   : |CORE| CNE received unexpected action: android.intent.action.BATTERY_CHANGED
10-28 02:28:45.453  6384  6384 E QtiImsExtUtils: getConfigForPhoneId subId is invalid
10-28 02:28:45.453  6384  6384 E QtiImsExtUtils: isCarrierConfigEnabled bundle is null
10-28 02:28:48.342   347   347 E cnss-daemon: Stale or unreachable neighbors, ndm state: 4
10-28 02:28:51.172  9898 19294 W GetGamesServiceReqFacto: Parsing request with ignored arguments. signInOptionsBundle [Bundle[{com.google.android.gms.signin.internal.serverClientId=null, com.google.android.gms.signin.internal.usePromptModeForAuthCode=true, com.google.android.gms.signin.internal.logSessionId=null, com.google.android.gms.signin.internal.hostedDomain=null, com.google.android.gms.signin.internal.offlineAccessRequested=false, com.google.android.gms.signin.internal.waitForAccessTokenRefresh=false, com.google.android.gms.signin.internal.clientRequestedAccount=Account {name=<<default account>>, type=com.google}, com.google.android.gms.signin.internal.idTokenRequested=false, com.google.android.gms.signin.internal.forceCodeForRefreshToken=false}]], isRetryingSignIn [false], skipWelcomePopup [false], requireGooglePlus [false]
10-28 02:28:55.470  6568  6618 W QCNEJ   : |CORE| CNE received unexpected action: android.intent.action.BATTERY_CHANGED
10-28 02:28:55.476  6384  6384 E QtiImsExtUtils: getConfigForPhoneId subId is invalid
10-28 02:28:55.476  6384  6384 E QtiImsExtUtils: isCarrierConfigEnabled bundle is null
10-28 02:28:58.680   502   502 E VM_BMS  : failed to set wake_lock rc=-13
10-28 02:28:58.685   502   502 E VM_BMS  : failed to wake_unlock rc=-13
10-28 02:29:05.489  6568  6618 W QCNEJ   : |CORE| CNE received unexpected action: android.intent.action.BATTERY_CHANGED
10-28 02:29:05.494  6384  6384 E QtiImsExtUtils: getConfigForPhoneId subId is invalid
10-28 02:29:05.494  6384  6384 E QtiImsExtUtils: isCarrierConfigEnabled bundle is null
10-28 02:29:06.798  2874  5975 E ConnectivityService: RemoteException caught trying to send a callback msg for NetworkRequest [ TRACK_DEFAULT id=1385, [ Capabilities: INTERNET&NOT_RESTRICTED&TRUSTED&NOT_VPN] ]
10-28 02:29:06.804  6384  6384 E QtiRilInterface: instance = com.qualcomm.qti.internal.telephony.QtiRilInterface@3d07930
10-28 02:29:16.857  2874  6368 E IzatSvc_PassiveLocListener: E/Exiting with error virtual void izat_manager::IzatPassiveLocationListener::onLocationChanged(const izat_manager::IzatLocation *, const IzatLocationStatus) line 171 "1"
10-28 02:29:25.531  6568  6618 W QCNEJ   : |CORE| CNE received unexpected action: android.intent.action.BATTERY_CHANGED
10-28 02:29:25.537  6384  6384 E QtiImsExtUtils: getConfigForPhoneId subId is invalid
10-28 02:29:25.538  6384  6384 E QtiImsExtUtils: isCarrierConfigEnabled bundle is null
10-28 02:29:35.550  6568  6618 W QCNEJ   : |CORE| CNE received unexpected action: android.intent.action.BATTERY_CHANGED
10-28 02:29:35.555  6384  6384 E QtiImsExtUtils: getConfigForPhoneId subId is invalid
10-28 02:29:35.555  6384  6384 E QtiImsExtUtils: isCarrierConfigEnabled bundle is null
10-28 02:29:45.567  6568  6618 W QCNEJ   : |CORE| CNE received unexpected action: android.intent.action.BATTERY_CHANGED
10-28 02:29:45.571  6384  6384 E QtiImsExtUtils: getConfigForPhoneId subId is invalid
10-28 02:29:45.571  6384  6384 E QtiImsExtUtils: isCarrierConfigEnabled bundle is null
10-28 02:29:46.824   502   502 E VM_BMS  : failed to set wake_lock rc=-13
10-28 02:29:46.829   502   502 E VM_BMS  : failed to wake_unlock rc=-13
10-28 02:29:50.442   347   347 E cnss-daemon: gateway mac address: %02x:%02x:%02x:%02x:%02x:%02x
10-28 02:29:50.442   347   347 E cnss-daemon: : 00:00:00:00:00:00
10-28 02:29:50.442   347   347 E cnss-daemon: Invalid mac address: 0xb32a7e6cM
10-28 02:29:55.591  6568  6618 W QCNEJ   : |CORE| CNE received unexpected action: android.intent.action.BATTERY_CHANGED
10-28 02:29:55.594  6384  6384 E QtiImsExtUtils: getConfigForPhoneId subId is invalid
10-28 02:29:55.594  6384  6384 E QtiImsExtUtils: isCarrierConfigEnabled bundle is null
10-28 02:29:57.872   564  7673 E LOWI-7.7.2.5.b: [LOWIUtils] channelBandToFreq: Invalid band,channel = 1,0
10-28 02:29:57.883   564  7673 E LOWI-7.7.2.5.b: [LOWIUtils] channelBandToFreq: Invalid band,channel = 1,0
10-28 02:29:57.895   566   651 W XTCC-5.1.0.19-a: [LOWIUtils] to_eScanTypeResponse - default case
10-28 02:29:57.896   566   651 W XTCC-5.1.0.19-a: [WifiScanner] WiFi scan result : [10] AP's
10-28 02:30:01.082 27112 27112 W System  : ClassLoader referenced unknown path: /system/app/DeskClock/lib/arm
10-28 02:30:01.102  2874  5959 E NetdConnector: yingjie i: 35 ,start: 0
10-28 02:30:01.182  2874  5959 E NetdConnector: yingjie i: 35 ,start: 0
10-28 02:30:04.742   347   347 E cnss-daemon: Stale or unreachable neighbors, ndm state: 4
10-28 02:30:05.612  6568  6618 W QCNEJ   : |CORE| CNE received unexpected action: android.intent.action.BATTERY_CHANGED
10-28 02:30:05.615  6384  6384 E QtiImsExtUtils: getConfigForPhoneId subId is invalid
10-28 02:30:05.615  6384  6384 E QtiImsExtUtils: isCarrierConfigEnabled bundle is null
10-28 02:30:15.631  6568  6618 W QCNEJ   : |CORE| CNE received unexpected action: android.intent.action.BATTERY_CHANGED
10-28 02:30:15.638  6384  6384 E QtiImsExtUtils: getConfigForPhoneId subId is invalid
10-28 02:30:15.638  6384  6384 E QtiImsExtUtils: isCarrierConfigEnabled bundle is null
10-28 02:30:16.859  2874  6368 E IzatSvc_PassiveLocListener: E/Exiting with error virtual void izat_manager::IzatPassiveLocationListener::onLocationChanged(const izat_manager::IzatLocation *, const IzatLocationStatus) line 171 "1"
10-28 02:30:25.652  6568  6618 W QCNEJ   : |CORE| CNE received unexpected action: android.intent.action.BATTERY_CHANGED
10-28 02:30:25.656  6384  6384 E QtiImsExtUtils: getConfigForPhoneId subId is invalid
10-28 02:30:25.656  6384  6384 E QtiImsExtUtils: isCarrierConfigEnabled bundle is null
10-28 02:30:34.973   502   502 E VM_BMS  : failed to set wake_lock rc=-13
10-28 02:30:34.977   502   502 E VM_BMS  : failed to wake_unlock rc=-13
10-28 02:30:35.010  6568  6618 W QCNEJ   : |CORE| CNE received unexpected action: android.intent.action.BATTERY_CHANGED
10-28 02:30:35.017  6384  6384 E QtiImsExtUtils: getConfigForPhoneId subId is invalid
10-28 02:30:35.018  6384  6384 E QtiImsExtUtils: isCarrierConfigEnabled bundle is null
10-28 02:30:35.036  2874  2943 E BatteryStatsService: no controller energy info supplied
10-28 02:30:35.036  2874  2943 E BatteryStatsService: no controller energy info supplied
10-28 02:30:35.036  6568  6618 W QCNEJ   : |CORE| CNE received unexpected action: android.intent.action.BATTERY_CHANGED
10-28 02:30:35.042  6384  6384 E QtiImsExtUtils: getConfigForPhoneId subId is invalid
10-28 02:30:35.042  6384  6384 E QtiImsExtUtils: isCarrierConfigEnabled bundle is null
10-28 02:30:35.051  6568  6618 W QCNEJ   : |CORE| CNE received unexpected action: android.intent.action.BATTERY_CHANGED
10-28 02:30:35.055  6384  6384 E QtiImsExtUtils: getConfigForPhoneId subId is invalid
10-28 02:30:35.055  6384  6384 E QtiImsExtUtils: isCarrierConfigEnabled bundle is null
10-28 02:30:35.074  2874  2943 E BatteryStatsService: modem info is invalid: ModemActivityInfo{ mTimestamp=0 mSleepTimeMs=0 mIdleTimeMs=0 mTxTimeMs[]=[0, 0, 0, 0, 0] mRxTimeMs=0 mEnergyUsed=0}
10-28 02:30:35.673  6568  6618 W QCNEJ   : |CORE| CNE received unexpected action: android.intent.action.BATTERY_CHANGED
10-28 02:30:35.678  6384  6384 E QtiImsExtUtils: getConfigForPhoneId subId is invalid
10-28 02:30:35.678  6384  6384 E QtiImsExtUtils: isCarrierConfigEnabled bundle is null
10-28 02:30:39.230 19444 20595 W PlayCommon: [5112] No account for auth token provided
10-28 02:30:45.687  6568  6618 W QCNEJ   : |CORE| CNE received unexpected action: android.intent.action.BATTERY_CHANGED
10-28 02:30:45.692  6384  6384 E QtiImsExtUtils: getConfigForPhoneId subId is invalid
10-28 02:30:45.692  6384  6384 E QtiImsExtUtils: isCarrierConfigEnabled bundle is null
