10-28 02:22:56.207 24734 24734 D ProjectDetailVM: ğŸš« Filtering project-scoped album Damage Assessment (26740)
10-28 02:22:56.207 24734 24734 D ProjectDetailVM: ğŸš« Filtering project-scoped album Pre-existing Damages (26742)
10-28 02:22:56.366 24734 24734 D ProjectDetailVM: ğŸ“Š Data update for project 4970: 9 rooms, 5 albums, 568 photos
10-28 02:22:56.367 24734 24734 D ProjectDetailVM: âœ… Project found: 201 Faker Road
10-28 02:22:56.367 24734 24734 D ProjectDetailVM: ğŸ  Loading 9 rooms: [[5949] Basement, [5961] Bathroom, [5994] Bathroom, [5978] Bedroom, [5952] Den, [5979] Dining Room, [6007] Entire Unit, [5999] Kitchen, [6008] Pumpkin]
10-28 02:22:56.368 24734 24734 D ProjectDetailVM: ğŸ“š Loading 5 albums: [[26743] Betterments (null), [26744] Contents (null), [26741] Daily Progress (null), [26740] Damage Assessment (null), [26742] Pre-existing Damages (null)]
10-28 02:22:56.368 24734 24734 D ProjectDetailVM: ğŸš« Filtering project-scoped album Betterments (26743)
10-28 02:22:56.368 24734 24734 D ProjectDetailVM: ğŸš« Filtering project-scoped album Contents (26744)
10-28 02:22:56.368 24734 24734 D ProjectDetailVM: ğŸš« Filtering project-scoped album Daily Progress (26741)
10-28 02:22:56.368 24734 24734 D ProjectDetailVM: ğŸš« Filtering project-scoped album Damage Assessment (26740)
10-28 02:22:56.368 24734 24734 D ProjectDetailVM: ğŸš« Filtering project-scoped album Pre-existing Damages (26742)
10-28 02:22:56.678 24734 24734 D ProjectDetailVM: ğŸ“Š Data update for project 4970: 9 rooms, 5 albums, 568 photos
10-28 02:22:56.678 24734 24734 D ProjectDetailVM: âœ… Project found: 201 Faker Road
10-28 02:22:56.678 24734 24734 D ProjectDetailVM: ğŸ  Loading 9 rooms: [[5949] Basement, [5961] Bathroom, [5994] Bathroom, [5978] Bedroom, [5952] Den, [5979] Dining Room, [6007] Entire Unit, [5999] Kitchen, [6008] Pumpkin]
10-28 02:22:56.680 24734 24734 D ProjectDetailVM: ğŸ“š Loading 5 albums: [[26743] Betterments (null), [26744] Contents (null), [26741] Daily Progress (null), [26740] Damage Assessment (null), [26742] Pre-existing Damages (null)]
10-28 02:22:56.680 24734 24734 D ProjectDetailVM: ğŸš« Filtering project-scoped album Betterments (26743)
10-28 02:22:56.680 24734 24734 D ProjectDetailVM: ğŸš« Filtering project-scoped album Contents (26744)
10-28 02:22:56.680 24734 24734 D ProjectDetailVM: ğŸš« Filtering project-scoped album Daily Progress (26741)
10-28 02:22:56.680 24734 24734 D ProjectDetailVM: ğŸš« Filtering project-scoped album Damage Assessment (26740)
10-28 02:22:56.680 24734 24734 D ProjectDetailVM: ğŸš« Filtering project-scoped album Pre-existing Damages (26742)
10-28 02:22:56.840 24734 24734 D ProjectDetailVM: ğŸ“Š Data update for project 4970: 9 rooms, 5 albums, 568 photos
10-28 02:22:56.840 24734 24734 D ProjectDetailVM: âœ… Project found: 201 Faker Road
10-28 02:22:56.840 24734 24734 D ProjectDetailVM: ğŸ  Loading 9 rooms: [[5949] Basement, [5961] Bathroom, [5994] Bathroom, [5978] Bedroom, [5952] Den, [5979] Dining Room, [6007] Entire Unit, [5999] Kitchen, [6008] Pumpkin]
10-28 02:22:56.841 24734 24734 D ProjectDetailVM: ğŸ“š Loading 5 albums: [[26743] Betterments (null), [26744] Contents (null), [26741] Daily Progress (null), [26740] Damage Assessment (null), [26742] Pre-existing Damages (null)]
10-28 02:22:56.841 24734 24734 D ProjectDetailVM: ğŸš« Filtering project-scoped album Betterments (26743)
10-28 02:22:56.842 24734 24734 D ProjectDetailVM: ğŸš« Filtering project-scoped album Contents (26744)
10-28 02:22:56.842 24734 24734 D ProjectDetailVM: ğŸš« Filtering project-scoped album Daily Progress (26741)
10-28 02:22:56.842 24734 24734 D ProjectDetailVM: ğŸš« Filtering project-scoped album Damage Assessment (26740)
10-28 02:22:56.843 24734 24734 D ProjectDetailVM: ğŸš« Filtering project-scoped album Pre-existing Damages (26742)
10-28 02:22:56.994 24734 24734 D ProjectDetailVM: ğŸ“Š Data update for project 4970: 9 rooms, 5 albums, 568 photos
10-28 02:22:56.994 24734 24734 D ProjectDetailVM: âœ… Project found: 201 Faker Road
10-28 02:22:56.994 24734 24734 D ProjectDetailVM: ğŸ  Loading 9 rooms: [[5949] Basement, [5961] Bathroom, [5994] Bathroom, [5978] Bedroom, [5952] Den, [5979] Dining Room, [6007] Entire Unit, [5999] Kitchen, [6008] Pumpkin]
10-28 02:22:56.995 24734 24734 D ProjectDetailVM: ğŸ“š Loading 5 albums: [[26743] Betterments (null), [26744] Contents (null), [26741] Daily Progress (null), [26740] Damage Assessment (null), [26742] Pre-existing Damages (null)]
10-28 02:22:56.995 24734 24734 D ProjectDetailVM: ğŸš« Filtering project-scoped album Betterments (26743)
10-28 02:22:56.995 24734 24734 D ProjectDetailVM: ğŸš« Filtering project-scoped album Contents (26744)
10-28 02:22:56.995 24734 24734 D ProjectDetailVM: ğŸš« Filtering project-scoped album Daily Progress (26741)
10-28 02:22:56.995 24734 24734 D ProjectDetailVM: ğŸš« Filtering project-scoped album Damage Assessment (26740)
10-28 02:22:56.995 24734 24734 D ProjectDetailVM: ğŸš« Filtering project-scoped album Pre-existing Damages (26742)
10-28 02:22:57.355 24734 24734 D ProjectDetailVM: ğŸ“Š Data update for project 4970: 9 rooms, 5 albums, 568 photos
10-28 02:22:57.355 24734 24734 D ProjectDetailVM: âœ… Project found: 201 Faker Road
10-28 02:22:57.355 24734 24734 D ProjectDetailVM: ğŸ  Loading 9 rooms: [[5949] Basement, [5961] Bathroom, [5994] Bathroom, [5978] Bedroom, [5952] Den, [5979] Dining Room, [6007] Entire Unit, [5999] Kitchen, [6008] Pumpkin]
10-28 02:22:57.356 24734 24734 D ProjectDetailVM: ğŸ“š Loading 5 albums: [[26743] Betterments (null), [26744] Contents (null), [26741] Daily Progress (null), [26740] Damage Assessment (null), [26742] Pre-existing Damages (null)]
10-28 02:22:57.356 24734 24734 D ProjectDetailVM: ğŸš« Filtering project-scoped album Betterments (26743)
10-28 02:22:57.356 24734 24734 D ProjectDetailVM: ğŸš« Filtering project-scoped album Contents (26744)
10-28 02:22:57.356 24734 24734 D ProjectDetailVM: ğŸš« Filtering project-scoped album Daily Progress (26741)
10-28 02:22:57.356 24734 24734 D ProjectDetailVM: ğŸš« Filtering project-scoped album Damage Assessment (26740)
10-28 02:22:57.356 24734 24734 D ProjectDetailVM: ğŸš« Filtering project-scoped album Pre-existing Damages (26742)
10-28 02:22:57.461  2874  5959 E NetdConnector: yingjie i: 33 ,start: 0
10-28 02:22:57.485  2874  5959 E NetdConnector: yingjie i: 39 ,start: 0
10-28 02:22:57.541  2874  5959 E NetdConnector: yingjie i: 37 ,start: 0
10-28 02:22:57.738 24734 24734 D ProjectDetailVM: ğŸ“Š Data update for project 4970: 9 rooms, 5 albums, 568 photos
10-28 02:22:57.739 24734 24734 D ProjectDetailVM: âœ… Project found: 201 Faker Road
10-28 02:22:57.739 24734 24734 D ProjectDetailVM: ğŸ  Loading 9 rooms: [[5949] Basement, [5961] Bathroom, [5994] Bathroom, [5978] Bedroom, [5952] Den, [5979] Dining Room, [6007] Entire Unit, [5999] Kitchen, [6008] Pumpkin]
10-28 02:22:57.740 24734 24734 D ProjectDetailVM: ğŸ“š Loading 5 albums: [[26743] Betterments (null), [26744] Contents (null), [26741] Daily Progress (null), [26740] Damage Assessment (null), [26742] Pre-existing Damages (null)]
10-28 02:22:57.740 24734 24734 D ProjectDetailVM: ğŸš« Filtering project-scoped album Betterments (26743)
10-28 02:22:57.740 24734 24734 D ProjectDetailVM: ğŸš« Filtering project-scoped album Contents (26744)
10-28 02:22:57.740 24734 24734 D ProjectDetailVM: ğŸš« Filtering project-scoped album Daily Progress (26741)
10-28 02:22:57.740 24734 24734 D ProjectDetailVM: ğŸš« Filtering project-scoped album Damage Assessment (26740)
10-28 02:22:57.740 24734 24734 D ProjectDetailVM: ğŸš« Filtering project-scoped album Pre-existing Damages (26742)
10-28 02:22:57.907 24734 24734 D ProjectDetailVM: ğŸ“Š Data update for project 4970: 9 rooms, 5 albums, 568 photos
10-28 02:22:57.907 24734 24734 D ProjectDetailVM: âœ… Project found: 201 Faker Road
10-28 02:22:57.907 24734 24734 D ProjectDetailVM: ğŸ  Loading 9 rooms: [[5949] Basement, [5961] Bathroom, [5994] Bathroom, [5978] Bedroom, [5952] Den, [5979] Dining Room, [6007] Entire Unit, [5999] Kitchen, [6008] Pumpkin]
10-28 02:22:57.908 24734 24734 D ProjectDetailVM: ğŸ“š Loading 5 albums: [[26743] Betterments (null), [26744] Contents (null), [26741] Daily Progress (null), [26740] Damage Assessment (null), [26742] Pre-existing Damages (null)]
10-28 02:22:57.908 24734 24734 D ProjectDetailVM: ğŸš« Filtering project-scoped album Betterments (26743)
10-28 02:22:57.908 24734 24734 D ProjectDetailVM: ğŸš« Filtering project-scoped album Contents (26744)
10-28 02:22:57.908 24734 24734 D ProjectDetailVM: ğŸš« Filtering project-scoped album Daily Progress (26741)
10-28 02:22:57.908 24734 24734 D ProjectDetailVM: ğŸš« Filtering project-scoped album Damage Assessment (26740)
10-28 02:22:57.908 24734 24734 D ProjectDetailVM: ğŸš« Filtering project-scoped album Pre-existing Damages (26742)
10-28 02:22:58.074 24734 24734 D ProjectDetailVM: ğŸ“Š Data update for project 4970: 9 rooms, 5 albums, 568 photos
10-28 02:22:58.074 24734 24734 D ProjectDetailVM: âœ… Project found: 201 Faker Road
10-28 02:22:58.074 24734 24734 D ProjectDetailVM: ğŸ  Loading 9 rooms: [[5949] Basement, [5961] Bathroom, [5994] Bathroom, [5978] Bedroom, [5952] Den, [5979] Dining Room, [6007] Entire Unit, [5999] Kitchen, [6008] Pumpkin]
10-28 02:22:58.075 24734 24734 D ProjectDetailVM: ğŸ“š Loading 5 albums: [[26743] Betterments (null), [26744] Contents (null), [26741] Daily Progress (null), [26740] Damage Assessment (null), [26742] Pre-existing Damages (null)]
10-28 02:22:58.075 24734 24734 D ProjectDetailVM: ğŸš« Filtering project-scoped album Betterments (26743)
10-28 02:22:58.075 24734 24734 D ProjectDetailVM: ğŸš« Filtering project-scoped album Contents (26744)
10-28 02:22:58.075 24734 24734 D ProjectDetailVM: ğŸš« Filtering project-scoped album Daily Progress (26741)
10-28 02:22:58.075 24734 24734 D ProjectDetailVM: ğŸš« Filtering project-scoped album Damage Assessment (26740)
10-28 02:22:58.075 24734 24734 D ProjectDetailVM: ğŸš« Filtering project-scoped album Pre-existing Damages (26742)
10-28 02:22:58.237 24734 24734 D ProjectDetailVM: ğŸ“Š Data update for project 4970: 9 rooms, 5 albums, 568 photos
10-28 02:22:58.237 24734 24734 D ProjectDetailVM: âœ… Project found: 201 Faker Road
10-28 02:22:58.238 24734 24734 D ProjectDetailVM: ğŸ  Loading 9 rooms: [[5949] Basement, [5961] Bathroom, [5994] Bathroom, [5978] Bedroom, [5952] Den, [5979] Dining Room, [6007] Entire Unit, [5999] Kitchen, [6008] Pumpkin]
10-28 02:22:58.239 24734 24734 D ProjectDetailVM: ğŸ“š Loading 5 albums: [[26743] Betterments (null), [26744] Contents (null), [26741] Daily Progress (null), [26740] Damage Assessment (null), [26742] Pre-existing Damages (null)]
10-28 02:22:58.239 24734 24734 D ProjectDetailVM: ğŸš« Filtering project-scoped album Betterments (26743)
10-28 02:22:58.239 24734 24734 D ProjectDetailVM: ğŸš« Filtering project-scoped album Contents (26744)
10-28 02:22:58.239 24734 24734 D ProjectDetailVM: ğŸš« Filtering project-scoped album Daily Progress (26741)
10-28 02:22:58.239 24734 24734 D ProjectDetailVM: ğŸš« Filtering project-scoped album Damage Assessment (26740)
10-28 02:22:58.239 24734 24734 D ProjectDetailVM: ğŸš« Filtering project-scoped album Pre-existing Damages (26742)
10-28 02:22:58.440 24734 24734 D ProjectDetailVM: ğŸ“Š Data update for project 4970: 9 rooms, 5 albums, 568 photos
10-28 02:22:58.440 24734 24734 D ProjectDetailVM: âœ… Project found: 201 Faker Road
10-28 02:22:58.440 24734 24734 D ProjectDetailVM: ğŸ  Loading 9 rooms: [[5949] Basement, [5961] Bathroom, [5994] Bathroom, [5978] Bedroom, [5952] Den, [5979] Dining Room, [6007] Entire Unit, [5999] Kitchen, [6008] Pumpkin]
10-28 02:22:58.442 24734 24734 D ProjectDetailVM: ğŸ“š Loading 5 albums: [[26743] Betterments (null), [26744] Contents (null), [26741] Daily Progress (null), [26740] Damage Assessment (null), [26742] Pre-existing Damages (null)]
10-28 02:22:58.442 24734 24734 D ProjectDetailVM: ğŸš« Filtering project-scoped album Betterments (26743)
10-28 02:22:58.442 24734 24734 D ProjectDetailVM: ğŸš« Filtering project-scoped album Contents (26744)
10-28 02:22:58.442 24734 24734 D ProjectDetailVM: ğŸš« Filtering project-scoped album Daily Progress (26741)
10-28 02:22:58.442 24734 24734 D ProjectDetailVM: ğŸš« Filtering project-scoped album Damage Assessment (26740)
10-28 02:22:58.442 24734 24734 D ProjectDetailVM: ğŸš« Filtering project-scoped album Pre-existing Damages (26742)
10-28 02:22:58.599 24734 24734 D ProjectDetailVM: ğŸ“Š Data update for project 4970: 9 rooms, 5 albums, 568 photos
10-28 02:22:58.600 24734 24734 D ProjectDetailVM: âœ… Project found: 201 Faker Road
10-28 02:22:58.600 24734 24734 D ProjectDetailVM: ğŸ  Loading 9 rooms: [[5949] Basement, [5961] Bathroom, [5994] Bathroom, [5978] Bedroom, [5952] Den, [5979] Dining Room, [6007] Entire Unit, [5999] Kitchen, [6008] Pumpkin]
10-28 02:22:58.601 24734 24734 D ProjectDetailVM: ğŸ“š Loading 5 albums: [[26743] Betterments (null), [26744] Contents (null), [26741] Daily Progress (null), [26740] Damage Assessment (null), [26742] Pre-existing Damages (null)]
10-28 02:22:58.601 24734 24734 D ProjectDetailVM: ğŸš« Filtering project-scoped album Betterments (26743)
10-28 02:22:58.601 24734 24734 D ProjectDetailVM: ğŸš« Filtering project-scoped album Contents (26744)
10-28 02:22:58.601 24734 24734 D ProjectDetailVM: ğŸš« Filtering project-scoped album Daily Progress (26741)
10-28 02:22:58.601 24734 24734 D ProjectDetailVM: ğŸš« Filtering project-scoped album Damage Assessment (26740)
10-28 02:22:58.601 24734 24734 D ProjectDetailVM: ğŸš« Filtering project-scoped album Pre-existing Damages (26742)
10-28 02:22:58.775 24734 24734 D ProjectDetailVM: ğŸ“Š Data update for project 4970: 9 rooms, 5 albums, 568 photos
10-28 02:22:58.775 24734 24734 D ProjectDetailVM: âœ… Project found: 201 Faker Road
10-28 02:22:58.775 24734 24734 D ProjectDetailVM: ğŸ  Loading 9 rooms: [[5949] Basement, [5961] Bathroom, [5994] Bathroom, [5978] Bedroom, [5952] Den, [5979] Dining Room, [6007] Entire Unit, [5999] Kitchen, [6008] Pumpkin]
10-28 02:22:58.776 24734 24734 D ProjectDetailVM: ğŸ“š Loading 5 albums: [[26743] Betterments (null), [26744] Contents (null), [26741] Daily Progress (null), [26740] Damage Assessment (null), [26742] Pre-existing Damages (null)]
10-28 02:22:58.776 24734 24734 D ProjectDetailVM: ğŸš« Filtering project-scoped album Betterments (26743)
10-28 02:22:58.776 24734 24734 D ProjectDetailVM: ğŸš« Filtering project-scoped album Contents (26744)
10-28 02:22:58.777 24734 24734 D ProjectDetailVM: ğŸš« Filtering project-scoped album Daily Progress (26741)
10-28 02:22:58.777 24734 24734 D ProjectDetailVM: ğŸš« Filtering project-scoped album Damage Assessment (26740)
10-28 02:22:58.777 24734 24734 D ProjectDetailVM: ğŸš« Filtering project-scoped album Pre-existing Damages (26742)
10-28 02:22:58.937 24734 24734 D ProjectDetailVM: ğŸ“Š Data update for project 4970: 9 rooms, 5 albums, 568 photos
10-28 02:22:58.937 24734 24734 D ProjectDetailVM: âœ… Project found: 201 Faker Road
10-28 02:22:58.937 24734 24734 D ProjectDetailVM: ğŸ  Loading 9 rooms: [[5949] Basement, [5961] Bathroom, [5994] Bathroom, [5978] Bedroom, [5952] Den, [5979] Dining Room, [6007] Entire Unit, [5999] Kitchen, [6008] Pumpkin]
10-28 02:22:58.938 24734 24734 D ProjectDetailVM: ğŸ“š Loading 5 albums: [[26743] Betterments (null), [26744] Contents (null), [26741] Daily Progress (null), [26740] Damage Assessment (null), [26742] Pre-existing Damages (null)]
10-28 02:22:58.939 24734 24734 D ProjectDetailVM: ğŸš« Filtering project-scoped album Betterments (26743)
10-28 02:22:58.939 24734 24734 D ProjectDetailVM: ğŸš« Filtering project-scoped album Contents (26744)
10-28 02:22:58.939 24734 24734 D ProjectDetailVM: ğŸš« Filtering project-scoped album Daily Progress (26741)
10-28 02:22:58.939 24734 24734 D ProjectDetailVM: ğŸš« Filtering project-scoped album Damage Assessment (26740)
10-28 02:22:58.939 24734 24734 D ProjectDetailVM: ğŸš« Filtering project-scoped album Pre-existing Damages (26742)
10-28 02:22:59.147 24734 24734 D ProjectDetailVM: ğŸ“Š Data update for project 4970: 9 rooms, 5 albums, 568 photos
10-28 02:22:59.147 24734 24734 D ProjectDetailVM: âœ… Project found: 201 Faker Road
10-28 02:22:59.147 24734 24734 D ProjectDetailVM: ğŸ  Loading 9 rooms: [[5949] Basement, [5961] Bathroom, [5994] Bathroom, [5978] Bedroom, [5952] Den, [5979] Dining Room, [6007] Entire Unit, [5999] Kitchen, [6008] Pumpkin]
10-28 02:22:59.148 24734 24734 D ProjectDetailVM: ğŸ“š Loading 5 albums: [[26743] Betterments (null), [26744] Contents (null), [26741] Daily Progress (null), [26740] Damage Assessment (null), [26742] Pre-existing Damages (null)]
10-28 02:22:59.148 24734 24734 D ProjectDetailVM: ğŸš« Filtering project-scoped album Betterments (26743)
10-28 02:22:59.148 24734 24734 D ProjectDetailVM: ğŸš« Filtering project-scoped album Contents (26744)
10-28 02:22:59.148 24734 24734 D ProjectDetailVM: ğŸš« Filtering project-scoped album Daily Progress (26741)
10-28 02:22:59.149 24734 24734 D ProjectDetailVM: ğŸš« Filtering project-scoped album Damage Assessment (26740)
10-28 02:22:59.149 24734 24734 D ProjectDetailVM: ğŸš« Filtering project-scoped album Pre-existing Damages (26742)
10-28 02:22:59.324 24734 24734 D ProjectDetailVM: ğŸ“Š Data update for project 4970: 9 rooms, 5 albums, 568 photos
10-28 02:22:59.324 24734 24734 D ProjectDetailVM: âœ… Project found: 201 Faker Road
10-28 02:22:59.324 24734 24734 D ProjectDetailVM: ğŸ  Loading 9 rooms: [[5949] Basement, [5961] Bathroom, [5994] Bathroom, [5978] Bedroom, [5952] Den, [5979] Dining Room, [6007] Entire Unit, [5999] Kitchen, [6008] Pumpkin]
10-28 02:22:59.325 24734 24734 D ProjectDetailVM: ğŸ“š Loading 5 albums: [[26743] Betterments (null), [26744] Contents (null), [26741] Daily Progress (null), [26740] Damage Assessment (null), [26742] Pre-existing Damages (null)]
10-28 02:22:59.325 24734 24734 D ProjectDetailVM: ğŸš« Filtering project-scoped album Betterments (26743)
10-28 02:22:59.325 24734 24734 D ProjectDetailVM: ğŸš« Filtering project-scoped album Contents (26744)
10-28 02:22:59.325 24734 24734 D ProjectDetailVM: ğŸš« Filtering project-scoped album Daily Progress (26741)
10-28 02:22:59.325 24734 24734 D ProjectDetailVM: ğŸš« Filtering project-scoped album Damage Assessment (26740)
10-28 02:22:59.325 24734 24734 D ProjectDetailVM: ğŸš« Filtering project-scoped album Pre-existing Damages (26742)
10-28 02:22:59.503 24734 24734 D ProjectDetailVM: ğŸ“Š Data update for project 4970: 9 rooms, 5 albums, 568 photos
10-28 02:22:59.503 24734 24734 D ProjectDetailVM: âœ… Project found: 201 Faker Road
10-28 02:22:59.503 24734 24734 D ProjectDetailVM: ğŸ  Loading 9 rooms: [[5949] Basement, [5961] Bathroom, [5994] Bathroom, [5978] Bedroom, [5952] Den, [5979] Dining Room, [6007] Entire Unit, [5999] Kitchen, [6008] Pumpkin]
10-28 02:22:59.504 24734 24734 D ProjectDetailVM: ğŸ“š Loading 5 albums: [[26743] Betterments (null), [26744] Contents (null), [26741] Daily Progress (null), [26740] Damage Assessment (null), [26742] Pre-existing Damages (null)]
10-28 02:22:59.505 24734 24734 D ProjectDetailVM: ğŸš« Filtering project-scoped album Betterments (26743)
10-28 02:22:59.505 24734 24734 D ProjectDetailVM: ğŸš« Filtering project-scoped album Contents (26744)
10-28 02:22:59.505 24734 24734 D ProjectDetailVM: ğŸš« Filtering project-scoped album Daily Progress (26741)
10-28 02:22:59.505 24734 24734 D ProjectDetailVM: ğŸš« Filtering project-scoped album Damage Assessment (26740)
10-28 02:22:59.505 24734 24734 D ProjectDetailVM: ğŸš« Filtering project-scoped album Pre-existing Damages (26742)
10-28 02:22:59.663 24734 24734 D ProjectDetailVM: ğŸ“Š Data update for project 4970: 9 rooms, 5 albums, 568 photos
10-28 02:22:59.663 24734 24734 D ProjectDetailVM: âœ… Project found: 201 Faker Road
10-28 02:22:59.664 24734 24734 D ProjectDetailVM: ğŸ  Loading 9 rooms: [[5949] Basement, [5961] Bathroom, [5994] Bathroom, [5978] Bedroom, [5952] Den, [5979] Dining Room, [6007] Entire Unit, [5999] Kitchen, [6008] Pumpkin]
10-28 02:22:59.664 24734 24734 D ProjectDetailVM: ğŸ“š Loading 5 albums: [[26743] Betterments (null), [26744] Contents (null), [26741] Daily Progress (null), [26740] Damage Assessment (null), [26742] Pre-existing Damages (null)]
10-28 02:22:59.664 24734 24734 D ProjectDetailVM: ğŸš« Filtering project-scoped album Betterments (26743)
10-28 02:22:59.665 24734 24734 D ProjectDetailVM: ğŸš« Filtering project-scoped album Contents (26744)
10-28 02:22:59.665 24734 24734 D ProjectDetailVM: ğŸš« Filtering project-scoped album Daily Progress (26741)
10-28 02:22:59.665 24734 24734 D ProjectDetailVM: ğŸš« Filtering project-scoped album Damage Assessment (26740)
10-28 02:22:59.665 24734 24734 D ProjectDetailVM: ğŸš« Filtering project-scoped album Pre-existing Damages (26742)
10-28 02:22:59.818 24734 24734 D ProjectDetailVM: ğŸ“Š Data update for project 4970: 9 rooms, 5 albums, 568 photos
10-28 02:22:59.818 24734 24734 D ProjectDetailVM: âœ… Project found: 201 Faker Road
10-28 02:22:59.818 24734 24734 D ProjectDetailVM: ğŸ  Loading 9 rooms: [[5949] Basement, [5961] Bathroom, [5994] Bathroom, [5978] Bedroom, [5952] Den, [5979] Dining Room, [6007] Entire Unit, [5999] Kitchen, [6008] Pumpkin]
10-28 02:22:59.819 24734 24734 D ProjectDetailVM: ğŸ“š Loading 5 albums: [[26743] Betterments (null), [26744] Contents (null), [26741] Daily Progress (null), [26740] Damage Assessment (null), [26742] Pre-existing Damages (null)]
10-28 02:22:59.819 24734 24734 D ProjectDetailVM: ğŸš« Filtering project-scoped album Betterments (26743)
10-28 02:22:59.819 24734 24734 D ProjectDetailVM: ğŸš« Filtering project-scoped album Contents (26744)
10-28 02:22:59.819 24734 24734 D ProjectDetailVM: ğŸš« Filtering project-scoped album Daily Progress (26741)
10-28 02:22:59.819 24734 24734 D ProjectDetailVM: ğŸš« Filtering project-scoped album Damage Assessment (26740)
10-28 02:22:59.819 24734 24734 D ProjectDetailVM: ğŸš« Filtering project-scoped album Pre-existing Damages (26742)
10-28 02:23:00.160 24734 24734 D ProjectDetailVM: ğŸ“Š Data update for project 4970: 9 rooms, 5 albums, 568 photos
10-28 02:23:00.160 24734 24734 D ProjectDetailVM: âœ… Project found: 201 Faker Road
10-28 02:23:00.160 24734 24734 D ProjectDetailVM: ğŸ  Loading 9 rooms: [[5949] Basement, [5961] Bathroom, [5994] Bathroom, [5978] Bedroom, [5952] Den, [5979] Dining Room, [6007] Entire Unit, [5999] Kitchen, [6008] Pumpkin]
10-28 02:23:00.162 24734 24734 D ProjectDetailVM: ğŸ“š Loading 5 albums: [[26743] Betterments (null), [26744] Contents (null), [26741] Daily Progress (null), [26740] Damage Assessment (null), [26742] Pre-existing Damages (null)]
10-28 02:23:00.162 24734 24734 D ProjectDetailVM: ğŸš« Filtering project-scoped album Betterments (26743)
10-28 02:23:00.162 24734 24734 D ProjectDetailVM: ğŸš« Filtering project-scoped album Contents (26744)
10-28 02:23:00.162 24734 24734 D ProjectDetailVM: ğŸš« Filtering project-scoped album Daily Progress (26741)
10-28 02:23:00.162 24734 24734 D ProjectDetailVM: ğŸš« Filtering project-scoped album Damage Assessment (26740)
10-28 02:23:00.162 24734 24734 D ProjectDetailVM: ğŸš« Filtering project-scoped album Pre-existing Damages (26742)
10-28 02:23:00.317 24734 24734 D ProjectDetailVM: ğŸ“Š Data update for project 4970: 9 rooms, 5 albums, 568 photos
10-28 02:23:00.317 24734 24734 D ProjectDetailVM: âœ… Project found: 201 Faker Road
10-28 02:23:00.317 24734 24734 D ProjectDetailVM: ğŸ  Loading 9 rooms: [[5949] Basement, [5961] Bathroom, [5994] Bathroom, [5978] Bedroom, [5952] Den, [5979] Dining Room, [6007] Entire Unit, [5999] Kitchen, [6008] Pumpkin]
10-28 02:23:00.318 24734 24734 D ProjectDetailVM: ğŸ“š Loading 5 albums: [[26743] Betterments (null), [26744] Contents (null), [26741] Daily Progress (null), [26740] Damage Assessment (null), [26742] Pre-existing Damages (null)]
10-28 02:23:00.318 24734 24734 D ProjectDetailVM: ğŸš« Filtering project-scoped album Betterments (26743)
10-28 02:23:00.319 24734 24734 D ProjectDetailVM: ğŸš« Filtering project-scoped album Contents (26744)
10-28 02:23:00.319 24734 24734 D ProjectDetailVM: ğŸš« Filtering project-scoped album Daily Progress (26741)
10-28 02:23:00.319 24734 24734 D ProjectDetailVM: ğŸš« Filtering project-scoped album Damage Assessment (26740)
10-28 02:23:00.319 24734 24734 D ProjectDetailVM: ğŸš« Filtering project-scoped album Pre-existing Damages (26742)
10-28 02:23:00.345  6384  6384 E QtiRilInterface: instance = com.qualcomm.qti.internal.telephony.QtiRilInterface@3d07930
10-28 02:23:00.492 24734 24734 D ProjectDetailVM: ğŸ“Š Data update for project 4970: 9 rooms, 5 albums, 568 photos
10-28 02:23:00.492 24734 24734 D ProjectDetailVM: âœ… Project found: 201 Faker Road
10-28 02:23:00.492 24734 24734 D ProjectDetailVM: ğŸ  Loading 9 rooms: [[5949] Basement, [5961] Bathroom, [5994] Bathroom, [5978] Bedroom, [5952] Den, [5979] Dining Room, [6007] Entire Unit, [5999] Kitchen, [6008] Pumpkin]
10-28 02:23:00.493 24734 24734 D ProjectDetailVM: ğŸ“š Loading 5 albums: [[26743] Betterments (null), [26744] Contents (null), [26741] Daily Progress (null), [26740] Damage Assessment (null), [26742] Pre-existing Damages (null)]
10-28 02:23:00.493 24734 24734 D ProjectDetailVM: ğŸš« Filtering project-scoped album Betterments (26743)
10-28 02:23:00.493 24734 24734 D ProjectDetailVM: ğŸš« Filtering project-scoped album Contents (26744)
10-28 02:23:00.493 24734 24734 D ProjectDetailVM: ğŸš« Filtering project-scoped album Daily Progress (26741)
10-28 02:23:00.493 24734 24734 D ProjectDetailVM: ğŸš« Filtering project-scoped album Damage Assessment (26740)
10-28 02:23:00.493 24734 24734 D ProjectDetailVM: ğŸš« Filtering project-scoped album Pre-existing Damages (26742)
10-28 02:23:04.748  6568  6618 W QCNEJ   : |CORE| CNE received unexpected action: android.intent.action.BATTERY_CHANGED
10-28 02:23:04.752  6384  6384 E QtiImsExtUtils: getConfigForPhoneId subId is invalid
10-28 02:23:04.752  6384  6384 E QtiImsExtUtils: isCarrierConfigEnabled bundle is null
10-28 02:23:10.484  2874  2939 W FusedProxy: Odd, no component found for service com.android.location.service.FusedProvider
10-28 02:23:10.514 12348 12373 W time    : icon time = 0
10-28 02:23:14.769  6568  6618 W QCNEJ   : |CORE| CNE received unexpected action: android.intent.action.BATTERY_CHANGED
10-28 02:23:14.774  6384  6384 E QtiImsExtUtils: getConfigForPhoneId subId is invalid
10-28 02:23:14.774  6384  6384 E QtiImsExtUtils: isCarrierConfigEnabled bundle is null
10-28 02:23:16.856  2874  6368 E IzatSvc_PassiveLocListener: E/Exiting with error virtual void izat_manager::IzatPassiveLocationListener::onLocationChanged(const izat_manager::IzatLocation *, const IzatLocationStatus) line 171 "1"
10-28 02:23:21.660   502   502 E VM_BMS  : failed to set wake_lock rc=-13
10-28 02:23:21.665   502   502 E VM_BMS  : failed to wake_unlock rc=-13
10-28 02:23:24.791  6568  6618 W QCNEJ   : |CORE| CNE received unexpected action: android.intent.action.BATTERY_CHANGED
10-28 02:23:24.795  6384  6384 E QtiImsExtUtils: getConfigForPhoneId subId is invalid
10-28 02:23:24.795  6384  6384 E QtiImsExtUtils: isCarrierConfigEnabled bundle is null
10-28 02:23:26.462   347   347 E cnss-daemon: Stale or unreachable neighbors, ndm state: 4
10-28 02:23:34.810  6568  6618 W QCNEJ   : |CORE| CNE received unexpected action: android.intent.action.BATTERY_CHANGED
10-28 02:23:34.815  6384  6384 E QtiImsExtUtils: getConfigForPhoneId subId is invalid
10-28 02:23:34.815  6384  6384 E QtiImsExtUtils: isCarrierConfigEnabled bundle is null
10-28 02:23:44.830  6568  6618 W QCNEJ   : |CORE| CNE received unexpected action: android.intent.action.BATTERY_CHANGED
10-28 02:23:44.837  6384  6384 E QtiImsExtUtils: getConfigForPhoneId subId is invalid
10-28 02:23:44.837  6384  6384 E QtiImsExtUtils: isCarrierConfigEnabled bundle is null
10-28 02:23:54.850  6568  6618 W QCNEJ   : |CORE| CNE received unexpected action: android.intent.action.BATTERY_CHANGED
10-28 02:23:54.855  6384  6384 E QtiImsExtUtils: getConfigForPhoneId subId is invalid
10-28 02:23:54.855  6384  6384 E QtiImsExtUtils: isCarrierConfigEnabled bundle is null
10-28 02:24:04.870  6568  6618 W QCNEJ   : |CORE| CNE received unexpected action: android.intent.action.BATTERY_CHANGED
10-28 02:24:04.875  6384  6384 E QtiImsExtUtils: getConfigForPhoneId subId is invalid
10-28 02:24:04.875  6384  6384 E QtiImsExtUtils: isCarrierConfigEnabled bundle is null
10-28 02:24:09.806   502   502 E VM_BMS  : failed to set wake_lock rc=-13
10-28 02:24:09.811   502   502 E VM_BMS  : failed to wake_unlock rc=-13
10-28 02:24:14.891  6568  6618 W QCNEJ   : |CORE| CNE received unexpected action: android.intent.action.BATTERY_CHANGED
10-28 02:24:14.899  6384  6384 E QtiImsExtUtils: getConfigForPhoneId subId is invalid
10-28 02:24:14.899  6384  6384 E QtiImsExtUtils: isCarrierConfigEnabled bundle is null
10-28 02:24:16.856  2874  6368 E IzatSvc_PassiveLocListener: E/Exiting with error virtual void izat_manager::IzatPassiveLocationListener::onLocationChanged(const izat_manager::IzatLocation *, const IzatLocationStatus) line 171 "1"
10-28 02:24:24.911  6568  6618 W QCNEJ   : |CORE| CNE received unexpected action: android.intent.action.BATTERY_CHANGED
10-28 02:24:24.919  6384  6384 E QtiImsExtUtils: getConfigForPhoneId subId is invalid
10-28 02:24:24.919  6384  6384 E QtiImsExtUtils: isCarrierConfigEnabled bundle is null
10-28 02:24:27.450 25883 25883 W ResourceType: ResTable_typeSpec entry count inconsistent: given 225, previously 258
10-28 02:24:27.450 25883 25883 W ResourceType: ResTable_typeSpec entry count inconsistent: given 5666, previously 5667
10-28 02:24:30.073   564  7673 E LOWI-7.7.2.5.b: [LOWIUtils] channelBandToFreq: Invalid band,channel = 1,0
10-28 02:24:30.074   564  7673 E LOWI-7.7.2.5.b: [LOWIUtils] channelBandToFreq: Invalid band,channel = 1,0
10-28 02:24:30.075   564  7673 E LOWI-7.7.2.5.b: [LOWIUtils] channelBandToFreq: Invalid band,channel = 1,0
10-28 02:24:30.089   564  7673 E LOWI-7.7.2.5.b: [LOWIUtils] channelBandToFreq: Invalid band,channel = 1,0
10-28 02:24:30.090   564  7673 E LOWI-7.7.2.5.b: [LOWIUtils] channelBandToFreq: Invalid band,channel = 1,0
10-28 02:24:30.090   564  7673 E LOWI-7.7.2.5.b: [LOWIUtils] channelBandToFreq: Invalid band,channel = 1,0
10-28 02:24:30.107   566   651 W XTCC-5.1.0.19-a: [LOWIUtils] to_eScanTypeResponse - default case
10-28 02:24:30.107   566   651 W XTCC-5.1.0.19-a: [WifiScanner] WiFi scan result : [11] AP's
10-28 02:24:30.242 25883 25911 W PlayCommon: [5788] No account for auth token provided
10-28 02:24:32.962   347   347 E cnss-daemon: gateway mac address: %02x:%02x:%02x:%02x:%02x:%02x
10-28 02:24:32.962   347   347 E cnss-daemon: : 00:00:00:00:00:00
10-28 02:24:32.962   347   347 E cnss-daemon: Invalid mac address: 0xb32a7e6cM
10-28 02:24:34.931  6568  6618 W QCNEJ   : |CORE| CNE received unexpected action: android.intent.action.BATTERY_CHANGED
10-28 02:24:34.939  6384  6384 E QtiImsExtUtils: getConfigForPhoneId subId is invalid
10-28 02:24:34.939  6384  6384 E QtiImsExtUtils: isCarrierConfigEnabled bundle is null
10-28 02:24:38.302   347   347 E cnss-daemon: Stale or unreachable neighbors, ndm state: 4
10-28 02:24:44.950  6568  6618 W QCNEJ   : |CORE| CNE received unexpected action: android.intent.action.BATTERY_CHANGED
10-28 02:24:44.955  6384  6384 E QtiImsExtUtils: getConfigForPhoneId subId is invalid
10-28 02:24:44.955  6384  6384 E QtiImsExtUtils: isCarrierConfigEnabled bundle is null
10-28 02:24:57.955   502   502 E VM_BMS  : failed to set wake_lock rc=-13
10-28 02:24:57.961   502   502 E VM_BMS  : failed to wake_unlock rc=-13
10-28 02:25:00.137  2874  5975 E ConnectivityService: RemoteException caught trying to send a callback msg for NetworkRequest [ TRACK_DEFAULT id=1367, [ Capabilities: INTERNET&NOT_RESTRICTED&TRUSTED&NOT_VPN] ]
10-28 02:25:00.140  6384  6384 E QtiRilInterface: instance = com.qualcomm.qti.internal.telephony.QtiRilInterface@3d07930
10-28 02:25:04.987  6568  6618 W QCNEJ   : |CORE| CNE received unexpected action: android.intent.action.BATTERY_CHANGED
10-28 02:25:04.992  6384  6384 E QtiImsExtUtils: getConfigForPhoneId subId is invalid
10-28 02:25:04.992  6384  6384 E QtiImsExtUtils: isCarrierConfigEnabled bundle is null
10-28 02:25:15.013  6568  6618 W QCNEJ   : |CORE| CNE received unexpected action: android.intent.action.BATTERY_CHANGED
10-28 02:25:15.016  6384  6384 E QtiImsExtUtils: getConfigForPhoneId subId is invalid
10-28 02:25:15.016  6384  6384 E QtiImsExtUtils: isCarrierConfigEnabled bundle is null
10-28 02:25:16.856  2874  6368 E IzatSvc_PassiveLocListener: E/Exiting with error virtual void izat_manager::IzatPassiveLocationListener::onLocationChanged(const izat_manager::IzatLocation *, const IzatLocationStatus) line 171 "1"
10-28 02:25:25.032  6568  6618 W QCNEJ   : |CORE| CNE received unexpected action: android.intent.action.BATTERY_CHANGED
10-28 02:25:25.036  6384  6384 E QtiImsExtUtils: getConfigForPhoneId subId is invalid
10-28 02:25:25.036  6384  6384 E QtiImsExtUtils: isCarrierConfigEnabled bundle is null
10-28 02:25:35.051  6568  6618 W QCNEJ   : |CORE| CNE received unexpected action: android.intent.action.BATTERY_CHANGED
10-28 02:25:35.055  6384  6384 E QtiImsExtUtils: getConfigForPhoneId subId is invalid
10-28 02:25:35.055  6384  6384 E QtiImsExtUtils: isCarrierConfigEnabled bundle is null
10-28 02:25:46.097   502   502 E VM_BMS  : failed to set wake_lock rc=-13
10-28 02:25:46.102   502   502 E VM_BMS  : failed to wake_unlock rc=-13
10-28 02:25:55.090  6568  6618 W QCNEJ   : |CORE| CNE received unexpected action: android.intent.action.BATTERY_CHANGED
10-28 02:25:55.095  6384  6384 E QtiImsExtUtils: getConfigForPhoneId subId is invalid
10-28 02:25:55.095  6384  6384 E QtiImsExtUtils: isCarrierConfigEnabled bundle is null
10-28 02:26:05.107  6568  6618 W QCNEJ   : |CORE| CNE received unexpected action: android.intent.action.BATTERY_CHANGED
10-28 02:26:05.112  6384  6384 E QtiImsExtUtils: getConfigForPhoneId subId is invalid
10-28 02:26:05.112  6384  6384 E QtiImsExtUtils: isCarrierConfigEnabled bundle is null
10-28 02:26:15.130  6568  6618 W QCNEJ   : |CORE| CNE received unexpected action: android.intent.action.BATTERY_CHANGED
10-28 02:26:15.136  6384  6384 E QtiImsExtUtils: getConfigForPhoneId subId is invalid
10-28 02:26:15.136  6384  6384 E QtiImsExtUtils: isCarrierConfigEnabled bundle is null
10-28 02:26:16.856  2874  6368 E IzatSvc_PassiveLocListener: E/Exiting with error virtual void izat_manager::IzatPassiveLocationListener::onLocationChanged(const izat_manager::IzatLocation *, const IzatLocationStatus) line 171 "1"
10-28 02:26:25.152  6568  6618 W QCNEJ   : |CORE| CNE received unexpected action: android.intent.action.BATTERY_CHANGED
10-28 02:26:25.156  6384  6384 E QtiImsExtUtils: getConfigForPhoneId subId is invalid
10-28 02:26:25.156  6384  6384 E QtiImsExtUtils: isCarrierConfigEnabled bundle is null
10-28 02:26:31.172   347   347 E cnss-daemon: Stale or unreachable neighbors, ndm state: 16
10-28 02:26:34.246   502   502 E VM_BMS  : failed to set wake_lock rc=-13
10-28 02:26:34.250   502   502 E VM_BMS  : failed to wake_unlock rc=-13
10-28 02:26:34.282  6568  6618 W QCNEJ   : |CORE| CNE received unexpected action: android.intent.action.BATTERY_CHANGED
10-28 02:26:34.289  6384  6384 E QtiImsExtUtils: getConfigForPhoneId subId is invalid
10-28 02:26:34.289  6384  6384 E QtiImsExtUtils: isCarrierConfigEnabled bundle is null
10-28 02:26:34.294  6568  6618 W QCNEJ   : |CORE| CNE received unexpected action: android.intent.action.BATTERY_CHANGED
10-28 02:26:34.298  2874  2943 E BatteryStatsService: no controller energy info supplied
10-28 02:26:34.298  2874  2943 E BatteryStatsService: no controller energy info supplied
10-28 02:26:34.299  6384  6384 E QtiImsExtUtils: getConfigForPhoneId subId is invalid
10-28 02:26:34.299  6384  6384 E QtiImsExtUtils: isCarrierConfigEnabled bundle is null
10-28 02:26:34.321  6568  6618 W QCNEJ   : |CORE| CNE received unexpected action: android.intent.action.BATTERY_CHANGED
10-28 02:26:34.323  6384  6384 E QtiImsExtUtils: getConfigForPhoneId subId is invalid
10-28 02:26:34.323  6384  6384 E QtiImsExtUtils: isCarrierConfigEnabled bundle is null
10-28 02:26:34.333  2874  2943 E BatteryStatsService: modem info is invalid: ModemActivityInfo{ mTimestamp=0 mSleepTimeMs=0 mIdleTimeMs=0 mTxTimeMs[]=[0, 0, 0, 0, 0] mRxTimeMs=0 mEnergyUsed=0}
10-28 02:26:35.180  6568  6618 W QCNEJ   : |CORE| CNE received unexpected action: android.intent.action.BATTERY_CHANGED
10-28 02:26:35.184  6384  6384 E QtiImsExtUtils: getConfigForPhoneId subId is invalid
10-28 02:26:35.184  6384  6384 E QtiImsExtUtils: isCarrierConfigEnabled bundle is null
10-28 02:26:39.142   347   347 E cnss-daemon: Stale or unreachable neighbors, ndm state: 4
10-28 02:26:45.211  6568  6618 W QCNEJ   : |CORE| CNE received unexpected action: android.intent.action.BATTERY_CHANGED
10-28 02:26:45.215  6384  6384 E QtiImsExtUtils: getConfigForPhoneId subId is invalid
10-28 02:26:45.215  6384  6384 E QtiImsExtUtils: isCarrierConfigEnabled bundle is null
10-28 02:26:50.522   347   347 E cnss-daemon: Stale or unreachable neighbors, ndm state: 16
10-28 02:26:55.234  6568  6618 W QCNEJ   : |CORE| CNE received unexpected action: android.intent.action.BATTERY_CHANGED
10-28 02:26:55.240  6384  6384 E QtiImsExtUtils: getConfigForPhoneId subId is invalid
10-28 02:26:55.240  6384  6384 E QtiImsExtUtils: isCarrierConfigEnabled bundle is null
10-28 02:26:58.482   347   347 E cnss-daemon: Stale or unreachable neighbors, ndm state: 4
10-28 02:27:05.250  6568  6618 W QCNEJ   : |CORE| CNE received unexpected action: android.intent.action.BATTERY_CHANGED
10-28 02:27:05.254  6384  6384 E QtiImsExtUtils: getConfigForPhoneId subId is invalid
10-28 02:27:05.254  6384  6384 E QtiImsExtUtils: isCarrierConfigEnabled bundle is null
10-28 02:27:15.143  2874  5959 E NetdConnector: yingjie i: 39 ,start: 0
10-28 02:27:15.270  6568  6618 W QCNEJ   : |CORE| CNE received unexpected action: android.intent.action.BATTERY_CHANGED
10-28 02:27:15.275  6384  6384 E QtiImsExtUtils: getConfigForPhoneId subId is invalid
10-28 02:27:15.275  6384  6384 E QtiImsExtUtils: isCarrierConfigEnabled bundle is null
10-28 02:27:15.319  2874  5959 E NetdConnector: yingjie i: 37 ,start: 0
10-28 02:27:16.856  2874  6368 E IzatSvc_PassiveLocListener: E/Exiting with error virtual void izat_manager::IzatPassiveLocationListener::onLocationChanged(const izat_manager::IzatLocation *, const IzatLocationStatus) line 171 "1"
10-28 02:27:17.956   564  7673 E LOWI-7.7.2.5.b: [LOWIUtils] channelBandToFreq: Invalid band,channel = 1,0
10-28 02:27:17.957   564  7673 E LOWI-7.7.2.5.b: [LOWIUtils] channelBandToFreq: Invalid band,channel = 1,0
10-28 02:27:17.957   564  7673 E LOWI-7.7.2.5.b: [LOWIUtils] channelBandToFreq: Invalid band,channel = 1,0
10-28 02:27:17.957   564  7673 E LOWI-7.7.2.5.b: [LOWIUtils] channelBandToFreq: Invalid band,channel = 1,0
10-28 02:27:17.958   564  7673 E LOWI-7.7.2.5.b: [LOWIUtils] channelBandToFreq: Invalid band,channel = 1,0
10-28 02:27:17.971   564  7673 E LOWI-7.7.2.5.b: [LOWIUtils] channelBandToFreq: Invalid band,channel = 1,0
10-28 02:27:17.972   564  7673 E LOWI-7.7.2.5.b: [LOWIUtils] channelBandToFreq: Invalid band,channel = 1,0
10-28 02:27:17.972   564  7673 E LOWI-7.7.2.5.b: [LOWIUtils] channelBandToFreq: Invalid band,channel = 1,0
10-28 02:27:17.972   564  7673 E LOWI-7.7.2.5.b: [LOWIUtils] channelBandToFreq: Invalid band,channel = 1,0
10-28 02:27:17.973   564  7673 E LOWI-7.7.2.5.b: [LOWIUtils] channelBandToFreq: Invalid band,channel = 1,0
10-28 02:27:17.995   566   651 W XTCC-5.1.0.19-a: [LOWIUtils] to_eScanTypeResponse - default case
10-28 02:27:17.995   566   651 W XTCC-5.1.0.19-a: [WifiScanner] WiFi scan result : [18] AP's
10-28 02:27:22.384   502   502 E VM_BMS  : failed to set wake_lock rc=-13
10-28 02:27:22.389   502   502 E VM_BMS  : failed to wake_unlock rc=-13
10-28 02:27:22.421  6568  6618 W QCNEJ   : |CORE| CNE received unexpected action: android.intent.action.BATTERY_CHANGED
10-28 02:27:22.426  6384  6384 E QtiImsExtUtils: getConfigForPhoneId subId is invalid
10-28 02:27:22.426  6384  6384 E QtiImsExtUtils: isCarrierConfigEnabled bundle is null
10-28 02:27:22.440  6568  6618 W QCNEJ   : |CORE| CNE received unexpected action: android.intent.action.BATTERY_CHANGED
10-28 02:27:22.443  6384  6384 E QtiImsExtUtils: getConfigForPhoneId subId is invalid
10-28 02:27:22.443  6384  6384 E QtiImsExtUtils: isCarrierConfigEnabled bundle is null
10-28 02:27:25.290  6568  6618 W QCNEJ   : |CORE| CNE received unexpected action: android.intent.action.BATTERY_CHANGED
10-28 02:27:25.295  6384  6384 E QtiImsExtUtils: getConfigForPhoneId subId is invalid
10-28 02:27:25.295  6384  6384 E QtiImsExtUtils: isCarrierConfigEnabled bundle is null
10-28 02:27:35.310  6568  6618 W QCNEJ   : |CORE| CNE received unexpected action: android.intent.action.BATTERY_CHANGED
10-28 02:27:35.314  6384  6384 E QtiImsExtUtils: getConfigForPhoneId subId is invalid
10-28 02:27:35.315  6384  6384 E QtiImsExtUtils: isCarrierConfigEnabled bundle is null
10-28 02:27:45.332  6568  6618 W QCNEJ   : |CORE| CNE received unexpected action: android.intent.action.BATTERY_CHANGED
10-28 02:27:45.337  6384  6384 E QtiImsExtUtils: getConfigForPhoneId subId is invalid
10-28 02:27:45.337  6384  6384 E QtiImsExtUtils: isCarrierConfigEnabled bundle is null
10-28 02:27:50.232   347   347 E cnss-daemon: Stale or unreachable neighbors, ndm state: 16
10-28 02:27:55.350  6568  6618 W QCNEJ   : |CORE| CNE received unexpected action: android.intent.action.BATTERY_CHANGED
10-28 02:27:55.357  6384  6384 E QtiImsExtUtils: getConfigForPhoneId subId is invalid
10-28 02:27:55.357  6384  6384 E QtiImsExtUtils: isCarrierConfigEnabled bundle is null
10-28 02:27:59.822   347   347 E cnss-daemon: Stale or unreachable neighbors, ndm state: 4
10-28 02:28:05.222   347   347 E cnss-daemon: gateway mac address: %02x:%02x:%02x:%02x:%02x:%02x
10-28 02:28:05.222   347   347 E cnss-daemon: : 00:00:00:00:00:00
10-28 02:28:05.222   347   347 E cnss-daemon: Invalid mac address: 0xb32a7e6cM
10-28 02:28:08.172   347   347 E cnss-daemon: Stale or unreachable neighbors, ndm state: 4
10-28 02:28:10.533   502   502 E VM_BMS  : failed to set wake_lock rc=-13
10-28 02:28:10.538   502   502 E VM_BMS  : failed to wake_unlock rc=-13
10-28 02:28:15.390  6568  6618 W QCNEJ   : |CORE| CNE received unexpected action: android.intent.action.BATTERY_CHANGED
10-28 02:28:15.394  6384  6384 E QtiImsExtUtils: getConfigForPhoneId subId is invalid
10-28 02:28:15.394  6384  6384 E QtiImsExtUtils: isCarrierConfigEnabled bundle is null
10-28 02:28:16.860  2874  6368 E IzatSvc_PassiveLocListener: E/Exiting with error virtual void izat_manager::IzatPassiveLocationListener::onLocationChanged(const izat_manager::IzatLocation *, const IzatLocationStatus) line 171 "1"
10-28 02:28:24.691 19444 26551 E AbstractLogEventBuilder: The provided ProductIdOrigin 3 is not one of the process-level expected values: 1 or 2
10-28 02:28:24.729 19444 26551 W Settings: Setting install_non_market_apps has moved from android.provider.Settings.Global to android.provider.Settings.Secure, returning read-only value.
10-28 02:28:25.227 19444 19493 E AbstractLogEventBuilder: The provided ProductIdOrigin 3 is not one of the process-level expected values: 1 or 2
10-28 02:28:25.408  6568  6618 W QCNEJ   : |CORE| CNE received unexpected action: android.intent.action.BATTERY_CHANGED
10-28 02:28:25.415  6384  6384 E QtiImsExtUtils: getConfigForPhoneId subId is invalid
10-28 02:28:25.415  6384  6384 E QtiImsExtUtils: isCarrierConfigEnabled bundle is null
10-28 02:28:25.437 19444 19493 E Finsky  : [5010] 5 file not found
10-28 02:28:25.441 19444 19493 E Finsky  : [5010] APK Analysis allow list check failed; APK Analysis will be skipped!
10-28 02:28:25.441 19444 19493 E Finsky  : com.google.android.finsky.verifier.apkanalysis.client.ApkAnalysisException: DOWNLOAD_FILE_NOT_FOUND_EXCEPTION while analyzing APK
10-28 02:28:25.441 19444 19493 E Finsky  : 	at axac.d(PG:447)
10-28 02:28:25.441 19444 19493 E Finsky  : 	at axab.b(PG:372)
10-28 02:28:25.441 19444 19493 E Finsky  : 	at axab.a(PG:13)
10-28 02:28:25.441 19444 19493 E Finsky  : 	at org.chromium.net.AndroidNetworkLibrary.w(PG:14)
10-28 02:28:25.441 19444 19493 E Finsky  : 	at org.chromium.net.AndroidNetworkLibrary.v(PG:2)
10-28 02:28:25.441 19444 19493 E Finsky  : 	at bvew.aZ(PG:10)
10-28 02:28:25.441 19444 19493 E Finsky  : 	at axbm.b(PG:641)
10-28 02:28:25.441 19444 19493 E Finsky  : 	at axbm.a(PG:324)
10-28 02:28:25.441 19444 19493 E Finsky  : 	at org.chromium.net.AndroidNetworkLibrary.w(PG:14)
10-28 02:28:25.441 19444 19493 E Finsky  : 	at bvaf.p(PG:28)
10-28 02:28:25.441 19444 19493 E Finsky  : 	at bvaf.h(PG:12)
10-28 02:28:25.441 19444 19493 E Finsky  : 	at axgm.a(PG:106)
10-28 02:28:25.441 19444 19493 E Finsky  : 	at axbm.b(PG:598)
10-28 02:28:25.441 19444 19493 E Finsky  : 	at buyd.ok(PG:6)
10-28 02:28:25.441 19444 19493 E Finsky  : 	at bvff.run(PG:109)
10-28 02:28:25.441 19444 19493 E Finsky  : 	at java.util.concurrent.ThreadPoolExecutor.runWorker(ThreadPoolExecutor.java:1133)
10-28 02:28:25.441 19444 19493 E Finsky  : 	at java.util.concurrent.ThreadPoolExecutor$Worker.run(ThreadPoolExecutor.java:607)
10-28 02:28:25.441 19444 19493 E Finsky  : 	at qqi.run(PG:412)
10-28 02:28:25.441 19444 19493 E Finsky  : 	at java.lang.Thread.run(Thread.java:761)
10-28 02:28:25.445 19444 19493 E AbstractLogEventBuilder: The provided ProductIdOrigin 3 is not one of the process-level expected values: 1 or 2
10-28 02:28:25.447 19444 19493 E Finsky  : [5010] Logging timeout report message
10-28 02:28:25.447 19444 19493 E Finsky  : com.google.android.finsky.verifier.apkanalysis.client.ApkAnalysisException: DOWNLOAD_FILE_NOT_FOUND_EXCEPTION while analyzing APK
10-28 02:28:25.447 19444 19493 E Finsky  : 	at axac.d(PG:447)
10-28 02:28:25.447 19444 19493 E Finsky  : 	at axab.b(PG:372)
10-28 02:28:25.447 19444 19493 E Finsky  : 	at axab.a(PG:13)
10-28 02:28:25.447 19444 19493 E Finsky  : 	at org.chromium.net.AndroidNetworkLibrary.w(PG:14)
10-28 02:28:25.447 19444 19493 E Finsky  : 	at org.chromium.net.AndroidNetworkLibrary.v(PG:2)
10-28 02:28:25.447 19444 19493 E Finsky  : 	at bvew.aZ(PG:10)
10-28 02:28:25.447 19444 19493 E Finsky  : 	at axbm.b(PG:641)
10-28 02:28:25.447 19444 19493 E Finsky  : 	at axbm.a(PG:324)
10-28 02:28:25.447 19444 19493 E Finsky  : 	at org.chromium.net.AndroidNetworkLibrary.w(PG:14)
10-28 02:28:25.447 19444 19493 E Finsky  : 	at bvaf.p(PG:28)
10-28 02:28:25.447 19444 19493 E Finsky  : 	at bvaf.h(PG:12)
10-28 02:28:25.447 19444 19493 E Finsky  : 	at axgm.a(PG:106)
10-28 02:28:25.447 19444 19493 E Finsky  : 	at axbm.b(PG:598)
10-28 02:28:25.447 19444 19493 E Finsky  : 	at buyd.ok(PG:6)
10-28 02:28:25.447 19444 19493 E Finsky  : 	at bvff.run(PG:109)
10-28 02:28:25.447 19444 19493 E Finsky  : 	at java.util.concurrent.ThreadPoolExecutor.runWorker(ThreadPoolExecutor.java:1133)
10-28 02:28:25.447 19444 19493 E Finsky  : 	at java.util.concurrent.ThreadPoolExecutor$Worker.run(ThreadPoolExecutor.java:607)
10-28 02:28:25.447 19444 19493 E Finsky  : 	at qqi.run(PG:412)
10-28 02:28:25.447 19444 19493 E Finsky  : 	at java.lang.Thread.run(Thread.java:761)
10-28 02:28:25.448 19444 19493 E Finsky  : [5010] VerifyApps: APK Analysis scan failed for com.example.rocketplan_android
10-28 02:28:25.448 19444 19493 E Finsky  : com.google.android.finsky.verifier.apkanalysis.client.ApkAnalysisException: DOWNLOAD_FILE_NOT_FOUND_EXCEPTION while analyzing APK
10-28 02:28:25.448 19444 19493 E Finsky  : 	at axac.d(PG:447)
10-28 02:28:25.448 19444 19493 E Finsky  : 	at axab.b(PG:372)
10-28 02:28:25.448 19444 19493 E Finsky  : 	at axab.a(PG:13)
10-28 02:28:25.448 19444 19493 E Finsky  : 	at org.chromium.net.AndroidNetworkLibrary.w(PG:14)
10-28 02:28:25.448 19444 19493 E Finsky  : 	at org.chromium.net.AndroidNetworkLibrary.v(PG:2)
10-28 02:28:25.448 19444 19493 E Finsky  : 	at bvew.aZ(PG:10)
10-28 02:28:25.448 19444 19493 E Finsky  : 	at axbm.b(PG:641)
10-28 02:28:25.448 19444 19493 E Finsky  : 	at axbm.a(PG:324)
10-28 02:28:25.448 19444 19493 E Finsky  : 	at org.chromium.net.AndroidNetworkLibrary.w(PG:14)
10-28 02:28:25.448 19444 19493 E Finsky  : 	at bvaf.p(PG:28)
10-28 02:28:25.448 19444 19493 E Finsky  : 	at bvaf.h(PG:12)
10-28 02:28:25.448 19444 19493 E Finsky  : 	at axgm.a(PG:106)
10-28 02:28:25.448 19444 19493 E Finsky  : 	at axbm.b(PG:598)
10-28 02:28:25.448 19444 19493 E Finsky  : 	at buyd.ok(PG:6)
10-28 02:28:25.448 19444 19493 E Finsky  : 	at bvff.run(PG:109)
10-28 02:28:25.448 19444 19493 E Finsky  : 	at java.util.concurrent.ThreadPoolExecutor.runWorker(ThreadPoolExecutor.java:1133)
10-28 02:28:25.448 19444 19493 E Finsky  : 	at java.util.concurrent.ThreadPoolExecutor$Worker.run(ThreadPoolExecutor.java:607)
10-28 02:28:25.448 19444 19493 E Finsky  : 	at qqi.run(PG:412)
10-28 02:28:25.448 19444 19493 E Finsky  : 	at java.lang.Thread.run(Thread.java:761)
10-28 02:28:25.466 19444 19498 E AbstractLogEventBuilder: The provided ProductIdOrigin 3 is not one of the process-level expected values: 1 or 2
10-28 02:28:25.697 19444 19444 E AbstractLogEventBuilder: The provided ProductIdOrigin 3 is not one of the process-level expected values: 1 or 2
10-28 02:28:25.709 19444 26551 E AbstractLogEventBuilder: The provided ProductIdOrigin 3 is not one of the process-level expected values: 1 or 2
10-28 02:28:25.724 19444 26551 E Finsky  : [5413] Package name null is not an installed package
10-28 02:28:25.756 19444 26551 E AbstractLogEventBuilder: The provided ProductIdOrigin 3 is not one of the process-level expected values: 1 or 2
10-28 02:28:25.759 19444 19493 E AbstractLogEventBuilder: The provided ProductIdOrigin 3 is not one of the process-level expected values: 1 or 2
10-28 02:28:25.776  2874  2952 W PackageManager: Package com.example.rocketplan_android desires unavailable shared library androidx.window.extensions; ignoring!
