--------- beginning of main
10-28 02:22:44.880 24734 24778 D API     : INFO [syncProjectGraph] Location 37836 has no rooms (404)
10-28 02:22:44.880 24734 24778 D API     : ğŸ” [syncProjectGraph] fetchRoomsForLocation(37836) returned 0 rooms
10-28 02:22:44.881 24734 24778 D API     : âš ï¸ [syncProjectGraph] No rooms to save for location 37836 (empty list)
10-28 02:22:45.008 24734 24734 D ProjectDetailVM: ğŸ“Š Data update for project 4970: 9 rooms, 5 albums, 568 photos
10-28 02:22:45.008 24734 24734 D ProjectDetailVM: âœ… Project found: 201 Faker Road
10-28 02:22:45.008 24734 24734 D ProjectDetailVM: ğŸ  Loading 9 rooms: [[5949] Basement, [5961] Bathroom, [5994] Bathroom, [5978] Bedroom, [5952] Den, [5979] Dining Room, [6007] Entire Unit, [5999] Kitchen, [6008] Pumpkin]
10-28 02:22:45.009 24734 24734 D ProjectDetailVM: ğŸ“š Loading 5 albums: [[26743] Betterments (null), [26744] Contents (null), [26741] Daily Progress (null), [26740] Damage Assessment (null), [26742] Pre-existing Damages (null)]
10-28 02:22:45.009 24734 24734 D ProjectDetailVM: ğŸš« Filtering project-scoped album Betterments (26743)
10-28 02:22:45.010 24734 24734 D ProjectDetailVM: ğŸš« Filtering project-scoped album Contents (26744)
10-28 02:22:45.010 24734 24734 D ProjectDetailVM: ğŸš« Filtering project-scoped album Daily Progress (26741)
10-28 02:22:45.010 24734 24734 D ProjectDetailVM: ğŸš« Filtering project-scoped album Damage Assessment (26740)
10-28 02:22:45.010 24734 24734 D ProjectDetailVM: ğŸš« Filtering project-scoped album Pre-existing Damages (26742)
10-28 02:22:45.167 24734 24734 D ProjectDetailVM: ğŸ“Š Data update for project 4970: 9 rooms, 5 albums, 568 photos
10-28 02:22:45.167 24734 24734 D ProjectDetailVM: âœ… Project found: 201 Faker Road
10-28 02:22:45.167 24734 24734 D ProjectDetailVM: ğŸ  Loading 9 rooms: [[5949] Basement, [5961] Bathroom, [5994] Bathroom, [5978] Bedroom, [5952] Den, [5979] Dining Room, [6007] Entire Unit, [5999] Kitchen, [6008] Pumpkin]
10-28 02:22:45.168 24734 24734 D ProjectDetailVM: ğŸ“š Loading 5 albums: [[26743] Betterments (null), [26744] Contents (null), [26741] Daily Progress (null), [26740] Damage Assessment (null), [26742] Pre-existing Damages (null)]
10-28 02:22:45.169 24734 24734 D ProjectDetailVM: ğŸš« Filtering project-scoped album Betterments (26743)
10-28 02:22:45.169 24734 24734 D ProjectDetailVM: ğŸš« Filtering project-scoped album Contents (26744)
10-28 02:22:45.169 24734 24734 D ProjectDetailVM: ğŸš« Filtering project-scoped album Daily Progress (26741)
10-28 02:22:45.169 24734 24734 D ProjectDetailVM: ğŸš« Filtering project-scoped album Damage Assessment (26740)
10-28 02:22:45.169 24734 24734 D ProjectDetailVM: ğŸš« Filtering project-scoped album Pre-existing Damages (26742)
10-28 02:22:45.300 24734 25172 D API     : INFO [syncProjectGraph] Location 37837 has no rooms (404)
10-28 02:22:45.301 24734 25172 D API     : ğŸ” [syncProjectGraph] fetchRoomsForLocation(37837) returned 0 rooms
10-28 02:22:45.301 24734 25172 D API     : âš ï¸ [syncProjectGraph] No rooms to save for location 37837 (empty list)
10-28 02:22:45.332 24734 24734 D ProjectDetailVM: ğŸ“Š Data update for project 4970: 9 rooms, 5 albums, 568 photos
10-28 02:22:45.332 24734 24734 D ProjectDetailVM: âœ… Project found: 201 Faker Road
10-28 02:22:45.332 24734 24734 D ProjectDetailVM: ğŸ  Loading 9 rooms: [[5949] Basement, [5961] Bathroom, [5994] Bathroom, [5978] Bedroom, [5952] Den, [5979] Dining Room, [6007] Entire Unit, [5999] Kitchen, [6008] Pumpkin]
10-28 02:22:45.333 24734 24734 D ProjectDetailVM: ğŸ“š Loading 5 albums: [[26743] Betterments (null), [26744] Contents (null), [26741] Daily Progress (null), [26740] Damage Assessment (null), [26742] Pre-existing Damages (null)]
10-28 02:22:45.333 24734 24734 D ProjectDetailVM: ğŸš« Filtering project-scoped album Betterments (26743)
10-28 02:22:45.333 24734 24734 D ProjectDetailVM: ğŸš« Filtering project-scoped album Contents (26744)
10-28 02:22:45.333 24734 24734 D ProjectDetailVM: ğŸš« Filtering project-scoped album Daily Progress (26741)
10-28 02:22:45.333 24734 24734 D ProjectDetailVM: ğŸš« Filtering project-scoped album Damage Assessment (26740)
10-28 02:22:45.333 24734 24734 D ProjectDetailVM: ğŸš« Filtering project-scoped album Pre-existing Damages (26742)
10-28 02:22:45.507 24734 24734 D ProjectDetailVM: ğŸ“Š Data update for project 4970: 9 rooms, 5 albums, 568 photos
10-28 02:22:45.507 24734 24734 D ProjectDetailVM: âœ… Project found: 201 Faker Road
10-28 02:22:45.508 24734 24734 D ProjectDetailVM: ğŸ  Loading 9 rooms: [[5949] Basement, [5961] Bathroom, [5994] Bathroom, [5978] Bedroom, [5952] Den, [5979] Dining Room, [6007] Entire Unit, [5999] Kitchen, [6008] Pumpkin]
10-28 02:22:45.508 24734 24734 D ProjectDetailVM: ğŸ“š Loading 5 albums: [[26743] Betterments (null), [26744] Contents (null), [26741] Daily Progress (null), [26740] Damage Assessment (null), [26742] Pre-existing Damages (null)]
10-28 02:22:45.509 24734 24734 D ProjectDetailVM: ğŸš« Filtering project-scoped album Betterments (26743)
10-28 02:22:45.509 24734 24734 D ProjectDetailVM: ğŸš« Filtering project-scoped album Contents (26744)
10-28 02:22:45.509 24734 24734 D ProjectDetailVM: ğŸš« Filtering project-scoped album Daily Progress (26741)
10-28 02:22:45.509 24734 24734 D ProjectDetailVM: ğŸš« Filtering project-scoped album Damage Assessment (26740)
10-28 02:22:45.509 24734 24734 D ProjectDetailVM: ğŸš« Filtering project-scoped album Pre-existing Damages (26742)
10-28 02:22:45.649 24734 25172 D API     : INFO [syncProjectGraph] Location 37838 has no rooms (404)
10-28 02:22:45.649 24734 25172 D API     : ğŸ” [syncProjectGraph] fetchRoomsForLocation(37838) returned 0 rooms
10-28 02:22:45.649 24734 25172 D API     : âš ï¸ [syncProjectGraph] No rooms to save for location 37838 (empty list)
10-28 02:22:45.665 24734 24734 D ProjectDetailVM: ğŸ“Š Data update for project 4970: 9 rooms, 5 albums, 568 photos
10-28 02:22:45.665 24734 24734 D ProjectDetailVM: âœ… Project found: 201 Faker Road
10-28 02:22:45.666 24734 24734 D ProjectDetailVM: ğŸ  Loading 9 rooms: [[5949] Basement, [5961] Bathroom, [5994] Bathroom, [5978] Bedroom, [5952] Den, [5979] Dining Room, [6007] Entire Unit, [5999] Kitchen, [6008] Pumpkin]
10-28 02:22:45.667 24734 24734 D ProjectDetailVM: ğŸ“š Loading 5 albums: [[26743] Betterments (null), [26744] Contents (null), [26741] Daily Progress (null), [26740] Damage Assessment (null), [26742] Pre-existing Damages (null)]
10-28 02:22:45.667 24734 24734 D ProjectDetailVM: ğŸš« Filtering project-scoped album Betterments (26743)
10-28 02:22:45.667 24734 24734 D ProjectDetailVM: ğŸš« Filtering project-scoped album Contents (26744)
10-28 02:22:45.667 24734 24734 D ProjectDetailVM: ğŸš« Filtering project-scoped album Daily Progress (26741)
10-28 02:22:45.667 24734 24734 D ProjectDetailVM: ğŸš« Filtering project-scoped album Damage Assessment (26740)
10-28 02:22:45.667 24734 24734 D ProjectDetailVM: ğŸš« Filtering project-scoped album Pre-existing Damages (26742)
10-28 02:22:45.828 24734 24734 D ProjectDetailVM: ğŸ“Š Data update for project 4970: 9 rooms, 5 albums, 568 photos
10-28 02:22:45.828 24734 24734 D ProjectDetailVM: âœ… Project found: 201 Faker Road
10-28 02:22:45.828 24734 24734 D ProjectDetailVM: ğŸ  Loading 9 rooms: [[5949] Basement, [5961] Bathroom, [5994] Bathroom, [5978] Bedroom, [5952] Den, [5979] Dining Room, [6007] Entire Unit, [5999] Kitchen, [6008] Pumpkin]
10-28 02:22:45.829 24734 24734 D ProjectDetailVM: ğŸ“š Loading 5 albums: [[26743] Betterments (null), [26744] Contents (null), [26741] Daily Progress (null), [26740] Damage Assessment (null), [26742] Pre-existing Damages (null)]
10-28 02:22:45.829 24734 24734 D ProjectDetailVM: ğŸš« Filtering project-scoped album Betterments (26743)
10-28 02:22:45.829 24734 24734 D ProjectDetailVM: ğŸš« Filtering project-scoped album Contents (26744)
10-28 02:22:45.829 24734 24734 D ProjectDetailVM: ğŸš« Filtering project-scoped album Daily Progress (26741)
10-28 02:22:45.829 24734 24734 D ProjectDetailVM: ğŸš« Filtering project-scoped album Damage Assessment (26740)
10-28 02:22:45.829 24734 24734 D ProjectDetailVM: ğŸš« Filtering project-scoped album Pre-existing Damages (26742)
10-28 02:22:45.989 24734 24734 D ProjectDetailVM: ğŸ“Š Data update for project 4970: 9 rooms, 5 albums, 568 photos
10-28 02:22:45.989 24734 24734 D ProjectDetailVM: âœ… Project found: 201 Faker Road
10-28 02:22:45.989 24734 24734 D ProjectDetailVM: ğŸ  Loading 9 rooms: [[5949] Basement, [5961] Bathroom, [5994] Bathroom, [5978] Bedroom, [5952] Den, [5979] Dining Room, [6007] Entire Unit, [5999] Kitchen, [6008] Pumpkin]
10-28 02:22:45.990 24734 24734 D ProjectDetailVM: ğŸ“š Loading 5 albums: [[26743] Betterments (null), [26744] Contents (null), [26741] Daily Progress (null), [26740] Damage Assessment (null), [26742] Pre-existing Damages (null)]
10-28 02:22:45.990 24734 24734 D ProjectDetailVM: ğŸš« Filtering project-scoped album Betterments (26743)
10-28 02:22:45.991 24734 24734 D ProjectDetailVM: ğŸš« Filtering project-scoped album Contents (26744)
10-28 02:22:45.991 24734 24734 D ProjectDetailVM: ğŸš« Filtering project-scoped album Daily Progress (26741)
10-28 02:22:45.991 24734 24734 D ProjectDetailVM: ğŸš« Filtering project-scoped album Damage Assessment (26740)
10-28 02:22:45.991 24734 24734 D ProjectDetailVM: ğŸš« Filtering project-scoped album Pre-existing Damages (26742)
10-28 02:22:46.035 24734 24776 D API     : âœ… [syncProjectGraph] Fetched 1 rooms for location 3970 (page 1)
10-28 02:22:46.035 24734 24776 D API     : ğŸ” [DEBUG] Room payload - id: 5948, name: null, title: null, roomType.name: Basement, level.name: Main Level
10-28 02:22:46.035 24734 24776 D API     : ğŸ” [syncProjectGraph] fetchRoomsForLocation(3970) returned 1 rooms
10-28 02:22:46.046 24734 24778 D API     : ğŸ’¾ [syncProjectGraph] Saved 1 rooms for location 3970 to database
10-28 02:22:46.046 24734 24778 D API     : ğŸ  [syncProjectGraph] Total rooms collected: 1
10-28 02:22:46.046 24734 24778 D API     : ğŸ“¸ [syncProjectGraph] Fetching photos for 1 rooms
10-28 02:22:46.050 24734 24734 D ProjectDetailVM: ğŸ“Š Data update for project 4970: 9 rooms, 5 albums, 568 photos
10-28 02:22:46.050 24734 24734 D ProjectDetailVM: âœ… Project found: 201 Faker Road
10-28 02:22:46.051 24734 24734 D ProjectDetailVM: ğŸ  Loading 9 rooms: [[5949] Basement, [5961] Bathroom, [5994] Bathroom, [5978] Bedroom, [5952] Den, [5979] Dining Room, [6007] Entire Unit, [5999] Kitchen, [6008] Pumpkin]
10-28 02:22:46.052 24734 24734 D ProjectDetailVM: ğŸ“š Loading 5 albums: [[26743] Betterments (null), [26744] Contents (null), [26741] Daily Progress (null), [26740] Damage Assessment (null), [26742] Pre-existing Damages (null)]
10-28 02:22:46.052 24734 24734 D ProjectDetailVM: ğŸš« Filtering project-scoped album Betterments (26743)
10-28 02:22:46.052 24734 24734 D ProjectDetailVM: ğŸš« Filtering project-scoped album Contents (26744)
10-28 02:22:46.052 24734 24734 D ProjectDetailVM: ğŸš« Filtering project-scoped album Daily Progress (26741)
10-28 02:22:46.052 24734 24734 D ProjectDetailVM: ğŸš« Filtering project-scoped album Damage Assessment (26740)
10-28 02:22:46.052 24734 24734 D ProjectDetailVM: ğŸš« Filtering project-scoped album Pre-existing Damages (26742)
10-28 02:22:46.173 24734 24734 D ProjectDetailVM: ğŸ“Š Data update for project 4970: 9 rooms, 5 albums, 568 photos
10-28 02:22:46.173 24734 24734 D ProjectDetailVM: âœ… Project found: 201 Faker Road
10-28 02:22:46.173 24734 24734 D ProjectDetailVM: ğŸ  Loading 9 rooms: [[5949] Basement, [5961] Bathroom, [5994] Bathroom, [5978] Bedroom, [5952] Den, [5979] Dining Room, [6007] Entire Unit, [5999] Kitchen, [6008] Pumpkin]
10-28 02:22:46.174 24734 24734 D ProjectDetailVM: ğŸ“š Loading 5 albums: [[26743] Betterments (null), [26744] Contents (null), [26741] Daily Progress (null), [26740] Damage Assessment (null), [26742] Pre-existing Damages (null)]
10-28 02:22:46.174 24734 24734 D ProjectDetailVM: ğŸš« Filtering project-scoped album Betterments (26743)
10-28 02:22:46.174 24734 24734 D ProjectDetailVM: ğŸš« Filtering project-scoped album Contents (26744)
10-28 02:22:46.174 24734 24734 D ProjectDetailVM: ğŸš« Filtering project-scoped album Daily Progress (26741)
10-28 02:22:46.174 24734 24734 D ProjectDetailVM: ğŸš« Filtering project-scoped album Damage Assessment (26740)
10-28 02:22:46.174 24734 24734 D ProjectDetailVM: ğŸš« Filtering project-scoped album Pre-existing Damages (26742)
10-28 02:22:46.337 24734 24734 D ProjectDetailVM: ğŸ“Š Data update for project 4970: 9 rooms, 5 albums, 568 photos
10-28 02:22:46.337 24734 24734 D ProjectDetailVM: âœ… Project found: 201 Faker Road
10-28 02:22:46.337 24734 24734 D ProjectDetailVM: ğŸ  Loading 9 rooms: [[5949] Basement, [5961] Bathroom, [5994] Bathroom, [5978] Bedroom, [5952] Den, [5979] Dining Room, [6007] Entire Unit, [5999] Kitchen, [6008] Pumpkin]
10-28 02:22:46.338 24734 24734 D ProjectDetailVM: ğŸ“š Loading 5 albums: [[26743] Betterments (null), [26744] Contents (null), [26741] Daily Progress (null), [26740] Damage Assessment (null), [26742] Pre-existing Damages (null)]
10-28 02:22:46.339 24734 24734 D ProjectDetailVM: ğŸš« Filtering project-scoped album Betterments (26743)
10-28 02:22:46.339 24734 24734 D ProjectDetailVM: ğŸš« Filtering project-scoped album Contents (26744)
10-28 02:22:46.339 24734 24734 D ProjectDetailVM: ğŸš« Filtering project-scoped album Daily Progress (26741)
10-28 02:22:46.339 24734 24734 D ProjectDetailVM: ğŸš« Filtering project-scoped album Damage Assessment (26740)
10-28 02:22:46.339 24734 24734 D ProjectDetailVM: ğŸš« Filtering project-scoped album Pre-existing Damages (26742)
10-28 02:22:46.368 24734 24778 D API     : INFO [syncProjectGraph] No photos returned for room 5948
--------- beginning of system
10-28 02:22:46.472  2874  5959 E NetdConnector: yingjie i: 33 ,start: 0
10-28 02:22:46.495  2874  5959 E NetdConnector: yingjie i: 39 ,start: 0
10-28 02:22:46.514 24734 24734 D ProjectDetailVM: ğŸ“Š Data update for project 4970: 9 rooms, 5 albums, 568 photos
10-28 02:22:46.514 24734 24734 D ProjectDetailVM: âœ… Project found: 201 Faker Road
10-28 02:22:46.514 24734 24734 D ProjectDetailVM: ğŸ  Loading 9 rooms: [[5949] Basement, [5961] Bathroom, [5994] Bathroom, [5978] Bedroom, [5952] Den, [5979] Dining Room, [6007] Entire Unit, [5999] Kitchen, [6008] Pumpkin]
10-28 02:22:46.515 24734 24734 D ProjectDetailVM: ğŸ“š Loading 5 albums: [[26743] Betterments (null), [26744] Contents (null), [26741] Daily Progress (null), [26740] Damage Assessment (null), [26742] Pre-existing Damages (null)]
10-28 02:22:46.515 24734 24734 D ProjectDetailVM: ğŸš« Filtering project-scoped album Betterments (26743)
10-28 02:22:46.515 24734 24734 D ProjectDetailVM: ğŸš« Filtering project-scoped album Contents (26744)
10-28 02:22:46.515 24734 24734 D ProjectDetailVM: ğŸš« Filtering project-scoped album Daily Progress (26741)
10-28 02:22:46.515 24734 24734 D ProjectDetailVM: ğŸš« Filtering project-scoped album Damage Assessment (26740)
10-28 02:22:46.515 24734 24734 D ProjectDetailVM: ğŸš« Filtering project-scoped album Pre-existing Damages (26742)
10-28 02:22:46.563  2874  5959 E NetdConnector: yingjie i: 37 ,start: 0
10-28 02:22:46.684 24734 24734 D ProjectDetailVM: ğŸ“Š Data update for project 4970: 9 rooms, 5 albums, 568 photos
10-28 02:22:46.684 24734 24734 D ProjectDetailVM: âœ… Project found: 201 Faker Road
10-28 02:22:46.684 24734 24734 D ProjectDetailVM: ğŸ  Loading 9 rooms: [[5949] Basement, [5961] Bathroom, [5994] Bathroom, [5978] Bedroom, [5952] Den, [5979] Dining Room, [6007] Entire Unit, [5999] Kitchen, [6008] Pumpkin]
10-28 02:22:46.685 24734 24734 D ProjectDetailVM: ğŸ“š Loading 5 albums: [[26743] Betterments (null), [26744] Contents (null), [26741] Daily Progress (null), [26740] Damage Assessment (null), [26742] Pre-existing Damages (null)]
10-28 02:22:46.685 24734 24734 D ProjectDetailVM: ğŸš« Filtering project-scoped album Betterments (26743)
10-28 02:22:46.685 24734 24734 D ProjectDetailVM: ğŸš« Filtering project-scoped album Contents (26744)
10-28 02:22:46.685 24734 24734 D ProjectDetailVM: ğŸš« Filtering project-scoped album Daily Progress (26741)
10-28 02:22:46.685 24734 24734 D ProjectDetailVM: ğŸš« Filtering project-scoped album Damage Assessment (26740)
10-28 02:22:46.685 24734 24734 D ProjectDetailVM: ğŸš« Filtering project-scoped album Pre-existing Damages (26742)
10-28 02:22:46.847 24734 24734 D ProjectDetailVM: ğŸ“Š Data update for project 4970: 9 rooms, 5 albums, 568 photos
10-28 02:22:46.847 24734 24734 D ProjectDetailVM: âœ… Project found: 201 Faker Road
10-28 02:22:46.847 24734 24734 D ProjectDetailVM: ğŸ  Loading 9 rooms: [[5949] Basement, [5961] Bathroom, [5994] Bathroom, [5978] Bedroom, [5952] Den, [5979] Dining Room, [6007] Entire Unit, [5999] Kitchen, [6008] Pumpkin]
10-28 02:22:46.848 24734 24734 D ProjectDetailVM: ğŸ“š Loading 5 albums: [[26743] Betterments (null), [26744] Contents (null), [26741] Daily Progress (null), [26740] Damage Assessment (null), [26742] Pre-existing Damages (null)]
10-28 02:22:46.848 24734 24734 D ProjectDetailVM: ğŸš« Filtering project-scoped album Betterments (26743)
10-28 02:22:46.848 24734 24734 D ProjectDetailVM: ğŸš« Filtering project-scoped album Contents (26744)
10-28 02:22:46.848 24734 24734 D ProjectDetailVM: ğŸš« Filtering project-scoped album Daily Progress (26741)
10-28 02:22:46.848 24734 24734 D ProjectDetailVM: ğŸš« Filtering project-scoped album Damage Assessment (26740)
10-28 02:22:46.848 24734 24734 D ProjectDetailVM: ğŸš« Filtering project-scoped album Pre-existing Damages (26742)
10-28 02:22:46.900  6384  6384 E QtiRilInterface: instance = com.qualcomm.qti.internal.telephony.QtiRilInterface@3d07930
10-28 02:22:47.009 24734 24734 D ProjectDetailVM: ğŸ“Š Data update for project 4970: 9 rooms, 5 albums, 568 photos
10-28 02:22:47.009 24734 24734 D ProjectDetailVM: âœ… Project found: 201 Faker Road
10-28 02:22:47.009 24734 24734 D ProjectDetailVM: ğŸ  Loading 9 rooms: [[5949] Basement, [5961] Bathroom, [5994] Bathroom, [5978] Bedroom, [5952] Den, [5979] Dining Room, [6007] Entire Unit, [5999] Kitchen, [6008] Pumpkin]
10-28 02:22:47.010 24734 24734 D ProjectDetailVM: ğŸ“š Loading 5 albums: [[26743] Betterments (null), [26744] Contents (null), [26741] Daily Progress (null), [26740] Damage Assessment (null), [26742] Pre-existing Damages (null)]
10-28 02:22:47.010 24734 24734 D ProjectDetailVM: ğŸš« Filtering project-scoped album Betterments (26743)
10-28 02:22:47.010 24734 24734 D ProjectDetailVM: ğŸš« Filtering project-scoped album Contents (26744)
10-28 02:22:47.010 24734 24734 D ProjectDetailVM: ğŸš« Filtering project-scoped album Daily Progress (26741)
10-28 02:22:47.010 24734 24734 D ProjectDetailVM: ğŸš« Filtering project-scoped album Damage Assessment (26740)
10-28 02:22:47.010 24734 24734 D ProjectDetailVM: ğŸš« Filtering project-scoped album Pre-existing Damages (26742)
10-28 02:22:47.161 24734 24734 D ProjectDetailVM: ğŸ“Š Data update for project 4970: 9 rooms, 5 albums, 568 photos
10-28 02:22:47.162 24734 24734 D ProjectDetailVM: âœ… Project found: 201 Faker Road
10-28 02:22:47.162 24734 24734 D ProjectDetailVM: ğŸ  Loading 9 rooms: [[5949] Basement, [5961] Bathroom, [5994] Bathroom, [5978] Bedroom, [5952] Den, [5979] Dining Room, [6007] Entire Unit, [5999] Kitchen, [6008] Pumpkin]
10-28 02:22:47.163 24734 24734 D ProjectDetailVM: ğŸ“š Loading 5 albums: [[26743] Betterments (null), [26744] Contents (null), [26741] Daily Progress (null), [26740] Damage Assessment (null), [26742] Pre-existing Damages (null)]
10-28 02:22:47.163 24734 24734 D ProjectDetailVM: ğŸš« Filtering project-scoped album Betterments (26743)
10-28 02:22:47.163 24734 24734 D ProjectDetailVM: ğŸš« Filtering project-scoped album Contents (26744)
10-28 02:22:47.163 24734 24734 D ProjectDetailVM: ğŸš« Filtering project-scoped album Daily Progress (26741)
10-28 02:22:47.163 24734 24734 D ProjectDetailVM: ğŸš« Filtering project-scoped album Damage Assessment (26740)
10-28 02:22:47.163 24734 24734 D ProjectDetailVM: ğŸš« Filtering project-scoped album Pre-existing Damages (26742)
10-28 02:22:51.375 24734 25172 D API     : ğŸ“š [syncProjectGraph] Fetched 5 albums from API
10-28 02:22:51.376 24734 25172 D API     :    Album[26730] 'Damage Assessment' type=null
10-28 02:22:51.376 24734 25172 D API     :    Album[26731] 'Daily Progress' type=null
10-28 02:22:51.376 24734 25172 D API     :    Album[26732] 'Pre-existing Damages' type=null
10-28 02:22:51.376 24734 25172 D API     :    Album[26733] 'Contents' type=null
10-28 02:22:51.376 24734 25172 D API     :    Album[26734] 'Betterments' type=null
10-28 02:22:51.402 24734 25172 D API     : ğŸ“š [syncProjectGraph] Saved 5 albums (photo counts will be calculated from database)
10-28 02:22:51.402 24734 25172 D API     : âœ… [syncProjectGraph] Sync completed for project 4968 - Locations: 6, Rooms: 1
10-28 02:22:51.403 24734 24734 D ProjectDetailVM: ğŸ“Š Data update for project 4970: 9 rooms, 5 albums, 568 photos
10-28 02:22:51.403 24734 24734 D ProjectDetailVM: âœ… Project found: 201 Faker Road
10-28 02:22:51.403 24734 24734 D ProjectDetailVM: ğŸ  Loading 9 rooms: [[5949] Basement, [5961] Bathroom, [5994] Bathroom, [5978] Bedroom, [5952] Den, [5979] Dining Room, [6007] Entire Unit, [5999] Kitchen, [6008] Pumpkin]
10-28 02:22:51.404 24734 24734 D ProjectDetailVM: ğŸ“š Loading 5 albums: [[26743] Betterments (null), [26744] Contents (null), [26741] Daily Progress (null), [26740] Damage Assessment (null), [26742] Pre-existing Damages (null)]
10-28 02:22:51.405 24734 24734 D ProjectDetailVM: ğŸš« Filtering project-scoped album Betterments (26743)
10-28 02:22:51.405 24734 24734 D ProjectDetailVM: ğŸš« Filtering project-scoped album Contents (26744)
10-28 02:22:51.405 24734 24734 D ProjectDetailVM: ğŸš« Filtering project-scoped album Daily Progress (26741)
10-28 02:22:51.405 24734 24734 D ProjectDetailVM: ğŸš« Filtering project-scoped album Damage Assessment (26740)
10-28 02:22:51.405 24734 24734 D ProjectDetailVM: ğŸš« Filtering project-scoped album Pre-existing Damages (26742)
10-28 02:22:51.469  6384  6384 E QtiRilInterface: instance = com.qualcomm.qti.internal.telephony.QtiRilInterface@3d07930
10-28 02:22:51.854 24734 24734 D ProjectDetailVM: ğŸ“Š Data update for project 4970: 9 rooms, 5 albums, 568 photos
10-28 02:22:51.854 24734 24734 D ProjectDetailVM: âœ… Project found: 201 Faker Road
10-28 02:22:51.854 24734 24734 D ProjectDetailVM: ğŸ  Loading 9 rooms: [[5949] Basement, [5961] Bathroom, [5994] Bathroom, [5978] Bedroom, [5952] Den, [5979] Dining Room, [6007] Entire Unit, [5999] Kitchen, [6008] Pumpkin]
10-28 02:22:51.855 24734 24734 D ProjectDetailVM: ğŸ“š Loading 5 albums: [[26743] Betterments (null), [26744] Contents (null), [26741] Daily Progress (null), [26740] Damage Assessment (null), [26742] Pre-existing Damages (null)]
10-28 02:22:51.855 24734 24734 D ProjectDetailVM: ğŸš« Filtering project-scoped album Betterments (26743)
10-28 02:22:51.855 24734 24734 D ProjectDetailVM: ğŸš« Filtering project-scoped album Contents (26744)
10-28 02:22:51.855 24734 24734 D ProjectDetailVM: ğŸš« Filtering project-scoped album Daily Progress (26741)
10-28 02:22:51.856 24734 24734 D ProjectDetailVM: ğŸš« Filtering project-scoped album Damage Assessment (26740)
10-28 02:22:51.856 24734 24734 D ProjectDetailVM: ğŸš« Filtering project-scoped album Pre-existing Damages (26742)
10-28 02:22:52.211 24734 24734 D ProjectDetailVM: ğŸ“Š Data update for project 4970: 9 rooms, 5 albums, 568 photos
10-28 02:22:52.211 24734 24734 D ProjectDetailVM: âœ… Project found: 201 Faker Road
10-28 02:22:52.211 24734 24734 D ProjectDetailVM: ğŸ  Loading 9 rooms: [[5949] Basement, [5961] Bathroom, [5994] Bathroom, [5978] Bedroom, [5952] Den, [5979] Dining Room, [6007] Entire Unit, [5999] Kitchen, [6008] Pumpkin]
10-28 02:22:52.212 24734 24734 D ProjectDetailVM: ğŸ“š Loading 5 albums: [[26743] Betterments (null), [26744] Contents (null), [26741] Daily Progress (null), [26740] Damage Assessment (null), [26742] Pre-existing Damages (null)]
10-28 02:22:52.213 24734 24734 D ProjectDetailVM: ğŸš« Filtering project-scoped album Betterments (26743)
10-28 02:22:52.213 24734 24734 D ProjectDetailVM: ğŸš« Filtering project-scoped album Contents (26744)
10-28 02:22:52.213 24734 24734 D ProjectDetailVM: ğŸš« Filtering project-scoped album Daily Progress (26741)
10-28 02:22:52.213 24734 24734 D ProjectDetailVM: ğŸš« Filtering project-scoped album Damage Assessment (26740)
10-28 02:22:52.213 24734 24734 D ProjectDetailVM: ğŸš« Filtering project-scoped album Pre-existing Damages (26742)
10-28 02:22:52.372 24734 24734 D ProjectDetailVM: ğŸ“Š Data update for project 4970: 9 rooms, 5 albums, 568 photos
10-28 02:22:52.372 24734 24734 D ProjectDetailVM: âœ… Project found: 201 Faker Road
10-28 02:22:52.373 24734 24734 D ProjectDetailVM: ğŸ  Loading 9 rooms: [[5949] Basement, [5961] Bathroom, [5994] Bathroom, [5978] Bedroom, [5952] Den, [5979] Dining Room, [6007] Entire Unit, [5999] Kitchen, [6008] Pumpkin]
10-28 02:22:52.374 24734 24734 D ProjectDetailVM: ğŸ“š Loading 5 albums: [[26743] Betterments (null), [26744] Contents (null), [26741] Daily Progress (null), [26740] Damage Assessment (null), [26742] Pre-existing Damages (null)]
10-28 02:22:52.374 24734 24734 D ProjectDetailVM: ğŸš« Filtering project-scoped album Betterments (26743)
10-28 02:22:52.374 24734 24734 D ProjectDetailVM: ğŸš« Filtering project-scoped album Contents (26744)
10-28 02:22:52.374 24734 24734 D ProjectDetailVM: ğŸš« Filtering project-scoped album Daily Progress (26741)
10-28 02:22:52.374 24734 24734 D ProjectDetailVM: ğŸš« Filtering project-scoped album Damage Assessment (26740)
10-28 02:22:52.374 24734 24734 D ProjectDetailVM: ğŸš« Filtering project-scoped album Pre-existing Damages (26742)
10-28 02:22:52.590  2874  2939 W FusedProxy: Odd, no component found for service com.android.location.service.FusedProvider
10-28 02:22:52.601 24734 24734 D ProjectDetailVM: ğŸ“Š Data update for project 4970: 9 rooms, 5 albums, 568 photos
10-28 02:22:52.601 24734 24734 D ProjectDetailVM: âœ… Project found: 201 Faker Road
10-28 02:22:52.602 24734 24734 D ProjectDetailVM: ğŸ  Loading 9 rooms: [[5949] Basement, [5961] Bathroom, [5994] Bathroom, [5978] Bedroom, [5952] Den, [5979] Dining Room, [6007] Entire Unit, [5999] Kitchen, [6008] Pumpkin]
10-28 02:22:52.602 24734 24734 D ProjectDetailVM: ğŸ“š Loading 5 albums: [[26743] Betterments (null), [26744] Contents (null), [26741] Daily Progress (null), [26740] Damage Assessment (null), [26742] Pre-existing Damages (null)]
10-28 02:22:52.603 24734 24734 D ProjectDetailVM: ğŸš« Filtering project-scoped album Betterments (26743)
10-28 02:22:52.603 24734 24734 D ProjectDetailVM: ğŸš« Filtering project-scoped album Contents (26744)
10-28 02:22:52.603 24734 24734 D ProjectDetailVM: ğŸš« Filtering project-scoped album Daily Progress (26741)
10-28 02:22:52.603 24734 24734 D ProjectDetailVM: ğŸš« Filtering project-scoped album Damage Assessment (26740)
10-28 02:22:52.603 24734 24734 D ProjectDetailVM: ğŸš« Filtering project-scoped album Pre-existing Damages (26742)
10-28 02:22:52.616 12348 12373 W time    : icon time = 0
10-28 02:22:52.770 24734 24734 D ProjectDetailVM: ğŸ“Š Data update for project 4970: 9 rooms, 5 albums, 568 photos
10-28 02:22:52.770 24734 24734 D ProjectDetailVM: âœ… Project found: 201 Faker Road
10-28 02:22:52.771 24734 24734 D ProjectDetailVM: ğŸ  Loading 9 rooms: [[5949] Basement, [5961] Bathroom, [5994] Bathroom, [5978] Bedroom, [5952] Den, [5979] Dining Room, [6007] Entire Unit, [5999] Kitchen, [6008] Pumpkin]
10-28 02:22:52.772 24734 24734 D ProjectDetailVM: ğŸ“š Loading 5 albums: [[26743] Betterments (null), [26744] Contents (null), [26741] Daily Progress (null), [26740] Damage Assessment (null), [26742] Pre-existing Damages (null)]
10-28 02:22:52.772 24734 24734 D ProjectDetailVM: ğŸš« Filtering project-scoped album Betterments (26743)
10-28 02:22:52.772 24734 24734 D ProjectDetailVM: ğŸš« Filtering project-scoped album Contents (26744)
10-28 02:22:52.772 24734 24734 D ProjectDetailVM: ğŸš« Filtering project-scoped album Daily Progress (26741)
10-28 02:22:52.772 24734 24734 D ProjectDetailVM: ğŸš« Filtering project-scoped album Damage Assessment (26740)
10-28 02:22:52.772 24734 24734 D ProjectDetailVM: ğŸš« Filtering project-scoped album Pre-existing Damages (26742)
10-28 02:22:52.936 24734 24734 D ProjectDetailVM: ğŸ“Š Data update for project 4970: 9 rooms, 5 albums, 568 photos
10-28 02:22:52.936 24734 24734 D ProjectDetailVM: âœ… Project found: 201 Faker Road
10-28 02:22:52.937 24734 24734 D ProjectDetailVM: ğŸ  Loading 9 rooms: [[5949] Basement, [5961] Bathroom, [5994] Bathroom, [5978] Bedroom, [5952] Den, [5979] Dining Room, [6007] Entire Unit, [5999] Kitchen, [6008] Pumpkin]
10-28 02:22:52.938 24734 24734 D ProjectDetailVM: ğŸ“š Loading 5 albums: [[26743] Betterments (null), [26744] Contents (null), [26741] Daily Progress (null), [26740] Damage Assessment (null), [26742] Pre-existing Damages (null)]
10-28 02:22:52.938 24734 24734 D ProjectDetailVM: ğŸš« Filtering project-scoped album Betterments (26743)
10-28 02:22:52.938 24734 24734 D ProjectDetailVM: ğŸš« Filtering project-scoped album Contents (26744)
10-28 02:22:52.938 24734 24734 D ProjectDetailVM: ğŸš« Filtering project-scoped album Daily Progress (26741)
10-28 02:22:52.938 24734 24734 D ProjectDetailVM: ğŸš« Filtering project-scoped album Damage Assessment (26740)
10-28 02:22:52.938 24734 24734 D ProjectDetailVM: ğŸš« Filtering project-scoped album Pre-existing Damages (26742)
10-28 02:22:53.103 24734 24734 D ProjectDetailVM: ğŸ“Š Data update for project 4970: 9 rooms, 5 albums, 568 photos
10-28 02:22:53.104 24734 24734 D ProjectDetailVM: âœ… Project found: 201 Faker Road
10-28 02:22:53.104 24734 24734 D ProjectDetailVM: ğŸ  Loading 9 rooms: [[5949] Basement, [5961] Bathroom, [5994] Bathroom, [5978] Bedroom, [5952] Den, [5979] Dining Room, [6007] Entire Unit, [5999] Kitchen, [6008] Pumpkin]
10-28 02:22:53.105 24734 24734 D ProjectDetailVM: ğŸ“š Loading 5 albums: [[26743] Betterments (null), [26744] Contents (null), [26741] Daily Progress (null), [26740] Damage Assessment (null), [26742] Pre-existing Damages (null)]
10-28 02:22:53.105 24734 24734 D ProjectDetailVM: ğŸš« Filtering project-scoped album Betterments (26743)
10-28 02:22:53.105 24734 24734 D ProjectDetailVM: ğŸš« Filtering project-scoped album Contents (26744)
10-28 02:22:53.105 24734 24734 D ProjectDetailVM: ğŸš« Filtering project-scoped album Daily Progress (26741)
10-28 02:22:53.105 24734 24734 D ProjectDetailVM: ğŸš« Filtering project-scoped album Damage Assessment (26740)
10-28 02:22:53.105 24734 24734 D ProjectDetailVM: ğŸš« Filtering project-scoped album Pre-existing Damages (26742)
10-28 02:22:53.353 24734 24734 D ProjectDetailVM: ğŸ“Š Data update for project 4970: 9 rooms, 5 albums, 568 photos
10-28 02:22:53.353 24734 24734 D ProjectDetailVM: âœ… Project found: 201 Faker Road
10-28 02:22:53.353 24734 24734 D ProjectDetailVM: ğŸ  Loading 9 rooms: [[5949] Basement, [5961] Bathroom, [5994] Bathroom, [5978] Bedroom, [5952] Den, [5979] Dining Room, [6007] Entire Unit, [5999] Kitchen, [6008] Pumpkin]
10-28 02:22:53.354 24734 24734 D ProjectDetailVM: ğŸ“š Loading 5 albums: [[26743] Betterments (null), [26744] Contents (null), [26741] Daily Progress (null), [26740] Damage Assessment (null), [26742] Pre-existing Damages (null)]
10-28 02:22:53.354 24734 24734 D ProjectDetailVM: ğŸš« Filtering project-scoped album Betterments (26743)
10-28 02:22:53.354 24734 24734 D ProjectDetailVM: ğŸš« Filtering project-scoped album Contents (26744)
10-28 02:22:53.354 24734 24734 D ProjectDetailVM: ğŸš« Filtering project-scoped album Daily Progress (26741)
10-28 02:22:53.354 24734 24734 D ProjectDetailVM: ğŸš« Filtering project-scoped album Damage Assessment (26740)
10-28 02:22:53.354 24734 24734 D ProjectDetailVM: ğŸš« Filtering project-scoped album Pre-existing Damages (26742)
10-28 02:22:53.523 24734 24734 D ProjectDetailVM: ğŸ“Š Data update for project 4970: 9 rooms, 5 albums, 568 photos
10-28 02:22:53.523 24734 24734 D ProjectDetailVM: âœ… Project found: 201 Faker Road
10-28 02:22:53.523 24734 24734 D ProjectDetailVM: ğŸ  Loading 9 rooms: [[5949] Basement, [5961] Bathroom, [5994] Bathroom, [5978] Bedroom, [5952] Den, [5979] Dining Room, [6007] Entire Unit, [5999] Kitchen, [6008] Pumpkin]
10-28 02:22:53.524 24734 24734 D ProjectDetailVM: ğŸ“š Loading 5 albums: [[26743] Betterments (null), [26744] Contents (null), [26741] Daily Progress (null), [26740] Damage Assessment (null), [26742] Pre-existing Damages (null)]
10-28 02:22:53.524 24734 24734 D ProjectDetailVM: ğŸš« Filtering project-scoped album Betterments (26743)
10-28 02:22:53.524 24734 24734 D ProjectDetailVM: ğŸš« Filtering project-scoped album Contents (26744)
10-28 02:22:53.524 24734 24734 D ProjectDetailVM: ğŸš« Filtering project-scoped album Daily Progress (26741)
10-28 02:22:53.524 24734 24734 D ProjectDetailVM: ğŸš« Filtering project-scoped album Damage Assessment (26740)
10-28 02:22:53.524 24734 24734 D ProjectDetailVM: ğŸš« Filtering project-scoped album Pre-existing Damages (26742)
10-28 02:22:53.678 24734 24734 D ProjectDetailVM: ğŸ“Š Data update for project 4970: 9 rooms, 5 albums, 568 photos
10-28 02:22:53.679 24734 24734 D ProjectDetailVM: âœ… Project found: 201 Faker Road
10-28 02:22:53.679 24734 24734 D ProjectDetailVM: ğŸ  Loading 9 rooms: [[5949] Basement, [5961] Bathroom, [5994] Bathroom, [5978] Bedroom, [5952] Den, [5979] Dining Room, [6007] Entire Unit, [5999] Kitchen, [6008] Pumpkin]
10-28 02:22:53.680 24734 24734 D ProjectDetailVM: ğŸ“š Loading 5 albums: [[26743] Betterments (null), [26744] Contents (null), [26741] Daily Progress (null), [26740] Damage Assessment (null), [26742] Pre-existing Damages (null)]
10-28 02:22:53.680 24734 24734 D ProjectDetailVM: ğŸš« Filtering project-scoped album Betterments (26743)
10-28 02:22:53.680 24734 24734 D ProjectDetailVM: ğŸš« Filtering project-scoped album Contents (26744)
10-28 02:22:53.680 24734 24734 D ProjectDetailVM: ğŸš« Filtering project-scoped album Daily Progress (26741)
10-28 02:22:53.680 24734 24734 D ProjectDetailVM: ğŸš« Filtering project-scoped album Damage Assessment (26740)
10-28 02:22:53.680 24734 24734 D ProjectDetailVM: ğŸš« Filtering project-scoped album Pre-existing Damages (26742)
10-28 02:22:54.175 24734 24734 D ProjectDetailVM: ğŸ“Š Data update for project 4970: 9 rooms, 5 albums, 568 photos
10-28 02:22:54.175 24734 24734 D ProjectDetailVM: âœ… Project found: 201 Faker Road
10-28 02:22:54.175 24734 24734 D ProjectDetailVM: ğŸ  Loading 9 rooms: [[5949] Basement, [5961] Bathroom, [5994] Bathroom, [5978] Bedroom, [5952] Den, [5979] Dining Room, [6007] Entire Unit, [5999] Kitchen, [6008] Pumpkin]
10-28 02:22:54.176 24734 24734 D ProjectDetailVM: ğŸ“š Loading 5 albums: [[26743] Betterments (null), [26744] Contents (null), [26741] Daily Progress (null), [26740] Damage Assessment (null), [26742] Pre-existing Damages (null)]
10-28 02:22:54.176 24734 24734 D ProjectDetailVM: ğŸš« Filtering project-scoped album Betterments (26743)
10-28 02:22:54.176 24734 24734 D ProjectDetailVM: ğŸš« Filtering project-scoped album Contents (26744)
10-28 02:22:54.176 24734 24734 D ProjectDetailVM: ğŸš« Filtering project-scoped album Daily Progress (26741)
10-28 02:22:54.176 24734 24734 D ProjectDetailVM: ğŸš« Filtering project-scoped album Damage Assessment (26740)
10-28 02:22:54.176 24734 24734 D ProjectDetailVM: ğŸš« Filtering project-scoped album Pre-existing Damages (26742)
10-28 02:22:54.333 24734 24734 D ProjectDetailVM: ğŸ“Š Data update for project 4970: 9 rooms, 5 albums, 568 photos
10-28 02:22:54.333 24734 24734 D ProjectDetailVM: âœ… Project found: 201 Faker Road
10-28 02:22:54.334 24734 24734 D ProjectDetailVM: ğŸ  Loading 9 rooms: [[5949] Basement, [5961] Bathroom, [5994] Bathroom, [5978] Bedroom, [5952] Den, [5979] Dining Room, [6007] Entire Unit, [5999] Kitchen, [6008] Pumpkin]
10-28 02:22:54.335 24734 24734 D ProjectDetailVM: ğŸ“š Loading 5 albums: [[26743] Betterments (null), [26744] Contents (null), [26741] Daily Progress (null), [26740] Damage Assessment (null), [26742] Pre-existing Damages (null)]
10-28 02:22:54.335 24734 24734 D ProjectDetailVM: ğŸš« Filtering project-scoped album Betterments (26743)
10-28 02:22:54.336 24734 24734 D ProjectDetailVM: ğŸš« Filtering project-scoped album Contents (26744)
10-28 02:22:54.336 24734 24734 D ProjectDetailVM: ğŸš« Filtering project-scoped album Daily Progress (26741)
10-28 02:22:54.336 24734 24734 D ProjectDetailVM: ğŸš« Filtering project-scoped album Damage Assessment (26740)
10-28 02:22:54.336 24734 24734 D ProjectDetailVM: ğŸš« Filtering project-scoped album Pre-existing Damages (26742)
10-28 02:22:54.498 24734 24734 D ProjectDetailVM: ğŸ“Š Data update for project 4970: 9 rooms, 5 albums, 568 photos
10-28 02:22:54.498 24734 24734 D ProjectDetailVM: âœ… Project found: 201 Faker Road
10-28 02:22:54.498 24734 24734 D ProjectDetailVM: ğŸ  Loading 9 rooms: [[5949] Basement, [5961] Bathroom, [5994] Bathroom, [5978] Bedroom, [5952] Den, [5979] Dining Room, [6007] Entire Unit, [5999] Kitchen, [6008] Pumpkin]
10-28 02:22:54.499 24734 24734 D ProjectDetailVM: ğŸ“š Loading 5 albums: [[26743] Betterments (null), [26744] Contents (null), [26741] Daily Progress (null), [26740] Damage Assessment (null), [26742] Pre-existing Damages (null)]
10-28 02:22:54.499 24734 24734 D ProjectDetailVM: ğŸš« Filtering project-scoped album Betterments (26743)
10-28 02:22:54.499 24734 24734 D ProjectDetailVM: ğŸš« Filtering project-scoped album Contents (26744)
10-28 02:22:54.499 24734 24734 D ProjectDetailVM: ğŸš« Filtering project-scoped album Daily Progress (26741)
10-28 02:22:54.499 24734 24734 D ProjectDetailVM: ğŸš« Filtering project-scoped album Damage Assessment (26740)
10-28 02:22:54.499 24734 24734 D ProjectDetailVM: ğŸš« Filtering project-scoped album Pre-existing Damages (26742)
10-28 02:22:54.657 24734 24734 D ProjectDetailVM: ğŸ“Š Data update for project 4970: 9 rooms, 5 albums, 568 photos
10-28 02:22:54.657 24734 24734 D ProjectDetailVM: âœ… Project found: 201 Faker Road
10-28 02:22:54.657 24734 24734 D ProjectDetailVM: ğŸ  Loading 9 rooms: [[5949] Basement, [5961] Bathroom, [5994] Bathroom, [5978] Bedroom, [5952] Den, [5979] Dining Room, [6007] Entire Unit, [5999] Kitchen, [6008] Pumpkin]
10-28 02:22:54.658 24734 24734 D ProjectDetailVM: ğŸ“š Loading 5 albums: [[26743] Betterments (null), [26744] Contents (null), [26741] Daily Progress (null), [26740] Damage Assessment (null), [26742] Pre-existing Damages (null)]
10-28 02:22:54.658 24734 24734 D ProjectDetailVM: ğŸš« Filtering project-scoped album Betterments (26743)
10-28 02:22:54.658 24734 24734 D ProjectDetailVM: ğŸš« Filtering project-scoped album Contents (26744)
10-28 02:22:54.658 24734 24734 D ProjectDetailVM: ğŸš« Filtering project-scoped album Daily Progress (26741)
10-28 02:22:54.658 24734 24734 D ProjectDetailVM: ğŸš« Filtering project-scoped album Damage Assessment (26740)
10-28 02:22:54.658 24734 24734 D ProjectDetailVM: ğŸš« Filtering project-scoped album Pre-existing Damages (26742)
10-28 02:22:54.728  6568  6618 W QCNEJ   : |CORE| CNE received unexpected action: android.intent.action.BATTERY_CHANGED
10-28 02:22:54.731  6384  6384 E QtiImsExtUtils: getConfigForPhoneId subId is invalid
10-28 02:22:54.731  6384  6384 E QtiImsExtUtils: isCarrierConfigEnabled bundle is null
10-28 02:22:54.816 24734 24734 D ProjectDetailVM: ğŸ“Š Data update for project 4970: 9 rooms, 5 albums, 568 photos
10-28 02:22:54.816 24734 24734 D ProjectDetailVM: âœ… Project found: 201 Faker Road
10-28 02:22:54.816 24734 24734 D ProjectDetailVM: ğŸ  Loading 9 rooms: [[5949] Basement, [5961] Bathroom, [5994] Bathroom, [5978] Bedroom, [5952] Den, [5979] Dining Room, [6007] Entire Unit, [5999] Kitchen, [6008] Pumpkin]
10-28 02:22:54.817 24734 24734 D ProjectDetailVM: ğŸ“š Loading 5 albums: [[26743] Betterments (null), [26744] Contents (null), [26741] Daily Progress (null), [26740] Damage Assessment (null), [26742] Pre-existing Damages (null)]
10-28 02:22:54.818 24734 24734 D ProjectDetailVM: ğŸš« Filtering project-scoped album Betterments (26743)
10-28 02:22:54.818 24734 24734 D ProjectDetailVM: ğŸš« Filtering project-scoped album Contents (26744)
10-28 02:22:54.818 24734 24734 D ProjectDetailVM: ğŸš« Filtering project-scoped album Daily Progress (26741)
10-28 02:22:54.818 24734 24734 D ProjectDetailVM: ğŸš« Filtering project-scoped album Damage Assessment (26740)
10-28 02:22:54.818 24734 24734 D ProjectDetailVM: ğŸš« Filtering project-scoped album Pre-existing Damages (26742)
10-28 02:22:54.974 24734 24734 D ProjectDetailVM: ğŸ“Š Data update for project 4970: 9 rooms, 5 albums, 568 photos
10-28 02:22:54.974 24734 24734 D ProjectDetailVM: âœ… Project found: 201 Faker Road
10-28 02:22:54.974 24734 24734 D ProjectDetailVM: ğŸ  Loading 9 rooms: [[5949] Basement, [5961] Bathroom, [5994] Bathroom, [5978] Bedroom, [5952] Den, [5979] Dining Room, [6007] Entire Unit, [5999] Kitchen, [6008] Pumpkin]
10-28 02:22:54.975 24734 24734 D ProjectDetailVM: ğŸ“š Loading 5 albums: [[26743] Betterments (null), [26744] Contents (null), [26741] Daily Progress (null), [26740] Damage Assessment (null), [26742] Pre-existing Damages (null)]
10-28 02:22:54.976 24734 24734 D ProjectDetailVM: ğŸš« Filtering project-scoped album Betterments (26743)
10-28 02:22:54.976 24734 24734 D ProjectDetailVM: ğŸš« Filtering project-scoped album Contents (26744)
10-28 02:22:54.976 24734 24734 D ProjectDetailVM: ğŸš« Filtering project-scoped album Daily Progress (26741)
10-28 02:22:54.976 24734 24734 D ProjectDetailVM: ğŸš« Filtering project-scoped album Damage Assessment (26740)
10-28 02:22:54.976 24734 24734 D ProjectDetailVM: ğŸš« Filtering project-scoped album Pre-existing Damages (26742)
10-28 02:22:55.132 24734 24734 D ProjectDetailVM: ğŸ“Š Data update for project 4970: 9 rooms, 5 albums, 568 photos
10-28 02:22:55.132 24734 24734 D ProjectDetailVM: âœ… Project found: 201 Faker Road
10-28 02:22:55.132 24734 24734 D ProjectDetailVM: ğŸ  Loading 9 rooms: [[5949] Basement, [5961] Bathroom, [5994] Bathroom, [5978] Bedroom, [5952] Den, [5979] Dining Room, [6007] Entire Unit, [5999] Kitchen, [6008] Pumpkin]
10-28 02:22:55.133 24734 24734 D ProjectDetailVM: ğŸ“š Loading 5 albums: [[26743] Betterments (null), [26744] Contents (null), [26741] Daily Progress (null), [26740] Damage Assessment (null), [26742] Pre-existing Damages (null)]
10-28 02:22:55.133 24734 24734 D ProjectDetailVM: ğŸš« Filtering project-scoped album Betterments (26743)
10-28 02:22:55.133 24734 24734 D ProjectDetailVM: ğŸš« Filtering project-scoped album Contents (26744)
10-28 02:22:55.133 24734 24734 D ProjectDetailVM: ğŸš« Filtering project-scoped album Daily Progress (26741)
10-28 02:22:55.133 24734 24734 D ProjectDetailVM: ğŸš« Filtering project-scoped album Damage Assessment (26740)
10-28 02:22:55.133 24734 24734 D ProjectDetailVM: ğŸš« Filtering project-scoped album Pre-existing Damages (26742)
10-28 02:22:55.284 24734 24734 D ProjectDetailVM: ğŸ“Š Data update for project 4970: 9 rooms, 5 albums, 568 photos
10-28 02:22:55.285 24734 24734 D ProjectDetailVM: âœ… Project found: 201 Faker Road
10-28 02:22:55.285 24734 24734 D ProjectDetailVM: ğŸ  Loading 9 rooms: [[5949] Basement, [5961] Bathroom, [5994] Bathroom, [5978] Bedroom, [5952] Den, [5979] Dining Room, [6007] Entire Unit, [5999] Kitchen, [6008] Pumpkin]
10-28 02:22:55.286 24734 24734 D ProjectDetailVM: ğŸ“š Loading 5 albums: [[26743] Betterments (null), [26744] Contents (null), [26741] Daily Progress (null), [26740] Damage Assessment (null), [26742] Pre-existing Damages (null)]
10-28 02:22:55.286 24734 24734 D ProjectDetailVM: ğŸš« Filtering project-scoped album Betterments (26743)
10-28 02:22:55.286 24734 24734 D ProjectDetailVM: ğŸš« Filtering project-scoped album Contents (26744)
10-28 02:22:55.286 24734 24734 D ProjectDetailVM: ğŸš« Filtering project-scoped album Daily Progress (26741)
10-28 02:22:55.286 24734 24734 D ProjectDetailVM: ğŸš« Filtering project-scoped album Damage Assessment (26740)
10-28 02:22:55.286 24734 24734 D ProjectDetailVM: ğŸš« Filtering project-scoped album Pre-existing Damages (26742)
10-28 02:22:55.445 24734 24734 D ProjectDetailVM: ğŸ“Š Data update for project 4970: 9 rooms, 5 albums, 568 photos
10-28 02:22:55.445 24734 24734 D ProjectDetailVM: âœ… Project found: 201 Faker Road
10-28 02:22:55.445 24734 24734 D ProjectDetailVM: ğŸ  Loading 9 rooms: [[5949] Basement, [5961] Bathroom, [5994] Bathroom, [5978] Bedroom, [5952] Den, [5979] Dining Room, [6007] Entire Unit, [5999] Kitchen, [6008] Pumpkin]
10-28 02:22:55.446 24734 24734 D ProjectDetailVM: ğŸ“š Loading 5 albums: [[26743] Betterments (null), [26744] Contents (null), [26741] Daily Progress (null), [26740] Damage Assessment (null), [26742] Pre-existing Damages (null)]
10-28 02:22:55.446 24734 24734 D ProjectDetailVM: ğŸš« Filtering project-scoped album Betterments (26743)
10-28 02:22:55.446 24734 24734 D ProjectDetailVM: ğŸš« Filtering project-scoped album Contents (26744)
10-28 02:22:55.446 24734 24734 D ProjectDetailVM: ğŸš« Filtering project-scoped album Daily Progress (26741)
10-28 02:22:55.446 24734 24734 D ProjectDetailVM: ğŸš« Filtering project-scoped album Damage Assessment (26740)
10-28 02:22:55.446 24734 24734 D ProjectDetailVM: ğŸš« Filtering project-scoped album Pre-existing Damages (26742)
10-28 02:22:55.680 24734 24734 D ProjectDetailVM: ğŸ“Š Data update for project 4970: 9 rooms, 5 albums, 568 photos
10-28 02:22:55.681 24734 24734 D ProjectDetailVM: âœ… Project found: 201 Faker Road
10-28 02:22:55.681 24734 24734 D ProjectDetailVM: ğŸ  Loading 9 rooms: [[5949] Basement, [5961] Bathroom, [5994] Bathroom, [5978] Bedroom, [5952] Den, [5979] Dining Room, [6007] Entire Unit, [5999] Kitchen, [6008] Pumpkin]
10-28 02:22:55.682 24734 24734 D ProjectDetailVM: ğŸ“š Loading 5 albums: [[26743] Betterments (null), [26744] Contents (null), [26741] Daily Progress (null), [26740] Damage Assessment (null), [26742] Pre-existing Damages (null)]
10-28 02:22:55.682 24734 24734 D ProjectDetailVM: ğŸš« Filtering project-scoped album Betterments (26743)
10-28 02:22:55.682 24734 24734 D ProjectDetailVM: ğŸš« Filtering project-scoped album Contents (26744)
10-28 02:22:55.682 24734 24734 D ProjectDetailVM: ğŸš« Filtering project-scoped album Daily Progress (26741)
10-28 02:22:55.682 24734 24734 D ProjectDetailVM: ğŸš« Filtering project-scoped album Damage Assessment (26740)
10-28 02:22:55.682 24734 24734 D ProjectDetailVM: ğŸš« Filtering project-scoped album Pre-existing Damages (26742)
10-28 02:22:55.849 24734 24734 D ProjectDetailVM: ğŸ“Š Data update for project 4970: 9 rooms, 5 albums, 568 photos
10-28 02:22:55.849 24734 24734 D ProjectDetailVM: âœ… Project found: 201 Faker Road
10-28 02:22:55.849 24734 24734 D ProjectDetailVM: ğŸ  Loading 9 rooms: [[5949] Basement, [5961] Bathroom, [5994] Bathroom, [5978] Bedroom, [5952] Den, [5979] Dining Room, [6007] Entire Unit, [5999] Kitchen, [6008] Pumpkin]
10-28 02:22:55.850 24734 24734 D ProjectDetailVM: ğŸ“š Loading 5 albums: [[26743] Betterments (null), [26744] Contents (null), [26741] Daily Progress (null), [26740] Damage Assessment (null), [26742] Pre-existing Damages (null)]
10-28 02:22:55.850 24734 24734 D ProjectDetailVM: ğŸš« Filtering project-scoped album Betterments (26743)
10-28 02:22:55.850 24734 24734 D ProjectDetailVM: ğŸš« Filtering project-scoped album Contents (26744)
10-28 02:22:55.850 24734 24734 D ProjectDetailVM: ğŸš« Filtering project-scoped album Daily Progress (26741)
10-28 02:22:55.850 24734 24734 D ProjectDetailVM: ğŸš« Filtering project-scoped album Damage Assessment (26740)
10-28 02:22:55.850 24734 24734 D ProjectDetailVM: ğŸš« Filtering project-scoped album Pre-existing Damages (26742)
10-28 02:22:56.030 24734 24734 D ProjectDetailVM: ğŸ“Š Data update for project 4970: 9 rooms, 5 albums, 568 photos
10-28 02:22:56.030 24734 24734 D ProjectDetailVM: âœ… Project found: 201 Faker Road
10-28 02:22:56.031 24734 24734 D ProjectDetailVM: ğŸ  Loading 9 rooms: [[5949] Basement, [5961] Bathroom, [5994] Bathroom, [5978] Bedroom, [5952] Den, [5979] Dining Room, [6007] Entire Unit, [5999] Kitchen, [6008] Pumpkin]
10-28 02:22:56.032 24734 24734 D ProjectDetailVM: ğŸ“š Loading 5 albums: [[26743] Betterments (null), [26744] Contents (null), [26741] Daily Progress (null), [26740] Damage Assessment (null), [26742] Pre-existing Damages (null)]
10-28 02:22:56.032 24734 24734 D ProjectDetailVM: ğŸš« Filtering project-scoped album Betterments (26743)
10-28 02:22:56.032 24734 24734 D ProjectDetailVM: ğŸš« Filtering project-scoped album Contents (26744)
10-28 02:22:56.032 24734 24734 D ProjectDetailVM: ğŸš« Filtering project-scoped album Daily Progress (26741)
10-28 02:22:56.032 24734 24734 D ProjectDetailVM: ğŸš« Filtering project-scoped album Damage Assessment (26740)
10-28 02:22:56.032 24734 24734 D ProjectDetailVM: ğŸš« Filtering project-scoped album Pre-existing Damages (26742)
10-28 02:22:56.206 24734 24734 D ProjectDetailVM: ğŸ“Š Data update for project 4970: 9 rooms, 5 albums, 568 photos
10-28 02:22:56.206 24734 24734 D ProjectDetailVM: âœ… Project found: 201 Faker Road
10-28 02:22:56.206 24734 24734 D ProjectDetailVM: ğŸ  Loading 9 rooms: [[5949] Basement, [5961] Bathroom, [5994] Bathroom, [5978] Bedroom, [5952] Den, [5979] Dining Room, [6007] Entire Unit, [5999] Kitchen, [6008] Pumpkin]
10-28 02:22:56.207 24734 24734 D ProjectDetailVM: ğŸ“š Loading 5 albums: [[26743] Betterments (null), [26744] Contents (null), [26741] Daily Progress (null), [26740] Damage Assessment (null), [26742] Pre-existing Damages (null)]
10-28 02:22:56.207 24734 24734 D ProjectDetailVM: ğŸš« Filtering project-scoped album Betterments (26743)
10-28 02:22:56.207 24734 24734 D ProjectDetailVM: ğŸš« Filtering project-scoped album Contents (26744)
10-28 02:22:56.207 24734 24734 D ProjectDetailVM: ğŸš« Filtering project-scoped album Daily Progress (26741)
